LCD16X2.cpp:27:1:LCD16x2::LCD16x2(uint8_t, uint8_t, uint8_t, uint8_t)	16	static
LCD16X2.cpp:36:6:void LCD16x2::begin()	16	static
LCD16X2.cpp:97:6:void LCD16x2::clear()	16	static
LCD16X2.cpp:102:6:void LCD16x2::home()	16	static
LCD16X2.cpp:107:6:void LCD16x2::setCursor(uint8_t, uint8_t)	40	static
LCD16X2.cpp:116:6:void LCD16x2::noDisplay()	16	static
LCD16X2.cpp:120:6:void LCD16x2::display()	16	static
LCD16X2.cpp:126:6:void LCD16x2::noCursor()	16	static
LCD16X2.cpp:130:6:void LCD16x2::cursor()	16	static
LCD16X2.cpp:136:6:void LCD16x2::noBlink()	16	static
LCD16X2.cpp:140:6:void LCD16x2::blink()	16	static
LCD16X2.cpp:146:6:void LCD16x2::scrollDisplayLeft()	16	static
LCD16X2.cpp:149:6:void LCD16x2::scrollDisplayRight()	16	static
LCD16X2.cpp:154:6:void LCD16x2::leftToRight()	16	static
LCD16X2.cpp:160:6:void LCD16x2::rightToLeft()	16	static
LCD16X2.cpp:166:6:void LCD16x2::autoscroll()	16	static
LCD16X2.cpp:172:6:void LCD16x2::noAutoscroll()	16	static
LCD16X2.cpp:179:6:void LCD16x2::createChar(uint8_t, uint8_t*)	32	static
LCD16X2.cpp:188:6:void LCD16x2::noBacklight()	16	static
LCD16X2.cpp:193:6:void LCD16x2::backlight()	16	static
LCD16X2.cpp:197:6:bool LCD16x2::getBacklight()	16	static
LCD16X2.cpp:204:13:void LCD16x2::command(uint8_t)	16	static
LCD16X2.cpp:208:16:uint8_t LCD16x2::write(uint8_t)	16	static
LCD16X2.cpp:217:6:void LCD16x2::send(uint8_t, uint8_t)	24	static
LCD16X2.cpp:224:6:void LCD16x2::write4bits(uint8_t)	16	static
LCD16X2.cpp:229:6:void LCD16x2::expanderWrite(uint8_t)	16	static
LCD16X2.cpp:233:6:void LCD16x2::pulseEnable(uint8_t)	16	static
LCD16X2.cpp:241:6:void LCD16x2::load_custom_character(uint8_t, uint8_t*)	24	static
LCD16X2.cpp:245:6:void LCD16x2::setBacklight(uint8_t)	16	static
LCD16X2.cpp:253:6:void LCD16x2::printstr(const uint8_t*, uint8_t)	32	static
LCD16X2.cpp:261:6:void LCD16x2::reg_i2c_fnc(void (*)(uint8_t, uint8_t))	16	static
