Print.h:44:5:Print::Print()	16	static
LiquidCrystal_I2C.cpp:10:15:virtual size_t LiquidCrystal_I2C::write(uint8_t)	16	static
LiquidCrystal_I2C.cpp:52:1:LiquidCrystal_I2C::LiquidCrystal_I2C(uint8_t, uint8_t, uint8_t, void (*)(uint32_t), void (*)(uint32_t), void (*)(uint8_t, uint8_t, uint8_t))	16	static
LiquidCrystal_I2C.cpp:64:6:void LiquidCrystal_I2C::init()	16	static
LiquidCrystal_I2C.cpp:68:6:void LiquidCrystal_I2C::init_priv()	16	static
LiquidCrystal_I2C.cpp:75:6:void LiquidCrystal_I2C::begin(uint8_t, uint8_t, uint8_t)	16	static
LiquidCrystal_I2C.cpp:136:6:void LiquidCrystal_I2C::clear()	16	static
LiquidCrystal_I2C.cpp:141:6:void LiquidCrystal_I2C::home()	16	static
LiquidCrystal_I2C.cpp:146:6:void LiquidCrystal_I2C::setCursor(uint8_t, uint8_t)	40	static
LiquidCrystal_I2C.cpp:155:6:void LiquidCrystal_I2C::noDisplay()	16	static
LiquidCrystal_I2C.cpp:159:6:void LiquidCrystal_I2C::display()	16	static
LiquidCrystal_I2C.cpp:165:6:void LiquidCrystal_I2C::noCursor()	16	static
LiquidCrystal_I2C.cpp:169:6:void LiquidCrystal_I2C::cursor()	16	static
LiquidCrystal_I2C.cpp:175:6:void LiquidCrystal_I2C::noBlink()	16	static
LiquidCrystal_I2C.cpp:179:6:void LiquidCrystal_I2C::blink()	16	static
LiquidCrystal_I2C.cpp:185:6:void LiquidCrystal_I2C::scrollDisplayLeft()	16	static
LiquidCrystal_I2C.cpp:188:6:void LiquidCrystal_I2C::scrollDisplayRight()	16	static
LiquidCrystal_I2C.cpp:193:6:void LiquidCrystal_I2C::leftToRight()	16	static
LiquidCrystal_I2C.cpp:199:6:void LiquidCrystal_I2C::rightToLeft()	16	static
LiquidCrystal_I2C.cpp:205:6:void LiquidCrystal_I2C::autoscroll()	16	static
LiquidCrystal_I2C.cpp:211:6:void LiquidCrystal_I2C::noAutoscroll()	16	static
LiquidCrystal_I2C.cpp:218:6:void LiquidCrystal_I2C::createChar(uint8_t, uint8_t*)	32	static
LiquidCrystal_I2C.cpp:227:6:void LiquidCrystal_I2C::noBacklight()	16	static
LiquidCrystal_I2C.cpp:232:6:void LiquidCrystal_I2C::backlight()	16	static
LiquidCrystal_I2C.cpp:241:13:void LiquidCrystal_I2C::command(uint8_t)	16	static
LiquidCrystal_I2C.cpp:249:6:void LiquidCrystal_I2C::send(uint8_t, uint8_t)	24	static
LiquidCrystal_I2C.cpp:256:6:void LiquidCrystal_I2C::write4bits(uint8_t)	16	static
LiquidCrystal_I2C.cpp:261:6:void LiquidCrystal_I2C::expanderWrite(uint8_t)	16	static
LiquidCrystal_I2C.cpp:268:6:void LiquidCrystal_I2C::pulseEnable(uint8_t)	16	static
LiquidCrystal_I2C.cpp:279:6:void LiquidCrystal_I2C::cursor_on()	16	static
LiquidCrystal_I2C.cpp:283:6:void LiquidCrystal_I2C::cursor_off()	16	static
LiquidCrystal_I2C.cpp:287:6:void LiquidCrystal_I2C::blink_on()	16	static
LiquidCrystal_I2C.cpp:291:6:void LiquidCrystal_I2C::blink_off()	16	static
LiquidCrystal_I2C.cpp:295:6:void LiquidCrystal_I2C::load_custom_character(uint8_t, uint8_t*)	24	static
LiquidCrystal_I2C.cpp:299:6:void LiquidCrystal_I2C::setBacklight(uint8_t)	16	static
LiquidCrystal_I2C.cpp:307:6:void LiquidCrystal_I2C::printstr(const char*)	16	static
LiquidCrystal_I2C.cpp:315:6:void LiquidCrystal_I2C::off()	16	static
LiquidCrystal_I2C.cpp:316:6:void LiquidCrystal_I2C::on()	16	static
LiquidCrystal_I2C.cpp:317:6:void LiquidCrystal_I2C::setDelay(int, int)	24	static
LiquidCrystal_I2C.cpp:318:9:uint8_t LiquidCrystal_I2C::status()	16	static
LiquidCrystal_I2C.cpp:319:9:uint8_t LiquidCrystal_I2C::keypad()	16	static
LiquidCrystal_I2C.cpp:320:9:uint8_t LiquidCrystal_I2C::init_bargraph(uint8_t)	16	static
LiquidCrystal_I2C.cpp:321:6:void LiquidCrystal_I2C::draw_horizontal_graph(uint8_t, uint8_t, uint8_t, uint8_t)	16	static
LiquidCrystal_I2C.cpp:322:6:void LiquidCrystal_I2C::draw_vertical_graph(uint8_t, uint8_t, uint8_t, uint8_t)	16	static
LiquidCrystal_I2C.cpp:323:6:void LiquidCrystal_I2C::setContrast(uint8_t)	16	static
