20:16:37 **** Incremental Build of configuration Debug for project STM32F103C8T6-nRF24L01 ****
make -j8 all 
arm-none-eabi-g++ "../Libraries/RF24.cpp" -mcpu=cortex-m3 -std=gnu++14 -g3 -DDEBUG -DARDUINO -DUSE_HAL_DRIVER -DSTM32F103xB -c -I../Core/Inc -I"D:/PROJECTS_2022/MyProjects/Delivered/SamsungProject/LedBufferDemo/SourceCode/STM32F103C8T6-nRF24L01/Libraries" -I../Drivers/STM32F1xx_HAL_Driver/Inc -I../Drivers/STM32F1xx_HAL_Driver/Inc/Legacy -I../Drivers/CMSIS/Device/ST/STM32F1xx/Include -I../Drivers/CMSIS/Include -O0 -ffunction-sections -fdata-sections -fno-exceptions -fno-rtti -fno-use-cxa-atexit -Wall -fstack-usage -MMD -MP -MF"Libraries/RF24.d" -MT"Libraries/RF24.o" --specs=nano.specs -mfloat-abi=soft -mthumb -o "Libraries/RF24.o"
arm-none-eabi-gcc "../Drivers/STM32F1xx_HAL_Driver/Src/stm32f1xx_hal.c" -mcpu=cortex-m3 -std=gnu11 -g3 -DDEBUG -DARDUINO -DUSE_HAL_DRIVER -DSTM32F103xB -c -I../Core/Inc -I"D:/PROJECTS_2022/MyProjects/Delivered/SamsungProject/LedBufferDemo/SourceCode/STM32F103C8T6-nRF24L01/Libraries" -I../Drivers/STM32F1xx_HAL_Driver/Inc -I../Drivers/STM32F1xx_HAL_Driver/Inc/Legacy -I../Drivers/CMSIS/Device/ST/STM32F1xx/Include -I../Drivers/CMSIS/Include -O0 -ffunction-sections -fdata-sections -Wall -fstack-usage -MMD -MP -MF"Drivers/STM32F1xx_HAL_Driver/Src/stm32f1xx_hal.d" -MT"Drivers/STM32F1xx_HAL_Driver/Src/stm32f1xx_hal.o" --specs=nano.specs -mfloat-abi=soft -mthumb -o "Drivers/STM32F1xx_HAL_Driver/Src/stm32f1xx_hal.o"
arm-none-eabi-gcc "../Drivers/STM32F1xx_HAL_Driver/Src/stm32f1xx_hal_cortex.c" -mcpu=cortex-m3 -std=gnu11 -g3 -DDEBUG -DARDUINO -DUSE_HAL_DRIVER -DSTM32F103xB -c -I../Core/Inc -I"D:/PROJECTS_2022/MyProjects/Delivered/SamsungProject/LedBufferDemo/SourceCode/STM32F103C8T6-nRF24L01/Libraries" -I../Drivers/STM32F1xx_HAL_Driver/Inc -I../Drivers/STM32F1xx_HAL_Driver/Inc/Legacy -I../Drivers/CMSIS/Device/ST/STM32F1xx/Include -I../Drivers/CMSIS/Include -O0 -ffunction-sections -fdata-sections -Wall -fstack-usage -MMD -MP -MF"Drivers/STM32F1xx_HAL_Driver/Src/stm32f1xx_hal_cortex.d" -MT"Drivers/STM32F1xx_HAL_Driver/Src/stm32f1xx_hal_cortex.o" --specs=nano.specs -mfloat-abi=soft -mthumb -o "Drivers/STM32F1xx_HAL_Driver/Src/stm32f1xx_hal_cortex.o"
arm-none-eabi-gcc "../Drivers/STM32F1xx_HAL_Driver/Src/stm32f1xx_hal_dma.c" -mcpu=cortex-m3 -std=gnu11 -g3 -DDEBUG -DARDUINO -DUSE_HAL_DRIVER -DSTM32F103xB -c -I../Core/Inc -I"D:/PROJECTS_2022/MyProjects/Delivered/SamsungProject/LedBufferDemo/SourceCode/STM32F103C8T6-nRF24L01/Libraries" -I../Drivers/STM32F1xx_HAL_Driver/Inc -I../Drivers/STM32F1xx_HAL_Driver/Inc/Legacy -I../Drivers/CMSIS/Device/ST/STM32F1xx/Include -I../Drivers/CMSIS/Include -O0 -ffunction-sections -fdata-sections -Wall -fstack-usage -MMD -MP -MF"Drivers/STM32F1xx_HAL_Driver/Src/stm32f1xx_hal_dma.d" -MT"Drivers/STM32F1xx_HAL_Driver/Src/stm32f1xx_hal_dma.o" --specs=nano.specs -mfloat-abi=soft -mthumb -o "Drivers/STM32F1xx_HAL_Driver/Src/stm32f1xx_hal_dma.o"
arm-none-eabi-gcc "../Drivers/STM32F1xx_HAL_Driver/Src/stm32f1xx_hal_exti.c" -mcpu=cortex-m3 -std=gnu11 -g3 -DDEBUG -DARDUINO -DUSE_HAL_DRIVER -DSTM32F103xB -c -I../Core/Inc -I"D:/PROJECTS_2022/MyProjects/Delivered/SamsungProject/LedBufferDemo/SourceCode/STM32F103C8T6-nRF24L01/Libraries" -I../Drivers/STM32F1xx_HAL_Driver/Inc -I../Drivers/STM32F1xx_HAL_Driver/Inc/Legacy -I../Drivers/CMSIS/Device/ST/STM32F1xx/Include -I../Drivers/CMSIS/Include -O0 -ffunction-sections -fdata-sections -Wall -fstack-usage -MMD -MP -MF"Drivers/STM32F1xx_HAL_Driver/Src/stm32f1xx_hal_exti.d" -MT"Drivers/STM32F1xx_HAL_Driver/Src/stm32f1xx_hal_exti.o" --specs=nano.specs -mfloat-abi=soft -mthumb -o "Drivers/STM32F1xx_HAL_Driver/Src/stm32f1xx_hal_exti.o"
arm-none-eabi-gcc "../Drivers/STM32F1xx_HAL_Driver/Src/stm32f1xx_hal_flash.c" -mcpu=cortex-m3 -std=gnu11 -g3 -DDEBUG -DARDUINO -DUSE_HAL_DRIVER -DSTM32F103xB -c -I../Core/Inc -I"D:/PROJECTS_2022/MyProjects/Delivered/SamsungProject/LedBufferDemo/SourceCode/STM32F103C8T6-nRF24L01/Libraries" -I../Drivers/STM32F1xx_HAL_Driver/Inc -I../Drivers/STM32F1xx_HAL_Driver/Inc/Legacy -I../Drivers/CMSIS/Device/ST/STM32F1xx/Include -I../Drivers/CMSIS/Include -O0 -ffunction-sections -fdata-sections -Wall -fstack-usage -MMD -MP -MF"Drivers/STM32F1xx_HAL_Driver/Src/stm32f1xx_hal_flash.d" -MT"Drivers/STM32F1xx_HAL_Driver/Src/stm32f1xx_hal_flash.o" --specs=nano.specs -mfloat-abi=soft -mthumb -o "Drivers/STM32F1xx_HAL_Driver/Src/stm32f1xx_hal_flash.o"
arm-none-eabi-gcc "../Drivers/STM32F1xx_HAL_Driver/Src/stm32f1xx_hal_flash_ex.c" -mcpu=cortex-m3 -std=gnu11 -g3 -DDEBUG -DARDUINO -DUSE_HAL_DRIVER -DSTM32F103xB -c -I../Core/Inc -I"D:/PROJECTS_2022/MyProjects/Delivered/SamsungProject/LedBufferDemo/SourceCode/STM32F103C8T6-nRF24L01/Libraries" -I../Drivers/STM32F1xx_HAL_Driver/Inc -I../Drivers/STM32F1xx_HAL_Driver/Inc/Legacy -I../Drivers/CMSIS/Device/ST/STM32F1xx/Include -I../Drivers/CMSIS/Include -O0 -ffunction-sections -fdata-sections -Wall -fstack-usage -MMD -MP -MF"Drivers/STM32F1xx_HAL_Driver/Src/stm32f1xx_hal_flash_ex.d" -MT"Drivers/STM32F1xx_HAL_Driver/Src/stm32f1xx_hal_flash_ex.o" --specs=nano.specs -mfloat-abi=soft -mthumb -o "Drivers/STM32F1xx_HAL_Driver/Src/stm32f1xx_hal_flash_ex.o"
arm-none-eabi-gcc "../Drivers/STM32F1xx_HAL_Driver/Src/stm32f1xx_hal_gpio.c" -mcpu=cortex-m3 -std=gnu11 -g3 -DDEBUG -DARDUINO -DUSE_HAL_DRIVER -DSTM32F103xB -c -I../Core/Inc -I"D:/PROJECTS_2022/MyProjects/Delivered/SamsungProject/LedBufferDemo/SourceCode/STM32F103C8T6-nRF24L01/Libraries" -I../Drivers/STM32F1xx_HAL_Driver/Inc -I../Drivers/STM32F1xx_HAL_Driver/Inc/Legacy -I../Drivers/CMSIS/Device/ST/STM32F1xx/Include -I../Drivers/CMSIS/Include -O0 -ffunction-sections -fdata-sections -Wall -fstack-usage -MMD -MP -MF"Drivers/STM32F1xx_HAL_Driver/Src/stm32f1xx_hal_gpio.d" -MT"Drivers/STM32F1xx_HAL_Driver/Src/stm32f1xx_hal_gpio.o" --specs=nano.specs -mfloat-abi=soft -mthumb -o "Drivers/STM32F1xx_HAL_Driver/Src/stm32f1xx_hal_gpio.o"
In file included from ../Libraries/RF24_config.h:76,
                 from ../Libraries/RF24.cpp:10:
../Libraries/RF24.cpp: In member function 'bool RF24::write(const void*, uint8_t, bool)':
../Core/Inc/main.h:39:18: warning: init-statement in selection statements only available with '-std=c++17' or '-std=gnu++17'
   39 | #define millis() HAL_GetTick();
      |                  ^~~~~~~~~~~
../Libraries/RF24.cpp:1017:13: note: in expansion of macro 'millis'
 1017 |         if (millis() - timer > 95) {
      |             ^~~~~~
../Libraries/RF24.cpp: In member function 'bool RF24::writeBlocking(const void*, uint8_t, uint32_t)':
../Core/Inc/main.h:39:18: warning: init-statement in selection statements only available with '-std=c++17' or '-std=gnu++17'
   39 | #define millis() HAL_GetTick();
      |                  ^~~~~~~~~~~
../Libraries/RF24.cpp:1061:17: note: in expansion of macro 'millis'
 1061 |             if (millis() - timer > timeout) {
      |                 ^~~~~~
../Core/Inc/main.h:39:18: warning: init-statement in selection statements only available with '-std=c++17' or '-std=gnu++17'
   39 | #define millis() HAL_GetTick();
      |                  ^~~~~~~~~~~
../Libraries/RF24.cpp:1066:13: note: in expansion of macro 'millis'
 1066 |         if (millis() - timer > (timeout + 95)) {
      |             ^~~~~~
../Libraries/RF24.cpp: In member function 'bool RF24::writeFast(const void*, uint8_t, bool)':
../Core/Inc/main.h:39:18: warning: init-statement in selection statements only available with '-std=c++17' or '-std=gnu++17'
   39 | #define millis() HAL_GetTick();
      |                  ^~~~~~~~~~~
../Libraries/RF24.cpp:1112:13: note: in expansion of macro 'millis'
 1112 |         if (millis() - timer > 95) {
      |             ^~~~~~
../Libraries/RF24.cpp: In member function 'bool RF24::txStandBy()':
../Core/Inc/main.h:39:18: warning: init-statement in selection statements only available with '-std=c++17' or '-std=gnu++17'
   39 | #define millis() HAL_GetTick();
      |                  ^~~~~~~~~~~
../Libraries/RF24.cpp:1186:13: note: in expansion of macro 'millis'
 1186 |         if (millis() - timeout > 95) {
      |             ^~~~~~
../Libraries/RF24.cpp: In member function 'bool RF24::txStandBy(uint32_t, bool)':
../Core/Inc/main.h:39:18: warning: init-statement in selection statements only available with '-std=c++17' or '-std=gnu++17'
   39 | #define millis() HAL_GetTick();
      |                  ^~~~~~~~~~~
../Libraries/RF24.cpp:1215:17: note: in expansion of macro 'millis'
 1215 |             if (millis() - start >= timeout) {
      |                 ^~~~~~
../Core/Inc/main.h:39:18: warning: init-statement in selection statements only available with '-std=c++17' or '-std=gnu++17'
   39 | #define millis() HAL_GetTick();
      |                  ^~~~~~~~~~~
../Libraries/RF24.cpp:1222:13: note: in expansion of macro 'millis'
 1222 |         if (millis() - start > (timeout + 95)) {
      |             ^~~~~~
arm-none-eabi-gcc "../Drivers/STM32F1xx_HAL_Driver/Src/stm32f1xx_hal_gpio_ex.c" -mcpu=cortex-m3 -std=gnu11 -g3 -DDEBUG -DARDUINO -DUSE_HAL_DRIVER -DSTM32F103xB -c -I../Core/Inc -I"D:/PROJECTS_2022/MyProjects/Delivered/SamsungProject/LedBufferDemo/SourceCode/STM32F103C8T6-nRF24L01/Libraries" -I../Drivers/STM32F1xx_HAL_Driver/Inc -I../Drivers/STM32F1xx_HAL_Driver/Inc/Legacy -I../Drivers/CMSIS/Device/ST/STM32F1xx/Include -I../Drivers/CMSIS/Include -O0 -ffunction-sections -fdata-sections -Wall -fstack-usage -MMD -MP -MF"Drivers/STM32F1xx_HAL_Driver/Src/stm32f1xx_hal_gpio_ex.d" -MT"Drivers/STM32F1xx_HAL_Driver/Src/stm32f1xx_hal_gpio_ex.o" --specs=nano.specs -mfloat-abi=soft -mthumb -o "Drivers/STM32F1xx_HAL_Driver/Src/stm32f1xx_hal_gpio_ex.o"
arm-none-eabi-gcc "../Drivers/STM32F1xx_HAL_Driver/Src/stm32f1xx_hal_pwr.c" -mcpu=cortex-m3 -std=gnu11 -g3 -DDEBUG -DARDUINO -DUSE_HAL_DRIVER -DSTM32F103xB -c -I../Core/Inc -I"D:/PROJECTS_2022/MyProjects/Delivered/SamsungProject/LedBufferDemo/SourceCode/STM32F103C8T6-nRF24L01/Libraries" -I../Drivers/STM32F1xx_HAL_Driver/Inc -I../Drivers/STM32F1xx_HAL_Driver/Inc/Legacy -I../Drivers/CMSIS/Device/ST/STM32F1xx/Include -I../Drivers/CMSIS/Include -O0 -ffunction-sections -fdata-sections -Wall -fstack-usage -MMD -MP -MF"Drivers/STM32F1xx_HAL_Driver/Src/stm32f1xx_hal_pwr.d" -MT"Drivers/STM32F1xx_HAL_Driver/Src/stm32f1xx_hal_pwr.o" --specs=nano.specs -mfloat-abi=soft -mthumb -o "Drivers/STM32F1xx_HAL_Driver/Src/stm32f1xx_hal_pwr.o"
arm-none-eabi-gcc "../Drivers/STM32F1xx_HAL_Driver/Src/stm32f1xx_hal_rcc.c" -mcpu=cortex-m3 -std=gnu11 -g3 -DDEBUG -DARDUINO -DUSE_HAL_DRIVER -DSTM32F103xB -c -I../Core/Inc -I"D:/PROJECTS_2022/MyProjects/Delivered/SamsungProject/LedBufferDemo/SourceCode/STM32F103C8T6-nRF24L01/Libraries" -I../Drivers/STM32F1xx_HAL_Driver/Inc -I../Drivers/STM32F1xx_HAL_Driver/Inc/Legacy -I../Drivers/CMSIS/Device/ST/STM32F1xx/Include -I../Drivers/CMSIS/Include -O0 -ffunction-sections -fdata-sections -Wall -fstack-usage -MMD -MP -MF"Drivers/STM32F1xx_HAL_Driver/Src/stm32f1xx_hal_rcc.d" -MT"Drivers/STM32F1xx_HAL_Driver/Src/stm32f1xx_hal_rcc.o" --specs=nano.specs -mfloat-abi=soft -mthumb -o "Drivers/STM32F1xx_HAL_Driver/Src/stm32f1xx_hal_rcc.o"
arm-none-eabi-gcc "../Drivers/STM32F1xx_HAL_Driver/Src/stm32f1xx_hal_rcc_ex.c" -mcpu=cortex-m3 -std=gnu11 -g3 -DDEBUG -DARDUINO -DUSE_HAL_DRIVER -DSTM32F103xB -c -I../Core/Inc -I"D:/PROJECTS_2022/MyProjects/Delivered/SamsungProject/LedBufferDemo/SourceCode/STM32F103C8T6-nRF24L01/Libraries" -I../Drivers/STM32F1xx_HAL_Driver/Inc -I../Drivers/STM32F1xx_HAL_Driver/Inc/Legacy -I../Drivers/CMSIS/Device/ST/STM32F1xx/Include -I../Drivers/CMSIS/Include -O0 -ffunction-sections -fdata-sections -Wall -fstack-usage -MMD -MP -MF"Drivers/STM32F1xx_HAL_Driver/Src/stm32f1xx_hal_rcc_ex.d" -MT"Drivers/STM32F1xx_HAL_Driver/Src/stm32f1xx_hal_rcc_ex.o" --specs=nano.specs -mfloat-abi=soft -mthumb -o "Drivers/STM32F1xx_HAL_Driver/Src/stm32f1xx_hal_rcc_ex.o"
arm-none-eabi-gcc "../Drivers/STM32F1xx_HAL_Driver/Src/stm32f1xx_hal_spi.c" -mcpu=cortex-m3 -std=gnu11 -g3 -DDEBUG -DARDUINO -DUSE_HAL_DRIVER -DSTM32F103xB -c -I../Core/Inc -I"D:/PROJECTS_2022/MyProjects/Delivered/SamsungProject/LedBufferDemo/SourceCode/STM32F103C8T6-nRF24L01/Libraries" -I../Drivers/STM32F1xx_HAL_Driver/Inc -I../Drivers/STM32F1xx_HAL_Driver/Inc/Legacy -I../Drivers/CMSIS/Device/ST/STM32F1xx/Include -I../Drivers/CMSIS/Include -O0 -ffunction-sections -fdata-sections -Wall -fstack-usage -MMD -MP -MF"Drivers/STM32F1xx_HAL_Driver/Src/stm32f1xx_hal_spi.d" -MT"Drivers/STM32F1xx_HAL_Driver/Src/stm32f1xx_hal_spi.o" --specs=nano.specs -mfloat-abi=soft -mthumb -o "Drivers/STM32F1xx_HAL_Driver/Src/stm32f1xx_hal_spi.o"
arm-none-eabi-gcc "../Drivers/STM32F1xx_HAL_Driver/Src/stm32f1xx_hal_tim.c" -mcpu=cortex-m3 -std=gnu11 -g3 -DDEBUG -DARDUINO -DUSE_HAL_DRIVER -DSTM32F103xB -c -I../Core/Inc -I"D:/PROJECTS_2022/MyProjects/Delivered/SamsungProject/LedBufferDemo/SourceCode/STM32F103C8T6-nRF24L01/Libraries" -I../Drivers/STM32F1xx_HAL_Driver/Inc -I../Drivers/STM32F1xx_HAL_Driver/Inc/Legacy -I../Drivers/CMSIS/Device/ST/STM32F1xx/Include -I../Drivers/CMSIS/Include -O0 -ffunction-sections -fdata-sections -Wall -fstack-usage -MMD -MP -MF"Drivers/STM32F1xx_HAL_Driver/Src/stm32f1xx_hal_tim.d" -MT"Drivers/STM32F1xx_HAL_Driver/Src/stm32f1xx_hal_tim.o" --specs=nano.specs -mfloat-abi=soft -mthumb -o "Drivers/STM32F1xx_HAL_Driver/Src/stm32f1xx_hal_tim.o"
arm-none-eabi-gcc "../Drivers/STM32F1xx_HAL_Driver/Src/stm32f1xx_hal_tim_ex.c" -mcpu=cortex-m3 -std=gnu11 -g3 -DDEBUG -DARDUINO -DUSE_HAL_DRIVER -DSTM32F103xB -c -I../Core/Inc -I"D:/PROJECTS_2022/MyProjects/Delivered/SamsungProject/LedBufferDemo/SourceCode/STM32F103C8T6-nRF24L01/Libraries" -I../Drivers/STM32F1xx_HAL_Driver/Inc -I../Drivers/STM32F1xx_HAL_Driver/Inc/Legacy -I../Drivers/CMSIS/Device/ST/STM32F1xx/Include -I../Drivers/CMSIS/Include -O0 -ffunction-sections -fdata-sections -Wall -fstack-usage -MMD -MP -MF"Drivers/STM32F1xx_HAL_Driver/Src/stm32f1xx_hal_tim_ex.d" -MT"Drivers/STM32F1xx_HAL_Driver/Src/stm32f1xx_hal_tim_ex.o" --specs=nano.specs -mfloat-abi=soft -mthumb -o "Drivers/STM32F1xx_HAL_Driver/Src/stm32f1xx_hal_tim_ex.o"
arm-none-eabi-gcc "../Drivers/STM32F1xx_HAL_Driver/Src/stm32f1xx_hal_uart.c" -mcpu=cortex-m3 -std=gnu11 -g3 -DDEBUG -DARDUINO -DUSE_HAL_DRIVER -DSTM32F103xB -c -I../Core/Inc -I"D:/PROJECTS_2022/MyProjects/Delivered/SamsungProject/LedBufferDemo/SourceCode/STM32F103C8T6-nRF24L01/Libraries" -I../Drivers/STM32F1xx_HAL_Driver/Inc -I../Drivers/STM32F1xx_HAL_Driver/Inc/Legacy -I../Drivers/CMSIS/Device/ST/STM32F1xx/Include -I../Drivers/CMSIS/Include -O0 -ffunction-sections -fdata-sections -Wall -fstack-usage -MMD -MP -MF"Drivers/STM32F1xx_HAL_Driver/Src/stm32f1xx_hal_uart.d" -MT"Drivers/STM32F1xx_HAL_Driver/Src/stm32f1xx_hal_uart.o" --specs=nano.specs -mfloat-abi=soft -mthumb -o "Drivers/STM32F1xx_HAL_Driver/Src/stm32f1xx_hal_uart.o"
arm-none-eabi-gcc -mcpu=cortex-m3 -g3 -DDEBUG -c -x assembler-with-cpp -MMD -MP -MF"Core/Startup/startup_stm32f103c8tx.d" -MT"Core/Startup/startup_stm32f103c8tx.o" --specs=nano.specs -mfloat-abi=soft -mthumb -o "Core/Startup/startup_stm32f103c8tx.o" "../Core/Startup/startup_stm32f103c8tx.s"
arm-none-eabi-g++ "../Core/Src/main.cpp" -mcpu=cortex-m3 -std=gnu++14 -g3 -DDEBUG -DARDUINO -DUSE_HAL_DRIVER -DSTM32F103xB -c -I../Core/Inc -I"D:/PROJECTS_2022/MyProjects/Delivered/SamsungProject/LedBufferDemo/SourceCode/STM32F103C8T6-nRF24L01/Libraries" -I../Drivers/STM32F1xx_HAL_Driver/Inc -I../Drivers/STM32F1xx_HAL_Driver/Inc/Legacy -I../Drivers/CMSIS/Device/ST/STM32F1xx/Include -I../Drivers/CMSIS/Include -O0 -ffunction-sections -fdata-sections -fno-exceptions -fno-rtti -fno-use-cxa-atexit -Wall -fstack-usage -MMD -MP -MF"Core/Src/main.d" -MT"Core/Src/main.o" --specs=nano.specs -mfloat-abi=soft -mthumb -o "Core/Src/main.o"
arm-none-eabi-gcc "../Core/Src/stm32f1xx_hal_msp.c" -mcpu=cortex-m3 -std=gnu11 -g3 -DDEBUG -DARDUINO -DUSE_HAL_DRIVER -DSTM32F103xB -c -I../Core/Inc -I"D:/PROJECTS_2022/MyProjects/Delivered/SamsungProject/LedBufferDemo/SourceCode/STM32F103C8T6-nRF24L01/Libraries" -I../Drivers/STM32F1xx_HAL_Driver/Inc -I../Drivers/STM32F1xx_HAL_Driver/Inc/Legacy -I../Drivers/CMSIS/Device/ST/STM32F1xx/Include -I../Drivers/CMSIS/Include -O0 -ffunction-sections -fdata-sections -Wall -fstack-usage -MMD -MP -MF"Core/Src/stm32f1xx_hal_msp.d" -MT"Core/Src/stm32f1xx_hal_msp.o" --specs=nano.specs -mfloat-abi=soft -mthumb -o "Core/Src/stm32f1xx_hal_msp.o"
arm-none-eabi-gcc "../Core/Src/stm32f1xx_it.c" -mcpu=cortex-m3 -std=gnu11 -g3 -DDEBUG -DARDUINO -DUSE_HAL_DRIVER -DSTM32F103xB -c -I../Core/Inc -I"D:/PROJECTS_2022/MyProjects/Delivered/SamsungProject/LedBufferDemo/SourceCode/STM32F103C8T6-nRF24L01/Libraries" -I../Drivers/STM32F1xx_HAL_Driver/Inc -I../Drivers/STM32F1xx_HAL_Driver/Inc/Legacy -I../Drivers/CMSIS/Device/ST/STM32F1xx/Include -I../Drivers/CMSIS/Include -O0 -ffunction-sections -fdata-sections -Wall -fstack-usage -MMD -MP -MF"Core/Src/stm32f1xx_it.d" -MT"Core/Src/stm32f1xx_it.o" --specs=nano.specs -mfloat-abi=soft -mthumb -o "Core/Src/stm32f1xx_it.o"
arm-none-eabi-gcc "../Core/Src/syscalls.c" -mcpu=cortex-m3 -std=gnu11 -g3 -DDEBUG -DARDUINO -DUSE_HAL_DRIVER -DSTM32F103xB -c -I../Core/Inc -I"D:/PROJECTS_2022/MyProjects/Delivered/SamsungProject/LedBufferDemo/SourceCode/STM32F103C8T6-nRF24L01/Libraries" -I../Drivers/STM32F1xx_HAL_Driver/Inc -I../Drivers/STM32F1xx_HAL_Driver/Inc/Legacy -I../Drivers/CMSIS/Device/ST/STM32F1xx/Include -I../Drivers/CMSIS/Include -O0 -ffunction-sections -fdata-sections -Wall -fstack-usage -MMD -MP -MF"Core/Src/syscalls.d" -MT"Core/Src/syscalls.o" --specs=nano.specs -mfloat-abi=soft -mthumb -o "Core/Src/syscalls.o"
arm-none-eabi-gcc "../Core/Src/sysmem.c" -mcpu=cortex-m3 -std=gnu11 -g3 -DDEBUG -DARDUINO -DUSE_HAL_DRIVER -DSTM32F103xB -c -I../Core/Inc -I"D:/PROJECTS_2022/MyProjects/Delivered/SamsungProject/LedBufferDemo/SourceCode/STM32F103C8T6-nRF24L01/Libraries" -I../Drivers/STM32F1xx_HAL_Driver/Inc -I../Drivers/STM32F1xx_HAL_Driver/Inc/Legacy -I../Drivers/CMSIS/Device/ST/STM32F1xx/Include -I../Drivers/CMSIS/Include -O0 -ffunction-sections -fdata-sections -Wall -fstack-usage -MMD -MP -MF"Core/Src/sysmem.d" -MT"Core/Src/sysmem.o" --specs=nano.specs -mfloat-abi=soft -mthumb -o "Core/Src/sysmem.o"
arm-none-eabi-gcc "../Core/Src/system_stm32f1xx.c" -mcpu=cortex-m3 -std=gnu11 -g3 -DDEBUG -DARDUINO -DUSE_HAL_DRIVER -DSTM32F103xB -c -I../Core/Inc -I"D:/PROJECTS_2022/MyProjects/Delivered/SamsungProject/LedBufferDemo/SourceCode/STM32F103C8T6-nRF24L01/Libraries" -I../Drivers/STM32F1xx_HAL_Driver/Inc -I../Drivers/STM32F1xx_HAL_Driver/Inc/Legacy -I../Drivers/CMSIS/Device/ST/STM32F1xx/Include -I../Drivers/CMSIS/Include -O0 -ffunction-sections -fdata-sections -Wall -fstack-usage -MMD -MP -MF"Core/Src/system_stm32f1xx.d" -MT"Core/Src/system_stm32f1xx.o" --specs=nano.specs -mfloat-abi=soft -mthumb -o "Core/Src/system_stm32f1xx.o"
arm-none-eabi-g++ -o "STM32F103C8T6-nRF24L01.elf" @"objects.list"   -mcpu=cortex-m3 -T"D:\PROJECTS_2022\MyProjects\Delivered\SamsungProject\LedBufferDemo\SourceCode\STM32F103C8T6-nRF24L01\STM32F103C8TX_FLASH.ld" --specs=nosys.specs -Wl,-Map="STM32F103C8T6-nRF24L01.map" -Wl,--gc-sections -static --specs=nano.specs -mfloat-abi=soft -mthumb -Wl,--start-group -lc -lm -lstdc++ -lsupc++ -Wl,--end-group
Finished building target: STM32F103C8T6-nRF24L01.elf
 
arm-none-eabi-size   STM32F103C8T6-nRF24L01.elf 
arm-none-eabi-objdump -h -S  STM32F103C8T6-nRF24L01.elf  > "STM32F103C8T6-nRF24L01.list"
arm-none-eabi-objcopy  -O binary  STM32F103C8T6-nRF24L01.elf  "STM32F103C8T6-nRF24L01.bin"
   text	   data	    bss	    dec	    hex	filename
   9752	     24	   1756	  11532	   2d0c	STM32F103C8T6-nRF24L01.elf
Finished building: default.size.stdout
 
Finished building: STM32F103C8T6-nRF24L01.bin
 
Finished building: STM32F103C8T6-nRF24L01.list
 

20:16:42 Build Finished. 0 errors, 7 warnings. (took 5s.164ms)

