tftp.c:50:13:set_filename	16	static
tftp.c:55:20:set_server_ip	16	static
tftp.c:60:24:get_server_ip	4	static
tftp.c:65:20:set_server_port	16	static
tftp.c:70:24:get_server_port	4	static
tftp.c:75:20:set_local_port	16	static
tftp.c:91:20:set_tftp_state	16	static
tftp.c:96:24:get_tftp_state	4	static
tftp.c:111:20:set_block_number	16	static
tftp.c:116:24:get_block_number	4	static
tftp.c:121:12:open_tftp_socket	24	static
tftp.c:141:12:send_udp_packet	40	static
tftp.c:157:12:recv_udp_packet	40	static
tftp.c:198:13:close_tftp_socket	16	static
tftp.c:203:13:init_tftp	8	static
tftp.c:221:13:tftp_cancel_timeout	4	static
tftp.c:230:13:tftp_reg_timeout	4	static
tftp.c:239:13:process_tftp_option	16	static
tftp.c:244:13:send_tftp_rrq	1568	static
tftp.c:334:13:send_tftp_ack	40	static
tftp.c:403:13:recv_tftp_rrq	16	static
tftp.c:408:13:recv_tftp_wrq	16	static
tftp.c:413:13:recv_tftp_data	32	static
tftp.c:468:13:recv_tftp_ack	16	static
tftp.c:486:13:recv_tftp_oack	16	static
tftp.c:514:13:recv_tftp_error	24	static
tftp.c:529:13:recv_tftp_packet	32	static
tftp.c:581:6:TFTP_init	16	static
tftp.c:588:6:TFTP_exit	8	static
tftp.c:598:9:TFTP_run	24	static
tftp.c:650:6:TFTP_read_request	16	static
tftp.c:661:6:tftp_timeout_handler	4	static
