Archive member included to satisfy reference by file (symbol)

c:/program files (x86)/gnu arm embedded toolchain/10 2021.10/bin/../lib/gcc/arm-none-eabi/10.3.1/../../../../arm-none-eabi/lib/thumb/v6-m/nofp\libstdc++_nano.a(atexit_arm.o)
                              ./Source/main.o (__aeabi_atexit)
c:/program files (x86)/gnu arm embedded toolchain/10 2021.10/bin/../lib/gcc/arm-none-eabi/10.3.1/../../../../arm-none-eabi/lib/thumb/v6-m/nofp\libstdc++_nano.a(class_type_info.o)
                              ./Libraries/mbed/CccCcC.o (vtable for __cxxabiv1::__class_type_info)
c:/program files (x86)/gnu arm embedded toolchain/10 2021.10/bin/../lib/gcc/arm-none-eabi/10.3.1/../../../../arm-none-eabi/lib/thumb/v6-m/nofp\libstdc++_nano.a(del_op.o)
                              ./Libraries/mbed/CccCcC.o (operator delete(void*))
c:/program files (x86)/gnu arm embedded toolchain/10 2021.10/bin/../lib/gcc/arm-none-eabi/10.3.1/../../../../arm-none-eabi/lib/thumb/v6-m/nofp\libstdc++_nano.a(del_ops.o)
                              c:/program files (x86)/gnu arm embedded toolchain/10 2021.10/bin/../lib/gcc/arm-none-eabi/10.3.1/../../../../arm-none-eabi/lib/thumb/v6-m/nofp\libstdc++_nano.a(class_type_info.o) (operator delete(void*, unsigned int))
c:/program files (x86)/gnu arm embedded toolchain/10 2021.10/bin/../lib/gcc/arm-none-eabi/10.3.1/../../../../arm-none-eabi/lib/thumb/v6-m/nofp\libstdc++_nano.a(pure.o)
                              ./Libraries/mbed/IPAddress.o (__cxa_pure_virtual)
c:/program files (x86)/gnu arm embedded toolchain/10 2021.10/bin/../lib/gcc/arm-none-eabi/10.3.1/../../../../arm-none-eabi/lib/thumb/v6-m/nofp\libstdc++_nano.a(si_class_type_info.o)
                              ./Libraries/mbed/IPAddress.o (vtable for __cxxabiv1::__si_class_type_info)
c:/program files (x86)/gnu arm embedded toolchain/10 2021.10/bin/../lib/gcc/arm-none-eabi/10.3.1/../../../../arm-none-eabi/lib/thumb/v6-m/nofp\libstdc++_nano.a(tinfo.o)
                              c:/program files (x86)/gnu arm embedded toolchain/10 2021.10/bin/../lib/gcc/arm-none-eabi/10.3.1/../../../../arm-none-eabi/lib/thumb/v6-m/nofp\libstdc++_nano.a(class_type_info.o) (std::type_info::~type_info())
c:/program files (x86)/gnu arm embedded toolchain/10 2021.10/bin/../lib/gcc/arm-none-eabi/10.3.1/../../../../arm-none-eabi/lib/thumb/v6-m/nofp\libstdc++_nano.a(eh_terminate.o)
                              c:/program files (x86)/gnu arm embedded toolchain/10 2021.10/bin/../lib/gcc/arm-none-eabi/10.3.1/../../../../arm-none-eabi/lib/thumb/v6-m/nofp\libstdc++_nano.a(pure.o) (std::terminate())
c:/program files (x86)/gnu arm embedded toolchain/10 2021.10/bin/../lib/gcc/arm-none-eabi/10.3.1/../../../../arm-none-eabi/lib/thumb/v6-m/nofp\libstdc++_nano.a(eh_unex_handler.o)
                              c:/program files (x86)/gnu arm embedded toolchain/10 2021.10/bin/../lib/gcc/arm-none-eabi/10.3.1/../../../../arm-none-eabi/lib/thumb/v6-m/nofp\libstdc++_nano.a(eh_terminate.o) (__cxxabiv1::__unexpected_handler)
c:/program files (x86)/gnu arm embedded toolchain/10 2021.10/bin/../lib/gcc/arm-none-eabi/10.3.1/../../../../arm-none-eabi/lib/thumb/v6-m/nofp\libstdc++_nano.a(eh_term_handler.o)
                              c:/program files (x86)/gnu arm embedded toolchain/10 2021.10/bin/../lib/gcc/arm-none-eabi/10.3.1/../../../../arm-none-eabi/lib/thumb/v6-m/nofp\libstdc++_nano.a(eh_terminate.o) (__cxxabiv1::__terminate_handler)
c:/program files (x86)/gnu arm embedded toolchain/10 2021.10/bin/../lib/gcc/arm-none-eabi/10.3.1/thumb/v6-m/nofp\libgcc.a(_udivsi3.o)
                              ./Libraries/mbed/Print.o (__aeabi_uidiv)
c:/program files (x86)/gnu arm embedded toolchain/10 2021.10/bin/../lib/gcc/arm-none-eabi/10.3.1/thumb/v6-m/nofp\libgcc.a(_divsi3.o)
                              ./Drivers/rtc.o (__aeabi_idiv)
c:/program files (x86)/gnu arm embedded toolchain/10 2021.10/bin/../lib/gcc/arm-none-eabi/10.3.1/thumb/v6-m/nofp\libgcc.a(_dvmd_tls.o)
                              c:/program files (x86)/gnu arm embedded toolchain/10 2021.10/bin/../lib/gcc/arm-none-eabi/10.3.1/thumb/v6-m/nofp\libgcc.a(_udivsi3.o) (__aeabi_idiv0)
c:/program files (x86)/gnu arm embedded toolchain/10 2021.10/bin/../lib/gcc/arm-none-eabi/10.3.1/thumb/v6-m/nofp\libgcc.a(_arm_cmpdf2.o)
                              ./Libraries/mbed/Print.o (__aeabi_dcmplt)
c:/program files (x86)/gnu arm embedded toolchain/10 2021.10/bin/../lib/gcc/arm-none-eabi/10.3.1/thumb/v6-m/nofp\libgcc.a(_fixunsdfsi.o)
                              ./Libraries/mbed/Print.o (__aeabi_d2uiz)
c:/program files (x86)/gnu arm embedded toolchain/10 2021.10/bin/../lib/gcc/arm-none-eabi/10.3.1/thumb/v6-m/nofp\libgcc.a(adddf3.o)
                              ./Libraries/mbed/Print.o (__aeabi_dadd)
c:/program files (x86)/gnu arm embedded toolchain/10 2021.10/bin/../lib/gcc/arm-none-eabi/10.3.1/thumb/v6-m/nofp\libgcc.a(divdf3.o)
                              ./Libraries/mbed/Print.o (__aeabi_ddiv)
[...]
Memory Configuration

Name             Origin             Length             Attributes
FLASH            0x00000000         0x00010000         xr
RAM              0x20000000         0x00001000         xrw
*default*        0x00000000         0xffffffff

Linker script and memory map

LOAD c:/program files (x86)/gnu arm embedded toolchain/10 2021.10/bin/../lib/gcc/arm-none-eabi/10.3.1/thumb/v6-m/nofp/crti.o
LOAD c:/program files (x86)/gnu arm embedded toolchain/10 2021.10/bin/../lib/gcc/arm-none-eabi/10.3.1/thumb/v6-m/nofp/crtbegin.o
LOAD c:/program files (x86)/gnu arm embedded toolchain/10 2021.10/bin/../lib/gcc/arm-none-eabi/10.3.1/../../../../arm-none-eabi/lib/thumb/v6-m/nofp/crt0.o
LOAD ./Source/main.o
LOAD ./Libraries/mbed/CccCcC.o
LOAD ./Libraries/mbed/IPAddress.o
LOAD ./Libraries/mbed/Print.o
LOAD ./Libraries/mbed/WString.o
LOAD ./Libraries/mbed/dtostrf.o
LOAD ./Libraries/mbed/itoa.o
LOAD ./Libraries/mbed/millis.o
LOAD ./Libraries/RTC/DS1307RTC.o
LOAD ./Libraries/LiquidCrystal_I2C-1.1.2/LiquidCrystal_I2C.o
LOAD ./Libraries/swI2C.o
LOAD ./Drivers/acmp.o
LOAD ./Drivers/adc.o
LOAD ./Drivers/clk.o
LOAD ./Drivers/crc.o
LOAD ./Drivers/fmc.o
LOAD ./Drivers/gpio.o
LOAD ./Drivers/i2c.o
LOAD ./Drivers/i2s.o
LOAD ./Drivers/pdma.o
LOAD ./Drivers/ps2.o
LOAD ./Drivers/pwm.o
LOAD ./Drivers/retarget.o
LOAD ./Drivers/rtc.o
LOAD ./Drivers/sc.o
LOAD ./Drivers/spi.o
LOAD ./Drivers/sys.o
LOAD ./Drivers/timer.o
LOAD ./Drivers/uart.o
LOAD ./Drivers/usbd.o
LOAD ./Drivers/wdt.o
LOAD ./Drivers/wwdt.o
LOAD ./Device/_syscalls.o
LOAD ./Device/startup_NUC100Series.o
LOAD ./Device/system_NUC100Series.o
LOAD c:/program files (x86)/gnu arm embedded toolchain/10 2021.10/bin/../lib/gcc/arm-none-eabi/10.3.1/../../../../arm-none-eabi/lib/thumb/v6-m/nofp\libstdc++_nano.a
LOAD c:/program files (x86)/gnu arm embedded toolchain/10 2021.10/bin/../lib/gcc/arm-none-eabi/10.3.1/../../../../arm-none-eabi/lib/thumb/v6-m/nofp\libm.a
START GROUP
LOAD c:/program files (x86)/gnu arm embedded toolchain/10 2021.10/bin/../lib/gcc/arm-none-eabi/10.3.1/thumb/v6-m/nofp\libgcc.a
LOAD c:/program files (x86)/gnu arm embedded toolchain/10 2021.10/bin/../lib/gcc/arm-none-eabi/10.3.1/../../../../arm-none-eabi/lib/thumb/v6-m/nofp\libg_nano.a
LOAD c:/program files (x86)/gnu arm embedded toolchain/10 2021.10/bin/../lib/gcc/arm-none-eabi/10.3.1/../../../../arm-none-eabi/lib/thumb/v6-m/nofp\libc_nano.a
END GROUP
START GROUP
LOAD c:/program files (x86)/gnu arm embedded toolchain/10 2021.10/bin/../lib/gcc/arm-none-eabi/10.3.1/thumb/v6-m/nofp\libgcc.a
LOAD c:/program files (x86)/gnu arm embedded toolchain/10 2021.10/bin/../lib/gcc/arm-none-eabi/10.3.1/../../../../arm-none-eabi/lib/thumb/v6-m/nofp\libc_nano.a
END GROUP
LOAD c:/program files (x86)/gnu arm embedded toolchain/10 2021.10/bin/../lib/gcc/arm-none-eabi/10.3.1/thumb/v6-m/nofp/crtend.o
LOAD c:/program files (x86)/gnu arm embedded toolchain/10 2021.10/bin/../lib/gcc/arm-none-eabi/10.3.1/thumb/v6-m/nofp/crtn.o
START GROUP
LOAD c:/program files (x86)/gnu arm embedded toolchain/10 2021.10/bin/../lib/gcc/arm-none-eabi/10.3.1/thumb/v6-m/nofp\libgcc.a
LOAD c:/program files (x86)/gnu arm embedded toolchain/10 2021.10/bin/../lib/gcc/arm-none-eabi/10.3.1/../../../../arm-none-eabi/lib/thumb/v6-m/nofp\libc.a
LOAD c:/program files (x86)/gnu arm embedded toolchain/10 2021.10/bin/../lib/gcc/arm-none-eabi/10.3.1/../../../../arm-none-eabi/lib/thumb/v6-m/nofp\libm.a
LOAD c:/program files (x86)/gnu arm embedded toolchain/10 2021.10/bin/../lib/gcc/arm-none-eabi/10.3.1/../../../../arm-none-eabi/lib/thumb/v6-m/nofp\libnosys.a
END GROUP

.text           0x00000000     0x3aa4
 *(.vectors)
 .vectors       0x00000000       0xc0 ./Device/startup_NUC100Series.o
                0x00000000                __Vectors
                0x000000c0                __Vectors_End = .
                0x000000c0                __Vectors_Size = (__Vectors_End - __Vectors)
                0x200000d0                __end__ = .
 *(.text*)
 .text          0x000000c0       0x48 c:/program files (x86)/gnu arm embedded toolchain/10 2021.10/bin/../lib/gcc/arm-none-eabi/10.3.1/thumb/v6-m/nofp/crtbegin.o
 .text          0x00000108       0x80 c:/program files (x86)/gnu arm embedded toolchain/10 2021.10/bin/../lib/gcc/arm-none-eabi/10.3.1/../../../../arm-none-eabi/lib/thumb/v6-m/nofp/crt0.o
                0x00000108                _stack_init
                0x00000114                _start
                0x00000114                _mainCRTStartup
 .text.SYS_UnlockReg
                0x00000188       0x46 ./Source/main.o
 .text._Z8SYS_Initv
                0x000001ce        0xa ./Source/main.o
                0x000001ce                SYS_Init()
 .text._Z12transmitDatahh
                0x000001d8       0x50 ./Source/main.o
                0x000001d8                transmitData(unsigned char, unsigned char)
 .text.main     0x00000228       0x6c ./Source/main.o
                0x00000228                main
 .text._Z41__static_initialization_and_destruction_0ii
                0x00000294       0x80 ./Source/main.o
 .text._GLOBAL__sub_I_i2c
                0x00000314       0x18 ./Source/main.o
 .text._ZN9PrintableD2Ev
                0x0000032c       0x1c ./Libraries/mbed/IPAddress.o
                0x0000032c                Printable::~Printable()
                0x0000032c                Printable::~Printable()
 .text._ZN9PrintableD0Ev
                0x00000348       0x22 ./Libraries/mbed/IPAddress.o
                0x00000348                Printable::~Printable()
 *fill*         0x0000036a        0x2 
 .text._ZN9IPAddressD2Ev
                0x0000036c       0x24 ./Libraries/mbed/IPAddress.o
                0x0000036c                IPAddress::~IPAddress()
                0x0000036c                IPAddress::~IPAddress()
 .text._ZN9IPAddressD0Ev
                0x00000390       0x22 ./Libraries/mbed/IPAddress.o
                0x00000390                IPAddress::~IPAddress()
 *fill*         0x000003b2        0x2 
 .text._ZN9PrintableC2Ev
                0x000003b4       0x1c ./Libraries/mbed/IPAddress.o
                0x000003b4                Printable::Printable()
                0x000003b4                Printable::Printable()
 .text._ZN9IPAddressC2Ehhhh
                0x000003d0       0x60 ./Libraries/mbed/IPAddress.o
                0x000003d0                IPAddress::IPAddress(unsigned char, unsigned char, unsigned char, unsigned char)
                0x000003d0                IPAddress::IPAddress(unsigned char, unsigned char, unsigned char, unsigned char)
 .text._ZNK9IPAddress7printToER5Print
                0x00000430       0x6e ./Libraries/mbed/IPAddress.o
                0x00000430                IPAddress::printTo(Print&) const
 *fill*         0x0000049e        0x2 
 .text._Z41__static_initialization_and_destruction_0ii
                0x000004a0       0x4c ./Libraries/mbed/IPAddress.o
 .text._GLOBAL__sub_I__ZN9IPAddressC2Ev
                0x000004ec       0x18 ./Libraries/mbed/IPAddress.o
 .text._ZN5Print5writeEPKc
                0x00000504       0x3a ./Libraries/mbed/Print.o
                0x00000504                Print::write(char const*)
 .text._ZN5Print5writeEPKhj
                0x0000053e       0x54 ./Libraries/mbed/Print.o
                0x0000053e                Print::write(unsigned char const*, unsigned int)
 .text._ZN5Print5printEPKc
                0x00000592       0x20 ./Libraries/mbed/Print.o
                0x00000592                Print::print(char const*)
 .text._ZN5Print5printEc
                0x000005b2       0x28 ./Libraries/mbed/Print.o
                0x000005b2                Print::print(char)
 .text._ZN5Print5printEhi
                0x000005da       0x2a ./Libraries/mbed/Print.o
                0x000005da                Print::print(unsigned char, int)
 .text._ZN5Print5printEmi
                0x00000604       0x40 ./Libraries/mbed/Print.o
                0x00000604                Print::print(unsigned long, int)
 .text._ZN5Print11printNumberEmh
                0x00000644       0x9c ./Libraries/mbed/Print.o
                0x00000644                Print::printNumber(unsigned long, unsigned char)
 .text._ZN10DS1307_RTCC2Ev
                0x000006e0       0x1c ./Libraries/RTC/DS1307RTC.o
                0x000006e0                DS1307_RTC::DS1307_RTC()
                0x000006e0                DS1307_RTC::DS1307_RTC()
 .text._ZN10DS1307_RTCD2Ev
                0x000006fc       0x1c ./Libraries/RTC/DS1307RTC.o
                0x000006fc                DS1307_RTC::~DS1307_RTC()
                0x000006fc                DS1307_RTC::~DS1307_RTC()
 .text._ZN10DS1307_RTCD0Ev
                0x00000718       0x22 ./Libraries/RTC/DS1307RTC.o
                0x00000718                DS1307_RTC::~DS1307_RTC()
 *fill*         0x0000073a        0x2 
 .text._ZN5PrintC2Ev
                0x0000073c       0x24 ./Libraries/LiquidCrystal_I2C-1.1.2/LiquidCrystal_I2C.o
                0x0000073c                Print::Print()
                0x0000073c                Print::Print()
 .text._ZN17LiquidCrystal_I2C5writeEh
                0x00000760       0x26 ./Libraries/LiquidCrystal_I2C-1.1.2/LiquidCrystal_I2C.o
                0x00000760                LiquidCrystal_I2C::write(unsigned char)
 *fill*         0x00000786        0x2 
 .text._ZN17LiquidCrystal_I2CC2Ehhh
                0x00000788       0x8c ./Libraries/LiquidCrystal_I2C-1.1.2/LiquidCrystal_I2C.o
                0x00000788                LiquidCrystal_I2C::LiquidCrystal_I2C(unsigned char, unsigned char, unsigned char)
                0x00000788                LiquidCrystal_I2C::LiquidCrystal_I2C(unsigned char, unsigned char, unsigned char)
 .text._ZN17LiquidCrystal_I2CD2Ev
                0x00000814       0x1c ./Libraries/LiquidCrystal_I2C-1.1.2/LiquidCrystal_I2C.o
                0x00000814                LiquidCrystal_I2C::~LiquidCrystal_I2C()
                0x00000814                LiquidCrystal_I2C::~LiquidCrystal_I2C()
 .text._ZN17LiquidCrystal_I2CD0Ev
                0x00000830       0x22 ./Libraries/LiquidCrystal_I2C-1.1.2/LiquidCrystal_I2C.o
                0x00000830                LiquidCrystal_I2C::~LiquidCrystal_I2C()
 .text._ZN17LiquidCrystal_I2C4initEv
                0x00000852       0x18 ./Libraries/LiquidCrystal_I2C-1.1.2/LiquidCrystal_I2C.o
                0x00000852                LiquidCrystal_I2C::init()
 .text._ZN17LiquidCrystal_I2C9init_privEv
                0x0000086a       0x26 ./Libraries/LiquidCrystal_I2C-1.1.2/LiquidCrystal_I2C.o
                0x0000086a                LiquidCrystal_I2C::init_priv()
 .text._ZN17LiquidCrystal_I2C5beginEhhh
                0x00000890      0x130 ./Libraries/LiquidCrystal_I2C-1.1.2/LiquidCrystal_I2C.o
                0x00000890                LiquidCrystal_I2C::begin(unsigned char, unsigned char, unsigned char)
 .text._ZN17LiquidCrystal_I2C5clearEv
                0x000009c0       0x2c ./Libraries/LiquidCrystal_I2C-1.1.2/LiquidCrystal_I2C.o
                0x000009c0                LiquidCrystal_I2C::clear()
 .text._ZN17LiquidCrystal_I2C4homeEv
                0x000009ec       0x2c ./Libraries/LiquidCrystal_I2C-1.1.2/LiquidCrystal_I2C.o
                0x000009ec                LiquidCrystal_I2C::home()
 .text._ZN17LiquidCrystal_I2C9setCursorEhh
                0x00000a18       0x74 ./Libraries/LiquidCrystal_I2C-1.1.2/LiquidCrystal_I2C.o
                0x00000a18                LiquidCrystal_I2C::setCursor(unsigned char, unsigned char)
 .text._ZN17LiquidCrystal_I2C7displayEv
                0x00000a8c       0x32 ./Libraries/LiquidCrystal_I2C-1.1.2/LiquidCrystal_I2C.o
                0x00000a8c                LiquidCrystal_I2C::display()
 .text._ZN17LiquidCrystal_I2C9backlightEv
                0x00000abe       0x20 ./Libraries/LiquidCrystal_I2C-1.1.2/LiquidCrystal_I2C.o
                0x00000abe                LiquidCrystal_I2C::backlight()
 .text._ZN17LiquidCrystal_I2C7commandEh
                0x00000ade       0x24 ./Libraries/LiquidCrystal_I2C-1.1.2/LiquidCrystal_I2C.o
                0x00000ade                LiquidCrystal_I2C::command(unsigned char)
 .text._ZN17LiquidCrystal_I2C4sendEhh
                0x00000b02       0x66 ./Libraries/LiquidCrystal_I2C-1.1.2/LiquidCrystal_I2C.o
                0x00000b02                LiquidCrystal_I2C::send(unsigned char, unsigned char)
 .text._ZN17LiquidCrystal_I2C10write4bitsEh
                0x00000b68       0x32 ./Libraries/LiquidCrystal_I2C-1.1.2/LiquidCrystal_I2C.o
                0x00000b68                LiquidCrystal_I2C::write4bits(unsigned char)
 .text._ZN17LiquidCrystal_I2C13expanderWriteEh
                0x00000b9a       0x2c ./Libraries/LiquidCrystal_I2C-1.1.2/LiquidCrystal_I2C.o
                0x00000b9a                LiquidCrystal_I2C::expanderWrite(unsigned char)
 *fill*         0x00000bc6        0x2 
 .text._ZN17LiquidCrystal_I2C11pulseEnableEh
                0x00000bc8       0x58 ./Libraries/LiquidCrystal_I2C-1.1.2/LiquidCrystal_I2C.o
                0x00000bc8                LiquidCrystal_I2C::pulseEnable(unsigned char)
 .text._ZN5SWI2CC2Ev
                0x00000c20       0x1c ./Libraries/swI2C.o
                0x00000c20                SWI2C::SWI2C()
                0x00000c20                SWI2C::SWI2C()
 .text._ZN5SWI2CD2Ev
                0x00000c3c       0x1c ./Libraries/swI2C.o
                0x00000c3c                SWI2C::~SWI2C()
                0x00000c3c                SWI2C::~SWI2C()
 .text._ZN5SWI2CD0Ev
                0x00000c58       0x22 ./Libraries/swI2C.o
                0x00000c58                SWI2C::~SWI2C()
 *fill*         0x00000c7a        0x2 
 .text._ZN5SWI2C10sw_i2c_outEv
                0x00000c7c       0x30 ./Libraries/swI2C.o
                0x00000c7c                SWI2C::sw_i2c_out()
 .text._ZN5SWI2C8sda_highEv
                0x00000cac       0x1c ./Libraries/swI2C.o
                0x00000cac                SWI2C::sda_high()
 .text._ZN5SWI2C7sda_lowEv
                0x00000cc8       0x1c ./Libraries/swI2C.o
                0x00000cc8                SWI2C::sda_low()
 .text._ZN5SWI2C8scl_highEv
                0x00000ce4       0x1c ./Libraries/swI2C.o
                0x00000ce4                SWI2C::scl_high()
 .text._ZN5SWI2C7scl_lowEv
                0x00000d00       0x1c ./Libraries/swI2C.o
                0x00000d00                SWI2C::scl_low()
 .text._ZN5SWI2C5startEv
                0x00000d1c       0x50 ./Libraries/swI2C.o
                0x00000d1c                SWI2C::start()
 .text._ZN5SWI2C4stopEv
                0x00000d6c       0x50 ./Libraries/swI2C.o
                0x00000d6c                SWI2C::stop()
 .text._ZN5SWI2C5writeEh
                0x00000dbc       0xa0 ./Libraries/swI2C.o
                0x00000dbc                SWI2C::write(unsigned char)
 .text.GPIO_SetMode
                0x00000e5c       0x5a ./Drivers/gpio.o
                0x00000e5c                GPIO_SetMode
 *fill*         0x00000eb6        0x2 
 .text.stackDump
                0x00000eb8       0xb0 ./Drivers/retarget.o
 .text.Hard_Fault_Handler
                0x00000f68       0x20 ./Drivers/retarget.o
                0x00000f68                Hard_Fault_Handler
 .text.HardFault_Handler
                0x00000f88       0x24 ./Drivers/retarget.o
                0x00000f88                HardFault_Handler
 .text._write   0x00000fac       0x64 ./Drivers/retarget.o
                0x00000fac                _write
 .text._read    0x00001010       0x34 ./Drivers/retarget.o
                0x00001010                _read
 .text.TIMER_Delay
                0x00001044      0x120 ./Drivers/timer.o
                0x00001044                TIMER_Delay
 .text.TIMER_GetModuleClock
                0x00001164       0xa0 ./Drivers/timer.o
                0x00001164                TIMER_GetModuleClock
 .text.raise    0x00001204       0x1e ./Device/_syscalls.o
                0x00001204                raise
 .text._close   0x00001222       0x1e ./Device/_syscalls.o
                0x00001222                _close
 .text._fstat   0x00001240       0x20 ./Device/_syscalls.o
                0x00001240                _fstat
 .text._isatty  0x00001260       0x1c ./Device/_syscalls.o
                0x00001260                _isatty
 .text._lseek   0x0000127c       0x22 ./Device/_syscalls.o
                0x0000127c                _lseek
 *fill*         0x0000129e        0x2 
 .text          0x000012a0       0x34 ./Device/startup_NUC100Series.o
                0x000012a0                Reset_Handler
                0x000012c8                SysTick_Handler
                0x000012c8                PendSV_Handler
                0x000012c8                NMI_Handler
                0x000012c8                I2C1_IRQHandler
                0x000012c8                UART1_IRQHandler
                0x000012c8                PS2_IRQHandler
                0x000012c8                CAN1_IRQHandler
                0x000012c8                USBD_IRQHandler
                0x000012c8                SPI1_IRQHandler
                0x000012c8                TMR0_IRQHandler
                0x000012c8                ACMP_IRQHandler
                0x000012c8                I2S_IRQHandler
                0x000012c8                RTC_IRQHandler
                0x000012c8                PWRWU_IRQHandler
                0x000012c8                I2C0_IRQHandler
                0x000012c8                EINT1_IRQHandler
                0x000012c8                PWMA_IRQHandler
                0x000012c8                Default_Handler
                0x000012c8                ADC_IRQHandler
                0x000012c8                TMR2_IRQHandler
                0x000012c8                BOD_IRQHandler
                0x000012c8                SPI2_IRQHandler
                0x000012c8                UART02_IRQHandler
                0x000012c8                WDT_IRQHandler
                0x000012c8                SVC_Handler
                0x000012c8                PDMA_IRQHandler
                0x000012c8                SC012_IRQHandler
                0x000012c8                GPAB_IRQHandler
                0x000012c8                EINT0_IRQHandler
                0x000012c8                CAN0_IRQHandler
                0x000012c8                TMR3_IRQHandler
                0x000012c8                GPCDEF_IRQHandler
                0x000012c8                SPI0_IRQHandler
                0x000012c8                SPI3_IRQHandler
                0x000012c8                PWMB_IRQHandler
                0x000012c8                TMR1_IRQHandler
 .text.SystemInit
                0x000012d4        0xa ./Device/system_NUC100Series.o
                0x000012d4                SystemInit
 .text.__aeabi_atexit
                0x000012de        0xe c:/program files (x86)/gnu arm embedded toolchain/10 2021.10/bin/../lib/gcc/arm-none-eabi/10.3.1/../../../../arm-none-eabi/lib/thumb/v6-m/nofp\libstdc++_nano.a(atexit_arm.o)
                0x000012de                __aeabi_atexit
 .text._ZNK10__cxxabiv117__class_type_info11__do_upcastEPKS0_PPv
                0x000012ec       0x32 c:/program files (x86)/gnu arm embedded toolchain/10 2021.10/bin/../lib/gcc/arm-none-eabi/10.3.1/../../../../arm-none-eabi/lib/thumb/v6-m/nofp\libstdc++_nano.a(class_type_info.o)
                0x000012ec                __cxxabiv1::__class_type_info::__do_upcast(__cxxabiv1::__class_type_info const*, void**) const
 .text._ZNK10__cxxabiv117__class_type_info20__do_find_public_srcEiPKvPKS0_S2_
                0x0000131e        0xc c:/program files (x86)/gnu arm embedded toolchain/10 2021.10/bin/../lib/gcc/arm-none-eabi/10.3.1/../../../../arm-none-eabi/lib/thumb/v6-m/nofp\libstdc++_nano.a(class_type_info.o)
                0x0000131e                __cxxabiv1::__class_type_info::__do_find_public_src(int, void const*, __cxxabiv1::__class_type_info const*, void const*) const
 *fill*         0x0000132a        0x2 
 .text._ZN10__cxxabiv117__class_type_infoD2Ev
                0x0000132c       0x18 c:/program files (x86)/gnu arm embedded toolchain/10 2021.10/bin/../lib/gcc/arm-none-eabi/10.3.1/../../../../arm-none-eabi/lib/thumb/v6-m/nofp\libstdc++_nano.a(class_type_info.o)
                0x0000132c                __cxxabiv1::__class_type_info::~__class_type_info()
                0x0000132c                __cxxabiv1::__class_type_info::~__class_type_info()
 .text._ZN10__cxxabiv117__class_type_infoD0Ev
                0x00001344       0x14 c:/program files (x86)/gnu arm embedded toolchain/10 2021.10/bin/../lib/gcc/arm-none-eabi/10.3.1/../../../../arm-none-eabi/lib/thumb/v6-m/nofp\libstdc++_nano.a(class_type_info.o)
                0x00001344                __cxxabiv1::__class_type_info::~__class_type_info()
 .text._ZNK10__cxxabiv117__class_type_info12__do_dyncastEiNS0_10__sub_kindEPKS0_PKvS3_S5_RNS0_16__dyncast_resultE
                0x00001358       0x3a c:/program files (x86)/gnu arm embedded toolchain/10 2021.10/bin/../lib/gcc/arm-none-eabi/10.3.1/../../../../arm-none-eabi/lib/thumb/v6-m/nofp\libstdc++_nano.a(class_type_info.o)
                0x00001358                __cxxabiv1::__class_type_info::__do_dyncast(int, __cxxabiv1::__class_type_info::__sub_kind, __cxxabiv1::__class_type_info const*, void const*, __cxxabiv1::__class_type_info const*, void const*, __cxxabiv1::__class_type_info::__dyncast_result&) const
 .text._ZNK10__cxxabiv117__class_type_info11__do_upcastEPKS0_PKvRNS0_15__upcast_resultE
                0x00001392       0x1a c:/program files (x86)/gnu arm embedded toolchain/10 2021.10/bin/../lib/gcc/arm-none-eabi/10.3.1/../../../../arm-none-eabi/lib/thumb/v6-m/nofp\libstdc++_nano.a(class_type_info.o)
                0x00001392                __cxxabiv1::__class_type_info::__do_upcast(__cxxabiv1::__class_type_info const*, void const*, __cxxabiv1::__class_type_info::__upcast_result&) const
 .text._ZNK10__cxxabiv117__class_type_info10__do_catchEPKSt9type_infoPPvj
                0x000013ac       0x24 c:/program files (x86)/gnu arm embedded toolchain/10 2021.10/bin/../lib/gcc/arm-none-eabi/10.3.1/../../../../arm-none-eabi/lib/thumb/v6-m/nofp\libstdc++_nano.a(class_type_info.o)
                0x000013ac                __cxxabiv1::__class_type_info::__do_catch(std::type_info const*, void**, unsigned int) const
 .text._ZdlPv   0x000013d0        0x8 c:/program files (x86)/gnu arm embedded toolchain/10 2021.10/bin/../lib/gcc/arm-none-eabi/10.3.1/../../../../arm-none-eabi/lib/thumb/v6-m/nofp\libstdc++_nano.a(del_op.o)
                0x000013d0                operator delete(void*)
 .text._ZdlPvj  0x000013d8        0x8 c:/program files (x86)/gnu arm embedded toolchain/10 2021.10/bin/../lib/gcc/arm-none-eabi/10.3.1/../../../../arm-none-eabi/lib/thumb/v6-m/nofp\libstdc++_nano.a(del_ops.o)
                0x000013d8                operator delete(void*, unsigned int)
 .text.__cxa_pure_virtual
                0x000013e0        0x6 c:/program files (x86)/gnu arm embedded toolchain/10 2021.10/bin/../lib/gcc/arm-none-eabi/10.3.1/../../../../arm-none-eabi/lib/thumb/v6-m/nofp\libstdc++_nano.a(pure.o)
                0x000013e0                __cxa_pure_virtual
 *fill*         0x000013e6        0x2 
 .text._ZN10__cxxabiv120__si_class_type_infoD2Ev
                0x000013e8       0x18 c:/program files (x86)/gnu arm embedded toolchain/10 2021.10/bin/../lib/gcc/arm-none-eabi/10.3.1/../../../../arm-none-eabi/lib/thumb/v6-m/nofp\libstdc++_nano.a(si_class_type_info.o)
                0x000013e8                __cxxabiv1::__si_class_type_info::~__si_class_type_info()
                0x000013e8                __cxxabiv1::__si_class_type_info::~__si_class_type_info()
 .text._ZN10__cxxabiv120__si_class_type_infoD0Ev
                0x00001400       0x14 c:/program files (x86)/gnu arm embedded toolchain/10 2021.10/bin/../lib/gcc/arm-none-eabi/10.3.1/../../../../arm-none-eabi/lib/thumb/v6-m/nofp\libstdc++_nano.a(si_class_type_info.o)
                0x00001400                __cxxabiv1::__si_class_type_info::~__si_class_type_info()
 .text._ZNK10__cxxabiv120__si_class_type_info20__do_find_public_srcEiPKvPKNS_17__class_type_infoES2_
                0x00001414       0x32 c:/program files (x86)/gnu arm embedded toolchain/10 2021.10/bin/../lib/gcc/arm-none-eabi/10.3.1/../../../../arm-none-eabi/lib/thumb/v6-m/nofp\libstdc++_nano.a(si_class_type_info.o)
                0x00001414                __cxxabiv1::__si_class_type_info::__do_find_public_src(int, void const*, __cxxabiv1::__class_type_info const*, void const*) const
 .text._ZNK10__cxxabiv120__si_class_type_info12__do_dyncastEiNS_17__class_type_info10__sub_kindEPKS1_PKvS4_S6_RNS1_16__dyncast_resultE
                0x00001446       0x80 c:/program files (x86)/gnu arm embedded toolchain/10 2021.10/bin/../lib/gcc/arm-none-eabi/10.3.1/../../../../arm-none-eabi/lib/thumb/v6-m/nofp\libstdc++_nano.a(si_class_type_info.o)
                0x00001446                __cxxabiv1::__si_class_type_info::__do_dyncast(int, __cxxabiv1::__class_type_info::__sub_kind, __cxxabiv1::__class_type_info const*, void const*, __cxxabiv1::__class_type_info const*, void const*, __cxxabiv1::__class_type_info::__dyncast_result&) const
 .text._ZNK10__cxxabiv120__si_class_type_info11__do_upcastEPKNS_17__class_type_infoEPKvRNS1_15__upcast_resultE
                0x000014c6       0x22 c:/program files (x86)/gnu arm embedded toolchain/10 2021.10/bin/../lib/gcc/arm-none-eabi/10.3.1/../../../../arm-none-eabi/lib/thumb/v6-m/nofp\libstdc++_nano.a(si_class_type_info.o)
                0x000014c6                __cxxabiv1::__si_class_type_info::__do_upcast(__cxxabiv1::__class_type_info const*, void const*, __cxxabiv1::__class_type_info::__upcast_result&) const
 .text._ZNSt9type_infoD2Ev
                0x000014e8        0x2 c:/program files (x86)/gnu arm embedded toolchain/10 2021.10/bin/../lib/gcc/arm-none-eabi/10.3.1/../../../../arm-none-eabi/lib/thumb/v6-m/nofp\libstdc++_nano.a(tinfo.o)
                0x000014e8                std::type_info::~type_info()
                0x000014e8                std::type_info::~type_info()
 .text._ZNKSt9type_info14__is_pointer_pEv
                0x000014ea        0x4 c:/program files (x86)/gnu arm embedded toolchain/10 2021.10/bin/../lib/gcc/arm-none-eabi/10.3.1/../../../../arm-none-eabi/lib/thumb/v6-m/nofp\libstdc++_nano.a(tinfo.o)
                0x000014ea                std::type_info::__is_pointer_p() const
                0x000014ea                std::type_info::__is_function_p() const
 .text._ZNKSt9type_infoeqERKS_
                0x000014ee       0x2c c:/program files (x86)/gnu arm embedded toolchain/10 2021.10/bin/../lib/gcc/arm-none-eabi/10.3.1/../../../../arm-none-eabi/lib/thumb/v6-m/nofp\libstdc++_nano.a(tinfo.o)
                0x000014ee                std::type_info::operator==(std::type_info const&) const
 .text._ZN10__cxxabiv111__terminateEPFvvE
                0x0000151a        0x8 c:/program files (x86)/gnu arm embedded toolchain/10 2021.10/bin/../lib/gcc/arm-none-eabi/10.3.1/../../../../arm-none-eabi/lib/thumb/v6-m/nofp\libstdc++_nano.a(eh_terminate.o)
                0x0000151a                __cxxabiv1::__terminate(void (*)())
 *fill*         0x00001522        0x2 
 .text._ZSt9terminatev
                0x00001524       0x10 c:/program files (x86)/gnu arm embedded toolchain/10 2021.10/bin/../lib/gcc/arm-none-eabi/10.3.1/../../../../arm-none-eabi/lib/thumb/v6-m/nofp\libstdc++_nano.a(eh_terminate.o)
                0x00001524                std::terminate()
 .text          0x00001534      0x114 c:/program files (x86)/gnu arm embedded toolchain/10 2021.10/bin/../lib/gcc/arm-none-eabi/10.3.1/thumb/v6-m/nofp\libgcc.a(_udivsi3.o)
                0x00001534                __aeabi_uidiv
                0x00001534                __udivsi3
                0x00001640                __aeabi_uidivmod
 .text          0x00001648        0x4 c:/program files (x86)/gnu arm embedded toolchain/10 2021.10/bin/../lib/gcc/arm-none-eabi/10.3.1/thumb/v6-m/nofp\libgcc.a(_dvmd_tls.o)
                0x00001648                __aeabi_idiv0
                0x00001648                __aeabi_ldiv0
 .text          0x0000164c      0xa30 c:/program files (x86)/gnu arm embedded toolchain/10 2021.10/bin/../lib/gcc/arm-none-eabi/10.3.1/thumb/v6-m/nofp\libgcc.a(unwind-arm.o)
                0x00001918                _Unwind_GetCFA
                0x0000191c                __gnu_Unwind_RaiseException
                0x00001970                __gnu_Unwind_ForcedUnwind
                0x00001984                __gnu_Unwind_Resume
                0x000019cc                __gnu_Unwind_Resume_or_Rethrow
                0x000019e8                _Unwind_Complete
                0x000019ec                _Unwind_DeleteException
                0x000019fc                _Unwind_VRS_Get
                0x00001a48                _Unwind_VRS_Set
                0x00001a94                __gnu_Unwind_Backtrace
                0x00001df0                __aeabi_unwind_cpp_pr0
                0x00001dfc                __aeabi_unwind_cpp_pr1
                0x00001e08                __aeabi_unwind_cpp_pr2
                0x00001e14                _Unwind_VRS_Pop
 .text          0x0000207c      0x144 c:/program files (x86)/gnu arm embedded toolchain/10 2021.10/bin/../lib/gcc/arm-none-eabi/10.3.1/thumb/v6-m/nofp\libgcc.a(libunwind.o)
                0x0000207c                __restore_core_regs
                0x0000207c                restore_core_regs
                0x000020a8                __gnu_Unwind_Restore_VFP
                0x000020ac                __gnu_Unwind_Save_VFP
                0x000020b0                __gnu_Unwind_Restore_VFP_D
                0x000020b4                __gnu_Unwind_Save_VFP_D
                0x000020b8                __gnu_Unwind_Restore_VFP_D_16_to_31
                0x000020bc                __gnu_Unwind_Save_VFP_D_16_to_31
                0x000020c0                __gnu_Unwind_Restore_WMMXD
                0x000020c4                __gnu_Unwind_Save_WMMXD
                0x000020c8                __gnu_Unwind_Restore_WMMXC
                0x000020cc                __gnu_Unwind_Save_WMMXC
                0x000020d0                ___Unwind_RaiseException
                0x000020d0                _Unwind_RaiseException
                0x00002100                _Unwind_Resume
                0x00002100                ___Unwind_Resume
                0x00002130                _Unwind_Resume_or_Rethrow
                0x00002130                ___Unwind_Resume_or_Rethrow
                0x00002160                _Unwind_ForcedUnwind
                0x00002160                ___Unwind_ForcedUnwind
                0x00002190                ___Unwind_Backtrace
                0x00002190                _Unwind_Backtrace
 .text          0x000021c0      0x38c c:/program files (x86)/gnu arm embedded toolchain/10 2021.10/bin/../lib/gcc/arm-none-eabi/10.3.1/thumb/v6-m/nofp\libgcc.a(pr-support.o)
                0x00002214                __gnu_unwind_execute
                0x00002504                __gnu_unwind_frame
                0x0000252c                _Unwind_GetRegionStart
                0x00002538                _Unwind_GetLanguageSpecificData
 .text.abort    0x0000254c        0xe c:/program files (x86)/gnu arm embedded toolchain/10 2021.10/bin/../lib/gcc/arm-none-eabi/10.3.1/../../../../arm-none-eabi/lib/thumb/v6-m/nofp\libg_nano.a(lib_a-abort.o)
                0x0000254c                abort
 *fill*         0x0000255a        0x2 
 .text.__cxa_atexit
                0x0000255c       0x1c c:/program files (x86)/gnu arm embedded toolchain/10 2021.10/bin/../lib/gcc/arm-none-eabi/10.3.1/../../../../arm-none-eabi/lib/thumb/v6-m/nofp\libg_nano.a(lib_a-cxa_atexit.o)
                0x0000255c                __cxa_atexit
 .text.__errno  0x00002578        0xc c:/program files (x86)/gnu arm embedded toolchain/10 2021.10/bin/../lib/gcc/arm-none-eabi/10.3.1/../../../../arm-none-eabi/lib/thumb/v6-m/nofp\libg_nano.a(lib_a-errno.o)
                0x00002578                __errno
 .text.exit     0x00002584       0x2c c:/program files (x86)/gnu arm embedded toolchain/10 2021.10/bin/../lib/gcc/arm-none-eabi/10.3.1/../../../../arm-none-eabi/lib/thumb/v6-m/nofp\libg_nano.a(lib_a-exit.o)
                0x00002584                exit
 .text.__libc_init_array
                0x000025b0       0x48 c:/program files (x86)/gnu arm embedded toolchain/10 2021.10/bin/../lib/gcc/arm-none-eabi/10.3.1/../../../../arm-none-eabi/lib/thumb/v6-m/nofp\libg_nano.a(lib_a-init.o)
                0x000025b0                __libc_init_array
 .text.free     0x000025f8       0x14 c:/program files (x86)/gnu arm embedded toolchain/10 2021.10/bin/../lib/gcc/arm-none-eabi/10.3.1/../../../../arm-none-eabi/lib/thumb/v6-m/nofp\libg_nano.a(lib_a-malloc.o)
                0x000025f8                free
 .text.memcpy   0x0000260c       0x12 c:/program files (x86)/gnu arm embedded toolchain/10 2021.10/bin/../lib/gcc/arm-none-eabi/10.3.1/../../../../arm-none-eabi/lib/thumb/v6-m/nofp\libg_nano.a(lib_a-memcpy-stub.o)
                0x0000260c                memcpy
 .text.memset   0x0000261e       0x10 c:/program files (x86)/gnu arm embedded toolchain/10 2021.10/bin/../lib/gcc/arm-none-eabi/10.3.1/../../../../arm-none-eabi/lib/thumb/v6-m/nofp\libg_nano.a(lib_a-memset.o)
                0x0000261e                memset
 *fill*         0x0000262e        0x2 
 .text._free_r  0x00002630       0x94 c:/program files (x86)/gnu arm embedded toolchain/10 2021.10/bin/../lib/gcc/arm-none-eabi/10.3.1/../../../../arm-none-eabi/lib/thumb/v6-m/nofp\libg_nano.a(lib_a-nano-freer.o)
                0x00002630                _free_r
 .text.sbrk_aligned
                0x000026c4       0x44 c:/program files (x86)/gnu arm embedded toolchain/10 2021.10/bin/../lib/gcc/arm-none-eabi/10.3.1/../../../../arm-none-eabi/lib/thumb/v6-m/nofp\libg_nano.a(lib_a-nano-mallocr.o)
 .text._malloc_r
                0x00002708       0xec c:/program files (x86)/gnu arm embedded toolchain/10 2021.10/bin/../lib/gcc/arm-none-eabi/10.3.1/../../../../arm-none-eabi/lib/thumb/v6-m/nofp\libg_nano.a(lib_a-nano-mallocr.o)
                0x00002708                _malloc_r
 .text.printf   0x000027f4       0x34 c:/program files (x86)/gnu arm embedded toolchain/10 2021.10/bin/../lib/gcc/arm-none-eabi/10.3.1/../../../../arm-none-eabi/lib/thumb/v6-m/nofp\libg_nano.a(lib_a-printf.o)
                0x000027f4                iprintf
                0x000027f4                printf
 .text._puts_r  0x00002828       0xe4 c:/program files (x86)/gnu arm embedded toolchain/10 2021.10/bin/../lib/gcc/arm-none-eabi/10.3.1/../../../../arm-none-eabi/lib/thumb/v6-m/nofp\libg_nano.a(lib_a-puts.o)
                0x00002828                _puts_r
 .text.puts     0x0000290c       0x14 c:/program files (x86)/gnu arm embedded toolchain/10 2021.10/bin/../lib/gcc/arm-none-eabi/10.3.1/../../../../arm-none-eabi/lib/thumb/v6-m/nofp\libg_nano.a(lib_a-puts.o)
                0x0000290c                puts
 .text._sbrk_r  0x00002920       0x24 c:/program files (x86)/gnu arm embedded toolchain/10 2021.10/bin/../lib/gcc/arm-none-eabi/10.3.1/../../../../arm-none-eabi/lib/thumb/v6-m/nofp\libg_nano.a(lib_a-sbrkr.o)
                0x00002920                _sbrk_r
 .text          0x00002944       0x14 c:/program files (x86)/gnu arm embedded toolchain/10 2021.10/bin/../lib/gcc/arm-none-eabi/10.3.1/../../../../arm-none-eabi/lib/thumb/v6-m/nofp\libg_nano.a(lib_a-strcmp.o)
                0x00002944                strcmp
 .text          0x00002958        0xe c:/program files (x86)/gnu arm embedded toolchain/10 2021.10/bin/../lib/gcc/arm-none-eabi/10.3.1/../../../../arm-none-eabi/lib/thumb/v6-m/nofp\libg_nano.a(lib_a-strlen.o)
                0x00002958                strlen
 *fill*         0x00002966        0x2 
 .text.__swbuf_r
                0x00002968       0xac c:/program files (x86)/gnu arm embedded toolchain/10 2021.10/bin/../lib/gcc/arm-none-eabi/10.3.1/../../../../arm-none-eabi/lib/thumb/v6-m/nofp\libg_nano.a(lib_a-wbuf.o)
                0x00002968                __swbuf_r
 .text.__swsetup_r
                0x00002a14       0xf0 c:/program files (x86)/gnu arm embedded toolchain/10 2021.10/bin/../lib/gcc/arm-none-eabi/10.3.1/../../../../arm-none-eabi/lib/thumb/v6-m/nofp\libg_nano.a(lib_a-wsetup.o)
                0x00002a14                __swsetup_r
 .text.__sflush_r
                0x00002b04      0x118 c:/program files (x86)/gnu arm embedded toolchain/10 2021.10/bin/../lib/gcc/arm-none-eabi/10.3.1/../../../../arm-none-eabi/lib/thumb/v6-m/nofp\libg_nano.a(lib_a-fflush.o)
                0x00002b04                __sflush_r
 .text._fflush_r
                0x00002c1c       0x80 c:/program files (x86)/gnu arm embedded toolchain/10 2021.10/bin/../lib/gcc/arm-none-eabi/10.3.1/../../../../arm-none-eabi/lib/thumb/v6-m/nofp\libg_nano.a(lib_a-fflush.o)
                0x00002c1c                _fflush_r
 .text.std      0x00002c9c       0x48 c:/program files (x86)/gnu arm embedded toolchain/10 2021.10/bin/../lib/gcc/arm-none-eabi/10.3.1/../../../../arm-none-eabi/lib/thumb/v6-m/nofp\libg_nano.a(lib_a-findfp.o)
 .text._cleanup_r
                0x00002ce4       0x10 c:/program files (x86)/gnu arm embedded toolchain/10 2021.10/bin/../lib/gcc/arm-none-eabi/10.3.1/../../../../arm-none-eabi/lib/thumb/v6-m/nofp\libg_nano.a(lib_a-findfp.o)
                0x00002ce4                _cleanup_r
 .text.__sfmoreglue
                0x00002cf4       0x2c c:/program files (x86)/gnu arm embedded toolchain/10 2021.10/bin/../lib/gcc/arm-none-eabi/10.3.1/../../../../arm-none-eabi/lib/thumb/v6-m/nofp\libg_nano.a(lib_a-findfp.o)
                0x00002cf4                __sfmoreglue
 .text.__sfp_lock_acquire
                0x00002d20       0x10 c:/program files (x86)/gnu arm embedded toolchain/10 2021.10/bin/../lib/gcc/arm-none-eabi/10.3.1/../../../../arm-none-eabi/lib/thumb/v6-m/nofp\libg_nano.a(lib_a-findfp.o)
                0x00002d20                __sfp_lock_acquire
 .text.__sfp_lock_release
                0x00002d30       0x10 c:/program files (x86)/gnu arm embedded toolchain/10 2021.10/bin/../lib/gcc/arm-none-eabi/10.3.1/../../../../arm-none-eabi/lib/thumb/v6-m/nofp\libg_nano.a(lib_a-findfp.o)
                0x00002d30                __sfp_lock_release
 .text.__sinit_lock_acquire
                0x00002d40       0x10 c:/program files (x86)/gnu arm embedded toolchain/10 2021.10/bin/../lib/gcc/arm-none-eabi/10.3.1/../../../../arm-none-eabi/lib/thumb/v6-m/nofp\libg_nano.a(lib_a-findfp.o)
                0x00002d40                __sinit_lock_acquire
 .text.__sinit_lock_release
                0x00002d50       0x10 c:/program files (x86)/gnu arm embedded toolchain/10 2021.10/bin/../lib/gcc/arm-none-eabi/10.3.1/../../../../arm-none-eabi/lib/thumb/v6-m/nofp\libg_nano.a(lib_a-findfp.o)
                0x00002d50                __sinit_lock_release
 .text.__sinit  0x00002d60       0x70 c:/program files (x86)/gnu arm embedded toolchain/10 2021.10/bin/../lib/gcc/arm-none-eabi/10.3.1/../../../../arm-none-eabi/lib/thumb/v6-m/nofp\libg_nano.a(lib_a-findfp.o)
                0x00002d60                __sinit
 .text.__sfp    0x00002dd0       0x90 c:/program files (x86)/gnu arm embedded toolchain/10 2021.10/bin/../lib/gcc/arm-none-eabi/10.3.1/../../../../arm-none-eabi/lib/thumb/v6-m/nofp\libg_nano.a(lib_a-findfp.o)
                0x00002dd0                __sfp
 .text._fwalk_reent
                0x00002e60       0x40 c:/program files (x86)/gnu arm embedded toolchain/10 2021.10/bin/../lib/gcc/arm-none-eabi/10.3.1/../../../../arm-none-eabi/lib/thumb/v6-m/nofp\libg_nano.a(lib_a-fwalk.o)
                0x00002e60                _fwalk_reent
 .text.__retarget_lock_init_recursive
                0x00002ea0        0x2 c:/program files (x86)/gnu arm embedded toolchain/10 2021.10/bin/../lib/gcc/arm-none-eabi/10.3.1/../../../../arm-none-eabi/lib/thumb/v6-m/nofp\libg_nano.a(lib_a-lock.o)
                0x00002ea0                __retarget_lock_init_recursive
 .text.__retarget_lock_acquire_recursive
                0x00002ea2        0x2 c:/program files (x86)/gnu arm embedded toolchain/10 2021.10/bin/../lib/gcc/arm-none-eabi/10.3.1/../../../../arm-none-eabi/lib/thumb/v6-m/nofp\libg_nano.a(lib_a-lock.o)
                0x00002ea2                __retarget_lock_acquire_recursive
 .text.__retarget_lock_release_recursive
                0x00002ea4        0x2 c:/program files (x86)/gnu arm embedded toolchain/10 2021.10/bin/../lib/gcc/arm-none-eabi/10.3.1/../../../../arm-none-eabi/lib/thumb/v6-m/nofp\libg_nano.a(lib_a-lock.o)
                0x00002ea4                __retarget_lock_release_recursive
 *fill*         0x00002ea6        0x2 
 .text.__swhatbuf_r
                0x00002ea8       0x50 c:/program files (x86)/gnu arm embedded toolchain/10 2021.10/bin/../lib/gcc/arm-none-eabi/10.3.1/../../../../arm-none-eabi/lib/thumb/v6-m/nofp\libg_nano.a(lib_a-makebuf.o)
                0x00002ea8                __swhatbuf_r
 .text.__smakebuf_r
                0x00002ef8       0x88 c:/program files (x86)/gnu arm embedded toolchain/10 2021.10/bin/../lib/gcc/arm-none-eabi/10.3.1/../../../../arm-none-eabi/lib/thumb/v6-m/nofp\libg_nano.a(lib_a-makebuf.o)
                0x00002ef8                __smakebuf_r
 .text.__malloc_lock
                0x00002f80       0x10 c:/program files (x86)/gnu arm embedded toolchain/10 2021.10/bin/../lib/gcc/arm-none-eabi/10.3.1/../../../../arm-none-eabi/lib/thumb/v6-m/nofp\libg_nano.a(lib_a-mlock.o)
                0x00002f80                __malloc_lock
 .text.__malloc_unlock
                0x00002f90       0x10 c:/program files (x86)/gnu arm embedded toolchain/10 2021.10/bin/../lib/gcc/arm-none-eabi/10.3.1/../../../../arm-none-eabi/lib/thumb/v6-m/nofp\libg_nano.a(lib_a-mlock.o)
                0x00002f90                __malloc_unlock
 .text.__sfputc_r
                0x00002fa0       0x2a c:/program files (x86)/gnu arm embedded toolchain/10 2021.10/bin/../lib/gcc/arm-none-eabi/10.3.1/../../../../arm-none-eabi/lib/thumb/v6-m/nofp\libg_nano.a(lib_a-nano-vfprintf.o)
 .text.__sfputs_r
                0x00002fca       0x24 c:/program files (x86)/gnu arm embedded toolchain/10 2021.10/bin/../lib/gcc/arm-none-eabi/10.3.1/../../../../arm-none-eabi/lib/thumb/v6-m/nofp\libg_nano.a(lib_a-nano-vfprintf.o)
                0x00002fca                __sfputs_r
 *fill*         0x00002fee        0x2 
 .text._vfprintf_r
                0x00002ff0      0x274 c:/program files (x86)/gnu arm embedded toolchain/10 2021.10/bin/../lib/gcc/arm-none-eabi/10.3.1/../../../../arm-none-eabi/lib/thumb/v6-m/nofp\libg_nano.a(lib_a-nano-vfprintf.o)
                0x00002ff0                _vfprintf_r
                0x00002ff0                _vfiprintf_r
 .text._printf_common
                0x00003264       0xde c:/program files (x86)/gnu arm embedded toolchain/10 2021.10/bin/../lib/gcc/arm-none-eabi/10.3.1/../../../../arm-none-eabi/lib/thumb/v6-m/nofp\libg_nano.a(lib_a-nano-vfprintf_i.o)
                0x00003264                _printf_common
 *fill*         0x00003342        0x2 
 .text._printf_i
                0x00003344      0x224 c:/program files (x86)/gnu arm embedded toolchain/10 2021.10/bin/../lib/gcc/arm-none-eabi/10.3.1/../../../../arm-none-eabi/lib/thumb/v6-m/nofp\libg_nano.a(lib_a-nano-vfprintf_i.o)
                0x00003344                _printf_i
 .text.__sread  0x00003568       0x28 c:/program files (x86)/gnu arm embedded toolchain/10 2021.10/bin/../lib/gcc/arm-none-eabi/10.3.1/../../../../arm-none-eabi/lib/thumb/v6-m/nofp\libg_nano.a(lib_a-stdio.o)
                0x00003568                __sread
 .text.__swrite
                0x00003590       0x38 c:/program files (x86)/gnu arm embedded toolchain/10 2021.10/bin/../lib/gcc/arm-none-eabi/10.3.1/../../../../arm-none-eabi/lib/thumb/v6-m/nofp\libg_nano.a(lib_a-stdio.o)
                0x00003590                __swrite
 .text.__sseek  0x000035c8       0x2c c:/program files (x86)/gnu arm embedded toolchain/10 2021.10/bin/../lib/gcc/arm-none-eabi/10.3.1/../../../../arm-none-eabi/lib/thumb/v6-m/nofp\libg_nano.a(lib_a-stdio.o)
                0x000035c8                __sseek
 .text.__sclose
                0x000035f4        0xc c:/program files (x86)/gnu arm embedded toolchain/10 2021.10/bin/../lib/gcc/arm-none-eabi/10.3.1/../../../../arm-none-eabi/lib/thumb/v6-m/nofp\libg_nano.a(lib_a-stdio.o)
                0x000035f4                __sclose
 .text._write_r
                0x00003600       0x28 c:/program files (x86)/gnu arm embedded toolchain/10 2021.10/bin/../lib/gcc/arm-none-eabi/10.3.1/../../../../arm-none-eabi/lib/thumb/v6-m/nofp\libg_nano.a(lib_a-writer.o)
                0x00003600                _write_r
 .text._close_r
                0x00003628       0x24 c:/program files (x86)/gnu arm embedded toolchain/10 2021.10/bin/../lib/gcc/arm-none-eabi/10.3.1/../../../../arm-none-eabi/lib/thumb/v6-m/nofp\libg_nano.a(lib_a-closer.o)
                0x00003628                _close_r
 .text._fstat_r
                0x0000364c       0x24 c:/program files (x86)/gnu arm embedded toolchain/10 2021.10/bin/../lib/gcc/arm-none-eabi/10.3.1/../../../../arm-none-eabi/lib/thumb/v6-m/nofp\libg_nano.a(lib_a-fstatr.o)
                0x0000364c                _fstat_r
 .text._isatty_r
                0x00003670       0x24 c:/program files (x86)/gnu arm embedded toolchain/10 2021.10/bin/../lib/gcc/arm-none-eabi/10.3.1/../../../../arm-none-eabi/lib/thumb/v6-m/nofp\libg_nano.a(lib_a-isattyr.o)
                0x00003670                _isatty_r
 .text._lseek_r
                0x00003694       0x28 c:/program files (x86)/gnu arm embedded toolchain/10 2021.10/bin/../lib/gcc/arm-none-eabi/10.3.1/../../../../arm-none-eabi/lib/thumb/v6-m/nofp\libg_nano.a(lib_a-lseekr.o)
                0x00003694                _lseek_r
 .text.memchr   0x000036bc       0x16 c:/program files (x86)/gnu arm embedded toolchain/10 2021.10/bin/../lib/gcc/arm-none-eabi/10.3.1/../../../../arm-none-eabi/lib/thumb/v6-m/nofp\libg_nano.a(lib_a-memchr-stub.o)
                0x000036bc                memchr
 *fill*         0x000036d2        0x2 
 .text._read_r  0x000036d4       0x28 c:/program files (x86)/gnu arm embedded toolchain/10 2021.10/bin/../lib/gcc/arm-none-eabi/10.3.1/../../../../arm-none-eabi/lib/thumb/v6-m/nofp\libg_nano.a(lib_a-readr.o)
                0x000036d4                _read_r
 .text          0x000036fc       0x14 c:/program files (x86)/gnu arm embedded toolchain/10 2021.10/bin/../lib/gcc/arm-none-eabi/10.3.1/thumb/v6-m/nofp\libgcc.a(_thumb1_case_shi.o)
                0x000036fc                __gnu_thumb1_case_shi
 .text._sbrk    0x00003710       0x1c c:/program files (x86)/gnu arm embedded toolchain/10 2021.10/bin/../lib/gcc/arm-none-eabi/10.3.1/../../../../arm-none-eabi/lib/thumb/v6-m/nofp\libnosys.a(sbrk.o)
                0x00003710                _sbrk
 .text._exit    0x0000372c        0x4 c:/program files (x86)/gnu arm embedded toolchain/10 2021.10/bin/../lib/gcc/arm-none-eabi/10.3.1/../../../../arm-none-eabi/lib/thumb/v6-m/nofp\libnosys.a(_exit.o)
                0x0000372c                _exit
 *(.init)
 .init          0x00003730        0x4 c:/program files (x86)/gnu arm embedded toolchain/10 2021.10/bin/../lib/gcc/arm-none-eabi/10.3.1/thumb/v6-m/nofp/crti.o
                0x00003730                _init
 .init          0x00003734        0x8 c:/program files (x86)/gnu arm embedded toolchain/10 2021.10/bin/../lib/gcc/arm-none-eabi/10.3.1/thumb/v6-m/nofp/crtn.o
 *(.fini)
 .fini          0x0000373c        0x4 c:/program files (x86)/gnu arm embedded toolchain/10 2021.10/bin/../lib/gcc/arm-none-eabi/10.3.1/thumb/v6-m/nofp/crti.o
                0x0000373c                _fini
 .fini          0x00003740        0x8 c:/program files (x86)/gnu arm embedded toolchain/10 2021.10/bin/../lib/gcc/arm-none-eabi/10.3.1/thumb/v6-m/nofp/crtn.o
 *crtbegin.o(.ctors)
 *crtbegin?.o(.ctors)
 *(EXCLUDE_FILE(*crtend.o *crtend?.o) .ctors)
 *(SORT_BY_NAME(.ctors.*))
 *(.ctors)
 *crtbegin.o(.dtors)
 *crtbegin?.o(.dtors)
 *(EXCLUDE_FILE(*crtend.o *crtend?.o) .dtors)
 *(SORT_BY_NAME(.dtors.*))
 *(.dtors)
 *(.rodata*)
 .rodata        0x00003748       0x4d ./Source/main.o
 *fill*         0x00003795        0x3 
 .rodata._ZTV9IPAddress
                0x00003798       0x14 ./Libraries/mbed/IPAddress.o
                0x00003798                vtable for IPAddress
 .rodata._ZTV9Printable
                0x000037ac       0x14 ./Libraries/mbed/IPAddress.o
                0x000037ac                vtable for Printable
 .rodata._ZTI9IPAddress
                0x000037c0        0xc ./Libraries/mbed/IPAddress.o
                0x000037c0                typeinfo for IPAddress
 .rodata._ZTS9IPAddress
                0x000037cc        0xb ./Libraries/mbed/IPAddress.o
                0x000037cc                typeinfo name for IPAddress
 *fill*         0x000037d7        0x1 
 .rodata._ZTI9Printable
                0x000037d8        0x8 ./Libraries/mbed/IPAddress.o
                0x000037d8                typeinfo for Printable
 .rodata._ZTS9Printable
                0x000037e0        0xb ./Libraries/mbed/IPAddress.o
                0x000037e0                typeinfo name for Printable
 *fill*         0x000037eb        0x1 
 .rodata._ZTV5Print
                0x000037ec       0x10 ./Libraries/mbed/Print.o
                0x000037ec                vtable for Print
 .rodata._ZTI5Print
                0x000037fc        0x8 ./Libraries/mbed/Print.o
                0x000037fc                typeinfo for Print
 .rodata._ZTS5Print
                0x00003804        0x7 ./Libraries/mbed/Print.o
                0x00003804                typeinfo name for Print
 *fill*         0x0000380b        0x1 
 .rodata._ZTV10DS1307_RTC
                0x0000380c       0x10 ./Libraries/RTC/DS1307RTC.o
                0x0000380c                vtable for DS1307_RTC
 .rodata._ZTI10DS1307_RTC
                0x0000381c        0x8 ./Libraries/RTC/DS1307RTC.o
                0x0000381c                typeinfo for DS1307_RTC
 .rodata._ZTS10DS1307_RTC
                0x00003824        0xd ./Libraries/RTC/DS1307RTC.o
                0x00003824                typeinfo name for DS1307_RTC
 *fill*         0x00003831        0x3 
 .rodata        0x00003834       0x10 ./Libraries/LiquidCrystal_I2C-1.1.2/LiquidCrystal_I2C.o
 .rodata._ZTV17LiquidCrystal_I2C
                0x00003844       0x18 ./Libraries/LiquidCrystal_I2C-1.1.2/LiquidCrystal_I2C.o
                0x00003844                vtable for LiquidCrystal_I2C
 .rodata._ZTI17LiquidCrystal_I2C
                0x0000385c        0xc ./Libraries/LiquidCrystal_I2C-1.1.2/LiquidCrystal_I2C.o
                0x0000385c                typeinfo for LiquidCrystal_I2C
 .rodata._ZTS17LiquidCrystal_I2C
                0x00003868       0x14 ./Libraries/LiquidCrystal_I2C-1.1.2/LiquidCrystal_I2C.o
                0x00003868                typeinfo name for LiquidCrystal_I2C
 .rodata._ZTV5SWI2C
                0x0000387c       0x10 ./Libraries/swI2C.o
                0x0000387c                vtable for SWI2C
 .rodata._ZTI5SWI2C
                0x0000388c        0x8 ./Libraries/swI2C.o
                0x0000388c                typeinfo for SWI2C
 .rodata._ZTS5SWI2C
                0x00003894        0x7 ./Libraries/swI2C.o
                0x00003894                typeinfo name for SWI2C
 *fill*         0x0000389b        0x1 
 .rodata        0x0000389c       0x76 ./Drivers/retarget.o
 *fill*         0x00003912        0x2 
 .rodata        0x00003914       0x20 ./Drivers/timer.o
 .rodata._ZTIN10__cxxabiv117__class_type_infoE
                0x00003934        0xc c:/program files (x86)/gnu arm embedded toolchain/10 2021.10/bin/../lib/gcc/arm-none-eabi/10.3.1/../../../../arm-none-eabi/lib/thumb/v6-m/nofp\libstdc++_nano.a(class_type_info.o)
                0x00003934                typeinfo for __cxxabiv1::__class_type_info
 .rodata._ZTSN10__cxxabiv117__class_type_infoE
                0x00003940       0x22 c:/program files (x86)/gnu arm embedded toolchain/10 2021.10/bin/../lib/gcc/arm-none-eabi/10.3.1/../../../../arm-none-eabi/lib/thumb/v6-m/nofp\libstdc++_nano.a(class_type_info.o)
                0x00003940                typeinfo name for __cxxabiv1::__class_type_info
 *fill*         0x00003962        0x2 
 .rodata._ZTVN10__cxxabiv117__class_type_infoE
                0x00003964       0x2c c:/program files (x86)/gnu arm embedded toolchain/10 2021.10/bin/../lib/gcc/arm-none-eabi/10.3.1/../../../../arm-none-eabi/lib/thumb/v6-m/nofp\libstdc++_nano.a(class_type_info.o)
                0x00003964                vtable for __cxxabiv1::__class_type_info
 .rodata._ZTIN10__cxxabiv120__si_class_type_infoE
                0x00003990        0xc c:/program files (x86)/gnu arm embedded toolchain/10 2021.10/bin/../lib/gcc/arm-none-eabi/10.3.1/../../../../arm-none-eabi/lib/thumb/v6-m/nofp\libstdc++_nano.a(si_class_type_info.o)
                0x00003990                typeinfo for __cxxabiv1::__si_class_type_info
 .rodata._ZTSN10__cxxabiv120__si_class_type_infoE
                0x0000399c       0x25 c:/program files (x86)/gnu arm embedded toolchain/10 2021.10/bin/../lib/gcc/arm-none-eabi/10.3.1/../../../../arm-none-eabi/lib/thumb/v6-m/nofp\libstdc++_nano.a(si_class_type_info.o)
                0x0000399c                typeinfo name for __cxxabiv1::__si_class_type_info
 *fill*         0x000039c1        0x3 
 .rodata._ZTVN10__cxxabiv120__si_class_type_infoE
                0x000039c4       0x2c c:/program files (x86)/gnu arm embedded toolchain/10 2021.10/bin/../lib/gcc/arm-none-eabi/10.3.1/../../../../arm-none-eabi/lib/thumb/v6-m/nofp\libstdc++_nano.a(si_class_type_info.o)
                0x000039c4                vtable for __cxxabiv1::__si_class_type_info
 .rodata._ZTISt9type_info
                0x000039f0        0x8 c:/program files (x86)/gnu arm embedded toolchain/10 2021.10/bin/../lib/gcc/arm-none-eabi/10.3.1/../../../../arm-none-eabi/lib/thumb/v6-m/nofp\libstdc++_nano.a(tinfo.o)
                0x000039f0                typeinfo for std::type_info
 .rodata._ZTSSt9type_info
                0x000039f8        0xd c:/program files (x86)/gnu arm embedded toolchain/10 2021.10/bin/../lib/gcc/arm-none-eabi/10.3.1/../../../../arm-none-eabi/lib/thumb/v6-m/nofp\libstdc++_nano.a(tinfo.o)
                0x000039f8                typeinfo name for std::type_info
 *fill*         0x00003a05        0x3 
 .rodata._global_impure_ptr
                0x00003a08        0x4 c:/program files (x86)/gnu arm embedded toolchain/10 2021.10/bin/../lib/gcc/arm-none-eabi/10.3.1/../../../../arm-none-eabi/lib/thumb/v6-m/nofp\libg_nano.a(lib_a-impure.o)
                0x00003a08                _global_impure_ptr
 .rodata.__sf_fake_stderr
                0x00003a0c       0x20 c:/program files (x86)/gnu arm embedded toolchain/10 2021.10/bin/../lib/gcc/arm-none-eabi/10.3.1/../../../../arm-none-eabi/lib/thumb/v6-m/nofp\libg_nano.a(lib_a-findfp.o)
                0x00003a0c                __sf_fake_stderr
 .rodata.__sf_fake_stdin
                0x00003a2c       0x20 c:/program files (x86)/gnu arm embedded toolchain/10 2021.10/bin/../lib/gcc/arm-none-eabi/10.3.1/../../../../arm-none-eabi/lib/thumb/v6-m/nofp\libg_nano.a(lib_a-findfp.o)
                0x00003a2c                __sf_fake_stdin
 .rodata.__sf_fake_stdout
                0x00003a4c       0x20 c:/program files (x86)/gnu arm embedded toolchain/10 2021.10/bin/../lib/gcc/arm-none-eabi/10.3.1/../../../../arm-none-eabi/lib/thumb/v6-m/nofp\libg_nano.a(lib_a-findfp.o)
                0x00003a4c                __sf_fake_stdout
 .rodata._vfprintf_r.str1.1
                0x00003a6c       0x11 c:/program files (x86)/gnu arm embedded toolchain/10 2021.10/bin/../lib/gcc/arm-none-eabi/10.3.1/../../../../arm-none-eabi/lib/thumb/v6-m/nofp\libg_nano.a(lib_a-nano-vfprintf.o)
 .rodata._printf_i.str1.1
                0x00003a7d       0x22 c:/program files (x86)/gnu arm embedded toolchain/10 2021.10/bin/../lib/gcc/arm-none-eabi/10.3.1/../../../../arm-none-eabi/lib/thumb/v6-m/nofp\libg_nano.a(lib_a-nano-vfprintf_i.o)
 *(.eh_frame*)
 *fill*         0x00003a9f        0x1 
 .eh_frame      0x00003aa0        0x0 c:/program files (x86)/gnu arm embedded toolchain/10 2021.10/bin/../lib/gcc/arm-none-eabi/10.3.1/thumb/v6-m/nofp/crtbegin.o
 .eh_frame      0x00003aa0        0x4 c:/program files (x86)/gnu arm embedded toolchain/10 2021.10/bin/../lib/gcc/arm-none-eabi/10.3.1/thumb/v6-m/nofp/crtend.o

.glue_7         0x00003aa4        0x0
 .glue_7        0x00003aa4        0x0 linker stubs

.glue_7t        0x00003aa4        0x0
 .glue_7t       0x00003aa4        0x0 linker stubs

.vfp11_veneer   0x00003aa4        0x0
 .vfp11_veneer  0x00003aa4        0x0 linker stubs

.v4_bx          0x00003aa4        0x0
 .v4_bx         0x00003aa4        0x0 linker stubs

.iplt           0x00003aa4        0x0
 .iplt          0x00003aa4        0x0 c:/program files (x86)/gnu arm embedded toolchain/10 2021.10/bin/../lib/gcc/arm-none-eabi/10.3.1/thumb/v6-m/nofp/crtbegin.o

.ARM.extab      0x00003aa4      0x174
 *(.ARM.extab* .gnu.linkonce.armextab.*)
 .ARM.extab.text._Z12transmitDatahh
                0x00003aa4        0xc ./Source/main.o
 .ARM.extab.text._ZN9PrintableD2Ev
                0x00003ab0        0x0 ./Libraries/mbed/IPAddress.o
 .ARM.extab.text._ZN9PrintableD0Ev
                0x00003ab0        0x0 ./Libraries/mbed/IPAddress.o
 .ARM.extab.text._ZN9IPAddressD2Ev
                0x00003ab0        0x0 ./Libraries/mbed/IPAddress.o
 .ARM.extab.text._ZN9IPAddressD0Ev
                0x00003ab0        0x0 ./Libraries/mbed/IPAddress.o
 .ARM.extab.text._ZN9PrintableC2Ev
                0x00003ab0        0x0 ./Libraries/mbed/IPAddress.o
 .ARM.extab.text._ZNK9IPAddress7printToER5Print
                0x00003ab0        0xc ./Libraries/mbed/IPAddress.o
 .ARM.extab.text._ZN5Print5writeEPKc
                0x00003abc        0xc ./Libraries/mbed/Print.o
 .ARM.extab.text._ZN5Print5writeEPKhj
                0x00003ac8        0xc ./Libraries/mbed/Print.o
 .ARM.extab.text._ZN5Print5printEPKc
                0x00003ad4        0xc ./Libraries/mbed/Print.o
 .ARM.extab.text._ZN5Print5printEc
                0x00003ae0        0xc ./Libraries/mbed/Print.o
 .ARM.extab.text._ZN5Print5printEhi
                0x00003aec        0xc ./Libraries/mbed/Print.o
 .ARM.extab.text._ZN5Print5printEmi
                0x00003af8        0xc ./Libraries/mbed/Print.o
 .ARM.extab.text._ZN5Print11printNumberEmh
                0x00003b04        0xc ./Libraries/mbed/Print.o
 .ARM.extab.text._ZN5PrintC2Ev
                0x00003b10        0x0 ./Libraries/LiquidCrystal_I2C-1.1.2/LiquidCrystal_I2C.o
 .ARM.extab.text._ZN17LiquidCrystal_I2C5writeEh
                0x00003b10        0xc ./Libraries/LiquidCrystal_I2C-1.1.2/LiquidCrystal_I2C.o
 .ARM.extab.text._ZN17LiquidCrystal_I2C4initEv
                0x00003b1c        0xc ./Libraries/LiquidCrystal_I2C-1.1.2/LiquidCrystal_I2C.o
 .ARM.extab.text._ZN17LiquidCrystal_I2C9init_privEv
                0x00003b28        0xc ./Libraries/LiquidCrystal_I2C-1.1.2/LiquidCrystal_I2C.o
 .ARM.extab.text._ZN17LiquidCrystal_I2C5beginEhhh
                0x00003b34        0xc ./Libraries/LiquidCrystal_I2C-1.1.2/LiquidCrystal_I2C.o
 .ARM.extab.text._ZN17LiquidCrystal_I2C5clearEv
                0x00003b40        0xc ./Libraries/LiquidCrystal_I2C-1.1.2/LiquidCrystal_I2C.o
 .ARM.extab.text._ZN17LiquidCrystal_I2C4homeEv
                0x00003b4c        0xc ./Libraries/LiquidCrystal_I2C-1.1.2/LiquidCrystal_I2C.o
 .ARM.extab.text._ZN17LiquidCrystal_I2C9setCursorEhh
                0x00003b58        0xc ./Libraries/LiquidCrystal_I2C-1.1.2/LiquidCrystal_I2C.o
 .ARM.extab.text._ZN17LiquidCrystal_I2C7displayEv
                0x00003b64        0xc ./Libraries/LiquidCrystal_I2C-1.1.2/LiquidCrystal_I2C.o
 .ARM.extab.text._ZN17LiquidCrystal_I2C9backlightEv
                0x00003b70        0xc ./Libraries/LiquidCrystal_I2C-1.1.2/LiquidCrystal_I2C.o
 .ARM.extab.text._ZN17LiquidCrystal_I2C7commandEh
                0x00003b7c        0xc ./Libraries/LiquidCrystal_I2C-1.1.2/LiquidCrystal_I2C.o
 .ARM.extab.text._ZN17LiquidCrystal_I2C4sendEhh
                0x00003b88        0xc ./Libraries/LiquidCrystal_I2C-1.1.2/LiquidCrystal_I2C.o
 .ARM.extab.text._ZN17LiquidCrystal_I2C10write4bitsEh
                0x00003b94        0xc ./Libraries/LiquidCrystal_I2C-1.1.2/LiquidCrystal_I2C.o
 .ARM.extab.text._ZN17LiquidCrystal_I2C13expanderWriteEh
                0x00003ba0        0xc ./Libraries/LiquidCrystal_I2C-1.1.2/LiquidCrystal_I2C.o
 .ARM.extab.text._ZN17LiquidCrystal_I2C11pulseEnableEh
                0x00003bac        0xc ./Libraries/LiquidCrystal_I2C-1.1.2/LiquidCrystal_I2C.o
 .ARM.extab.text._ZN5SWI2C10sw_i2c_outEv
                0x00003bb8        0xc ./Libraries/swI2C.o
 .ARM.extab.text._ZN5SWI2C5startEv
                0x00003bc4        0xc ./Libraries/swI2C.o
 .ARM.extab.text._ZN5SWI2C4stopEv
                0x00003bd0        0xc ./Libraries/swI2C.o
 .ARM.extab.text._ZN5SWI2C5writeEh
                0x00003bdc        0xc ./Libraries/swI2C.o
 .ARM.extab     0x00003be8       0x24 c:/program files (x86)/gnu arm embedded toolchain/10 2021.10/bin/../lib/gcc/arm-none-eabi/10.3.1/thumb/v6-m/nofp\libgcc.a(unwind-arm.o)
 .ARM.extab     0x00003c0c        0xc c:/program files (x86)/gnu arm embedded toolchain/10 2021.10/bin/../lib/gcc/arm-none-eabi/10.3.1/thumb/v6-m/nofp\libgcc.a(pr-support.o)
                0x00003c18                __exidx_start = .

.ARM.exidx      0x00003c18      0x1e0
 *(.ARM.exidx* .gnu.linkonce.armexidx.*)
 .ARM.exidx     0x00003c18        0x8 c:/program files (x86)/gnu arm embedded toolchain/10 2021.10/bin/../lib/gcc/arm-none-eabi/10.3.1/../../../../arm-none-eabi/lib/thumb/v6-m/nofp/crt0.o
                                 0x10 (size before relaxing)
 .ARM.exidx.text.SYS_UnlockReg
                0x00003c20        0x0 ./Source/main.o
                                  0x8 (size before relaxing)
 .ARM.exidx.text._Z8SYS_Initv
                0x00003c20        0x0 ./Source/main.o
                                  0x8 (size before relaxing)
 .ARM.exidx.text._Z12transmitDatahh
                0x00003c20        0x8 ./Source/main.o
 .ARM.exidx.text.main
                0x00003c28        0x8 ./Source/main.o
 .ARM.exidx.text._Z41__static_initialization_and_destruction_0ii
                0x00003c30        0x8 ./Source/main.o
 .ARM.exidx.text._GLOBAL__sub_I_i2c
                0x00003c38        0x0 ./Source/main.o
                                  0x8 (size before relaxing)
 .ARM.exidx.text._ZN9PrintableD2Ev
                0x00003c38        0x0 ./Libraries/mbed/IPAddress.o
                                  0x8 (size before relaxing)
 .ARM.exidx.text._ZN9PrintableD0Ev
                0x00003c38        0x0 ./Libraries/mbed/IPAddress.o
                                  0x8 (size before relaxing)
 .ARM.exidx.text._ZN9IPAddressD2Ev
                0x00003c38        0x0 ./Libraries/mbed/IPAddress.o
                                  0x8 (size before relaxing)
 .ARM.exidx.text._ZN9IPAddressD0Ev
                0x00003c38        0x0 ./Libraries/mbed/IPAddress.o
                                  0x8 (size before relaxing)
 .ARM.exidx.text._ZN9PrintableC2Ev
                0x00003c38        0x0 ./Libraries/mbed/IPAddress.o
                                  0x8 (size before relaxing)
 .ARM.exidx.text._ZN9IPAddressC2Ehhhh
                0x00003c38        0x0 ./Libraries/mbed/IPAddress.o
                                  0x8 (size before relaxing)
 .ARM.exidx.text._ZNK9IPAddress7printToER5Print
                0x00003c38        0x8 ./Libraries/mbed/IPAddress.o
 .ARM.exidx.text._Z41__static_initialization_and_destruction_0ii
                0x00003c40        0x8 ./Libraries/mbed/IPAddress.o
 .ARM.exidx.text._GLOBAL__sub_I__ZN9IPAddressC2Ev
                0x00003c48        0x0 ./Libraries/mbed/IPAddress.o
                                  0x8 (size before relaxing)
 .ARM.exidx.text._ZN5Print5writeEPKc
                0x00003c48        0x8 ./Libraries/mbed/Print.o
 .ARM.exidx.text._ZN5Print5writeEPKhj
                0x00003c50        0x8 ./Libraries/mbed/Print.o
 .ARM.exidx.text._ZN5Print5printEPKc
                0x00003c58        0x8 ./Libraries/mbed/Print.o
 .ARM.exidx.text._ZN5Print5printEc
                0x00003c60        0x8 ./Libraries/mbed/Print.o
 .ARM.exidx.text._ZN5Print5printEhi
                0x00003c68        0x8 ./Libraries/mbed/Print.o
 .ARM.exidx.text._ZN5Print5printEmi
                0x00003c70        0x8 ./Libraries/mbed/Print.o
 .ARM.exidx.text._ZN5Print11printNumberEmh
                0x00003c78        0x8 ./Libraries/mbed/Print.o
 .ARM.exidx.text._ZN10DS1307_RTCC2Ev
                0x00003c80        0x8 ./Libraries/RTC/DS1307RTC.o
 .ARM.exidx.text._ZN10DS1307_RTCD2Ev
                0x00003c88        0x0 ./Libraries/RTC/DS1307RTC.o
                                  0x8 (size before relaxing)
 .ARM.exidx.text._ZN10DS1307_RTCD0Ev
                0x00003c88        0x0 ./Libraries/RTC/DS1307RTC.o
                                  0x8 (size before relaxing)
 .ARM.exidx.text._ZN5PrintC2Ev
                0x00003c88        0x0 ./Libraries/LiquidCrystal_I2C-1.1.2/LiquidCrystal_I2C.o
                                  0x8 (size before relaxing)
 .ARM.exidx.text._ZN17LiquidCrystal_I2C5writeEh
                0x00003c88        0x8 ./Libraries/LiquidCrystal_I2C-1.1.2/LiquidCrystal_I2C.o
 .ARM.exidx.text._ZN17LiquidCrystal_I2CC2Ehhh
                0x00003c90        0x8 ./Libraries/LiquidCrystal_I2C-1.1.2/LiquidCrystal_I2C.o
 .ARM.exidx.text._ZN17LiquidCrystal_I2CD2Ev
                0x00003c98        0x0 ./Libraries/LiquidCrystal_I2C-1.1.2/LiquidCrystal_I2C.o
                                  0x8 (size before relaxing)
 .ARM.exidx.text._ZN17LiquidCrystal_I2CD0Ev
                0x00003c98        0x0 ./Libraries/LiquidCrystal_I2C-1.1.2/LiquidCrystal_I2C.o
                                  0x8 (size before relaxing)
 .ARM.exidx.text._ZN17LiquidCrystal_I2C4initEv
                0x00003c98        0x8 ./Libraries/LiquidCrystal_I2C-1.1.2/LiquidCrystal_I2C.o
 .ARM.exidx.text._ZN17LiquidCrystal_I2C9init_privEv
                0x00003ca0        0x8 ./Libraries/LiquidCrystal_I2C-1.1.2/LiquidCrystal_I2C.o
 .ARM.exidx.text._ZN17LiquidCrystal_I2C5beginEhhh
                0x00003ca8        0x8 ./Libraries/LiquidCrystal_I2C-1.1.2/LiquidCrystal_I2C.o
 .ARM.exidx.text._ZN17LiquidCrystal_I2C5clearEv
                0x00003cb0        0x8 ./Libraries/LiquidCrystal_I2C-1.1.2/LiquidCrystal_I2C.o
 .ARM.exidx.text._ZN17LiquidCrystal_I2C4homeEv
                0x00003cb8        0x8 ./Libraries/LiquidCrystal_I2C-1.1.2/LiquidCrystal_I2C.o
 .ARM.exidx.text._ZN17LiquidCrystal_I2C9setCursorEhh
                0x00003cc0        0x8 ./Libraries/LiquidCrystal_I2C-1.1.2/LiquidCrystal_I2C.o
 .ARM.exidx.text._ZN17LiquidCrystal_I2C7displayEv
                0x00003cc8        0x8 ./Libraries/LiquidCrystal_I2C-1.1.2/LiquidCrystal_I2C.o
 .ARM.exidx.text._ZN17LiquidCrystal_I2C9backlightEv
                0x00003cd0        0x8 ./Libraries/LiquidCrystal_I2C-1.1.2/LiquidCrystal_I2C.o
 .ARM.exidx.text._ZN17LiquidCrystal_I2C7commandEh
                0x00003cd8        0x8 ./Libraries/LiquidCrystal_I2C-1.1.2/LiquidCrystal_I2C.o
 .ARM.exidx.text._ZN17LiquidCrystal_I2C4sendEhh
                0x00003ce0        0x8 ./Libraries/LiquidCrystal_I2C-1.1.2/LiquidCrystal_I2C.o
 .ARM.exidx.text._ZN17LiquidCrystal_I2C10write4bitsEh
                0x00003ce8        0x8 ./Libraries/LiquidCrystal_I2C-1.1.2/LiquidCrystal_I2C.o
 .ARM.exidx.text._ZN17LiquidCrystal_I2C13expanderWriteEh
                0x00003cf0        0x8 ./Libraries/LiquidCrystal_I2C-1.1.2/LiquidCrystal_I2C.o
 .ARM.exidx.text._ZN17LiquidCrystal_I2C11pulseEnableEh
                0x00003cf8        0x8 ./Libraries/LiquidCrystal_I2C-1.1.2/LiquidCrystal_I2C.o
 .ARM.exidx.text._ZN5SWI2CC2Ev
                0x00003d00        0x8 ./Libraries/swI2C.o
 .ARM.exidx.text._ZN5SWI2CD2Ev
                0x00003d08        0x0 ./Libraries/swI2C.o
                                  0x8 (size before relaxing)
 .ARM.exidx.text._ZN5SWI2CD0Ev
                0x00003d08        0x0 ./Libraries/swI2C.o
                                  0x8 (size before relaxing)
 .ARM.exidx.text._ZN5SWI2C10sw_i2c_outEv
                0x00003d08        0x8 ./Libraries/swI2C.o
 .ARM.exidx.text._ZN5SWI2C8sda_highEv
                0x00003d10        0x8 ./Libraries/swI2C.o
 .ARM.exidx.text._ZN5SWI2C7sda_lowEv
                0x00003d18        0x0 ./Libraries/swI2C.o
                                  0x8 (size before relaxing)
 .ARM.exidx.text._ZN5SWI2C8scl_highEv
                0x00003d18        0x0 ./Libraries/swI2C.o
                                  0x8 (size before relaxing)
 .ARM.exidx.text._ZN5SWI2C7scl_lowEv
                0x00003d18        0x0 ./Libraries/swI2C.o
                                  0x8 (size before relaxing)
 .ARM.exidx.text._ZN5SWI2C5startEv
                0x00003d18        0x8 ./Libraries/swI2C.o
 .ARM.exidx.text._ZN5SWI2C4stopEv
                0x00003d20        0x8 ./Libraries/swI2C.o
 .ARM.exidx.text._ZN5SWI2C5writeEh
                0x00003d28       0x10 ./Libraries/swI2C.o
                                  0x8 (size before relaxing)
 .ARM.exidx     0x00003d38       0x90 c:/program files (x86)/gnu arm embedded toolchain/10 2021.10/bin/../lib/gcc/arm-none-eabi/10.3.1/thumb/v6-m/nofp\libgcc.a(unwind-arm.o)
                                 0xd8 (size before relaxing)
 .ARM.exidx     0x00003dc8       0x30 c:/program files (x86)/gnu arm embedded toolchain/10 2021.10/bin/../lib/gcc/arm-none-eabi/10.3.1/thumb/v6-m/nofp\libgcc.a(pr-support.o)
                                 0x38 (size before relaxing)
                0x00003df8                __exidx_end = .
                0x00003df8                __etext = .

.rel.dyn        0x00003df8        0x0
 .rel.iplt      0x00003df8        0x0 c:/program files (x86)/gnu arm embedded toolchain/10 2021.10/bin/../lib/gcc/arm-none-eabi/10.3.1/thumb/v6-m/nofp/crtbegin.o

.data           0x20000000       0x80 load address 0x00003df8
                0x20000000                __data_start__ = .
 *(vtable)
 *(.data*)
 .data          0x20000000        0x4 c:/program files (x86)/gnu arm embedded toolchain/10 2021.10/bin/../lib/gcc/arm-none-eabi/10.3.1/thumb/v6-m/nofp/crtbegin.o
                0x20000000                __dso_handle
 .data.SystemCoreClock
                0x20000004        0x4 ./Device/system_NUC100Series.o
                0x20000004                SystemCoreClock
 .data._ZN10__cxxabiv119__terminate_handlerE
                0x20000008        0x4 c:/program files (x86)/gnu arm embedded toolchain/10 2021.10/bin/../lib/gcc/arm-none-eabi/10.3.1/../../../../arm-none-eabi/lib/thumb/v6-m/nofp\libstdc++_nano.a(eh_term_handler.o)
                0x20000008                __cxxabiv1::__terminate_handler
 .data._impure_ptr
                0x2000000c        0x4 c:/program files (x86)/gnu arm embedded toolchain/10 2021.10/bin/../lib/gcc/arm-none-eabi/10.3.1/../../../../arm-none-eabi/lib/thumb/v6-m/nofp\libg_nano.a(lib_a-impure.o)
                0x2000000c                _impure_ptr
 .data.impure_data
                0x20000010       0x60 c:/program files (x86)/gnu arm embedded toolchain/10 2021.10/bin/../lib/gcc/arm-none-eabi/10.3.1/../../../../arm-none-eabi/lib/thumb/v6-m/nofp\libg_nano.a(lib_a-impure.o)
                0x20000070                . = ALIGN (0x4)
                0x20000070                PROVIDE (__preinit_array_start = .)
 *(.preinit_array)
                0x20000070                PROVIDE (__preinit_array_end = .)
                0x20000070                . = ALIGN (0x4)
                0x20000070                PROVIDE (__init_array_start = .)
 *(SORT_BY_NAME(.init_array.*))
 *(.init_array)
 .init_array    0x20000070        0x4 c:/program files (x86)/gnu arm embedded toolchain/10 2021.10/bin/../lib/gcc/arm-none-eabi/10.3.1/thumb/v6-m/nofp/crtbegin.o
 .init_array    0x20000074        0x4 ./Source/main.o
 .init_array    0x20000078        0x4 ./Libraries/mbed/IPAddress.o
                0x2000007c                PROVIDE (__init_array_end = .)
                0x2000007c                . = ALIGN (0x4)
                [!provide]                PROVIDE (__fini_array_start = .)
 *(SORT_BY_NAME(.fini_array.*))
 *(.fini_array)
 .fini_array    0x2000007c        0x4 c:/program files (x86)/gnu arm embedded toolchain/10 2021.10/bin/../lib/gcc/arm-none-eabi/10.3.1/thumb/v6-m/nofp/crtbegin.o
                [!provide]                PROVIDE (__fini_array_end = .)
 *(.jcr*)
                0x20000080                . = ALIGN (0x4)
                0x20000080                __data_end__ = .

.igot.plt       0x20000080        0x0 load address 0x00003e78
 .igot.plt      0x20000080        0x0 c:/program files (x86)/gnu arm embedded toolchain/10 2021.10/bin/../lib/gcc/arm-none-eabi/10.3.1/thumb/v6-m/nofp/crtbegin.o

.bss            0x20000080       0x50 load address 0x00003e78
                0x20000080                . = ALIGN (0x4)
                0x20000080                __bss_start__ = .
 *(.bss*)
 .bss           0x20000080       0x1c c:/program files (x86)/gnu arm embedded toolchain/10 2021.10/bin/../lib/gcc/arm-none-eabi/10.3.1/thumb/v6-m/nofp/crtbegin.o
 .bss.i2c       0x2000009c        0x4 ./Source/main.o
                0x2000009c                i2c
 .bss.rtc       0x200000a0        0x4 ./Source/main.o
                0x200000a0                rtc
 .bss.lcd       0x200000a4       0x10 ./Source/main.o
                0x200000a4                lcd
 .bss._ZL11INADDR_NONE
                0x200000b4        0x8 ./Libraries/mbed/IPAddress.o
 .bss.errno     0x200000bc        0x4 ./Device/_syscalls.o
                0x200000bc                errno
 .bss.__malloc_free_list
                0x200000c0        0x4 c:/program files (x86)/gnu arm embedded toolchain/10 2021.10/bin/../lib/gcc/arm-none-eabi/10.3.1/../../../../arm-none-eabi/lib/thumb/v6-m/nofp\libg_nano.a(lib_a-nano-mallocr.o)
                0x200000c0                __malloc_free_list
 .bss.__malloc_sbrk_start
                0x200000c4        0x4 c:/program files (x86)/gnu arm embedded toolchain/10 2021.10/bin/../lib/gcc/arm-none-eabi/10.3.1/../../../../arm-none-eabi/lib/thumb/v6-m/nofp\libg_nano.a(lib_a-nano-mallocr.o)
                0x200000c4                __malloc_sbrk_start
 .bss.__lock___malloc_recursive_mutex
                0x200000c8        0x1 c:/program files (x86)/gnu arm embedded toolchain/10 2021.10/bin/../lib/gcc/arm-none-eabi/10.3.1/../../../../arm-none-eabi/lib/thumb/v6-m/nofp\libg_nano.a(lib_a-lock.o)
                0x200000c8                __lock___malloc_recursive_mutex
 .bss.__lock___sfp_recursive_mutex
                0x200000c9        0x1 c:/program files (x86)/gnu arm embedded toolchain/10 2021.10/bin/../lib/gcc/arm-none-eabi/10.3.1/../../../../arm-none-eabi/lib/thumb/v6-m/nofp\libg_nano.a(lib_a-lock.o)
                0x200000c9                __lock___sfp_recursive_mutex
 .bss.__lock___sinit_recursive_mutex
                0x200000ca        0x1 c:/program files (x86)/gnu arm embedded toolchain/10 2021.10/bin/../lib/gcc/arm-none-eabi/10.3.1/../../../../arm-none-eabi/lib/thumb/v6-m/nofp\libg_nano.a(lib_a-lock.o)
                0x200000ca                __lock___sinit_recursive_mutex
 *fill*         0x200000cb        0x1 
 .bss.heap_end.0
                0x200000cc        0x4 c:/program files (x86)/gnu arm embedded toolchain/10 2021.10/bin/../lib/gcc/arm-none-eabi/10.3.1/../../../../arm-none-eabi/lib/thumb/v6-m/nofp\libnosys.a(sbrk.o)
 *(COMMON)
                0x200000d0                . = ALIGN (0x4)
                0x200000d0                __bss_end__ = .

.heap           0x200000d0      0x100
                0x200000d0                __HeapBase = .
                0x200000d0                __end__ = .
                0x200000d0                end = __end__
 *(.heap*)
 .heap          0x200000d0      0x100 ./Device/startup_NUC100Series.o
                0x200001d0                __HeapLimit = .

.stack_dummy    0x200000d0      0x400
 *(.stack*)
 .stack         0x200000d0      0x400 ./Device/startup_NUC100Series.o
                0x20001000                __StackTop = (ORIGIN (RAM) + LENGTH (RAM))
                0x20000c00                __StackLimit = (__StackTop - SIZEOF (.stack_dummy))
                0x20001000                PROVIDE (__stack = __StackTop)
                0x00000001                ASSERT ((__StackLimit >= __HeapLimit), region RAM overflowed with stack)
OUTPUT(NUC100_HOTEL_LAMPS_V1.elf elf32-littlearm)
LOAD linker stubs

.ARM.attributes
                0x00000000       0x2c
 .ARM.attributes
                0x00000000       0x1e c:/program files (x86)/gnu arm embedded toolchain/10 2021.10/bin/../lib/gcc/arm-none-eabi/10.3.1/thumb/v6-m/nofp/crti.o
 .ARM.attributes
                0x0000001e       0x2c c:/program files (x86)/gnu arm embedded toolchain/10 2021.10/bin/../lib/gcc/arm-none-eabi/10.3.1/thumb/v6-m/nofp/crtbegin.o
 .ARM.attributes
                0x0000004a       0x1b c:/program files (x86)/gnu arm embedded toolchain/10 2021.10/bin/../lib/gcc/arm-none-eabi/10.3.1/../../../../arm-none-eabi/lib/thumb/v6-m/nofp/crt0.o
 .ARM.attributes
                0x00000065       0x2c ./Source/main.o
 .ARM.attributes
                0x00000091       0x2c ./Libraries/mbed/IPAddress.o
 .ARM.attributes
                0x000000bd       0x2c ./Libraries/mbed/Print.o
 .ARM.attributes
                0x000000e9       0x2c ./Libraries/RTC/DS1307RTC.o
 .ARM.attributes
                0x00000115       0x2c ./Libraries/LiquidCrystal_I2C-1.1.2/LiquidCrystal_I2C.o
 .ARM.attributes
                0x00000141       0x2c ./Libraries/swI2C.o
 .ARM.attributes
                0x0000016d       0x2c ./Drivers/gpio.o
 .ARM.attributes
                0x00000199       0x2c ./Drivers/retarget.o
 .ARM.attributes
                0x000001c5       0x2c ./Drivers/timer.o
 .ARM.attributes
                0x000001f1       0x2c ./Device/_syscalls.o
 .ARM.attributes
                0x0000021d       0x20 ./Device/startup_NUC100Series.o
 .ARM.attributes
                0x0000023d       0x2c ./Device/system_NUC100Series.o
 .ARM.attributes
                0x00000269       0x2c c:/program files (x86)/gnu arm embedded toolchain/10 2021.10/bin/../lib/gcc/arm-none-eabi/10.3.1/../../../../arm-none-eabi/lib/thumb/v6-m/nofp\libstdc++_nano.a(atexit_arm.o)
 .ARM.attributes
                0x00000295       0x2c c:/program files (x86)/gnu arm embedded toolchain/10 2021.10/bin/../lib/gcc/arm-none-eabi/10.3.1/../../../../arm-none-eabi/lib/thumb/v6-m/nofp\libstdc++_nano.a(class_type_info.o)
 .ARM.attributes
                0x000002c1       0x2c c:/program files (x86)/gnu arm embedded toolchain/10 2021.10/bin/../lib/gcc/arm-none-eabi/10.3.1/../../../../arm-none-eabi/lib/thumb/v6-m/nofp\libstdc++_nano.a(del_op.o)
 .ARM.attributes
                0x000002ed       0x2c c:/program files (x86)/gnu arm embedded toolchain/10 2021.10/bin/../lib/gcc/arm-none-eabi/10.3.1/../../../../arm-none-eabi/lib/thumb/v6-m/nofp\libstdc++_nano.a(del_ops.o)
 .ARM.attributes
                0x00000319       0x2c c:/program files (x86)/gnu arm embedded toolchain/10 2021.10/bin/../lib/gcc/arm-none-eabi/10.3.1/../../../../arm-none-eabi/lib/thumb/v6-m/nofp\libstdc++_nano.a(pure.o)
 .ARM.attributes
                0x00000345       0x2c c:/program files (x86)/gnu arm embedded toolchain/10 2021.10/bin/../lib/gcc/arm-none-eabi/10.3.1/../../../../arm-none-eabi/lib/thumb/v6-m/nofp\libstdc++_nano.a(si_class_type_info.o)
 .ARM.attributes
                0x00000371       0x2c c:/program files (x86)/gnu arm embedded toolchain/10 2021.10/bin/../lib/gcc/arm-none-eabi/10.3.1/../../../../arm-none-eabi/lib/thumb/v6-m/nofp\libstdc++_nano.a(tinfo.o)
 .ARM.attributes
                0x0000039d       0x2c c:/program files (x86)/gnu arm embedded toolchain/10 2021.10/bin/../lib/gcc/arm-none-eabi/10.3.1/../../../../arm-none-eabi/lib/thumb/v6-m/nofp\libstdc++_nano.a(eh_terminate.o)
 .ARM.attributes
                0x000003c9       0x2c c:/program files (x86)/gnu arm embedded toolchain/10 2021.10/bin/../lib/gcc/arm-none-eabi/10.3.1/../../../../arm-none-eabi/lib/thumb/v6-m/nofp\libstdc++_nano.a(eh_term_handler.o)
 .ARM.attributes
                0x000003f5       0x1e c:/program files (x86)/gnu arm embedded toolchain/10 2021.10/bin/../lib/gcc/arm-none-eabi/10.3.1/thumb/v6-m/nofp\libgcc.a(_udivsi3.o)
 .ARM.attributes
                0x00000413       0x1e c:/program files (x86)/gnu arm embedded toolchain/10 2021.10/bin/../lib/gcc/arm-none-eabi/10.3.1/thumb/v6-m/nofp\libgcc.a(_dvmd_tls.o)
 .ARM.attributes
                0x00000431       0x2c c:/program files (x86)/gnu arm embedded toolchain/10 2021.10/bin/../lib/gcc/arm-none-eabi/10.3.1/thumb/v6-m/nofp\libgcc.a(unwind-arm.o)
 .ARM.attributes
                0x0000045d       0x1e c:/program files (x86)/gnu arm embedded toolchain/10 2021.10/bin/../lib/gcc/arm-none-eabi/10.3.1/thumb/v6-m/nofp\libgcc.a(libunwind.o)
 .ARM.attributes
                0x0000047b       0x2c c:/program files (x86)/gnu arm embedded toolchain/10 2021.10/bin/../lib/gcc/arm-none-eabi/10.3.1/thumb/v6-m/nofp\libgcc.a(pr-support.o)
 .ARM.attributes
                0x000004a7       0x2c c:/program files (x86)/gnu arm embedded toolchain/10 2021.10/bin/../lib/gcc/arm-none-eabi/10.3.1/../../../../arm-none-eabi/lib/thumb/v6-m/nofp\libg_nano.a(lib_a-abort.o)
 .ARM.attributes
                0x000004d3       0x2c c:/program files (x86)/gnu arm embedded toolchain/10 2021.10/bin/../lib/gcc/arm-none-eabi/10.3.1/../../../../arm-none-eabi/lib/thumb/v6-m/nofp\libg_nano.a(lib_a-cxa_atexit.o)
 .ARM.attributes
                0x000004ff       0x2c c:/program files (x86)/gnu arm embedded toolchain/10 2021.10/bin/../lib/gcc/arm-none-eabi/10.3.1/../../../../arm-none-eabi/lib/thumb/v6-m/nofp\libg_nano.a(lib_a-errno.o)
 .ARM.attributes
                0x0000052b       0x2c c:/program files (x86)/gnu arm embedded toolchain/10 2021.10/bin/../lib/gcc/arm-none-eabi/10.3.1/../../../../arm-none-eabi/lib/thumb/v6-m/nofp\libg_nano.a(lib_a-exit.o)
 .ARM.attributes
                0x00000557       0x2c c:/program files (x86)/gnu arm embedded toolchain/10 2021.10/bin/../lib/gcc/arm-none-eabi/10.3.1/../../../../arm-none-eabi/lib/thumb/v6-m/nofp\libg_nano.a(lib_a-impure.o)
 .ARM.attributes
                0x00000583       0x2c c:/program files (x86)/gnu arm embedded toolchain/10 2021.10/bin/../lib/gcc/arm-none-eabi/10.3.1/../../../../arm-none-eabi/lib/thumb/v6-m/nofp\libg_nano.a(lib_a-init.o)
 .ARM.attributes
                0x000005af       0x2c c:/program files (x86)/gnu arm embedded toolchain/10 2021.10/bin/../lib/gcc/arm-none-eabi/10.3.1/../../../../arm-none-eabi/lib/thumb/v6-m/nofp\libg_nano.a(lib_a-malloc.o)
 .ARM.attributes
                0x000005db       0x2c c:/program files (x86)/gnu arm embedded toolchain/10 2021.10/bin/../lib/gcc/arm-none-eabi/10.3.1/../../../../arm-none-eabi/lib/thumb/v6-m/nofp\libg_nano.a(lib_a-memcpy-stub.o)
 .ARM.attributes
                0x00000607       0x2c c:/program files (x86)/gnu arm embedded toolchain/10 2021.10/bin/../lib/gcc/arm-none-eabi/10.3.1/../../../../arm-none-eabi/lib/thumb/v6-m/nofp\libg_nano.a(lib_a-memset.o)
 .ARM.attributes
                0x00000633       0x2c c:/program files (x86)/gnu arm embedded toolchain/10 2021.10/bin/../lib/gcc/arm-none-eabi/10.3.1/../../../../arm-none-eabi/lib/thumb/v6-m/nofp\libg_nano.a(lib_a-nano-freer.o)
 .ARM.attributes
                0x0000065f       0x2c c:/program files (x86)/gnu arm embedded toolchain/10 2021.10/bin/../lib/gcc/arm-none-eabi/10.3.1/../../../../arm-none-eabi/lib/thumb/v6-m/nofp\libg_nano.a(lib_a-nano-mallocr.o)
 .ARM.attributes
                0x0000068b       0x2c c:/program files (x86)/gnu arm embedded toolchain/10 2021.10/bin/../lib/gcc/arm-none-eabi/10.3.1/../../../../arm-none-eabi/lib/thumb/v6-m/nofp\libg_nano.a(lib_a-printf.o)
 .ARM.attributes
                0x000006b7       0x2c c:/program files (x86)/gnu arm embedded toolchain/10 2021.10/bin/../lib/gcc/arm-none-eabi/10.3.1/../../../../arm-none-eabi/lib/thumb/v6-m/nofp\libg_nano.a(lib_a-puts.o)
 .ARM.attributes
                0x000006e3       0x2c c:/program files (x86)/gnu arm embedded toolchain/10 2021.10/bin/../lib/gcc/arm-none-eabi/10.3.1/../../../../arm-none-eabi/lib/thumb/v6-m/nofp\libg_nano.a(lib_a-sbrkr.o)
 .ARM.attributes
                0x0000070f       0x1c c:/program files (x86)/gnu arm embedded toolchain/10 2021.10/bin/../lib/gcc/arm-none-eabi/10.3.1/../../../../arm-none-eabi/lib/thumb/v6-m/nofp\libg_nano.a(lib_a-strcmp.o)
 .ARM.attributes
                0x0000072b       0x1c c:/program files (x86)/gnu arm embedded toolchain/10 2021.10/bin/../lib/gcc/arm-none-eabi/10.3.1/../../../../arm-none-eabi/lib/thumb/v6-m/nofp\libg_nano.a(lib_a-strlen.o)
 .ARM.attributes
                0x00000747       0x2c c:/program files (x86)/gnu arm embedded toolchain/10 2021.10/bin/../lib/gcc/arm-none-eabi/10.3.1/../../../../arm-none-eabi/lib/thumb/v6-m/nofp\libg_nano.a(lib_a-wbuf.o)
 .ARM.attributes
                0x00000773       0x2c c:/program files (x86)/gnu arm embedded toolchain/10 2021.10/bin/../lib/gcc/arm-none-eabi/10.3.1/../../../../arm-none-eabi/lib/thumb/v6-m/nofp\libg_nano.a(lib_a-wsetup.o)
 .ARM.attributes
                0x0000079f       0x2c c:/program files (x86)/gnu arm embedded toolchain/10 2021.10/bin/../lib/gcc/arm-none-eabi/10.3.1/../../../../arm-none-eabi/lib/thumb/v6-m/nofp\libg_nano.a(lib_a-fflush.o)
 .ARM.attributes
                0x000007cb       0x2c c:/program files (x86)/gnu arm embedded toolchain/10 2021.10/bin/../lib/gcc/arm-none-eabi/10.3.1/../../../../arm-none-eabi/lib/thumb/v6-m/nofp\libg_nano.a(lib_a-findfp.o)
 .ARM.attributes
                0x000007f7       0x2c c:/program files (x86)/gnu arm embedded toolchain/10 2021.10/bin/../lib/gcc/arm-none-eabi/10.3.1/../../../../arm-none-eabi/lib/thumb/v6-m/nofp\libg_nano.a(lib_a-fwalk.o)
 .ARM.attributes
                0x00000823       0x2c c:/program files (x86)/gnu arm embedded toolchain/10 2021.10/bin/../lib/gcc/arm-none-eabi/10.3.1/../../../../arm-none-eabi/lib/thumb/v6-m/nofp\libg_nano.a(lib_a-lock.o)
 .ARM.attributes
                0x0000084f       0x2c c:/program files (x86)/gnu arm embedded toolchain/10 2021.10/bin/../lib/gcc/arm-none-eabi/10.3.1/../../../../arm-none-eabi/lib/thumb/v6-m/nofp\libg_nano.a(lib_a-makebuf.o)
 .ARM.attributes
                0x0000087b       0x2c c:/program files (x86)/gnu arm embedded toolchain/10 2021.10/bin/../lib/gcc/arm-none-eabi/10.3.1/../../../../arm-none-eabi/lib/thumb/v6-m/nofp\libg_nano.a(lib_a-mlock.o)
 .ARM.attributes
                0x000008a7       0x2c c:/program files (x86)/gnu arm embedded toolchain/10 2021.10/bin/../lib/gcc/arm-none-eabi/10.3.1/../../../../arm-none-eabi/lib/thumb/v6-m/nofp\libg_nano.a(lib_a-nano-vfprintf.o)
 .ARM.attributes
                0x000008d3       0x2c c:/program files (x86)/gnu arm embedded toolchain/10 2021.10/bin/../lib/gcc/arm-none-eabi/10.3.1/../../../../arm-none-eabi/lib/thumb/v6-m/nofp\libg_nano.a(lib_a-nano-vfprintf_i.o)
 .ARM.attributes
                0x000008ff       0x2c c:/program files (x86)/gnu arm embedded toolchain/10 2021.10/bin/../lib/gcc/arm-none-eabi/10.3.1/../../../../arm-none-eabi/lib/thumb/v6-m/nofp\libg_nano.a(lib_a-stdio.o)
 .ARM.attributes
                0x0000092b       0x2c c:/program files (x86)/gnu arm embedded toolchain/10 2021.10/bin/../lib/gcc/arm-none-eabi/10.3.1/../../../../arm-none-eabi/lib/thumb/v6-m/nofp\libg_nano.a(lib_a-writer.o)
 .ARM.attributes
                0x00000957       0x2c c:/program files (x86)/gnu arm embedded toolchain/10 2021.10/bin/../lib/gcc/arm-none-eabi/10.3.1/../../../../arm-none-eabi/lib/thumb/v6-m/nofp\libg_nano.a(lib_a-closer.o)
 .ARM.attributes
                0x00000983       0x2c c:/program files (x86)/gnu arm embedded toolchain/10 2021.10/bin/../lib/gcc/arm-none-eabi/10.3.1/../../../../arm-none-eabi/lib/thumb/v6-m/nofp\libg_nano.a(lib_a-fstatr.o)
 .ARM.attributes
                0x000009af       0x2c c:/program files (x86)/gnu arm embedded toolchain/10 2021.10/bin/../lib/gcc/arm-none-eabi/10.3.1/../../../../arm-none-eabi/lib/thumb/v6-m/nofp\libg_nano.a(lib_a-isattyr.o)
 .ARM.attributes
                0x000009db       0x2c c:/program files (x86)/gnu arm embedded toolchain/10 2021.10/bin/../lib/gcc/arm-none-eabi/10.3.1/../../../../arm-none-eabi/lib/thumb/v6-m/nofp\libg_nano.a(lib_a-lseekr.o)
 .ARM.attributes
                0x00000a07       0x2c c:/program files (x86)/gnu arm embedded toolchain/10 2021.10/bin/../lib/gcc/arm-none-eabi/10.3.1/../../../../arm-none-eabi/lib/thumb/v6-m/nofp\libg_nano.a(lib_a-memchr-stub.o)
 .ARM.attributes
                0x00000a33       0x2c c:/program files (x86)/gnu arm embedded toolchain/10 2021.10/bin/../lib/gcc/arm-none-eabi/10.3.1/../../../../arm-none-eabi/lib/thumb/v6-m/nofp\libg_nano.a(lib_a-readr.o)
 .ARM.attributes
                0x00000a5f       0x1e c:/program files (x86)/gnu arm embedded toolchain/10 2021.10/bin/../lib/gcc/arm-none-eabi/10.3.1/thumb/v6-m/nofp\libgcc.a(_thumb1_case_shi.o)
 .ARM.attributes
                0x00000a7d       0x2c c:/program files (x86)/gnu arm embedded toolchain/10 2021.10/bin/../lib/gcc/arm-none-eabi/10.3.1/thumb/v6-m/nofp/crtend.o
 .ARM.attributes
                0x00000aa9       0x1e c:/program files (x86)/gnu arm embedded toolchain/10 2021.10/bin/../lib/gcc/arm-none-eabi/10.3.1/thumb/v6-m/nofp/crtn.o
 .ARM.attributes
                0x00000ac7       0x2c c:/program files (x86)/gnu arm embedded toolchain/10 2021.10/bin/../lib/gcc/arm-none-eabi/10.3.1/../../../../arm-none-eabi/lib/thumb/v6-m/nofp\libnosys.a(sbrk.o)
 .ARM.attributes
                0x00000af3       0x2c c:/program files (x86)/gnu arm embedded toolchain/10 2021.10/bin/../lib/gcc/arm-none-eabi/10.3.1/../../../../arm-none-eabi/lib/thumb/v6-m/nofp\libnosys.a(_exit.o)

.comment        0x00000000       0x49
 .comment       0x00000000       0x49 ./Source/main.o
                                 0x4a (size before relaxing)
 .comment       0x00000049       0x4a ./Libraries/mbed/IPAddress.o
 .comment       0x00000049       0x4a ./Libraries/mbed/Print.o
 .comment       0x00000049       0x4a ./Libraries/RTC/DS1307RTC.o
 .comment       0x00000049       0x4a ./Libraries/LiquidCrystal_I2C-1.1.2/LiquidCrystal_I2C.o
 .comment       0x00000049       0x4a ./Libraries/swI2C.o
 .comment       0x00000049       0x4a ./Drivers/gpio.o
 .comment       0x00000049       0x4a ./Drivers/retarget.o
 .comment       0x00000049       0x4a ./Drivers/timer.o
 .comment       0x00000049       0x4a ./Device/_syscalls.o
 .comment       0x00000049       0x4a ./Device/system_NUC100Series.o

.debug_info     0x00000000     0xb018
 .debug_info    0x00000000      0xb8f ./Source/main.o
 .debug_info    0x00000b8f     0x1f8d ./Libraries/mbed/IPAddress.o
 .debug_info    0x00002b1c     0x3b45 ./Libraries/mbed/Print.o
 .debug_info    0x00006661      0xb39 ./Libraries/RTC/DS1307RTC.o
 .debug_info    0x0000719a     0x1884 ./Libraries/LiquidCrystal_I2C-1.1.2/LiquidCrystal_I2C.o
 .debug_info    0x00008a1e      0x733 ./Libraries/swI2C.o
 .debug_info    0x00009151      0x1f0 ./Drivers/gpio.o
 .debug_info    0x00009341      0xc6b ./Drivers/retarget.o
 .debug_info    0x00009fac      0x467 ./Drivers/timer.o
 .debug_info    0x0000a413      0x8ef ./Device/_syscalls.o
 .debug_info    0x0000ad02       0x26 ./Device/startup_NUC100Series.o
 .debug_info    0x0000ad28      0x2f0 ./Device/system_NUC100Series.o

.debug_abbrev   0x00000000     0x1e26
 .debug_abbrev  0x00000000      0x2dc ./Source/main.o
 .debug_abbrev  0x000002dc      0x4bf ./Libraries/mbed/IPAddress.o
 .debug_abbrev  0x0000079b      0x4c6 ./Libraries/mbed/Print.o
 .debug_abbrev  0x00000c61      0x291 ./Libraries/RTC/DS1307RTC.o
 .debug_abbrev  0x00000ef2      0x47a ./Libraries/LiquidCrystal_I2C-1.1.2/LiquidCrystal_I2C.o
 .debug_abbrev  0x0000136c      0x29c ./Libraries/swI2C.o
 .debug_abbrev  0x00001608       0xe8 ./Drivers/gpio.o
 .debug_abbrev  0x000016f0      0x2fd ./Drivers/retarget.o
 .debug_abbrev  0x000019ed      0x16d ./Drivers/timer.o
 .debug_abbrev  0x00001b5a      0x187 ./Device/_syscalls.o
 .debug_abbrev  0x00001ce1       0x14 ./Device/startup_NUC100Series.o
 .debug_abbrev  0x00001cf5      0x131 ./Device/system_NUC100Series.o

.debug_aranges  0x00000000      0x758
 .debug_aranges
                0x00000000       0x58 ./Source/main.o
 .debug_aranges
                0x00000058       0x98 ./Libraries/mbed/IPAddress.o
 .debug_aranges
                0x000000f0      0x118 ./Libraries/mbed/Print.o
 .debug_aranges
                0x00000208      0x100 ./Libraries/RTC/DS1307RTC.o
 .debug_aranges
                0x00000308      0x190 ./Libraries/LiquidCrystal_I2C-1.1.2/LiquidCrystal_I2C.o
 .debug_aranges
                0x00000498       0xa0 ./Libraries/swI2C.o
 .debug_aranges
                0x00000538       0x30 ./Drivers/gpio.o
 .debug_aranges
                0x00000568       0x78 ./Drivers/retarget.o
 .debug_aranges
                0x000005e0       0x58 ./Drivers/timer.o
 .debug_aranges
                0x00000638       0xd0 ./Device/_syscalls.o
 .debug_aranges
                0x00000708       0x20 ./Device/startup_NUC100Series.o
 .debug_aranges
                0x00000728       0x30 ./Device/system_NUC100Series.o

.debug_ranges   0x00000000      0x688
 .debug_ranges  0x00000000       0x48 ./Source/main.o
 .debug_ranges  0x00000048       0x88 ./Libraries/mbed/IPAddress.o
 .debug_ranges  0x000000d0      0x108 ./Libraries/mbed/Print.o
 .debug_ranges  0x000001d8       0xf0 ./Libraries/RTC/DS1307RTC.o
 .debug_ranges  0x000002c8      0x180 ./Libraries/LiquidCrystal_I2C-1.1.2/LiquidCrystal_I2C.o
 .debug_ranges  0x00000448       0x90 ./Libraries/swI2C.o
 .debug_ranges  0x000004d8       0x20 ./Drivers/gpio.o
 .debug_ranges  0x000004f8       0x68 ./Drivers/retarget.o
 .debug_ranges  0x00000560       0x48 ./Drivers/timer.o
 .debug_ranges  0x000005a8       0xc0 ./Device/_syscalls.o
 .debug_ranges  0x00000668       0x20 ./Device/system_NUC100Series.o

.debug_line     0x00000000     0x37fc
 .debug_line    0x00000000      0x538 ./Source/main.o
 .debug_line    0x00000538      0x5cb ./Libraries/mbed/IPAddress.o
 .debug_line    0x00000b03      0x8d3 ./Libraries/mbed/Print.o
 .debug_line    0x000013d6      0x4cf ./Libraries/RTC/DS1307RTC.o
 .debug_line    0x000018a5      0xa1a ./Libraries/LiquidCrystal_I2C-1.1.2/LiquidCrystal_I2C.o
 .debug_line    0x000022bf      0x442 ./Libraries/swI2C.o
 .debug_line    0x00002701      0x1ea ./Drivers/gpio.o
 .debug_line    0x000028eb      0x45c ./Drivers/retarget.o
 .debug_line    0x00002d47      0x341 ./Drivers/timer.o
 .debug_line    0x00003088      0x4cf ./Device/_syscalls.o
 .debug_line    0x00003557       0x6e ./Device/startup_NUC100Series.o
 .debug_line    0x000035c5      0x237 ./Device/system_NUC100Series.o

.debug_str      0x00000000     0x3d24
 .debug_str     0x00000000      0x4c3 ./Source/main.o
                                0x583 (size before relaxing)