23:48:19 **** Incremental Build of configuration Debug for project STM32F103C8T6_ENC28J60 ****
make -j8 all 
arm-none-eabi-g++ "../Core/Src/main.cpp" -mcpu=cortex-m3 -std=gnu++14 -g3 -DDEBUG -DUSE_HAL_DRIVER -DSTM32F103xB -c -I../Core/Inc -I../Drivers/STM32F1xx_HAL_Driver/Inc -I../Drivers/STM32F1xx_HAL_Driver/Inc/Legacy -I../Drivers/CMSIS/Device/ST/STM32F1xx/Include -I../Drivers/CMSIS/Include -I"D:/PROJECTS_2022/MyProjects/Delivered/NXP_RESET_BOARD/SourceCode/STM32/STM32F103C8T6_ENC28J60/Libraries" -I"D:/PROJECTS_2022/MyProjects/Delivered/NXP_RESET_BOARD/SourceCode/STM32/STM32F103C8T6_ENC28J60/Libraries/core" -O0 -ffunction-sections -fdata-sections -fno-exceptions -fno-rtti -fno-use-cxa-atexit -Wall -fstack-usage -MMD -MP -MF"Core/Src/main.d" -MT"Core/Src/main.o" --specs=nano.specs -mfloat-abi=soft -mthumb -o "Core/Src/main.o"
arm-none-eabi-g++ -o "STM32F103C8T6_ENC28J60.elf" @"objects.list"   -mcpu=cortex-m3 -T"D:\PROJECTS_2022\MyProjects\Delivered\NXP_RESET_BOARD\SourceCode\STM32\STM32F103C8T6_ENC28J60\STM32F103C8TX_FLASH.ld" --specs=nosys.specs -Wl,-Map="STM32F103C8T6_ENC28J60.map" -Wl,--gc-sections -static --specs=nano.specs -mfloat-abi=soft -mthumb -Wl,--start-group -lc -lm -lstdc++ -lsupc++ -Wl,--end-group
Finished building target: STM32F103C8T6_ENC28J60.elf
 
arm-none-eabi-size   STM32F103C8T6_ENC28J60.elf 
arm-none-eabi-objdump -h -S  STM32F103C8T6_ENC28J60.elf  > "STM32F103C8T6_ENC28J60.list"
arm-none-eabi-objcopy  -O binary  STM32F103C8T6_ENC28J60.elf  "STM32F103C8T6_ENC28J60.bin"
   text	   data	    bss	    dec	    hex	filename
  14808	     56	   2560	  17424	   4410	STM32F103C8T6_ENC28J60.elf
Finished building: default.size.stdout
 
Finished building: STM32F103C8T6_ENC28J60.bin
 
Finished building: STM32F103C8T6_ENC28J60.list
 

23:48:20 Build Finished. 0 errors, 0 warnings. (took 1s.243ms)

