23:19:21 **** Incremental Build of configuration Debug for project STM32F407VE-UIPEthernet ****
make -j8 all 
arm-none-eabi-g++ "../Libraries/mbed/IPAddress.cpp" -mcpu=cortex-m4 -std=gnu++14 -g3 -DDEBUG -D__MBED__ -DUSE_HAL_DRIVER -DSTM32F407xx -c -I../Core/Inc -I"D:/PROJECTS_2022/MyProjects/Delivered/NXP_RESET_BOARD/SourceCode/STM32/STM32F407VE-UIPEthernet/Libraries" -I"D:/PROJECTS_2022/MyProjects/Delivered/NXP_RESET_BOARD/SourceCode/STM32/STM32F407VE-UIPEthernet/Libraries/mbed" -I"D:/PROJECTS_2022/MyProjects/Delivered/NXP_RESET_BOARD/SourceCode/STM32/STM32F407VE-UIPEthernet/Libraries/utility" -I../Drivers/STM32F4xx_HAL_Driver/Inc -I../Drivers/STM32F4xx_HAL_Driver/Inc/Legacy -I../Drivers/CMSIS/Device/ST/STM32F4xx/Include -I../Drivers/CMSIS/Include -O0 -ffunction-sections -fdata-sections -fno-exceptions -fno-rtti -fno-use-cxa-atexit -Wall -fstack-usage -MMD -MP -MF"Libraries/mbed/IPAddress.d" -MT"Libraries/mbed/IPAddress.o" --specs=nano.specs -mfpu=fpv4-sp-d16 -mfloat-abi=hard -mthumb -o "Libraries/mbed/IPAddress.o"
arm-none-eabi-g++ -o "STM32F407VE-UIPEthernet.elf" @"objects.list"   -mcpu=cortex-m4 -T"D:\PROJECTS_2022\MyProjects\Delivered\NXP_RESET_BOARD\SourceCode\STM32\STM32F407VE-UIPEthernet\STM32F407VETX_FLASH.ld" --specs=nosys.specs -Wl,-Map="STM32F407VE-UIPEthernet.map" -Wl,--gc-sections -static --specs=nano.specs -mfpu=fpv4-sp-d16 -mfloat-abi=hard -mthumb -Wl,--start-group -lc -lm -lstdc++ -lsupc++ -Wl,--end-group
Finished building target: STM32F407VE-UIPEthernet.elf
 
arm-none-eabi-size   STM32F407VE-UIPEthernet.elf 
arm-none-eabi-objdump -h -S  STM32F407VE-UIPEthernet.elf  > "STM32F407VE-UIPEthernet.list"
arm-none-eabi-objcopy  -O binary  STM32F407VE-UIPEthernet.elf  "STM32F407VE-UIPEthernet.bin"
arm-none-eabi-objcopy  -O srec  STM32F407VE-UIPEthernet.elf  "STM32F407VE-UIPEthernet.srec"
   text	   data	    bss	    dec	    hex	filename
  43372	    204	   2788	  46364	   b51c	STM32F407VE-UIPEthernet.elf
Finished building: default.size.stdout
 
Finished building: STM32F407VE-UIPEthernet.bin
Finished building: STM32F407VE-UIPEthernet.srec
 
 
Finished building: STM32F407VE-UIPEthernet.list
 

23:19:22 Build Finished. 0 errors, 0 warnings. (took 1s.500ms)

