main.cpp:62:6:void delayMicroseconds(uint32_t)	16	static
main.cpp:67:6:void digitalWrite(uint16_t, bool)	16	static
main.cpp:73:9:uint8_t spiTransfer(uint8_t)	32	static
main.cpp:88:5:int main()	32	static
main.cpp:152:6:void SystemClock_Config()	72	static
main.cpp:188:13:void MX_SPI1_Init()	8	static
main.cpp:226:13:void MX_USART1_UART_Init()	8	static
main.cpp:259:13:void MX_GPIO_Init()	32	static
main.cpp:287:6:void Error_Handler()	4	static,ignoring_inline_asm
main.cpp:296:1:void __static_initialization_and_destruction_0(int, int)	16	static
main.cpp:296:1:cpp)	8	static
