Archive member included to satisfy reference by file (symbol)

c:/st/stm32cubeide_1.6.0/stm32cubeide/plugins/com.st.stm32cube.ide.mcu.externaltools.gnu-tools-for-stm32.9-2020-q2-update.win32_1.5.0.202011040924/tools/bin/../lib/gcc/arm-none-eabi/9.3.1/../../../../arm-none-eabi/lib/thumb/v7-m/nofp\libstdc++_nano.a(del_ops.o)
                              Core/Src/main.o (operator delete(void*, unsigned int))
c:/st/stm32cubeide_1.6.0/stm32cubeide/plugins/com.st.stm32cube.ide.mcu.externaltools.gnu-tools-for-stm32.9-2020-q2-update.win32_1.5.0.202011040924/tools/bin/../lib/gcc/arm-none-eabi/9.3.1/../../../../arm-none-eabi/lib/thumb/v7-m/nofp\libstdc++_nano.a(pure.o)
                              Libraries/mbed/IPAddress.o (__cxa_pure_virtual)
c:/st/stm32cubeide_1.6.0/stm32cubeide/plugins/com.st.stm32cube.ide.mcu.externaltools.gnu-tools-for-stm32.9-2020-q2-update.win32_1.5.0.202011040924/tools/bin/../lib/gcc/arm-none-eabi/9.3.1/../../../../arm-none-eabi/lib/thumb/v7-m/nofp\libstdc++_nano.a(del_op.o)
                              c:/st/stm32cubeide_1.6.0/stm32cubeide/plugins/com.st.stm32cube.ide.mcu.externaltools.gnu-tools-for-stm32.9-2020-q2-update.win32_1.5.0.202011040924/tools/bin/../lib/gcc/arm-none-eabi/9.3.1/../../../../arm-none-eabi/lib/thumb/v7-m/nofp\libstdc++_nano.a(del_ops.o) (operator delete(void*))
c:/st/stm32cubeide_1.6.0/stm32cubeide/plugins/com.st.stm32cube.ide.mcu.externaltools.gnu-tools-for-stm32.9-2020-q2-update.win32_1.5.0.202011040924/tools/bin/../lib/gcc/arm-none-eabi/9.3.1/../../../../arm-none-eabi/lib/thumb/v7-m/nofp\libstdc++_nano.a(eh_terminate.o)
                              c:/st/stm32cubeide_1.6.0/stm32cubeide/plugins/com.st.stm32cube.ide.mcu.externaltools.gnu-tools-for-stm32.9-2020-q2-update.win32_1.5.0.202011040924/tools/bin/../lib/gcc/arm-none-eabi/9.3.1/../../../../arm-none-eabi/lib/thumb/v7-m/nofp\libstdc++_nano.a(pure.o) (std::terminate())
c:/st/stm32cubeide_1.6.0/stm32cubeide/plugins/com.st.stm32cube.ide.mcu.externaltools.gnu-tools-for-stm32.9-2020-q2-update.win32_1.5.0.202011040924/tools/bin/../lib/gcc/arm-none-eabi/9.3.1/../../../../arm-none-eabi/lib/thumb/v7-m/nofp\libstdc++_nano.a(eh_unex_handler.o)
                              c:/st/stm32cubeide_1.6.0/stm32cubeide/plugins/com.st.stm32cube.ide.mcu.externaltools.gnu-tools-for-stm32.9-2020-q2-update.win32_1.5.0.202011040924/tools/bin/../lib/gcc/arm-none-eabi/9.3.1/../../../../arm-none-eabi/lib/thumb/v7-m/nofp\libstdc++_nano.a(eh_terminate.o) (__cxxabiv1::__unexpected_handler)
c:/st/stm32cubeide_1.6.0/stm32cubeide/plugins/com.st.stm32cube.ide.mcu.externaltools.gnu-tools-for-stm32.9-2020-q2-update.win32_1.5.0.202011040924/tools/bin/../lib/gcc/arm-none-eabi/9.3.1/../../../../arm-none-eabi/lib/thumb/v7-m/nofp\libstdc++_nano.a(eh_term_handler.o)
                              c:/st/stm32cubeide_1.6.0/stm32cubeide/plugins/com.st.stm32cube.ide.mcu.externaltools.gnu-tools-for-stm32.9-2020-q2-update.win32_1.5.0.202011040924/tools/bin/../lib/gcc/arm-none-eabi/9.3.1/../../../../arm-none-eabi/lib/thumb/v7-m/nofp\libstdc++_nano.a(eh_terminate.o) (__cxxabiv1::__terminate_handler)
c:/st/stm32cubeide_1.6.0/stm32cubeide/plugins/com.st.stm32cube.ide.mcu.externaltools.gnu-tools-for-stm32.9-2020-q2-update.win32_1.5.0.202011040924/tools/bin/../lib/gcc/arm-none-eabi/9.3.1/../../../../arm-none-eabi/lib/thumb/v7-m/nofp\libc_nano.a(lib_a-abort.o)
                              c:/st/stm32cubeide_1.6.0/stm32cubeide/plugins/com.st.stm32cube.ide.mcu.externaltools.gnu-tools-for-stm32.9-2020-q2-update.win32_1.5.0.202011040924/tools/bin/../lib/gcc/arm-none-eabi/9.3.1/../../../../arm-none-eabi/lib/thumb/v7-m/nofp\libstdc++_nano.a(eh_terminate.o) (abort)
c:/st/stm32cubeide_1.6.0/stm32cubeide/plugins/com.st.stm32cube.ide.mcu.externaltools.gnu-tools-for-stm32.9-2020-q2-update.win32_1.5.0.202011040924/tools/bin/../lib/gcc/arm-none-eabi/9.3.1/../../../../arm-none-eabi/lib/thumb/v7-m/nofp\libc_nano.a(lib_a-atof.o)
                              Libraries/mbed/WString.o (atof)
c:/st/stm32cubeide_1.6.0/stm32cubeide/plugins/com.st.stm32cube.ide.mcu.externaltools.gnu-tools-for-stm32.9-2020-q2-update.win32_1.5.0.202011040924/tools/bin/../lib/gcc/arm-none-eabi/9.3.1/../../../../arm-none-eabi/lib/thumb/v7-m/nofp\libc_nano.a(lib_a-atol.o)
                              Libraries/mbed/WString.o (atol)
c:/st/stm32cubeide_1.6.0/stm32cubeide/plugins/com.st.stm32cube.ide.mcu.externaltools.gnu-tools-for-stm32.9-2020-q2-update.win32_1.5.0.202011040924/tools/bin/../lib/gcc/arm-none-eabi/9.3.1/../../../../arm-none-eabi/lib/thumb/v7-m/nofp\libc_nano.a(lib_a-errno.o)
                              Core/Src/syscalls.o (__errno)
c:/st/stm32cubeide_1.6.0/stm32cubeide/plugins/com.st.stm32cube.ide.mcu.externaltools.gnu-tools-for-stm32.9-2020-q2-update.win32_1.5.0.202011040924/tools/bin/../lib/gcc/arm-none-eabi/9.3.1/../../../../arm-none-eabi/lib/thumb/v7-m/nofp\libc_nano.a(lib_a-exit.o)
[...]
Memory Configuration

Name             Origin             Length             Attributes
RAM              0x0000000020000000 0x000000000000c000 xrw
FLASH            0x0000000008000000 0x0000000000040000 xr
*default*        0x0000000000000000 0xffffffffffffffff

Linker script and memory map

LOAD c:/st/stm32cubeide_1.6.0/stm32cubeide/plugins/com.st.stm32cube.ide.mcu.externaltools.gnu-tools-for-stm32.9-2020-q2-update.win32_1.5.0.202011040924/tools/bin/../lib/gcc/arm-none-eabi/9.3.1/thumb/v7-m/nofp/crti.o
LOAD c:/st/stm32cubeide_1.6.0/stm32cubeide/plugins/com.st.stm32cube.ide.mcu.externaltools.gnu-tools-for-stm32.9-2020-q2-update.win32_1.5.0.202011040924/tools/bin/../lib/gcc/arm-none-eabi/9.3.1/thumb/v7-m/nofp/crtbegin.o
LOAD c:/st/stm32cubeide_1.6.0/stm32cubeide/plugins/com.st.stm32cube.ide.mcu.externaltools.gnu-tools-for-stm32.9-2020-q2-update.win32_1.5.0.202011040924/tools/bin/../lib/gcc/arm-none-eabi/9.3.1/../../../../arm-none-eabi/lib/thumb/v7-m/nofp/crt0.o
LOAD Core/Src/main.o
LOAD Core/Src/stm32f1xx_hal_msp.o
LOAD Core/Src/stm32f1xx_it.o
LOAD Core/Src/syscalls.o
LOAD Core/Src/sysmem.o
LOAD Core/Src/system_stm32f1xx.o
LOAD Core/Startup/startup_stm32f103rctx.o
LOAD Drivers/STM32F1xx_HAL_Driver/Src/stm32f1xx_hal.o
LOAD Drivers/STM32F1xx_HAL_Driver/Src/stm32f1xx_hal_cortex.o
LOAD Drivers/STM32F1xx_HAL_Driver/Src/stm32f1xx_hal_dma.o
LOAD Drivers/STM32F1xx_HAL_Driver/Src/stm32f1xx_hal_exti.o
LOAD Drivers/STM32F1xx_HAL_Driver/Src/stm32f1xx_hal_flash.o
LOAD Drivers/STM32F1xx_HAL_Driver/Src/stm32f1xx_hal_flash_ex.o
LOAD Drivers/STM32F1xx_HAL_Driver/Src/stm32f1xx_hal_gpio.o
LOAD Drivers/STM32F1xx_HAL_Driver/Src/stm32f1xx_hal_gpio_ex.o
LOAD Drivers/STM32F1xx_HAL_Driver/Src/stm32f1xx_hal_pwr.o
LOAD Drivers/STM32F1xx_HAL_Driver/Src/stm32f1xx_hal_rcc.o
LOAD Drivers/STM32F1xx_HAL_Driver/Src/stm32f1xx_hal_rcc_ex.o
LOAD Drivers/STM32F1xx_HAL_Driver/Src/stm32f1xx_hal_tim.o
LOAD Drivers/STM32F1xx_HAL_Driver/Src/stm32f1xx_hal_tim_ex.o
LOAD Libraries/RCSwitch/RCSwitch.o
LOAD Libraries/flash/STM32Flash.o
LOAD Libraries/mbed/IPAddress.o
LOAD Libraries/mbed/Print.o
LOAD Libraries/mbed/WString.o
LOAD Libraries/mbed/dtostrf.o
LOAD Libraries/mbed/itoa.o
LOAD Libraries/utility/utility.o
START GROUP
LOAD c:/st/stm32cubeide_1.6.0/stm32cubeide/plugins/com.st.stm32cube.ide.mcu.externaltools.gnu-tools-for-stm32.9-2020-q2-update.win32_1.5.0.202011040924/tools/bin/../lib/gcc/arm-none-eabi/9.3.1/../../../../arm-none-eabi/lib/thumb/v7-m/nofp\libstdc++_nano.a
LOAD c:/st/stm32cubeide_1.6.0/stm32cubeide/plugins/com.st.stm32cube.ide.mcu.externaltools.gnu-tools-for-stm32.9-2020-q2-update.win32_1.5.0.202011040924/tools/bin/../lib/gcc/arm-none-eabi/9.3.1/../../../../arm-none-eabi/lib/thumb/v7-m/nofp\libsupc++_nano.a
END GROUP
LOAD c:/st/stm32cubeide_1.6.0/stm32cubeide/plugins/com.st.stm32cube.ide.mcu.externaltools.gnu-tools-for-stm32.9-2020-q2-update.win32_1.5.0.202011040924/tools/bin/../lib/gcc/arm-none-eabi/9.3.1/../../../../arm-none-eabi/lib/thumb/v7-m/nofp\libstdc++_nano.a
LOAD c:/st/stm32cubeide_1.6.0/stm32cubeide/plugins/com.st.stm32cube.ide.mcu.externaltools.gnu-tools-for-stm32.9-2020-q2-update.win32_1.5.0.202011040924/tools/bin/../lib/gcc/arm-none-eabi/9.3.1/../../../../arm-none-eabi/lib/thumb/v7-m/nofp\libm.a
LOAD c:/st/stm32cubeide_1.6.0/stm32cubeide/plugins/com.st.stm32cube.ide.mcu.externaltools.gnu-tools-for-stm32.9-2020-q2-update.win32_1.5.0.202011040924/tools/bin/../lib/gcc/arm-none-eabi/9.3.1/../../../../arm-none-eabi/lib/thumb/v7-m/nofp\libc_nano.a
START GROUP
LOAD c:/st/stm32cubeide_1.6.0/stm32cubeide/plugins/com.st.stm32cube.ide.mcu.externaltools.gnu-tools-for-stm32.9-2020-q2-update.win32_1.5.0.202011040924/tools/bin/../lib/gcc/arm-none-eabi/9.3.1/thumb/v7-m/nofp\libgcc.a
LOAD c:/st/stm32cubeide_1.6.0/stm32cubeide/plugins/com.st.stm32cube.ide.mcu.externaltools.gnu-tools-for-stm32.9-2020-q2-update.win32_1.5.0.202011040924/tools/bin/../lib/gcc/arm-none-eabi/9.3.1/../../../../arm-none-eabi/lib/thumb/v7-m/nofp\libc_nano.a
END GROUP
START GROUP
LOAD c:/st/stm32cubeide_1.6.0/stm32cubeide/plugins/com.st.stm32cube.ide.mcu.externaltools.gnu-tools-for-stm32.9-2020-q2-update.win32_1.5.0.202011040924/tools/bin/../lib/gcc/arm-none-eabi/9.3.1/thumb/v7-m/nofp\libgcc.a
LOAD c:/st/stm32cubeide_1.6.0/stm32cubeide/plugins/com.st.stm32cube.ide.mcu.externaltools.gnu-tools-for-stm32.9-2020-q2-update.win32_1.5.0.202011040924/tools/bin/../lib/gcc/arm-none-eabi/9.3.1/../../../../arm-none-eabi/lib/thumb/v7-m/nofp\libc_nano.a
LOAD c:/st/stm32cubeide_1.6.0/stm32cubeide/plugins/com.st.stm32cube.ide.mcu.externaltools.gnu-tools-for-stm32.9-2020-q2-update.win32_1.5.0.202011040924/tools/bin/../lib/gcc/arm-none-eabi/9.3.1/../../../../arm-none-eabi/lib/thumb/v7-m/nofp\libnosys.a
END GROUP
START GROUP
LOAD c:/st/stm32cubeide_1.6.0/stm32cubeide/plugins/com.st.stm32cube.ide.mcu.externaltools.gnu-tools-for-stm32.9-2020-q2-update.win32_1.5.0.202011040924/tools/bin/../lib/gcc/arm-none-eabi/9.3.1/thumb/v7-m/nofp\libgcc.a
LOAD c:/st/stm32cubeide_1.6.0/stm32cubeide/plugins/com.st.stm32cube.ide.mcu.externaltools.gnu-tools-for-stm32.9-2020-q2-update.win32_1.5.0.202011040924/tools/bin/../lib/gcc/arm-none-eabi/9.3.1/../../../../arm-none-eabi/lib/thumb/v7-m/nofp\libc_nano.a
LOAD c:/st/stm32cubeide_1.6.0/stm32cubeide/plugins/com.st.stm32cube.ide.mcu.externaltools.gnu-tools-for-stm32.9-2020-q2-update.win32_1.5.0.202011040924/tools/bin/../lib/gcc/arm-none-eabi/9.3.1/../../../../arm-none-eabi/lib/thumb/v7-m/nofp\libnosys.a
END GROUP
LOAD c:/st/stm32cubeide_1.6.0/stm32cubeide/plugins/com.st.stm32cube.ide.mcu.externaltools.gnu-tools-for-stm32.9-2020-q2-update.win32_1.5.0.202011040924/tools/bin/../lib/gcc/arm-none-eabi/9.3.1/thumb/v7-m/nofp/crtend.o
LOAD c:/st/stm32cubeide_1.6.0/stm32cubeide/plugins/com.st.stm32cube.ide.mcu.externaltools.gnu-tools-for-stm32.9-2020-q2-update.win32_1.5.0.202011040924/tools/bin/../lib/gcc/arm-none-eabi/9.3.1/thumb/v7-m/nofp/crtn.o
                0x000000002000c000                _estack = (ORIGIN (RAM) + LENGTH (RAM))
                0x0000000000000200                _Min_Heap_Size = 0x200
                0x0000000000000400                _Min_Stack_Size = 0x400

.isr_vector     0x0000000008000000      0x1e4
                0x0000000008000000                . = ALIGN (0x4)
 *(.isr_vector)
 .isr_vector    0x0000000008000000      0x1e4 Core/Startup/startup_stm32f103rctx.o
                0x0000000008000000                g_pfnVectors
                0x00000000080001e4                . = ALIGN (0x4)

.text           0x00000000080001e4     0x2be8
                0x00000000080001e4                . = ALIGN (0x4)
 *(.text)
 .text          0x00000000080001e4       0x40 c:/st/stm32cubeide_1.6.0/stm32cubeide/plugins/com.st.stm32cube.ide.mcu.externaltools.gnu-tools-for-stm32.9-2020-q2-update.win32_1.5.0.202011040924/tools/bin/../lib/gcc/arm-none-eabi/9.3.1/thumb/v7-m/nofp/crtbegin.o
 .text          0x0000000008000224       0x10 c:/st/stm32cubeide_1.6.0/stm32cubeide/plugins/com.st.stm32cube.ide.mcu.externaltools.gnu-tools-for-stm32.9-2020-q2-update.win32_1.5.0.202011040924/tools/bin/../lib/gcc/arm-none-eabi/9.3.1/../../../../arm-none-eabi/lib/thumb/v7-m/nofp\libc_nano.a(lib_a-strlen.o)
                0x0000000008000224                strlen
 *(.text*)
 .text._Z16UpdateRemoteCodev
                0x0000000008000234       0xe4 Core/Src/main.o
                0x0000000008000234                UpdateRemoteCode()
 .text._Z11GetPositionm
                0x0000000008000318       0x40 Core/Src/main.o
                0x0000000008000318                GetPosition(unsigned long)
 .text.main     0x0000000008000358       0xf8 Core/Src/main.o
                0x0000000008000358                main
 .text.HAL_GPIO_EXTI_Callback
                0x0000000008000450       0x1c Core/Src/main.o
                0x0000000008000450                HAL_GPIO_EXTI_Callback
 .text._Z18SystemClock_Configv
                0x000000000800046c       0x94 Core/Src/main.o
                0x000000000800046c                SystemClock_Config()
 .text._ZL12MX_TIM1_Initv
                0x0000000008000500       0xd0 Core/Src/main.o
 .text._ZL12MX_GPIO_Initv
                0x00000000080005d0       0xc4 Core/Src/main.o
 .text.Error_Handler
                0x0000000008000694        0xa Core/Src/main.o
                0x0000000008000694                Error_Handler
 *fill*         0x000000000800069e        0x2 
 .text._ZN8RCSwitchD2Ev
                0x00000000080006a0       0x24 Core/Src/main.o
                0x00000000080006a0                RCSwitch::~RCSwitch()
                0x00000000080006a0                RCSwitch::~RCSwitch()
 .text._ZN8RCSwitchD0Ev
                0x00000000080006c4       0x20 Core/Src/main.o
                0x00000000080006c4                RCSwitch::~RCSwitch()
 .text._Z41__static_initialization_and_destruction_0ii
                0x00000000080006e4       0x54 Core/Src/main.o
 .text._GLOBAL__sub_I_htim1
                0x0000000008000738       0x10 Core/Src/main.o
 .text._GLOBAL__sub_D_htim1
                0x0000000008000748       0x10 Core/Src/main.o
 .text.HAL_MspInit
                0x0000000008000758       0x64 Core/Src/stm32f1xx_hal_msp.o
                0x0000000008000758                HAL_MspInit
 .text.HAL_TIM_Base_MspInit
                0x00000000080007bc       0x4c Core/Src/stm32f1xx_hal_msp.o
                0x00000000080007bc                HAL_TIM_Base_MspInit
 .text.NMI_Handler
                0x0000000008000808        0x6 Core/Src/stm32f1xx_it.o
                0x0000000008000808                NMI_Handler
 .text.HardFault_Handler
                0x000000000800080e        0x6 Core/Src/stm32f1xx_it.o
                0x000000000800080e                HardFault_Handler
 .text.MemManage_Handler
                0x0000000008000814        0x6 Core/Src/stm32f1xx_it.o
                0x0000000008000814                MemManage_Handler
 .text.BusFault_Handler
                0x000000000800081a        0x6 Core/Src/stm32f1xx_it.o
                0x000000000800081a                BusFault_Handler
 .text.UsageFault_Handler
                0x0000000008000820        0x6 Core/Src/stm32f1xx_it.o
                0x0000000008000820                UsageFault_Handler
 .text.SVC_Handler
                0x0000000008000826        0xc Core/Src/stm32f1xx_it.o
                0x0000000008000826                SVC_Handler
 .text.DebugMon_Handler
                0x0000000008000832        0xc Core/Src/stm32f1xx_it.o
                0x0000000008000832                DebugMon_Handler
 .text.PendSV_Handler
                0x000000000800083e        0xc Core/Src/stm32f1xx_it.o
                0x000000000800083e                PendSV_Handler
 *fill*         0x000000000800084a        0x2 
 .text.SysTick_Handler
                0x000000000800084c       0x1c Core/Src/stm32f1xx_it.o
                0x000000000800084c                SysTick_Handler
 .text.EXTI1_IRQHandler
                0x0000000008000868       0x1c Core/Src/stm32f1xx_it.o
                0x0000000008000868                EXTI1_IRQHandler
 .text.TIM1_UP_IRQHandler
                0x0000000008000884       0x14 Core/Src/stm32f1xx_it.o
                0x0000000008000884                TIM1_UP_IRQHandler
 .text._getpid  0x0000000008000898        0xe Core/Src/syscalls.o
                0x0000000008000898                _getpid
 .text._kill    0x00000000080008a6       0x20 Core/Src/syscalls.o
                0x00000000080008a6                _kill
 .text._exit    0x00000000080008c6       0x14 Core/Src/syscalls.o
                0x00000000080008c6                _exit
 .text.SystemInit
                0x00000000080008da        0xc Core/Src/system_stm32f1xx.o
                0x00000000080008da                SystemInit
 *fill*         0x00000000080008e6        0x2 
 .text.Reset_Handler
                0x00000000080008e8       0x48 Core/Startup/startup_stm32f103rctx.o
                0x00000000080008e8                Reset_Handler
 .text.Default_Handler
                0x0000000008000930        0x2 Core/Startup/startup_stm32f103rctx.o
                0x0000000008000930                RTC_Alarm_IRQHandler
                0x0000000008000930                EXTI2_IRQHandler
                0x0000000008000930                TIM8_TRG_COM_IRQHandler
                0x0000000008000930                TIM8_CC_IRQHandler
                0x0000000008000930                TIM1_CC_IRQHandler
                0x0000000008000930                TIM6_IRQHandler
                0x0000000008000930                PVD_IRQHandler
                0x0000000008000930                SDIO_IRQHandler
                0x0000000008000930                EXTI3_IRQHandler
                0x0000000008000930                EXTI0_IRQHandler
                0x0000000008000930                I2C2_EV_IRQHandler
                0x0000000008000930                ADC1_2_IRQHandler
                0x0000000008000930                SPI1_IRQHandler
                0x0000000008000930                TAMPER_IRQHandler
                0x0000000008000930                TIM8_UP_IRQHandler
                0x0000000008000930                DMA2_Channel2_IRQHandler
                0x0000000008000930                DMA1_Channel4_IRQHandler
                0x0000000008000930                USART3_IRQHandler
                0x0000000008000930                RTC_IRQHandler
                0x0000000008000930                DMA1_Channel7_IRQHandler
                0x0000000008000930                CAN1_RX1_IRQHandler
                0x0000000008000930                UART5_IRQHandler
                0x0000000008000930                ADC3_IRQHandler
                0x0000000008000930                TIM4_IRQHandler
                0x0000000008000930                DMA2_Channel1_IRQHandler
                0x0000000008000930                I2C1_EV_IRQHandler
                0x0000000008000930                DMA1_Channel6_IRQHandler
                0x0000000008000930                UART4_IRQHandler
                0x0000000008000930                TIM3_IRQHandler
                0x0000000008000930                RCC_IRQHandler
                0x0000000008000930                TIM1_TRG_COM_IRQHandler
                0x0000000008000930                DMA1_Channel1_IRQHandler
                0x0000000008000930                Default_Handler
                0x0000000008000930                EXTI15_10_IRQHandler
                0x0000000008000930                TIM7_IRQHandler
                0x0000000008000930                TIM5_IRQHandler
                0x0000000008000930                EXTI9_5_IRQHandler
                0x0000000008000930                SPI2_IRQHandler
                0x0000000008000930                DMA1_Channel5_IRQHandler
                0x0000000008000930                EXTI4_IRQHandler
                0x0000000008000930                USB_LP_CAN1_RX0_IRQHandler
                0x0000000008000930                USB_HP_CAN1_TX_IRQHandler
                0x0000000008000930                DMA1_Channel3_IRQHandler
                0x0000000008000930                FSMC_IRQHandler
                0x0000000008000930                WWDG_IRQHandler
                0x0000000008000930                TIM2_IRQHandler
                0x0000000008000930                TIM1_BRK_IRQHandler
                0x0000000008000930                DMA2_Channel4_5_IRQHandler
                0x0000000008000930                USART2_IRQHandler
                0x0000000008000930                I2C2_ER_IRQHandler
                0x0000000008000930                DMA1_Channel2_IRQHandler
                0x0000000008000930                TIM8_BRK_IRQHandler
                0x0000000008000930                CAN1_SCE_IRQHandler
                0x0000000008000930                FLASH_IRQHandler
                0x0000000008000930                USART1_IRQHandler
                0x0000000008000930                SPI3_IRQHandler
                0x0000000008000930                I2C1_ER_IRQHandler
                0x0000000008000930                USBWakeUp_IRQHandler
                0x0000000008000930                DMA2_Channel3_IRQHandler
 *fill*         0x0000000008000932        0x2 
 .text.HAL_Init
                0x0000000008000934       0x2c Drivers/STM32F1xx_HAL_Driver/Src/stm32f1xx_hal.o
                0x0000000008000934                HAL_Init
 .text.HAL_InitTick
                0x0000000008000960       0x60 Drivers/STM32F1xx_HAL_Driver/Src/stm32f1xx_hal.o
                0x0000000008000960                HAL_InitTick
 .text.HAL_IncTick
                0x00000000080009c0       0x24 Drivers/STM32F1xx_HAL_Driver/Src/stm32f1xx_hal.o
                0x00000000080009c0                HAL_IncTick
 .text.HAL_GetTick
                0x00000000080009e4       0x14 Drivers/STM32F1xx_HAL_Driver/Src/stm32f1xx_hal.o
                0x00000000080009e4                HAL_GetTick
 .text.__NVIC_SetPriorityGrouping
                0x00000000080009f8       0x48 Drivers/STM32F1xx_HAL_Driver/Src/stm32f1xx_hal_cortex.o
 .text.__NVIC_GetPriorityGrouping
                0x0000000008000a40       0x1c Drivers/STM32F1xx_HAL_Driver/Src/stm32f1xx_hal_cortex.o
 .text.__NVIC_EnableIRQ
                0x0000000008000a5c       0x38 Drivers/STM32F1xx_HAL_Driver/Src/stm32f1xx_hal_cortex.o
 .text.__NVIC_SetPriority
                0x0000000008000a94       0x54 Drivers/STM32F1xx_HAL_Driver/Src/stm32f1xx_hal_cortex.o
 .text.NVIC_EncodePriority
                0x0000000008000ae8       0x64 Drivers/STM32F1xx_HAL_Driver/Src/stm32f1xx_hal_cortex.o
 .text.SysTick_Config
                0x0000000008000b4c       0x44 Drivers/STM32F1xx_HAL_Driver/Src/stm32f1xx_hal_cortex.o
 .text.HAL_NVIC_SetPriorityGrouping
                0x0000000008000b90       0x16 Drivers/STM32F1xx_HAL_Driver/Src/stm32f1xx_hal_cortex.o
                0x0000000008000b90                HAL_NVIC_SetPriorityGrouping
 .text.HAL_NVIC_SetPriority
                0x0000000008000ba6       0x38 Drivers/STM32F1xx_HAL_Driver/Src/stm32f1xx_hal_cortex.o
                0x0000000008000ba6                HAL_NVIC_SetPriority
 .text.HAL_NVIC_EnableIRQ
                0x0000000008000bde       0x1c Drivers/STM32F1xx_HAL_Driver/Src/stm32f1xx_hal_cortex.o
                0x0000000008000bde                HAL_NVIC_EnableIRQ
 .text.HAL_SYSTICK_Config
                0x0000000008000bfa       0x18 Drivers/STM32F1xx_HAL_Driver/Src/stm32f1xx_hal_cortex.o
                0x0000000008000bfa                HAL_SYSTICK_Config
 *fill*         0x0000000008000c12        0x2 
 .text.HAL_FLASH_Program
                0x0000000008000c14       0xe0 Drivers/STM32F1xx_HAL_Driver/Src/stm32f1xx_hal_flash.o
                0x0000000008000c14                HAL_FLASH_Program
 .text.HAL_FLASH_Unlock
                0x0000000008000cf4       0x4c Drivers/STM32F1xx_HAL_Driver/Src/stm32f1xx_hal_flash.o
                0x0000000008000cf4                HAL_FLASH_Unlock
 .text.FLASH_Program_HalfWord
                0x0000000008000d40       0x38 Drivers/STM32F1xx_HAL_Driver/Src/stm32f1xx_hal_flash.o
 .text.FLASH_WaitForLastOperation
                0x0000000008000d78       0x8c Drivers/STM32F1xx_HAL_Driver/Src/stm32f1xx_hal_flash.o
                0x0000000008000d78                FLASH_WaitForLastOperation
 .text.FLASH_SetErrorCode
                0x0000000008000e04       0xa0 Drivers/STM32F1xx_HAL_Driver/Src/stm32f1xx_hal_flash.o
 .text.HAL_GPIO_Init
                0x0000000008000ea4      0x328 Drivers/STM32F1xx_HAL_Driver/Src/stm32f1xx_hal_gpio.o
                0x0000000008000ea4                HAL_GPIO_Init
 .text.HAL_GPIO_ReadPin
                0x00000000080011cc       0x2e Drivers/STM32F1xx_HAL_Driver/Src/stm32f1xx_hal_gpio.o
                0x00000000080011cc                HAL_GPIO_ReadPin
 .text.HAL_GPIO_WritePin
                0x00000000080011fa       0x30 Drivers/STM32F1xx_HAL_Driver/Src/stm32f1xx_hal_gpio.o
                0x00000000080011fa                HAL_GPIO_WritePin
 .text.HAL_GPIO_TogglePin
                0x000000000800122a       0x32 Drivers/STM32F1xx_HAL_Driver/Src/stm32f1xx_hal_gpio.o
                0x000000000800122a                HAL_GPIO_TogglePin
 .text.HAL_GPIO_EXTI_IRQHandler
                0x000000000800125c       0x30 Drivers/STM32F1xx_HAL_Driver/Src/stm32f1xx_hal_gpio.o
                0x000000000800125c                HAL_GPIO_EXTI_IRQHandler
 .text.HAL_RCC_OscConfig
                0x000000000800128c      0x500 Drivers/STM32F1xx_HAL_Driver/Src/stm32f1xx_hal_rcc.o
                0x000000000800128c                HAL_RCC_OscConfig
 .text.HAL_RCC_ClockConfig
                0x000000000800178c      0x1d4 Drivers/STM32F1xx_HAL_Driver/Src/stm32f1xx_hal_rcc.o
                0x000000000800178c                HAL_RCC_ClockConfig
 .text.HAL_RCC_GetSysClockFreq
                0x0000000008001960       0xc0 Drivers/STM32F1xx_HAL_Driver/Src/stm32f1xx_hal_rcc.o
                0x0000000008001960                HAL_RCC_GetSysClockFreq
 .text.RCC_Delay
                0x0000000008001a20       0x3c Drivers/STM32F1xx_HAL_Driver/Src/stm32f1xx_hal_rcc.o
 .text.HAL_TIM_Base_Init
                0x0000000008001a5c       0x9e Drivers/STM32F1xx_HAL_Driver/Src/stm32f1xx_hal_tim.o
                0x0000000008001a5c                HAL_TIM_Base_Init
 *fill*         0x0000000008001afa        0x2 
 .text.HAL_TIM_Base_Start_IT
                0x0000000008001afc       0xc0 Drivers/STM32F1xx_HAL_Driver/Src/stm32f1xx_hal_tim.o
                0x0000000008001afc                HAL_TIM_Base_Start_IT
 .text.HAL_TIM_IRQHandler
                0x0000000008001bbc      0x210 Drivers/STM32F1xx_HAL_Driver/Src/stm32f1xx_hal_tim.o
                0x0000000008001bbc                HAL_TIM_IRQHandler
 .text.HAL_TIM_ConfigClockSource
                0x0000000008001dcc      0x188 Drivers/STM32F1xx_HAL_Driver/Src/stm32f1xx_hal_tim.o
                0x0000000008001dcc                HAL_TIM_ConfigClockSource
 .text.HAL_TIM_PeriodElapsedCallback
                0x0000000008001f54       0x12 Drivers/STM32F1xx_HAL_Driver/Src/stm32f1xx_hal_tim.o
                0x0000000008001f54                HAL_TIM_PeriodElapsedCallback
 .text.HAL_TIM_OC_DelayElapsedCallback
                0x0000000008001f66       0x12 Drivers/STM32F1xx_HAL_Driver/Src/stm32f1xx_hal_tim.o
                0x0000000008001f66                HAL_TIM_OC_DelayElapsedCallback
 .text.HAL_TIM_IC_CaptureCallback
                0x0000000008001f78       0x12 Drivers/STM32F1xx_HAL_Driver/Src/stm32f1xx_hal_tim.o
                0x0000000008001f78                HAL_TIM_IC_CaptureCallback
 .text.HAL_TIM_PWM_PulseFinishedCallback
                0x0000000008001f8a       0x12 Drivers/STM32F1xx_HAL_Driver/Src/stm32f1xx_hal_tim.o
                0x0000000008001f8a                HAL_TIM_PWM_PulseFinishedCallback
 .text.HAL_TIM_TriggerCallback
                0x0000000008001f9c       0x12 Drivers/STM32F1xx_HAL_Driver/Src/stm32f1xx_hal_tim.o
                0x0000000008001f9c                HAL_TIM_TriggerCallback
 *fill*         0x0000000008001fae        0x2 
 .text.TIM_Base_SetConfig
                0x0000000008001fb0       0xf4 Drivers/STM32F1xx_HAL_Driver/Src/stm32f1xx_hal_tim.o
                0x0000000008001fb0                TIM_Base_SetConfig
 .text.TIM_TI1_ConfigInputStage
                0x00000000080020a4       0x5c Drivers/STM32F1xx_HAL_Driver/Src/stm32f1xx_hal_tim.o
 .text.TIM_TI2_ConfigInputStage
                0x0000000008002100       0x5e Drivers/STM32F1xx_HAL_Driver/Src/stm32f1xx_hal_tim.o
 .text.TIM_ITRx_SetConfig
                0x000000000800215e       0x34 Drivers/STM32F1xx_HAL_Driver/Src/stm32f1xx_hal_tim.o
 .text.TIM_ETR_SetConfig
                0x0000000008002192       0x3e Drivers/STM32F1xx_HAL_Driver/Src/stm32f1xx_hal_tim.o
                0x0000000008002192                TIM_ETR_SetConfig
 .text.HAL_TIMEx_MasterConfigSynchronization
                0x00000000080021d0       0xd8 Drivers/STM32F1xx_HAL_Driver/Src/stm32f1xx_hal_tim_ex.o
                0x00000000080021d0                HAL_TIMEx_MasterConfigSynchronization
 .text.HAL_TIMEx_CommutCallback
                0x00000000080022a8       0x12 Drivers/STM32F1xx_HAL_Driver/Src/stm32f1xx_hal_tim_ex.o
                0x00000000080022a8                HAL_TIMEx_CommutCallback
 .text.HAL_TIMEx_BreakCallback
                0x00000000080022ba       0x12 Drivers/STM32F1xx_HAL_Driver/Src/stm32f1xx_hal_tim_ex.o
                0x00000000080022ba                HAL_TIMEx_BreakCallback
 .text._ZN8RCSwitchC2Ev
                0x00000000080022cc       0x58 Libraries/RCSwitch/RCSwitch.o
                0x00000000080022cc                RCSwitch::RCSwitch()
                0x00000000080022cc                RCSwitch::RCSwitch()
 .text._ZN8RCSwitch11setProtocolEi
                0x0000000008002324       0x44 Libraries/RCSwitch/RCSwitch.o
                0x0000000008002324                RCSwitch::setProtocol(int)
 .text._ZN8RCSwitch17setRepeatTransmitEi
                0x0000000008002368       0x1a Libraries/RCSwitch/RCSwitch.o
                0x0000000008002368                RCSwitch::setRepeatTransmit(int)
 *fill*         0x0000000008002382        0x2 
 .text._ZN8RCSwitch19setReceiveToleranceEi
                0x0000000008002384       0x20 Libraries/RCSwitch/RCSwitch.o
                0x0000000008002384                RCSwitch::setReceiveTolerance(int)
 .text._ZN8RCSwitch13enableReceiveEi
                0x00000000080023a4       0x1e Libraries/RCSwitch/RCSwitch.o
                0x00000000080023a4                RCSwitch::enableReceive(int)
 *fill*         0x00000000080023c2        0x2 
 .text._ZN8RCSwitch13enableReceiveEv
                0x00000000080023c4       0x30 Libraries/RCSwitch/RCSwitch.o
                0x00000000080023c4                RCSwitch::enableReceive()
 .text._ZN8RCSwitch9availableEv
                0x00000000080023f4       0x24 Libraries/RCSwitch/RCSwitch.o
                0x00000000080023f4                RCSwitch::available()
 .text._ZN8RCSwitch14resetAvailableEv
                0x0000000008002418       0x1c Libraries/RCSwitch/RCSwitch.o
                0x0000000008002418                RCSwitch::resetAvailable()
 .text._ZN8RCSwitch16getReceivedValueEv
                0x0000000008002434       0x1c Libraries/RCSwitch/RCSwitch.o
                0x0000000008002434                RCSwitch::getReceivedValue()
 .text._ZL4diffii
                0x0000000008002450       0x20 Libraries/RCSwitch/RCSwitch.o
 .text._ZN8RCSwitch15receiveProtocolEij
                0x0000000008002470      0x184 Libraries/RCSwitch/RCSwitch.o
                0x0000000008002470                RCSwitch::receiveProtocol(int, unsigned int)
 .text._ZN8RCSwitch15handleInterruptEv
                0x00000000080025f4       0xe8 Libraries/RCSwitch/RCSwitch.o
                0x00000000080025f4                RCSwitch::handleInterrupt()
 .text._ZN10STM32FlashC2Ev
                0x00000000080026dc       0x20 Libraries/flash/STM32Flash.o
                0x00000000080026dc                STM32Flash::STM32Flash()
                0x00000000080026dc                STM32Flash::STM32Flash()
 .text._ZN10STM32FlashD2Ev
                0x00000000080026fc       0x20 Libraries/flash/STM32Flash.o
                0x00000000080026fc                STM32Flash::~STM32Flash()
                0x00000000080026fc                STM32Flash::~STM32Flash()
 .text._ZN10STM32FlashD0Ev
                0x000000000800271c       0x20 Libraries/flash/STM32Flash.o
                0x000000000800271c                STM32Flash::~STM32Flash()
 .text._ZN10STM32Flash11flashUnlockEv
                0x000000000800273c       0x14 Libraries/flash/STM32Flash.o
                0x000000000800273c                STM32Flash::flashUnlock()
 .text._ZN10STM32Flash10flashEraseEm
                0x0000000008002750       0x84 Libraries/flash/STM32Flash.o
                0x0000000008002750                STM32Flash::flashErase(unsigned long)
 .text._ZN9PrintableD2Ev
                0x00000000080027d4       0x20 Libraries/mbed/IPAddress.o
                0x00000000080027d4                Printable::~Printable()
                0x00000000080027d4                Printable::~Printable()
 .text._ZN9PrintableD0Ev
                0x00000000080027f4       0x20 Libraries/mbed/IPAddress.o
                0x00000000080027f4                Printable::~Printable()
 .text._ZN9IPAddressD2Ev
                0x0000000008002814       0x24 Libraries/mbed/IPAddress.o
                0x0000000008002814                IPAddress::~IPAddress()
                0x0000000008002814                IPAddress::~IPAddress()
 .text._ZN9IPAddressD0Ev
                0x0000000008002838       0x20 Libraries/mbed/IPAddress.o
                0x0000000008002838                IPAddress::~IPAddress()
 .text._ZN9PrintableC2Ev
                0x0000000008002858       0x20 Libraries/mbed/IPAddress.o
                0x0000000008002858                Printable::Printable()
                0x0000000008002858                Printable::Printable()
 .text._ZN9IPAddressC2Ehhhh
                0x0000000008002878       0x50 Libraries/mbed/IPAddress.o
                0x0000000008002878                IPAddress::IPAddress(unsigned char, unsigned char, unsigned char, unsigned char)
                0x0000000008002878                IPAddress::IPAddress(unsigned char, unsigned char, unsigned char, unsigned char)
 .text._ZNK9IPAddress7printToER5Print
                0x00000000080028c8       0x6c Libraries/mbed/IPAddress.o
                0x00000000080028c8                IPAddress::printTo(Print&) const
 .text._Z41__static_initialization_and_destruction_0ii
                0x0000000008002934       0x4c Libraries/mbed/IPAddress.o
 .text._GLOBAL__sub_I__ZN9IPAddressC2Ev
                0x0000000008002980       0x10 Libraries/mbed/IPAddress.o
 .text._GLOBAL__sub_D__ZN9IPAddressC2Ev
                0x0000000008002990       0x10 Libraries/mbed/IPAddress.o
 .text._ZN5Print5writeEPKc
                0x00000000080029a0       0x38 Libraries/mbed/Print.o
                0x00000000080029a0                Print::write(char const*)
 .text._ZN5Print5printEc
                0x00000000080029d8       0x24 Libraries/mbed/Print.o
                0x00000000080029d8                Print::print(char)
 .text._ZN5Print5printEhi
                0x00000000080029fc       0x24 Libraries/mbed/Print.o
                0x00000000080029fc                Print::print(unsigned char, int)
 .text._ZN5Print5printEmi
                0x0000000008002a20       0x40 Libraries/mbed/Print.o
                0x0000000008002a20                Print::print(unsigned long, int)
 .text._ZN5Print11printNumberEmh
                0x0000000008002a60       0x80 Libraries/mbed/Print.o
                0x0000000008002a60                Print::printNumber(unsigned long, unsigned char)
 .text._ZN7UtilityC2Ev
                0x0000000008002ae0       0x20 Libraries/utility/utility.o
                0x0000000008002ae0                Utility::Utility()
                0x0000000008002ae0                Utility::Utility()
 .text._ZN7UtilityD2Ev
                0x0000000008002b00       0x20 Libraries/utility/utility.o
                0x0000000008002b00                Utility::~Utility()
                0x0000000008002b00                Utility::~Utility()
 .text._ZN7UtilityD0Ev
                0x0000000008002b20       0x20 Libraries/utility/utility.o
                0x0000000008002b20                Utility::~Utility()
 .text._ZN7Utility9delayInitEv
                0x0000000008002b40       0x34 Libraries/utility/utility.o
                0x0000000008002b40                Utility::delayInit()
 .text._ZN7Utility6microsEv
                0x0000000008002b74       0x34 Libraries/utility/utility.o
                0x0000000008002b74                Utility::micros()
 .text._ZdlPvj  0x0000000008002ba8        0x4 c:/st/stm32cubeide_1.6.0/stm32cubeide/plugins/com.st.stm32cube.ide.mcu.externaltools.gnu-tools-for-stm32.9-2020-q2-update.win32_1.5.0.202011040924/tools/bin/../lib/gcc/arm-none-eabi/9.3.1/../../../../arm-none-eabi/lib/thumb/v7-m/nofp\libstdc++_nano.a(del_ops.o)
                0x0000000008002ba8                operator delete(void*, unsigned int)
 .text.__cxa_pure_virtual
                0x0000000008002bac        0x6 c:/st/stm32cubeide_1.6.0/stm32cubeide/plugins/com.st.stm32cube.ide.mcu.externaltools.gnu-tools-for-stm32.9-2020-q2-update.win32_1.5.0.202011040924/tools/bin/../lib/gcc/arm-none-eabi/9.3.1/../../../../arm-none-eabi/lib/thumb/v7-m/nofp\libstdc++_nano.a(pure.o)
                0x0000000008002bac                __cxa_pure_virtual
 .text._ZdlPv   0x0000000008002bb2        0x4 c:/st/stm32cubeide_1.6.0/stm32cubeide/plugins/com.st.stm32cube.ide.mcu.externaltools.gnu-tools-for-stm32.9-2020-q2-update.win32_1.5.0.202011040924/tools/bin/../lib/gcc/arm-none-eabi/9.3.1/../../../../arm-none-eabi/lib/thumb/v7-m/nofp\libstdc++_nano.a(del_op.o)
                0x0000000008002bb2                operator delete(void*)
 .text._ZN10__cxxabiv111__terminateEPFvvE
                0x0000000008002bb6        0x8 c:/st/stm32cubeide_1.6.0/stm32cubeide/plugins/com.st.stm32cube.ide.mcu.externaltools.gnu-tools-for-stm32.9-2020-q2-update.win32_1.5.0.202011040924/tools/bin/../lib/gcc/arm-none-eabi/9.3.1/../../../../arm-none-eabi/lib/thumb/v7-m/nofp\libstdc++_nano.a(eh_terminate.o)
                0x0000000008002bb6                __cxxabiv1::__terminate(void (*)())
 *fill*         0x0000000008002bbe        0x2 
 .text._ZSt13get_terminatev
                0x0000000008002bc0       0x10 c:/st/stm32cubeide_1.6.0/stm32cubeide/plugins/com.st.stm32cube.ide.mcu.externaltools.gnu-tools-for-stm32.9-2020-q2-update.win32_1.5.0.202011040924/tools/bin/../lib/gcc/arm-none-eabi/9.3.1/../../../../arm-none-eabi/lib/thumb/v7-m/nofp\libstdc++_nano.a(eh_terminate.o)
                0x0000000008002bc0                std::get_terminate()
 .text._ZSt9terminatev
                0x0000000008002bd0        0xa c:/st/stm32cubeide_1.6.0/stm32cubeide/plugins/com.st.stm32cube.ide.mcu.externaltools.gnu-tools-for-stm32.9-2020-q2-update.win32_1.5.0.202011040924/tools/bin/../lib/gcc/arm-none-eabi/9.3.1/../../../../arm-none-eabi/lib/thumb/v7-m/nofp\libstdc++_nano.a(eh_terminate.o)
                0x0000000008002bd0                std::terminate()
 .text.abort    0x0000000008002bda        0xe c:/st/stm32cubeide_1.6.0/stm32cubeide/plugins/com.st.stm32cube.ide.mcu.externaltools.gnu-tools-for-stm32.9-2020-q2-update.win32_1.5.0.202011040924/tools/bin/../lib/gcc/arm-none-eabi/9.3.1/../../../../arm-none-eabi/lib/thumb/v7-m/nofp\libc_nano.a(lib_a-abort.o)
                0x0000000008002bda                abort
 .text.__errno  0x0000000008002be8        0xc c:/st/stm32cubeide_1.6.0/stm32cubeide/plugins/com.st.stm32cube.ide.mcu.externaltools.gnu-tools-for-stm32.9-2020-q2-update.win32_1.5.0.202011040924/tools/bin/../lib/gcc/arm-none-eabi/9.3.1/../../../../arm-none-eabi/lib/thumb/v7-m/nofp\libc_nano.a(lib_a-errno.o)
                0x0000000008002be8                __errno
 .text.__libc_init_array
                0x0000000008002bf4       0x48 c:/st/stm32cubeide_1.6.0/stm32cubeide/plugins/com.st.stm32cube.ide.mcu.externaltools.gnu-tools-for-stm32.9-2020-q2-update.win32_1.5.0.202011040924/tools/bin/../lib/gcc/arm-none-eabi/9.3.1/../../../../arm-none-eabi/lib/thumb/v7-m/nofp\libc_nano.a(lib_a-init.o)
                0x0000000008002bf4                __libc_init_array
 .text.free     0x0000000008002c3c       0x10 c:/st/stm32cubeide_1.6.0/stm32cubeide/plugins/com.st.stm32cube.ide.mcu.externaltools.gnu-tools-for-stm32.9-2020-q2-update.win32_1.5.0.202011040924/tools/bin/../lib/gcc/arm-none-eabi/9.3.1/../../../../arm-none-eabi/lib/thumb/v7-m/nofp\libc_nano.a(lib_a-malloc.o)
                0x0000000008002c3c                free
 .text.memcpy   0x0000000008002c4c       0x1c c:/st/stm32cubeide_1.6.0/stm32cubeide/plugins/com.st.stm32cube.ide.mcu.externaltools.gnu-tools-for-stm32.9-2020-q2-update.win32_1.5.0.202011040924/tools/bin/../lib/gcc/arm-none-eabi/9.3.1/../../../../arm-none-eabi/lib/thumb/v7-m/nofp\libc_nano.a(lib_a-memcpy-stub.o)
                0x0000000008002c4c                memcpy
 .text.memset   0x0000000008002c68       0x10 c:/st/stm32cubeide_1.6.0/stm32cubeide/plugins/com.st.stm32cube.ide.mcu.externaltools.gnu-tools-for-stm32.9-2020-q2-update.win32_1.5.0.202011040924/tools/bin/../lib/gcc/arm-none-eabi/9.3.1/../../../../arm-none-eabi/lib/thumb/v7-m/nofp\libc_nano.a(lib_a-memset.o)
                0x0000000008002c68                memset
 .text._free_r  0x0000000008002c78       0x98 c:/st/stm32cubeide_1.6.0/stm32cubeide/plugins/com.st.stm32cube.ide.mcu.externaltools.gnu-tools-for-stm32.9-2020-q2-update.win32_1.5.0.202011040924/tools/bin/../lib/gcc/arm-none-eabi/9.3.1/../../../../arm-none-eabi/lib/thumb/v7-m/nofp\libc_nano.a(lib_a-nano-freer.o)
                0x0000000008002c78                _free_r
 .text._raise_r
                0x0000000008002d10       0x50 c:/st/stm32cubeide_1.6.0/stm32cubeide/plugins/com.st.stm32cube.ide.mcu.externaltools.gnu-tools-for-stm32.9-2020-q2-update.win32_1.5.0.202011040924/tools/bin/../lib/gcc/arm-none-eabi/9.3.1/../../../../arm-none-eabi/lib/thumb/v7-m/nofp\libc_nano.a(lib_a-signal.o)
                0x0000000008002d10                _raise_r
 .text.raise    0x0000000008002d60       0x10 c:/st/stm32cubeide_1.6.0/stm32cubeide/plugins/com.st.stm32cube.ide.mcu.externaltools.gnu-tools-for-stm32.9-2020-q2-update.win32_1.5.0.202011040924/tools/bin/../lib/gcc/arm-none-eabi/9.3.1/../../../../arm-none-eabi/lib/thumb/v7-m/nofp\libc_nano.a(lib_a-signal.o)
                0x0000000008002d60                raise
 .text._kill_r  0x0000000008002d70       0x24 c:/st/stm32cubeide_1.6.0/stm32cubeide/plugins/com.st.stm32cube.ide.mcu.externaltools.gnu-tools-for-stm32.9-2020-q2-update.win32_1.5.0.202011040924/tools/bin/../lib/gcc/arm-none-eabi/9.3.1/../../../../arm-none-eabi/lib/thumb/v7-m/nofp\libc_nano.a(lib_a-signalr.o)
                0x0000000008002d70                _kill_r
 .text._getpid_r
                0x0000000008002d94        0x4 c:/st/stm32cubeide_1.6.0/stm32cubeide/plugins/com.st.stm32cube.ide.mcu.externaltools.gnu-tools-for-stm32.9-2020-q2-update.win32_1.5.0.202011040924/tools/bin/../lib/gcc/arm-none-eabi/9.3.1/../../../../arm-none-eabi/lib/thumb/v7-m/nofp\libc_nano.a(lib_a-signalr.o)
                0x0000000008002d94                _getpid_r
 .text.__malloc_lock
                0x0000000008002d98        0xc c:/st/stm32cubeide_1.6.0/stm32cubeide/plugins/com.st.stm32cube.ide.mcu.externaltools.gnu-tools-for-stm32.9-2020-q2-update.win32_1.5.0.202011040924/tools/bin/../lib/gcc/arm-none-eabi/9.3.1/../../../../arm-none-eabi/lib/thumb/v7-m/nofp\libc_nano.a(lib_a-mlock.o)
                0x0000000008002d98                __malloc_lock
 .text.__malloc_unlock
                0x0000000008002da4        0xc c:/st/stm32cubeide_1.6.0/stm32cubeide/plugins/com.st.stm32cube.ide.mcu.externaltools.gnu-tools-for-stm32.9-2020-q2-update.win32_1.5.0.202011040924/tools/bin/../lib/gcc/arm-none-eabi/9.3.1/../../../../arm-none-eabi/lib/thumb/v7-m/nofp\libc_nano.a(lib_a-mlock.o)
                0x0000000008002da4                __malloc_unlock
 .text.__retarget_lock_acquire_recursive
                0x0000000008002db0        0x2 c:/st/stm32cubeide_1.6.0/stm32cubeide/plugins/com.st.stm32cube.ide.mcu.externaltools.gnu-tools-for-stm32.9-2020-q2-update.win32_1.5.0.202011040924/tools/bin/../lib/gcc/arm-none-eabi/9.3.1/../../../../arm-none-eabi/lib/thumb/v7-m/nofp\libc_nano.a(lib_a-lock.o)
                0x0000000008002db0                __retarget_lock_acquire_recursive
 .text.__retarget_lock_release_recursive
                0x0000000008002db2        0x2 c:/st/stm32cubeide_1.6.0/stm32cubeide/plugins/com.st.stm32cube.ide.mcu.externaltools.gnu-tools-for-stm32.9-2020-q2-update.win32_1.5.0.202011040924/tools/bin/../lib/gcc/arm-none-eabi/9.3.1/../../../../arm-none-eabi/lib/thumb/v7-m/nofp\libc_nano.a(lib_a-lock.o)
                0x0000000008002db2                __retarget_lock_release_recursive
 *(.glue_7)
 .glue_7        0x0000000008002db4        0x0 linker stubs
 *(.glue_7t)
 .glue_7t       0x0000000008002db4        0x0 linker stubs
 *(.eh_frame)
 .eh_frame      0x0000000008002db4        0x0 c:/st/stm32cubeide_1.6.0/stm32cubeide/plugins/com.st.stm32cube.ide.mcu.externaltools.gnu-tools-for-stm32.9-2020-q2-update.win32_1.5.0.202011040924/tools/bin/../lib/gcc/arm-none-eabi/9.3.1/thumb/v7-m/nofp/crtbegin.o
 *(.init)
 .init          0x0000000008002db4        0x4 c:/st/stm32cubeide_1.6.0/stm32cubeide/plugins/com.st.stm32cube.ide.mcu.externaltools.gnu-tools-for-stm32.9-2020-q2-update.win32_1.5.0.202011040924/tools/bin/../lib/gcc/arm-none-eabi/9.3.1/thumb/v7-m/nofp/crti.o
                0x0000000008002db4                _init
 .init          0x0000000008002db8        0x8 c:/st/stm32cubeide_1.6.0/stm32cubeide/plugins/com.st.stm32cube.ide.mcu.externaltools.gnu-tools-for-stm32.9-2020-q2-update.win32_1.5.0.202011040924/tools/bin/../lib/gcc/arm-none-eabi/9.3.1/thumb/v7-m/nofp/crtn.o
 *(.fini)
 .fini          0x0000000008002dc0        0x4 c:/st/stm32cubeide_1.6.0/stm32cubeide/plugins/com.st.stm32cube.ide.mcu.externaltools.gnu-tools-for-stm32.9-2020-q2-update.win32_1.5.0.202011040924/tools/bin/../lib/gcc/arm-none-eabi/9.3.1/thumb/v7-m/nofp/crti.o
                0x0000000008002dc0                _fini
 .fini          0x0000000008002dc4        0x8 c:/st/stm32cubeide_1.6.0/stm32cubeide/plugins/com.st.stm32cube.ide.mcu.externaltools.gnu-tools-for-stm32.9-2020-q2-update.win32_1.5.0.202011040924/tools/bin/../lib/gcc/arm-none-eabi/9.3.1/thumb/v7-m/nofp/crtn.o
                0x0000000008002dcc                . = ALIGN (0x4)
                0x0000000008002dcc                _etext = .

.vfp11_veneer   0x0000000008002dcc        0x0
 .vfp11_veneer  0x0000000008002dcc        0x0 linker stubs

.v4_bx          0x0000000008002dcc        0x0
 .v4_bx         0x0000000008002dcc        0x0 linker stubs

.iplt           0x0000000008002dcc        0x0
 .iplt          0x0000000008002dcc        0x0 c:/st/stm32cubeide_1.6.0/stm32cubeide/plugins/com.st.stm32cube.ide.mcu.externaltools.gnu-tools-for-stm32.9-2020-q2-update.win32_1.5.0.202011040924/tools/bin/../lib/gcc/arm-none-eabi/9.3.1/thumb/v7-m/nofp/crtbegin.o

.rodata         0x0000000008002dcc      0x150
                0x0000000008002dcc                . = ALIGN (0x4)
 *(.rodata)
 .rodata        0x0000000008002dcc       0x10 Drivers/STM32F1xx_HAL_Driver/Src/stm32f1xx_hal_rcc.o
 *(.rodata*)
 .rodata._ZTV8RCSwitch
                0x0000000008002ddc       0x10 Core/Src/main.o
                0x0000000008002ddc                vtable for RCSwitch
 .rodata.AHBPrescTable
                0x0000000008002dec       0x10 Core/Src/system_stm32f1xx.o
                0x0000000008002dec                AHBPrescTable
 .rodata._ZL5proto
                0x0000000008002dfc       0x78 Libraries/RCSwitch/RCSwitch.o
 .rodata._ZTV10STM32Flash
                0x0000000008002e74       0x10 Libraries/flash/STM32Flash.o
                0x0000000008002e74                vtable for STM32Flash
 .rodata._ZTV9IPAddress
                0x0000000008002e84       0x14 Libraries/mbed/IPAddress.o
                0x0000000008002e84                vtable for IPAddress
 .rodata._ZTV9Printable
                0x0000000008002e98       0x14 Libraries/mbed/IPAddress.o
                0x0000000008002e98                vtable for Printable
 .rodata._ZTV7Utility
                0x0000000008002eac       0x10 Libraries/utility/utility.o
                0x0000000008002eac                vtable for Utility
 .rodata.__sf_fake_stderr
                0x0000000008002ebc       0x20 c:/st/stm32cubeide_1.6.0/stm32cubeide/plugins/com.st.stm32cube.ide.mcu.externaltools.gnu-tools-for-stm32.9-2020-q2-update.win32_1.5.0.202011040924/tools/bin/../lib/gcc/arm-none-eabi/9.3.1/../../../../arm-none-eabi/lib/thumb/v7-m/nofp\libc_nano.a(lib_a-findfp.o)
                0x0000000008002ebc                __sf_fake_stderr
 .rodata.__sf_fake_stdin
                0x0000000008002edc       0x20 c:/st/stm32cubeide_1.6.0/stm32cubeide/plugins/com.st.stm32cube.ide.mcu.externaltools.gnu-tools-for-stm32.9-2020-q2-update.win32_1.5.0.202011040924/tools/bin/../lib/gcc/arm-none-eabi/9.3.1/../../../../arm-none-eabi/lib/thumb/v7-m/nofp\libc_nano.a(lib_a-findfp.o)
                0x0000000008002edc                __sf_fake_stdin
 .rodata.__sf_fake_stdout
                0x0000000008002efc       0x20 c:/st/stm32cubeide_1.6.0/stm32cubeide/plugins/com.st.stm32cube.ide.mcu.externaltools.gnu-tools-for-stm32.9-2020-q2-update.win32_1.5.0.202011040924/tools/bin/../lib/gcc/arm-none-eabi/9.3.1/../../../../arm-none-eabi/lib/thumb/v7-m/nofp\libc_nano.a(lib_a-findfp.o)
                0x0000000008002efc                __sf_fake_stdout
                0x0000000008002f1c                . = ALIGN (0x4)

.rel.dyn        0x0000000008002f1c        0x0
 .rel.iplt      0x0000000008002f1c        0x0 c:/st/stm32cubeide_1.6.0/stm32cubeide/plugins/com.st.stm32cube.ide.mcu.externaltools.gnu-tools-for-stm32.9-2020-q2-update.win32_1.5.0.202011040924/tools/bin/../lib/gcc/arm-none-eabi/9.3.1/thumb/v7-m/nofp/crtbegin.o

.ARM.extab      0x0000000008002f1c        0x0
                0x0000000008002f1c                . = ALIGN (0x4)
 *(.ARM.extab* .gnu.linkonce.armextab.*)
                0x0000000008002f1c                . = ALIGN (0x4)

.ARM            0x0000000008002f1c        0x0
                0x0000000008002f1c                . = ALIGN (0x4)
                0x0000000008002f1c                __exidx_start = .
 *(.ARM.exidx*)
                0x0000000008002f1c                __exidx_end = .
                0x0000000008002f1c                . = ALIGN (0x4)

.preinit_array  0x0000000008002f1c        0x0
                0x0000000008002f1c                . = ALIGN (0x4)
                0x0000000008002f1c                PROVIDE (__preinit_array_start = .)
 *(.preinit_array*)
                0x0000000008002f1c                PROVIDE (__preinit_array_end = .)
                0x0000000008002f1c                . = ALIGN (0x4)

.init_array     0x0000000008002f1c        0xc
                0x0000000008002f1c                . = ALIGN (0x4)
                0x0000000008002f1c                PROVIDE (__init_array_start = .)
 *(SORT_BY_NAME(.init_array.*))
 *(.init_array*)
 .init_array    0x0000000008002f1c        0x4 c:/st/stm32cubeide_1.6.0/stm32cubeide/plugins/com.st.stm32cube.ide.mcu.externaltools.gnu-tools-for-stm32.9-2020-q2-update.win32_1.5.0.202011040924/tools/bin/../lib/gcc/arm-none-eabi/9.3.1/thumb/v7-m/nofp/crtbegin.o
 .init_array    0x0000000008002f20        0x4 Core/Src/main.o
 .init_array    0x0000000008002f24        0x4 Libraries/mbed/IPAddress.o
                0x0000000008002f28                PROVIDE (__init_array_end = .)
                0x0000000008002f28                . = ALIGN (0x4)

.fini_array     0x0000000008002f28        0xc
                0x0000000008002f28                . = ALIGN (0x4)
                [!provide]                        PROVIDE (__fini_array_start = .)
 *(SORT_BY_NAME(.fini_array.*))
 *(.fini_array*)
 .fini_array    0x0000000008002f28        0x4 c:/st/stm32cubeide_1.6.0/stm32cubeide/plugins/com.st.stm32cube.ide.mcu.externaltools.gnu-tools-for-stm32.9-2020-q2-update.win32_1.5.0.202011040924/tools/bin/../lib/gcc/arm-none-eabi/9.3.1/thumb/v7-m/nofp/crtbegin.o
 .fini_array    0x0000000008002f2c        0x4 Core/Src/main.o
 .fini_array    0x0000000008002f30        0x4 Libraries/mbed/IPAddress.o
                [!provide]                        PROVIDE (__fini_array_end = .)
                0x0000000008002f34                . = ALIGN (0x4)
                0x0000000008002f34                _sidata = LOADADDR (.data)

.data           0x0000000020000000       0x78 load address 0x0000000008002f34
                0x0000000020000000                . = ALIGN (0x4)
                0x0000000020000000                _sdata = .
 *(.data)
 *(.data*)
 .data.SystemCoreClock
                0x0000000020000000        0x4 Core/Src/system_stm32f1xx.o
                0x0000000020000000                SystemCoreClock
 .data.uwTickPrio
                0x0000000020000004        0x4 Drivers/STM32F1xx_HAL_Driver/Src/stm32f1xx_hal.o
                0x0000000020000004                uwTickPrio
 .data.uwTickFreq
                0x0000000020000008        0x1 Drivers/STM32F1xx_HAL_Driver/Src/stm32f1xx_hal.o
                0x0000000020000008                uwTickFreq
 *fill*         0x0000000020000009        0x3 
 .data._ZN8RCSwitch17nReceiveToleranceE
                0x000000002000000c        0x4 Libraries/RCSwitch/RCSwitch.o
                0x000000002000000c                RCSwitch::nReceiveTolerance
 .data._ZN10__cxxabiv119__terminate_handlerE
                0x0000000020000010        0x4 c:/st/stm32cubeide_1.6.0/stm32cubeide/plugins/com.st.stm32cube.ide.mcu.externaltools.gnu-tools-for-stm32.9-2020-q2-update.win32_1.5.0.202011040924/tools/bin/../lib/gcc/arm-none-eabi/9.3.1/../../../../arm-none-eabi/lib/thumb/v7-m/nofp\libstdc++_nano.a(eh_term_handler.o)
                0x0000000020000010                __cxxabiv1::__terminate_handler
 .data._impure_ptr
                0x0000000020000014        0x4 c:/st/stm32cubeide_1.6.0/stm32cubeide/plugins/com.st.stm32cube.ide.mcu.externaltools.gnu-tools-for-stm32.9-2020-q2-update.win32_1.5.0.202011040924/tools/bin/../lib/gcc/arm-none-eabi/9.3.1/../../../../arm-none-eabi/lib/thumb/v7-m/nofp\libc_nano.a(lib_a-impure.o)
                0x0000000020000014                _impure_ptr
 .data.impure_data
                0x0000000020000018       0x60 c:/st/stm32cubeide_1.6.0/stm32cubeide/plugins/com.st.stm32cube.ide.mcu.externaltools.gnu-tools-for-stm32.9-2020-q2-update.win32_1.5.0.202011040924/tools/bin/../lib/gcc/arm-none-eabi/9.3.1/../../../../arm-none-eabi/lib/thumb/v7-m/nofp\libc_nano.a(lib_a-impure.o)
 *(.RamFunc)
 *(.RamFunc*)
                0x0000000020000078                . = ALIGN (0x4)
                0x0000000020000078                _edata = .

.igot.plt       0x0000000020000078        0x0 load address 0x0000000008002fac
 .igot.plt      0x0000000020000078        0x0 c:/st/stm32cubeide_1.6.0/stm32cubeide/plugins/com.st.stm32cube.ide.mcu.externaltools.gnu-tools-for-stm32.9-2020-q2-update.win32_1.5.0.202011040924/tools/bin/../lib/gcc/arm-none-eabi/9.3.1/thumb/v7-m/nofp/crtbegin.o
                0x0000000020000078                . = ALIGN (0x4)

.bss            0x0000000020000078      0x1f8 load address 0x0000000008002fac
                0x0000000020000078                _sbss = .
                0x0000000020000078                __bss_start__ = _sbss
 *(.bss)
 .bss           0x0000000020000078       0x1c c:/st/stm32cubeide_1.6.0/stm32cubeide/plugins/com.st.stm32cube.ide.mcu.externaltools.gnu-tools-for-stm32.9-2020-q2-update.win32_1.5.0.202011040924/tools/bin/../lib/gcc/arm-none-eabi/9.3.1/thumb/v7-m/nofp/crtbegin.o
 *(.bss*)
 .bss.htim1     0x0000000020000094       0x48 Core/Src/main.o
                0x0000000020000094                htim1
 .bss.mySwitch  0x00000000200000dc       0x1c Core/Src/main.o
                0x00000000200000dc                mySwitch
 .bss.flash     0x00000000200000f8        0x4 Core/Src/main.o
                0x00000000200000f8                flash
 .bss.sysTickUptime
                0x00000000200000fc        0x4 Core/Src/stm32f1xx_it.o
                0x00000000200000fc                sysTickUptime
 .bss.Tim1TickUptime
                0x0000000020000100        0x4 Core/Src/stm32f1xx_it.o
                0x0000000020000100                Tim1TickUptime
 .bss._ZN8RCSwitch14nReceivedValueE
                0x0000000020000104        0x4 Libraries/RCSwitch/RCSwitch.o
                0x0000000020000104                RCSwitch::nReceivedValue
 .bss._ZN8RCSwitch18nReceivedBitlengthE
                0x0000000020000108        0x4 Libraries/RCSwitch/RCSwitch.o
                0x0000000020000108                RCSwitch::nReceivedBitlength
 .bss._ZN8RCSwitch14nReceivedDelayE
                0x000000002000010c        0x4 Libraries/RCSwitch/RCSwitch.o
                0x000000002000010c                RCSwitch::nReceivedDelay
 .bss._ZN8RCSwitch17nReceivedProtocolE
                0x0000000020000110        0x4 Libraries/RCSwitch/RCSwitch.o
                0x0000000020000110                RCSwitch::nReceivedProtocol
 .bss._ZN8RCSwitch7timingsE
                0x0000000020000114      0x10c Libraries/RCSwitch/RCSwitch.o
                0x0000000020000114                RCSwitch::timings
 .bss._ZZN8RCSwitch15handleInterruptEvE11changeCount
                0x0000000020000220        0x4 Libraries/RCSwitch/RCSwitch.o
 .bss._ZZN8RCSwitch15handleInterruptEvE8lastTime
                0x0000000020000224        0x4 Libraries/RCSwitch/RCSwitch.o
 .bss._ZZN8RCSwitch15handleInterruptEvE11repeatCount
                0x0000000020000228        0x4 Libraries/RCSwitch/RCSwitch.o
 .bss._ZL11INADDR_NONE
                0x000000002000022c        0x8 Libraries/mbed/IPAddress.o
 .bss.__malloc_free_list
                0x0000000020000234        0x4 c:/st/stm32cubeide_1.6.0/stm32cubeide/plugins/com.st.stm32cube.ide.mcu.externaltools.gnu-tools-for-stm32.9-2020-q2-update.win32_1.5.0.202011040924/tools/bin/../lib/gcc/arm-none-eabi/9.3.1/../../../../arm-none-eabi/lib/thumb/v7-m/nofp\libc_nano.a(lib_a-nano-mallocr.o)
                0x0000000020000234                __malloc_free_list
 *(COMMON)
 COMMON         0x0000000020000238        0x4 Drivers/STM32F1xx_HAL_Driver/Src/stm32f1xx_hal.o
                0x0000000020000238                uwTick
 *fill*         0x000000002000023c        0x4 
 COMMON         0x0000000020000240       0x20 Drivers/STM32F1xx_HAL_Driver/Src/stm32f1xx_hal_flash.o
                0x0000000020000240                pFlash
 COMMON         0x0000000020000260        0x4 c:/st/stm32cubeide_1.6.0/stm32cubeide/plugins/com.st.stm32cube.ide.mcu.externaltools.gnu-tools-for-stm32.9-2020-q2-update.win32_1.5.0.202011040924/tools/bin/../lib/gcc/arm-none-eabi/9.3.1/../../../../arm-none-eabi/lib/thumb/v7-m/nofp\libc_nano.a(lib_a-reent.o)
                0x0000000020000260                errno
 COMMON         0x0000000020000264        0x9 c:/st/stm32cubeide_1.6.0/stm32cubeide/plugins/com.st.stm32cube.ide.mcu.externaltools.gnu-tools-for-stm32.9-2020-q2-update.win32_1.5.0.202011040924/tools/bin/../lib/gcc/arm-none-eabi/9.3.1/../../../../arm-none-eabi/lib/thumb/v7-m/nofp\libc_nano.a(lib_a-lock.o)
                0x0000000020000264                __lock___atexit_recursive_mutex
                0x0000000020000265                __lock___arc4random_mutex
                0x0000000020000266                __lock___env_recursive_mutex
                0x0000000020000267                __lock___sinit_recursive_mutex
                0x0000000020000268                __lock___malloc_recursive_mutex
                0x0000000020000269                __lock___at_quick_exit_mutex
                0x000000002000026a                __lock___dd_hash_mutex
                0x000000002000026b                __lock___tz_mutex
                0x000000002000026c                __lock___sfp_recursive_mutex
                0x0000000020000270                . = ALIGN (0x4)
 *fill*         0x000000002000026d        0x3 
                0x0000000020000270                _ebss = .
                0x0000000020000270                __bss_end__ = _ebss

._user_heap_stack
                0x0000000020000270      0x600 load address 0x0000000008002fac
                0x0000000020000270                . = ALIGN (0x8)
                [!provide]                        PROVIDE (end = .)
                0x0000000020000270                PROVIDE (_end = .)
                0x0000000020000470                . = (. + _Min_Heap_Size)
 *fill*         0x0000000020000270      0x200 
                0x0000000020000870                . = (. + _Min_Stack_Size)
 *fill*         0x0000000020000470      0x400 
                0x0000000020000870                . = ALIGN (0x8)

/DISCARD/
 libc.a(*)
 libm.a(*)
 libgcc.a(*)

.ARM.attributes
                0x0000000000000000       0x29
 *(.ARM.attributes)
 .ARM.attributes
                0x0000000000000000       0x1d c:/st/stm32cubeide_1.6.0/stm32cubeide/plugins/com.st.stm32cube.ide.mcu.externaltools.gnu-tools-for-stm32.9-2020-q2-update.win32_1.5.0.202011040924/tools/bin/../lib/gcc/arm-none-eabi/9.3.1/thumb/v7-m/nofp/crti.o
 .ARM.attributes
                0x000000000000001d       0x2d c:/st/stm32cubeide_1.6.0/stm32cubeide/plugins/com.st.stm32cube.ide.mcu.externaltools.gnu-tools-for-stm32.9-2020-q2-update.win32_1.5.0.202011040924/tools/bin/../lib/gcc/arm-none-eabi/9.3.1/thumb/v7-m/nofp/crtbegin.o
 .ARM.attributes
                0x000000000000004a       0x2d Core/Src/main.o
 .ARM.attributes
                0x0000000000000077       0x2d Core/Src/stm32f1xx_hal_msp.o
 .ARM.attributes
                0x00000000000000a4       0x2d Core/Src/stm32f1xx_it.o
 .ARM.attributes
                0x00000000000000d1       0x2d Core/Src/syscalls.o
 .ARM.attributes
                0x00000000000000fe       0x2d Core/Src/system_stm32f1xx.o
 .ARM.attributes
                0x000000000000012b       0x21 Core/Startup/startup_stm32f103rctx.o
 .ARM.attributes
                0x000000000000014c       0x2d Drivers/STM32F1xx_HAL_Driver/Src/stm32f1xx_hal.o
 .ARM.attributes
                0x0000000000000179       0x2d Drivers/STM32F1xx_HAL_Driver/Src/stm32f1xx_hal_cortex.o
 .ARM.attributes
                0x00000000000001a6       0x2d Drivers/STM32F1xx_HAL_Driver/Src/stm32f1xx_hal_flash.o
 .ARM.attributes
                0x00000000000001d3       0x2d Drivers/STM32F1xx_HAL_Driver/Src/stm32f1xx_hal_gpio.o
 .ARM.attributes
                0x0000000000000200       0x2d Drivers/STM32F1xx_HAL_Driver/Src/stm32f1xx_hal_rcc.o
 .ARM.attributes
                0x000000000000022d       0x2d Drivers/STM32F1xx_HAL_Driver/Src/stm32f1xx_hal_tim.o
 .ARM.attributes
                0x000000000000025a       0x2d Drivers/STM32F1xx_HAL_Driver/Src/stm32f1xx_hal_tim_ex.o
 .ARM.attributes
                0x0000000000000287       0x2d Libraries/RCSwitch/RCSwitch.o
 .ARM.attributes
                0x00000000000002b4       0x2d Libraries/flash/STM32Flash.o
 .ARM.attributes
                0x00000000000002e1       0x2d Libraries/mbed/IPAddress.o
 .ARM.attributes
                0x000000000000030e       0x2d Libraries/mbed/Print.o
 .ARM.attributes
                0x000000000000033b       0x2d Libraries/utility/utility.o
 .ARM.attributes
                0x0000000000000368       0x2d c:/st/stm32cubeide_1.6.0/stm32cubeide/plugins/com.st.stm32cube.ide.mcu.externaltools.gnu-tools-for-stm32.9-2020-q2-update.win32_1.5.0.202011040924/tools/bin/../lib/gcc/arm-none-eabi/9.3.1/../../../../arm-none-eabi/lib/thumb/v7-m/nofp\libstdc++_nano.a(del_ops.o)
 .ARM.attributes
                0x0000000000000395       0x2d c:/st/stm32cubeide_1.6.0/stm32cubeide/plugins/com.st.stm32cube.ide.mcu.externaltools.gnu-tools-for-stm32.9-2020-q2-update.win32_1.5.0.202011040924/tools/bin/../lib/gcc/arm-none-eabi/9.3.1/../../../../arm-none-eabi/lib/thumb/v7-m/nofp\libstdc++_nano.a(pure.o)
 .ARM.attributes
                0x00000000000003c2       0x2d c:/st/stm32cubeide_1.6.0/stm32cubeide/plugins/com.st.stm32cube.ide.mcu.externaltools.gnu-tools-for-stm32.9-2020-q2-update.win32_1.5.0.202011040924/tools/bin/../lib/gcc/arm-none-eabi/9.3.1/../../../../arm-none-eabi/lib/thumb/v7-m/nofp\libstdc++_nano.a(del_op.o)
 .ARM.attributes
                0x00000000000003ef       0x2d c:/st/stm32cubeide_1.6.0/stm32cubeide/plugins/com.st.stm32cube.ide.mcu.externaltools.gnu-tools-for-stm32.9-2020-q2-update.win32_1.5.0.202011040924/tools/bin/../lib/gcc/arm-none-eabi/9.3.1/../../../../arm-none-eabi/lib/thumb/v7-m/nofp\libstdc++_nano.a(eh_terminate.o)
 .ARM.attributes
                0x000000000000041c       0x2d c:/st/stm32cubeide_1.6.0/stm32cubeide/plugins/com.st.stm32cube.ide.mcu.externaltools.gnu-tools-for-stm32.9-2020-q2-update.win32_1.5.0.202011040924/tools/bin/../lib/gcc/arm-none-eabi/9.3.1/../../../../arm-none-eabi/lib/thumb/v7-m/nofp\libstdc++_nano.a(eh_term_handler.o)
 .ARM.attributes
                0x0000000000000449       0x2d c:/st/stm32cubeide_1.6.0/stm32cubeide/plugins/com.st.stm32cube.ide.mcu.externaltools.gnu-tools-for-stm32.9-2020-q2-update.win32_1.5.0.202011040924/tools/bin/../lib/gcc/arm-none-eabi/9.3.1/../../../../arm-none-eabi/lib/thumb/v7-m/nofp\libc_nano.a(lib_a-abort.o)
 .ARM.attributes
                0x0000000000000476       0x2d c:/st/stm32cubeide_1.6.0/stm32cubeide/plugins/com.st.stm32cube.ide.mcu.externaltools.gnu-tools-for-stm32.9-2020-q2-update.win32_1.5.0.202011040924/tools/bin/../lib/gcc/arm-none-eabi/9.3.1/../../../../arm-none-eabi/lib/thumb/v7-m/nofp\libc_nano.a(lib_a-errno.o)
 .ARM.attributes
                0x00000000000004a3       0x2d c:/st/stm32cubeide_1.6.0/stm32cubeide/plugins/com.st.stm32cube.ide.mcu.externaltools.gnu-tools-for-stm32.9-2020-q2-update.win32_1.5.0.202011040924/tools/bin/../lib/gcc/arm-none-eabi/9.3.1/../../../../arm-none-eabi/lib/thumb/v7-m/nofp\libc_nano.a(lib_a-impure.o)
 .ARM.attributes
                0x00000000000004d0       0x2d c:/st/stm32cubeide_1.6.0/stm32cubeide/plugins/com.st.stm32cube.ide.mcu.externaltools.gnu-tools-for-stm32.9-2020-q2-update.win32_1.5.0.202011040924/tools/bin/../lib/gcc/arm-none-eabi/9.3.1/../../../../arm-none-eabi/lib/thumb/v7-m/nofp\libc_nano.a(lib_a-init.o)
 .ARM.attributes
                0x00000000000004fd       0x2d c:/st/stm32cubeide_1.6.0/stm32cubeide/plugins/com.st.stm32cube.ide.mcu.externaltools.gnu-tools-for-stm32.9-2020-q2-update.win32_1.5.0.202011040924/tools/bin/../lib/gcc/arm-none-eabi/9.3.1/../../../../arm-none-eabi/lib/thumb/v7-m/nofp\libc_nano.a(lib_a-malloc.o)
 .ARM.attributes
                0x000000000000052a       0x2d c:/st/stm32cubeide_1.6.0/stm32cubeide/plugins/com.st.stm32cube.ide.mcu.externaltools.gnu-tools-for-stm32.9-2020-q2-update.win32_1.5.0.202011040924/tools/bin/../lib/gcc/arm-none-eabi/9.3.1/../../../../arm-none-eabi/lib/thumb/v7-m/nofp\libc_nano.a(lib_a-memcpy-stub.o)
 .ARM.attributes
                0x0000000000000557       0x2d c:/st/stm32cubeide_1.6.0/stm32cubeide/plugins/com.st.stm32cube.ide.mcu.externaltools.gnu-tools-for-stm32.9-2020-q2-update.win32_1.5.0.202011040924/tools/bin/../lib/gcc/arm-none-eabi/9.3.1/../../../../arm-none-eabi/lib/thumb/v7-m/nofp\libc_nano.a(lib_a-memset.o)
 .ARM.attributes
                0x0000000000000584       0x2d c:/st/stm32cubeide_1.6.0/stm32cubeide/plugins/com.st.stm32cube.ide.mcu.externaltools.gnu-tools-for-stm32.9-2020-q2-update.win32_1.5.0.202011040924/tools/bin/../lib/gcc/arm-none-eabi/9.3.1/../../../../arm-none-eabi/lib/thumb/v7-m/nofp\libc_nano.a(lib_a-nano-freer.o)
 .ARM.attributes
                0x00000000000005b1       0x2d c:/st/stm32cubeide_1.6.0/stm32cubeide/plugins/com.st.stm32cube.ide.mcu.externaltools.gnu-tools-for-stm32.9-2020-q2-update.win32_1.5.0.202011040924/tools/bin/../lib/gcc/arm-none-eabi/9.3.1/../../../../arm-none-eabi/lib/thumb/v7-m/nofp\libc_nano.a(lib_a-nano-mallocr.o)
 .ARM.attributes
                0x00000000000005de       0x2d c:/st/stm32cubeide_1.6.0/stm32cubeide/plugins/com.st.stm32cube.ide.mcu.externaltools.gnu-tools-for-stm32.9-2020-q2-update.win32_1.5.0.202011040924/tools/bin/../lib/gcc/arm-none-eabi/9.3.1/../../../../arm-none-eabi/lib/thumb/v7-m/nofp\libc_nano.a(lib_a-signal.o)
 .ARM.attributes
                0x000000000000060b       0x2d c:/st/stm32cubeide_1.6.0/stm32cubeide/plugins/com.st.stm32cube.ide.mcu.externaltools.gnu-tools-for-stm32.9-2020-q2-update.win32_1.5.0.202011040924/tools/bin/../lib/gcc/arm-none-eabi/9.3.1/../../../../arm-none-eabi/lib/thumb/v7-m/nofp\libc_nano.a(lib_a-signalr.o)
 .ARM.attributes
                0x0000000000000638       0x17 c:/st/stm32cubeide_1.6.0/stm32cubeide/plugins/com.st.stm32cube.ide.mcu.externaltools.gnu-tools-for-stm32.9-2020-q2-update.win32_1.5.0.202011040924/tools/bin/../lib/gcc/arm-none-eabi/9.3.1/../../../../arm-none-eabi/lib/thumb/v7-m/nofp\libc_nano.a(lib_a-strlen.o)
 .ARM.attributes
                0x000000000000064f       0x2d c:/st/stm32cubeide_1.6.0/stm32cubeide/plugins/com.st.stm32cube.ide.mcu.externaltools.gnu-tools-for-stm32.9-2020-q2-update.win32_1.5.0.202011040924/tools/bin/../lib/gcc/arm-none-eabi/9.3.1/../../../../arm-none-eabi/lib/thumb/v7-m/nofp\libc_nano.a(lib_a-mlock.o)
 .ARM.attributes
                0x000000000000067c       0x2d c:/st/stm32cubeide_1.6.0/stm32cubeide/plugins/com.st.stm32cube.ide.mcu.externaltools.gnu-tools-for-stm32.9-2020-q2-update.win32_1.5.0.202011040924/tools/bin/../lib/gcc/arm-none-eabi/9.3.1/../../../../arm-none-eabi/lib/thumb/v7-m/nofp\libc_nano.a(lib_a-reent.o)
 .ARM.attributes
                0x00000000000006a9       0x2d c:/st/stm32cubeide_1.6.0/stm32cubeide/plugins/com.st.stm32cube.ide.mcu.externaltools.gnu-tools-for-stm32.9-2020-q2-update.win32_1.5.0.202011040924/tools/bin/../lib/gcc/arm-none-eabi/9.3.1/../../../../arm-none-eabi/lib/thumb/v7-m/nofp\libc_nano.a(lib_a-lock.o)
 .ARM.attributes
                0x00000000000006d6       0x2d c:/st/stm32cubeide_1.6.0/stm32cubeide/plugins/com.st.stm32cube.ide.mcu.externaltools.gnu-tools-for-stm32.9-2020-q2-update.win32_1.5.0.202011040924/tools/bin/../lib/gcc/arm-none-eabi/9.3.1/../../../../arm-none-eabi/lib/thumb/v7-m/nofp\libc_nano.a(lib_a-findfp.o)
 .ARM.attributes
                0x0000000000000703       0x1d c:/st/stm32cubeide_1.6.0/stm32cubeide/plugins/com.st.stm32cube.ide.mcu.externaltools.gnu-tools-for-stm32.9-2020-q2-update.win32_1.5.0.202011040924/tools/bin/../lib/gcc/arm-none-eabi/9.3.1/thumb/v7-m/nofp/crtn.o
OUTPUT(STM32F103RCT6_EXTI.elf elf32-littlearm)
LOAD linker stubs
LOAD c:/st/stm32cubeide_1.6.0/stm32cubeide/plugins/com.st.stm32cube.ide.mcu.externaltools.gnu-tools-for-stm32.9-2020-q2-update.win32_1.5.0.202011040924/tools/bin/../lib/gcc/arm-none-eabi/9.3.1/../../../../arm-none-eabi/lib/thumb/v7-m/nofp\libc.a
LOAD c:/st/stm32cubeide_1.6.0/stm32cubeide/plugins/com.st.stm32cube.ide.mcu.externaltools.gnu-tools-for-stm32.9-2020-q2-update.win32_1.5.0.202011040924/tools/bin/../lib/gcc/arm-none-eabi/9.3.1/../../../../arm-none-eabi/lib/thumb/v7-m/nofp\libm.a
LOAD c:/st/stm32cubeide_1.6.0/stm32cubeide/plugins/com.st.stm32cube.ide.mcu.externaltools.gnu-tools-for-stm32.9-2020-q2-update.win32_1.5.0.202011040924/tools/bin/../lib/gcc/arm-none-eabi/9.3.1/thumb/v7-m/nofp\libgcc.a

.debug_info     0x0000000000000000    0x1c791
 .debug_info    0x0000000000000000     0x4334 Core/Src/main.o
 .debug_info    0x0000000000004334      0xa88 Core/Src/stm32f1xx_hal_msp.o
 .debug_info    0x0000000000004dbc      0x802 Core/Src/stm32f1xx_it.o
 .debug_info    0x00000000000055be      0xfa8 Core/Src/syscalls.o
 .debug_info    0x0000000000006566      0x2be Core/Src/system_stm32f1xx.o
 .debug_info    0x0000000000006824       0x22 Core/Startup/startup_stm32f103rctx.o
 .debug_info    0x0000000000006846      0x7d0 Drivers/STM32F1xx_HAL_Driver/Src/stm32f1xx_hal.o
 .debug_info    0x0000000000007016      0xc42 Drivers/STM32F1xx_HAL_Driver/Src/stm32f1xx_hal_cortex.o
 .debug_info    0x0000000000007c58      0x5f3 Drivers/STM32F1xx_HAL_Driver/Src/stm32f1xx_hal_flash.o
 .debug_info    0x000000000000824b      0x701 Drivers/STM32F1xx_HAL_Driver/Src/stm32f1xx_hal_gpio.o
 .debug_info    0x000000000000894c      0x88e Drivers/STM32F1xx_HAL_Driver/Src/stm32f1xx_hal_rcc.o
 .debug_info    0x00000000000091da     0x2a43 Drivers/STM32F1xx_HAL_Driver/Src/stm32f1xx_hal_tim.o
 .debug_info    0x000000000000bc1d     0x1495 Drivers/STM32F1xx_HAL_Driver/Src/stm32f1xx_hal_tim_ex.o
 .debug_info    0x000000000000d0b2     0x43ba Libraries/RCSwitch/RCSwitch.o
 .debug_info    0x000000000001146c     0x10a4 Libraries/flash/STM32Flash.o
 .debug_info    0x0000000000012510     0x2857 Libraries/mbed/IPAddress.o
 .debug_info    0x0000000000014d67     0x4b2c Libraries/mbed/Print.o
 .debug_info    0x0000000000019893     0x2efe Libraries/utility/utility.o

.debug_abbrev   0x0000000000000000     0x35fa
 .debug_abbrev  0x0000000000000000      0x5ca Core/Src/main.o
 .debug_abbrev  0x00000000000005ca      0x1b7 Core/Src/stm32f1xx_hal_msp.o
 .debug_abbrev  0x0000000000000781      0x189 Core/Src/stm32f1xx_it.o
 .debug_abbrev  0x000000000000090a      0x286 Core/Src/syscalls.o
 .debug_abbrev  0x0000000000000b90      0x14e Core/Src/system_stm32f1xx.o
 .debug_abbrev  0x0000000000000cde       0x12 Core/Startup/startup_stm32f103rctx.o
 .debug_abbrev  0x0000000000000cf0      0x1ed Drivers/STM32F1xx_HAL_Driver/Src/stm32f1xx_hal.o
 .debug_abbrev  0x0000000000000edd      0x313 Drivers/STM32F1xx_HAL_Driver/Src/stm32f1xx_hal_cortex.o
 .debug_abbrev  0x00000000000011f0      0x23e Drivers/STM32F1xx_HAL_Driver/Src/stm32f1xx_hal_flash.o
 .debug_abbrev  0x000000000000142e      0x1e8 Drivers/STM32F1xx_HAL_Driver/Src/stm32f1xx_hal_gpio.o
 .debug_abbrev  0x0000000000001616      0x273 Drivers/STM32F1xx_HAL_Driver/Src/stm32f1xx_hal_rcc.o
 .debug_abbrev  0x0000000000001889      0x25e Drivers/STM32F1xx_HAL_Driver/Src/stm32f1xx_hal_tim.o
 .debug_abbrev  0x0000000000001ae7      0x266 Drivers/STM32F1xx_HAL_Driver/Src/stm32f1xx_hal_tim_ex.o
 .debug_abbrev  0x0000000000001d4d      0x5c6 Libraries/RCSwitch/RCSwitch.o
 .debug_abbrev  0x0000000000002313      0x375 Libraries/flash/STM32Flash.o
 .debug_abbrev  0x0000000000002688      0x563 Libraries/mbed/IPAddress.o
 .debug_abbrev  0x0000000000002beb      0x59d Libraries/mbed/Print.o
 .debug_abbrev  0x0000000000003188      0x472 Libraries/utility/utility.o

.debug_aranges  0x0000000000000000      0xe98
 .debug_aranges
                0x0000000000000000       0x80 Core/Src/main.o
 .debug_aranges
                0x0000000000000080       0x30 Core/Src/stm32f1xx_hal_msp.o
 .debug_aranges
                0x00000000000000b0       0x70 Core/Src/stm32f1xx_it.o
 .debug_aranges
                0x0000000000000120       0xa8 Core/Src/syscalls.o
 .debug_aranges
                0x00000000000001c8       0x28 Core/Src/system_stm32f1xx.o
 .debug_aranges
                0x00000000000001f0       0x28 Core/Startup/startup_stm32f103rctx.o
 .debug_aranges
                0x0000000000000218       0xe0 Drivers/STM32F1xx_HAL_Driver/Src/stm32f1xx_hal.o
 .debug_aranges
                0x00000000000002f8      0x100 Drivers/STM32F1xx_HAL_Driver/Src/stm32f1xx_hal_cortex.o
 .debug_aranges
                0x00000000000003f8       0x88 Drivers/STM32F1xx_HAL_Driver/Src/stm32f1xx_hal_flash.o
 .debug_aranges
                0x0000000000000480       0x58 Drivers/STM32F1xx_HAL_Driver/Src/stm32f1xx_hal_gpio.o
 .debug_aranges
                0x00000000000004d8       0x90 Drivers/STM32F1xx_HAL_Driver/Src/stm32f1xx_hal_rcc.o
 .debug_aranges
                0x0000000000000568      0x3d0 Drivers/STM32F1xx_HAL_Driver/Src/stm32f1xx_hal_tim.o
 .debug_aranges
                0x0000000000000938      0x168 Drivers/STM32F1xx_HAL_Driver/Src/stm32f1xx_hal_tim_ex.o
 .debug_aranges
                0x0000000000000aa0      0x168 Libraries/RCSwitch/RCSwitch.o
 .debug_aranges
                0x0000000000000c08       0x78 Libraries/flash/STM32Flash.o
 .debug_aranges
                0x0000000000000c80       0xa0 Libraries/mbed/IPAddress.o
 .debug_aranges
                0x0000000000000d20      0x118 Libraries/mbed/Print.o
 .debug_aranges
                0x0000000000000e38       0x60 Libraries/utility/utility.o

.debug_ranges   0x0000000000000000      0xd80
 .debug_ranges  0x0000000000000000       0x70 Core/Src/main.o
 .debug_ranges  0x0000000000000070       0x20 Core/Src/stm32f1xx_hal_msp.o
 .debug_ranges  0x0000000000000090       0x60 Core/Src/stm32f1xx_it.o
 .debug_ranges  0x00000000000000f0       0x98 Core/Src/syscalls.o
 .debug_ranges  0x0000000000000188       0x18 Core/Src/system_stm32f1xx.o
 .debug_ranges  0x00000000000001a0       0x20 Core/Startup/startup_stm32f103rctx.o
 .debug_ranges  0x00000000000001c0       0xd0 Drivers/STM32F1xx_HAL_Driver/Src/stm32f1xx_hal.o
 .debug_ranges  0x0000000000000290       0xf0 Drivers/STM32F1xx_HAL_Driver/Src/stm32f1xx_hal_cortex.o
 .debug_ranges  0x0000000000000380       0x78 Drivers/STM32F1xx_HAL_Driver/Src/stm32f1xx_hal_flash.o
 .debug_ranges  0x00000000000003f8       0x48 Drivers/STM32F1xx_HAL_Driver/Src/stm32f1xx_hal_gpio.o
 .debug_ranges  0x0000000000000440       0x80 Drivers/STM32F1xx_HAL_Driver/Src/stm32f1xx_hal_rcc.o
 .debug_ranges  0x00000000000004c0      0x3c0 Drivers/STM32F1xx_HAL_Driver/Src/stm32f1xx_hal_tim.o
 .debug_ranges  0x0000000000000880      0x158 Drivers/STM32F1xx_HAL_Driver/Src/stm32f1xx_hal_tim_ex.o
 .debug_ranges  0x00000000000009d8      0x158 Libraries/RCSwitch/RCSwitch.o
 .debug_ranges  0x0000000000000b30       0x68 Libraries/flash/STM32Flash.o
 .debug_ranges  0x0000000000000b98       0x90 Libraries/mbed/IPAddress.o
 .debug_ranges  0x0000000000000c28      0x108 Libraries/mbed/Print.o
 .debug_ranges  0x0000000000000d30       0x50 Libraries/utility/utility.o

.debug_macro    0x0000000000000000    0x1eca1
 .debug_macro   0x0000000000000000      0x44d Core/Src/main.o
 .debug_macro   0x000000000000044d      0xb74 Core/Src/main.o
 .debug_macro   0x0000000000000fc1      0x215 Core/Src/main.o
 .debug_macro   0x00000000000011d6       0x2e Core/Src/main.o
 .debug_macro   0x0000000000001204       0x22 Core/Src/main.o
 .debug_macro   0x0000000000001226       0x1c Core/Src/main.o
 .debug_macro   0x0000000000001242       0x22 Core/Src/main.o
 .debug_macro   0x0000000000001264       0x8e Core/Src/main.o
 .debug_macro   0x00000000000012f2       0x51 Core/Src/main.o
 .debug_macro   0x0000000000001343      0x103 Core/Src/main.o
 .debug_macro   0x0000000000001446       0x6a Core/Src/main.o
 .debug_macro   0x00000000000014b0      0x1df Core/Src/main.o
 .debug_macro   0x000000000000168f       0x1c Core/Src/main.o
 .debug_macro   0x00000000000016ab       0x22 Core/Src/main.o
 .debug_macro   0x00000000000016cd       0xc3 Core/Src/main.o
 .debug_macro   0x0000000000001790      0xd23 Core/Src/main.o
 .debug_macro   0x00000000000024b3     0xfd85 Core/Src/main.o
 .debug_macro   0x0000000000012238       0x43 Core/Src/main.o
 .debug_macro   0x000000000001227b     0x3468 Core/Src/main.o
 .debug_macro   0x00000000000156e3      0x17b Core/Src/main.o
 .debug_macro   0x000000000001585e       0x5c Core/Src/main.o
 .debug_macro   0x00000000000158ba      0x5be Core/Src/main.o
 .debug_macro   0x0000000000015e78      0x4d5 Core/Src/main.o
 .debug_macro   0x000000000001634d      0x1cb Core/Src/main.o
 .debug_macro   0x0000000000016518      0x114 Core/Src/main.o
 .debug_macro   0x000000000001662c      0x1ea Core/Src/main.o
 .debug_macro   0x0000000000016816       0x27 Core/Src/main.o
 .debug_macro   0x000000000001683d      0x144 Core/Src/main.o
 .debug_macro   0x0000000000016981      0x1bc Core/Src/main.o
 .debug_macro   0x0000000000016b3d       0x30 Core/Src/main.o
 .debug_macro   0x0000000000016b6d       0x3c Core/Src/main.o
 .debug_macro   0x0000000000016ba9       0x57 Core/Src/main.o
 .debug_macro   0x0000000000016c00       0x88 Core/Src/main.o
 .debug_macro   0x0000000000016c88      0x24f Core/Src/main.o
 .debug_macro   0x0000000000016ed7      0x141 Core/Src/main.o
 .debug_macro   0x0000000000017018      0x8d1 Core/Src/main.o
 .debug_macro   0x00000000000178e9       0xb5 Core/Src/main.o
 .debug_macro   0x000000000001799e       0x52 Core/Src/main.o
 .debug_macro   0x00000000000179f0       0x18 Core/Src/main.o
 .debug_macro   0x0000000000017a08       0x3c Core/Src/main.o
 .debug_macro   0x0000000000017a44       0x34 Core/Src/main.o
 .debug_macro   0x0000000000017a78       0x16 Core/Src/main.o
 .debug_macro   0x0000000000017a8e       0x43 Core/Src/main.o
 .debug_macro   0x0000000000017ad1       0x34 Core/Src/main.o
 .debug_macro   0x0000000000017b05       0x10 Core/Src/main.o
 .debug_macro   0x0000000000017b15       0x58 Core/Src/main.o
 .debug_macro   0x0000000000017b6d       0x71 Core/Src/main.o
 .debug_macro   0x0000000000017bde       0x16 Core/Src/main.o
 .debug_macro   0x0000000000017bf4      0x12a Core/Src/main.o
 .debug_macro   0x0000000000017d1e      0x356 Core/Src/main.o
 .debug_macro   0x0000000000018074       0x10 Core/Src/main.o
 .debug_macro   0x0000000000018084       0x35 Core/Src/main.o
 .debug_macro   0x00000000000180b9       0x20 Core/Src/main.o
 .debug_macro   0x00000000000180d9      0x17c Core/Src/main.o
 .debug_macro   0x0000000000018255       0x10 Core/Src/main.o
 .debug_macro   0x0000000000018265      0x41e Core/Src/main.o
 .debug_macro   0x0000000000018683       0x18 Core/Src/main.o
 .debug_macro   0x000000000001869b      0x1a2 Core/Src/main.o
 .debug_macro   0x000000000001883d       0x10 Core/Src/main.o
 .debug_macro   0x000000000001884d       0x16 Core/Src/main.o
 .debug_macro   0x0000000000018863       0x16 Core/Src/main.o
 .debug_macro   0x0000000000018879       0x29 Core/Src/main.o
 .debug_macro   0x00000000000188a2       0x10 Core/Src/main.o
 .debug_macro   0x00000000000188b2      0x3c7 Core/Src/main.o
 .debug_macro   0x0000000000018c79       0x1c Core/Src/main.o
 .debug_macro   0x0000000000018c95       0x10 Core/Src/main.o
 .debug_macro   0x0000000000018ca5       0x10 Core/Src/main.o
 .debug_macro   0x0000000000018cb5       0x1c Core/Src/main.o
 .debug_macro   0x0000000000018cd1       0x52 Core/Src/main.o
 .debug_macro   0x0000000000018d23       0x22 Core/Src/main.o
 .debug_macro   0x0000000000018d45       0x10 Core/Src/main.o
 .debug_macro   0x0000000000018d55       0x40 Core/Src/main.o
 .debug_macro   0x0000000000018d95       0xd5 Core/Src/main.o
 .debug_macro   0x0000000000018e6a       0x1c Core/Src/main.o
 .debug_macro   0x0000000000018e86       0x3d Core/Src/main.o
 .debug_macro   0x0000000000018ec3       0x16 Core/Src/main.o
 .debug_macro   0x0000000000018ed9      0x137 Core/Src/main.o
 .debug_macro   0x0000000000019010       0x10 Core/Src/main.o
 .debug_macro   0x0000000000019020      0x460 Core/Src/main.o
 .debug_macro   0x0000000000019480       0x8e Core/Src/main.o
 .debug_macro   0x000000000001950e       0x28 Core/Src/main.o
 .debug_macro   0x0000000000019536       0xf0 Core/Src/main.o
 .debug_macro   0x0000000000019626      0x1a3 Core/Src/stm32f1xx_hal_msp.o
 .debug_macro   0x00000000000197c9      0xa9c Core/Src/stm32f1xx_hal_msp.o
 .debug_macro   0x000000000001a265      0xd23 Core/Src/stm32f1xx_hal_msp.o
 .debug_macro   0x000000000001af88      0x174 Core/Src/stm32f1xx_hal_msp.o
 .debug_macro   0x000000000001b0fc      0x1ad Core/Src/stm32f1xx_it.o
 .debug_macro   0x000000000001b2a9      0x24c Core/Src/syscalls.o
 .debug_macro   0x000000000001b4f5       0x4c Core/Src/syscalls.o
 .debug_macro   0x000000000001b541       0x94 Core/Src/syscalls.o
 .debug_macro   0x000000000001b5d5       0x34 Core/Src/syscalls.o
 .debug_macro   0x000000000001b609       0x57 Core/Src/syscalls.o
 .debug_macro   0x000000000001b660      0x339 Core/Src/syscalls.o
 .debug_macro   0x000000000001b999       0x43 Core/Src/syscalls.o
 .debug_macro   0x000000000001b9dc       0x1c Core/Src/syscalls.o
 .debug_macro   0x000000000001b9f8       0x10 Core/Src/syscalls.o
 .debug_macro   0x000000000001ba08       0x35 Core/Src/syscalls.o
 .debug_macro   0x000000000001ba3d       0x10 Core/Src/syscalls.o
 .debug_macro   0x000000000001ba4d       0x10 Core/Src/syscalls.o
 .debug_macro   0x000000000001ba5d       0x35 Core/Src/syscalls.o
 .debug_macro   0x000000000001ba92      0x12c Core/Src/syscalls.o
 .debug_macro   0x000000000001bbbe       0x10 Core/Src/syscalls.o
 .debug_macro   0x000000000001bbce      0x241 Core/Src/syscalls.o
 .debug_macro   0x000000000001be0f       0x10 Core/Src/syscalls.o
 .debug_macro   0x000000000001be1f      0x145 Core/Src/syscalls.o
 .debug_macro   0x000000000001bf64      0x189 Core/Src/syscalls.o
 .debug_macro   0x000000000001c0ed       0x16 Core/Src/syscalls.o
 .debug_macro   0x000000000001c103       0xce Core/Src/syscalls.o
 .debug_macro   0x000000000001c1d1      0x199 Core/Src/system_stm32f1xx.o
 .debug_macro   0x000000000001c36a      0x1bd Drivers/STM32F1xx_HAL_Driver/Src/stm32f1xx_hal.o
 .debug_macro   0x000000000001c527      0x199 Drivers/STM32F1xx_HAL_Driver/Src/stm32f1xx_hal_cortex.o
 .debug_macro   0x000000000001c6c0      0x199 Drivers/STM32F1xx_HAL_Driver/Src/stm32f1xx_hal_flash.o
 .debug_macro   0x000000000001c859      0x204 Drivers/STM32F1xx_HAL_Driver/Src/stm32f1xx_hal_gpio.o
 .debug_macro   0x000000000001ca5d      0x1ab Drivers/STM32F1xx_HAL_Driver/Src/stm32f1xx_hal_rcc.o
 .debug_macro   0x000000000001cc08      0x19a Drivers/STM32F1xx_HAL_Driver/Src/stm32f1xx_hal_tim.o
 .debug_macro   0x000000000001cda2      0x199 Drivers/STM32F1xx_HAL_Driver/Src/stm32f1xx_hal_tim_ex.o
 .debug_macro   0x000000000001cf3b      0x439 Libraries/RCSwitch/RCSwitch.o
 .debug_macro   0x000000000001d374       0x16 Libraries/RCSwitch/RCSwitch.o
 .debug_macro   0x000000000001d38a      0x276 Libraries/flash/STM32Flash.o
 .debug_macro   0x000000000001d600      0x2dd Libraries/mbed/IPAddress.o
 .debug_macro   0x000000000001d8dd      0x35c Libraries/mbed/IPAddress.o
 .debug_macro   0x000000000001dc39       0x10 Libraries/mbed/IPAddress.o
 .debug_macro   0x000000000001dc49       0x1c Libraries/mbed/IPAddress.o
 .debug_macro   0x000000000001dc65       0xde Libraries/mbed/IPAddress.o
 .debug_macro   0x000000000001dd43       0x52 Libraries/mbed/IPAddress.o
 .debug_macro   0x000000000001dd95       0x94 Libraries/mbed/IPAddress.o
 .debug_macro   0x000000000001de29       0x1c Libraries/mbed/IPAddress.o
 .debug_macro   0x000000000001de45      0x302 Libraries/mbed/Print.o
 .debug_macro   0x000000000001e147      0x10e Libraries/mbed/Print.o
 .debug_macro   0x000000000001e255       0x94 Libraries/mbed/Print.o
 .debug_macro   0x000000000001e2e9      0x3cd Libraries/mbed/Print.o
 .debug_macro   0x000000000001e6b6      0x1e5 Libraries/mbed/Print.o
 .debug_macro   0x000000000001e89b      0x406 Libraries/utility/utility.o

.debug_line     0x0000000000000000     0xfdf0
 .debug_line    0x0000000000000000     0x1100 Core/Src/main.o
 .debug_line    0x0000000000001100      0x6a1 Core/Src/stm32f1xx_hal_msp.o
 .debug_line    0x00000000000017a1      0x75d Core/Src/stm32f1xx_it.o
 .debug_line    0x0000000000001efe      0x802 Core/Src/syscalls.o
 .debug_line    0x0000000000002700      0x6e3 Core/Src/system_stm32f1xx.o
 .debug_line    0x0000000000002de3       0x84 Core/Startup/startup_stm32f103rctx.o
 .debug_line    0x0000000000002e67      0x910 Drivers/STM32F1xx_HAL_Driver/Src/stm32f1xx_hal.o
 .debug_line    0x0000000000003777      0xaf8 Drivers/STM32F1xx_HAL_Driver/Src/stm32f1xx_hal_cortex.o
 .debug_line    0x000000000000426f      0x9ed Drivers/STM32F1xx_HAL_Driver/Src/stm32f1xx_hal_flash.o
 .debug_line    0x0000000000004c5c      0x9cf Drivers/STM32F1xx_HAL_Driver/Src/stm32f1xx_hal_gpio.o
 .debug_line    0x000000000000562b      0xd1e Drivers/STM32F1xx_HAL_Driver/Src/stm32f1xx_hal_rcc.o
 .debug_line    0x0000000000006349     0x34d7 Drivers/STM32F1xx_HAL_Driver/Src/stm32f1xx_hal_tim.o
 .debug_line    0x0000000000009820     0x1a1a Drivers/STM32F1xx_HAL_Driver/Src/stm32f1xx_hal_tim_ex.o
 .debug_line    0x000000000000b23a     0x18d4 Libraries/RCSwitch/RCSwitch.o
 .debug_line    0x000000000000cb0e      0xa5d Libraries/flash/STM32Flash.o
 .debug_line    0x000000000000d56b      0xb64 Libraries/mbed/IPAddress.o
 .debug_line    0x000000000000e0cf      0xefc Libraries/mbed/Print.o
 .debug_line    0x000000000000efcb      0xe25 Libraries/utility/utility.o

.debug_str      0x0000000000000000    0x9e4dc
 .debug_str     0x0000000000000000    0x98d0a Core/Src/main.o
                                      0x996ad (size before relaxing)
 .debug_str     0x0000000000098d0a      0x231 Core/Src/stm32f1xx_hal_msp.o
                                      0x90008 (size before relaxing)
 .debug_str     0x0000000000098f3b       0xeb Core/Src/stm32f1xx_it.o
                                      0x8fc91 (size before relaxing)
 .debug_str     0x0000000000099026     0x1796 Core/Src/syscalls.o
                                       0x8e98 (size before relaxing)
 .debug_str     0x000000000009a7bc       0x52 Core/Src/system_stm32f1xx.o
                                      0x8f752 (size before relaxing)
 .debug_str     0x000000000009a80e       0x36 Core/Startup/startup_stm32f103rctx.o
                                         0x7f (size before relaxing)
 .debug_str     0x000000000009a844      0x2df Drivers/STM32F1xx_HAL_Driver/Src/stm32f1xx_hal.o
                                      0x8fec7 (size before relaxing)
 .debug_str     0x000000000009ab23      0x2e7 Drivers/STM32F1xx_HAL_Driver/Src/stm32f1xx_hal_cortex.o
                                      0x8fecf (size before relaxing)
 .debug_str     0x000000000009ae0a      0x28e Drivers/STM32F1xx_HAL_Driver/Src/stm32f1xx_hal_flash.o
                                      0x8fa28 (size before relaxing)
 .debug_str     0x000000000009b098      0x2f1 Drivers/STM32F1xx_HAL_Driver/Src/stm32f1xx_hal_gpio.o
                                      0x8fb16 (size before relaxing)
 .debug_str     0x000000000009b389      0x244 Drivers/STM32F1xx_HAL_Driver/Src/stm32f1xx_hal_rcc.o
                                      0x8fb4f (size before relaxing)
 .debug_str     0x000000000009b5cd      0xdf1 Drivers/STM32F1xx_HAL_Driver/Src/stm32f1xx_hal_tim.o
                                      0x90b21 (size before relaxing)
 .debug_str     0x000000000009c3be      0x517 Drivers/STM32F1xx_HAL_Driver/Src/stm32f1xx_hal_tim_ex.o
                                      0x902fb (size before relaxing)
 .debug_str     0x000000000009c8d5      0x307 Libraries/RCSwitch/RCSwitch.o
                                      0x98b6b (size before relaxing)
 .debug_str     0x000000000009cbdc      0x2b0 Libraries/flash/STM32Flash.o
                                      0x9315e (size before relaxing)
 .debug_str     0x000000000009ce8c      0xf91 Libraries/mbed/IPAddress.o
                                       0xc4ba (size before relaxing)
 .debug_str     0x000000000009de1d      0x3ae Libraries/mbed/Print.o
                                       0xd97a (size before relaxing)
 .debug_str     0x000000000009e1cb      0x311 Libraries/utility/utility.o
                                      0x982db (size before relaxing)

.comment        0x0000000000000000       0x53
 .comment       0x0000000000000000       0x53 Core/Src/main.o
                                         0x54 (size before relaxing)
 .comment       0x0000000000000053       0x54 Core/Src/stm32f1xx_hal_msp.o
 .comment       0x0000000000000053       0x54 Core/Src/stm32f1xx_it.o
 .comment       0x0000000000000053       0x54 Core/Src/syscalls.o
 .comment       0x0000000000000053       0x54 Core/Src/system_stm32f1xx.o
 .comment       0x0000000000000053       0x54 Drivers/STM32F1xx_HAL_Driver/Src/stm32f1xx_hal.o
 .comment       0x0000000000000053       0x54 Drivers/STM32F1xx_HAL_Driver/Src/stm32f1xx_hal_cortex.o
 .comment       0x0000000000000053       0x54 Drivers/STM32F1xx_HAL_Driver/Src/stm32f1xx_hal_flash.o
 .comment       0x0000000000000053       0x54 Drivers/STM32F1xx_HAL_Driver/Src/stm32f1xx_hal_gpio.o
 .comment       0x0000000000000053       0x54 Drivers/STM32F1xx_HAL_Driver/Src/stm32f1xx_hal_rcc.o
 .comment       0x0000000000000053       0x54 Drivers/STM32F1xx_HAL_Driver/Src/stm32f1xx_hal_tim.o
 .comment       0x0000000000000053       0x54 Drivers/STM32F1xx_HAL_Driver/Src/stm32f1xx_hal_tim_ex.o
 .comment       0x0000000000000053       0x54 Libraries/RCSwitch/RCSwitch.o
 .comment       0x0000000000000053       0x54 Libraries/flash/STM32Flash.o
 .comment       0x0000000000000053       0x54 Libraries/mbed/IPAddress.o
 .comment       0x0000000000000053       0x54 Libraries/mbed/Print.o
 .comment       0x0000000000000053       0x54 Libraries/utility/utility.o

.debug_frame    0x0000000000000000     0x4210
 .debug_frame   0x0000000000000000      0x1c8 Core/Src/main.o
 .debug_frame   0x00000000000001c8       0x80 Core/Src/stm32f1xx_hal_msp.o
 .debug_frame   0x0000000000000248      0x13c Core/Src/stm32f1xx_it.o
 .debug_frame   0x0000000000000384      0x2ac Core/Src/syscalls.o
 .debug_frame   0x0000000000000630       0x58 Core/Src/system_stm32f1xx.o
 .debug_frame   0x0000000000000688      0x334 Drivers/STM32F1xx_HAL_Driver/Src/stm32f1xx_hal.o
 .debug_frame   0x00000000000009bc      0x428 Drivers/STM32F1xx_HAL_Driver/Src/stm32f1xx_hal_cortex.o
 .debug_frame   0x0000000000000de4      0x20c Drivers/STM32F1xx_HAL_Driver/Src/stm32f1xx_hal_flash.o
 .debug_frame   0x0000000000000ff0      0x14c Drivers/STM32F1xx_HAL_Driver/Src/stm32f1xx_hal_gpio.o
 .debug_frame   0x000000000000113c      0x21c Drivers/STM32F1xx_HAL_Driver/Src/stm32f1xx_hal_rcc.o
 .debug_frame   0x0000000000001358     0x11bc Drivers/STM32F1xx_HAL_Driver/Src/stm32f1xx_hal_tim.o
 .debug_frame   0x0000000000002514      0x638 Drivers/STM32F1xx_HAL_Driver/Src/stm32f1xx_hal_tim_ex.o
 .debug_frame   0x0000000000002b4c      0x648 Libraries/RCSwitch/RCSwitch.o
 .debug_frame   0x0000000000003194      0x1d4 Libraries/flash/STM32Flash.o
 .debug_frame   0x0000000000003368      0x278 Libraries/mbed/IPAddress.o
 .debug_frame   0x00000000000035e0      0x4ac Libraries/mbed/Print.o
 .debug_frame   0x0000000000003a8c      0x170 Libraries/utility/utility.o
 .debug_frame   0x0000000000003bfc       0x20 c:/st/stm32cubeide_1.6.0/stm32cubeide/plugins/com.st.stm32cube.ide.mcu.externaltools.gnu-tools-for-stm32.9-2020-q2-update.win32_1.5.0.202011040924/tools/bin/../lib/gcc/arm-none-eabi/9.3.1/../../../../arm-none-eabi/lib/thumb/v7-m/nofp\libstdc++_nano.a(del_ops.o)
 .debug_frame   0x0000000000003c1c       0x40 c:/st/stm32cubeide_1.6.0/stm32cubeide/plugins/com.st.stm32cube.ide.mcu.externaltools.gnu-tools-for-stm32.9-2020-q2-update.win32_1.5.0.202011040924/tools/bin/../lib/gcc/arm-none-eabi/9.3.1/../../../../arm-none-eabi/lib/thumb/v7-m/nofp\libstdc++_nano.a(pure.o)
 .debug_frame   0x0000000000003c5c       0x20 c:/st/stm32cubeide_1.6.0/stm32cubeide/plugins/com.st.stm32cube.ide.mcu.externaltools.gnu-tools-for-stm32.9-2020-q2-update.win32_1.5.0.202011040924/tools/bin/../lib/gcc/arm-none-eabi/9.3.1/../../../../arm-none-eabi/lib/thumb/v7-m/nofp\libstdc++_nano.a(del_op.o)
 .debug_frame   0x0000000000003c7c       0xb0 c:/st/stm32cubeide_1.6.0/stm32cubeide/plugins/com.st.stm32cube.ide.mcu.externaltools.gnu-tools-for-stm32.9-2020-q2-update.win32_1.5.0.202011040924/tools/bin/../lib/gcc/arm-none-eabi/9.3.1/../../../../arm-none-eabi/lib/thumb/v7-m/nofp\libstdc++_nano.a(eh_terminate.o)
 .debug_frame   0x0000000000003d2c       0x28 c:/st/stm32cubeide_1.6.0/stm32cubeide/plugins/com.st.stm32cube.ide.mcu.externaltools.gnu-tools-for-stm32.9-2020-q2-update.win32_1.5.0.202011040924/tools/bin/../lib/gcc/arm-none-eabi/9.3.1/../../../../arm-none-eabi/lib/thumb/v7-m/nofp\libc_nano.a(lib_a-abort.o)
 .debug_frame   0x0000000000003d54       0x20 c:/st/stm32cubeide_1.6.0/stm32cubeide/plugins/com.st.stm32cube.ide.mcu.externaltools.gnu-tools-for-stm32.9-2020-q2-update.win32_1.5.0.202011040924/tools/bin/../lib/gcc/arm-none-eabi/9.3.1/../../../../arm-none-eabi/lib/thumb/v7-m/nofp\libc_nano.a(lib_a-errno.o)
 .debug_frame   0x0000000000003d74       0x2c c:/st/stm32cubeide_1.6.0/stm32cubeide/plugins/com.st.stm32cube.ide.mcu.externaltools.gnu-tools-for-stm32.9-2020-q2-update.win32_1.5.0.202011040924/tools/bin/../lib/gcc/arm-none-eabi/9.3.1/../../../../arm-none-eabi/lib/thumb/v7-m/nofp\libc_nano.a(lib_a-init.o)
 .debug_frame   0x0000000000003da0       0x30 c:/st/stm32cubeide_1.6.0/stm32cubeide/plugins/com.st.stm32cube.ide.mcu.externaltools.gnu-tools-for-stm32.9-2020-q2-update.win32_1.5.0.202011040924/tools/bin/../lib/gcc/arm-none-eabi/9.3.1/../../../../arm-none-eabi/lib/thumb/v7-m/nofp\libc_nano.a(lib_a-malloc.o)
 .debug_frame   0x0000000000003dd0       0x28 c:/st/stm32cubeide_1.6.0/stm32cubeide/plugins/com.st.stm32cube.ide.mcu.externaltools.gnu-tools-for-stm32.9-2020-q2-update.win32_1.5.0.202011040924/tools/bin/../lib/gcc/arm-none-eabi/9.3.1/../../../../arm-none-eabi/lib/thumb/v7-m/nofp\libc_nano.a(lib_a-memcpy-stub.o)
 .debug_frame   0x0000000000003df8       0x20 c:/st/stm32cubeide_1.6.0/stm32cubeide/plugins/com.st.stm32cube.ide.mcu.externaltools.gnu-tools-for-stm32.9-2020-q2-update.win32_1.5.0.202011040924/tools/bin/../lib/gcc/arm-none-eabi/9.3.1/../../../../arm-none-eabi/lib/thumb/v7-m/nofp\libc_nano.a(lib_a-memset.o)
 .debug_frame   0x0000000000003e18       0x38 c:/st/stm32cubeide_1.6.0/stm32cubeide/plugins/com.st.stm32cube.ide.mcu.externaltools.gnu-tools-for-stm32.9-2020-q2-update.win32_1.5.0.202011040924/tools/bin/../lib/gcc/arm-none-eabi/9.3.1/../../../../arm-none-eabi/lib/thumb/v7-m/nofp\libc_nano.a(lib_a-nano-freer.o)
 .debug_frame   0x0000000000003e50       0x30 c:/st/stm32cubeide_1.6.0/stm32cubeide/plugins/com.st.stm32cube.ide.mcu.externaltools.gnu-tools-for-stm32.9-2020-q2-update.win32_1.5.0.202011040924/tools/bin/../lib/gcc/arm-none-eabi/9.3.1/../../../../arm-none-eabi/lib/thumb/v7-m/nofp\libc_nano.a(lib_a-nano-mallocr.o)
 .debug_frame   0x0000000000003e80       0xcc c:/st/stm32cubeide_1.6.0/stm32cubeide/plugins/com.st.stm32cube.ide.mcu.externaltools.gnu-tools-for-stm32.9-2020-q2-update.win32_1.5.0.202011040924/tools/bin/../lib/gcc/arm-none-eabi/9.3.1/../../../../arm-none-eabi/lib/thumb/v7-m/nofp\libc_nano.a(lib_a-signal.o)
 .debug_frame   0x0000000000003f4c       0x3c c:/st/stm32cubeide_1.6.0/stm32cubeide/plugins/com.st.stm32cube.ide.mcu.externaltools.gnu-tools-for-stm32.9-2020-q2-update.win32_1.5.0.202011040924/tools/bin/../lib/gcc/arm-none-eabi/9.3.1/../../../../arm-none-eabi/lib/thumb/v7-m/nofp\libc_nano.a(lib_a-signalr.o)
 .debug_frame   0x0000000000003f88       0x30 c:/st/stm32cubeide_1.6.0/stm32cubeide/plugins/com.st.stm32cube.ide.mcu.externaltools.gnu-tools-for-stm32.9-2020-q2-update.win32_1.5.0.202011040924/tools/bin/../lib/gcc/arm-none-eabi/9.3.1/../../../../arm-none-eabi/lib/thumb/v7-m/nofp\libc_nano.a(lib_a-mlock.o)
 .debug_frame   0x0000000000003fb8       0x5c c:/st/stm32cubeide_1.6.0/stm32cubeide/plugins/com.st.stm32cube.ide.mcu.externaltools.gnu-tools-for-stm32.9-2020-q2-update.win32_1.5.0.202011040924/tools/bin/../lib/gcc/arm-none-eabi/9.3.1/../../../../arm-none-eabi/lib/thumb/v7-m/nofp\libc_nano.a(lib_a-reent.o)
 .debug_frame   0x0000000000004014       0xb0 c:/st/stm32cubeide_1.6.0/stm32cubeide/plugins/com.st.stm32cube.ide.mcu.externaltools.gnu-tools-for-stm32.9-2020-q2-update.win32_1.5.0.202011040924/tools/bin/../lib/gcc/arm-none-eabi/9.3.1/../../../../arm-none-eabi/lib/thumb/v7-m/nofp\libc_nano.a(lib_a-lock.o)
 .debug_frame   0x00000000000040c4      0x14c c:/st/stm32cubeide_1.6.0/stm32cubeide/plugins/com.st.stm32cube.ide.mcu.externaltools.gnu-tools-for-stm32.9-2020-q2-update.win32_1.5.0.202011040924/tools/bin/../lib/gcc/arm-none-eabi/9.3.1/../../../../arm-none-eabi/lib/thumb/v7-m/nofp\libc_nano.a(lib_a-findfp.o)