WString.cpp:131:1:String::~String()	8	static
WString.cpp:147:6:void String::invalidate()	8	static
WString.cpp:164:15:unsigned char String::changeBuffer(unsigned int)	16	static
WString.cpp:154:15:unsigned char String::reserve(unsigned int)	8	static
WString.cpp:179:10:String& String::copy(const char*, unsigned int)	16	static
WString.cpp:37:1:String::String(const char*)	16	static
WString.cpp:190:10:String& String::copy(const __FlashStringHelper*, unsigned int)	16	static
WString.cpp:202:6:void String::move(String&)	16	static
WString.cpp:56:1:String::String(String&&)	8	static
WString.cpp:61:1:String::String(StringSumHelper&&)	8	static
WString.cpp:223:10:String& String::operator=(const String&)	8	static
WString.cpp:43:1:String::String(const String&)	8	static
WString.cpp:234:10:String& String::operator=(String&&)	8	static
WString.cpp:240:10:String& String::operator=(StringSumHelper&&)	8	static
WString.cpp:247:10:String& String::operator=(const char*)	16	static
WString.cpp:68:1:String::String(char)	16	static
WString.cpp:77:1:String::String(unsigned char, unsigned char)	24	static
WString.cpp:85:1:String::String(int, unsigned char)	48	static
WString.cpp:93:1:String::String(unsigned int, unsigned char)	48	static
WString.cpp:101:1:String::String(long int, unsigned char)	48	static
WString.cpp:109:1:String::String(long unsigned int, unsigned char)	48	static
WString.cpp:117:1:String::String(float, unsigned char)	64	static
WString.cpp:124:1:String::String(double, unsigned char)	64	static
WString.cpp:255:10:String& String::operator=(const __FlashStringHelper*)	16	static
WString.cpp:49:1:String::String(const __FlashStringHelper*)	8	static
WString.cpp:272:15:unsigned char String::concat(const char*, unsigned int)	16	static
WString.cpp:267:15:unsigned char String::concat(const String&)	0	static
WString.cpp:283:15:unsigned char String::concat(const char*)	16	static
WString.cpp:289:15:unsigned char String::concat(char)	16	static
WString.cpp:297:15:unsigned char String::concat(unsigned char)	16	static
WString.cpp:304:15:unsigned char String::concat(int)	24	static
WString.cpp:311:15:unsigned char String::concat(unsigned int)	24	static
WString.cpp:318:15:unsigned char String::concat(long int)	24	static
WString.cpp:325:15:unsigned char String::concat(long unsigned int)	24	static
WString.cpp:332:15:unsigned char String::concat(float)	48	static
WString.cpp:339:15:unsigned char String::concat(double)	48	static
WString.cpp:346:15:unsigned char String::concat(const __FlashStringHelper*)	16	static
WString.cpp:362:19:StringSumHelper& operator+(const StringSumHelper&, const String&)	8	static
WString.cpp:369:19:StringSumHelper& operator+(const StringSumHelper&, const char*)	16	static
WString.cpp:376:19:StringSumHelper& operator+(const StringSumHelper&, char)	8	static
WString.cpp:383:19:StringSumHelper& operator+(const StringSumHelper&, unsigned char)	8	static
WString.cpp:390:19:StringSumHelper& operator+(const StringSumHelper&, int)	8	static
WString.cpp:397:19:StringSumHelper& operator+(const StringSumHelper&, unsigned int)	8	static
WString.cpp:404:19:StringSumHelper& operator+(const StringSumHelper&, long int)	8	static
WString.cpp:411:19:StringSumHelper& operator+(const StringSumHelper&, long unsigned int)	8	static
WString.cpp:418:19:StringSumHelper& operator+(const StringSumHelper&, float)	8	static
WString.cpp:425:19:StringSumHelper& operator+(const StringSumHelper&, double)	8	static
WString.cpp:432:19:StringSumHelper& operator+(const StringSumHelper&, const __FlashStringHelper*)	8	static
WString.cpp:443:5:int String::compareTo(const String&) const	0	static
WString.cpp:453:15:unsigned char String::equals(const String&) const	8	static
WString.cpp:458:15:unsigned char String::equals(const char*) const	8	static
WString.cpp:465:15:unsigned char String::operator<(const String&) const	8	static
WString.cpp:470:15:unsigned char String::operator>(const String&) const	8	static
WString.cpp:475:15:unsigned char String::operator<=(const String&) const	8	static
WString.cpp:480:15:unsigned char String::operator>=(const String&) const	8	static
WString.cpp:485:15:unsigned char String::equalsIgnoreCase(const String&) const	16	static
WString.cpp:504:15:unsigned char String::startsWith(const String&, unsigned int) const	8	static
WString.cpp:498:15:unsigned char String::startsWith(const String&) const	0	static
WString.cpp:510:15:unsigned char String::endsWith(const String&) const	8	static
WString.cpp:525:6:void String::setCharAt(unsigned int, char)	0	static
WString.cpp:530:8:char& String::operator[](unsigned int)	0	static
WString.cpp:540:6:char String::operator[](unsigned int) const	0	static
WString.cpp:520:6:char String::charAt(unsigned int) const	0	static
WString.cpp:546:6:void String::getBytes(unsigned char*, unsigned int, unsigned int) const	16	static
WString.cpp:568:5:int String::indexOf(char, unsigned int) const	8	static
WString.cpp:563:5:int String::indexOf(char) const	0	static
WString.cpp:581:5:int String::indexOf(const String&, unsigned int) const	8	static
WString.cpp:576:5:int String::indexOf(const String&) const	0	static
WString.cpp:594:5:int String::lastIndexOf(char, unsigned int) const	24	static
WString.cpp:589:5:int String::lastIndexOf(char) const	0	static
WString.cpp:610:5:int String::lastIndexOf(const String&, unsigned int) const	24	static
WString.cpp:605:5:int String::lastIndexOf(const String&) const	0	static
WString.cpp:623:8:String String::substring(unsigned int, unsigned int) const	24	static
WString.cpp:644:6:void String::replace(char, char)	0	static
WString.cpp:652:6:void String::replace(const String&, const String&)	48	static
WString.cpp:702:6:void String::remove(unsigned int, unsigned int)	16	static
WString.cpp:695:6:void String::remove(unsigned int)	0	static
WString.cpp:712:6:void String::toLowerCase()	8	static
WString.cpp:720:6:void String::toUpperCase()	8	static
WString.cpp:728:6:void String::trim()	24	static
WString.cpp:744:6:long int String::toInt() const	0	static
WString.cpp:750:7:float String::toFloat() const	8	static
