Printable.h:37:13:Printable::~Printable()	16	static
Printable.h:37:13:virtual Printable::~Printable()	16	static
IPAddress.h:46:13:IPAddress::~IPAddress()	16	static
IPAddress.h:46:13:virtual IPAddress::~IPAddress()	16	static
Printable.h:34:7:constexpr Printable::Printable()	16	static
IPAddress.cpp:28:1:IPAddress::IPAddress()	16	static
IPAddress.cpp:33:1:IPAddress::IPAddress(uint8_t, uint8_t, uint8_t, uint8_t)	16	static
IPAddress.cpp:41:1:IPAddress::IPAddress(uint32_t)	16	static
IPAddress.cpp:46:1:IPAddress::IPAddress(const uint8_t*)	16	static
IPAddress.cpp:51:6:bool IPAddress::fromString(const char*)	24	static
IPAddress.cpp:93:12:IPAddress& IPAddress::operator=(const uint8_t*)	16	static
IPAddress.cpp:99:12:IPAddress& IPAddress::operator=(uint32_t)	16	static
IPAddress.cpp:105:6:bool IPAddress::operator==(const uint8_t*) const	16	static
IPAddress.cpp:110:8:virtual size_t IPAddress::printTo(Print&) const	24	static
IPAddress.cpp:120:1:void __static_initialization_and_destruction_0(int, int)	24	static
IPAddress.cpp:120:1:cpp)	8	static
IPAddress.cpp:120:1:cpp)	8	static
