WString.cpp:32:1:String::String(const char*)	16	static
WString.cpp:38:1:String::String(const String&)	16	static
WString.cpp:44:1:String::String(const __FlashStringHelper*)	16	static
WString.cpp:51:1:String::String(String&&)	16	static
WString.cpp:56:1:String::String(StringSumHelper&&)	16	static
WString.cpp:63:1:String::String(char)	24	static
WString.cpp:72:1:String::String(unsigned char, unsigned char)	32	static
WString.cpp:80:1:String::String(int, unsigned char)	64	static
WString.cpp:88:1:String::String(unsigned int, unsigned char)	64	static
WString.cpp:96:1:String::String(long int, unsigned char)	64	static
WString.cpp:104:1:String::String(long unsigned int, unsigned char)	64	static
WString.cpp:112:1:String::String(float, unsigned char)	80	static
WString.cpp:119:1:String::String(double, unsigned char)	72	static
WString.cpp:126:1:String::~String()	16	static
WString.cpp:135:13:void String::init()	16	static
WString.cpp:142:6:void String::invalidate()	16	static
WString.cpp:149:15:unsigned char String::reserve(unsigned int)	16	static
WString.cpp:159:15:unsigned char String::changeBuffer(unsigned int)	24	static
WString.cpp:174:10:String& String::copy(const char*, unsigned int)	24	static
WString.cpp:185:10:String& String::copy(const __FlashStringHelper*, unsigned int)	24	static
WString.cpp:197:6:void String::move(String&)	16	static
WString.cpp:218:10:String& String::operator=(const String&)	16	static
WString.cpp:229:10:String& String::operator=(String&&)	16	static
WString.cpp:235:10:String& String::operator=(StringSumHelper&&)	16	static
WString.cpp:242:10:String& String::operator=(const char*)	16	static
WString.cpp:250:10:String& String::operator=(const __FlashStringHelper*)	16	static
WString.cpp:262:15:unsigned char String::concat(const String&)	16	static
WString.cpp:267:15:unsigned char String::concat(const char*, unsigned int)	32	static
WString.cpp:278:15:unsigned char String::concat(const char*)	16	static
WString.cpp:284:15:unsigned char String::concat(char)	24	static
WString.cpp:292:15:unsigned char String::concat(unsigned char)	24	static
WString.cpp:299:15:unsigned char String::concat(int)	32	static
WString.cpp:306:15:unsigned char String::concat(unsigned int)	32	static
WString.cpp:313:15:unsigned char String::concat(long int)	32	static
WString.cpp:320:15:unsigned char String::concat(long unsigned int)	32	static
WString.cpp:327:15:unsigned char String::concat(float)	48	static
WString.cpp:334:15:unsigned char String::concat(double)	56	static
WString.cpp:341:15:unsigned char String::concat(const __FlashStringHelper*)	24	static
WString.cpp:357:19:StringSumHelper& operator+(const StringSumHelper&, const String&)	24	static
WString.cpp:364:19:StringSumHelper& operator+(const StringSumHelper&, const char*)	32	static
WString.cpp:371:19:StringSumHelper& operator+(const StringSumHelper&, char)	24	static
WString.cpp:378:19:StringSumHelper& operator+(const StringSumHelper&, unsigned char)	24	static
WString.cpp:385:19:StringSumHelper& operator+(const StringSumHelper&, int)	24	static
WString.cpp:392:19:StringSumHelper& operator+(const StringSumHelper&, unsigned int)	24	static
WString.cpp:399:19:StringSumHelper& operator+(const StringSumHelper&, long int)	24	static
WString.cpp:406:19:StringSumHelper& operator+(const StringSumHelper&, long unsigned int)	24	static
WString.cpp:413:19:StringSumHelper& operator+(const StringSumHelper&, float)	24	static
WString.cpp:420:19:StringSumHelper& operator+(const StringSumHelper&, double)	32	static
WString.cpp:427:19:StringSumHelper& operator+(const StringSumHelper&, const __FlashStringHelper*)	24	static
WString.cpp:438:5:int String::compareTo(const String&) const	16	static
WString.cpp:448:15:unsigned char String::equals(const String&) const	16	static
WString.cpp:453:15:unsigned char String::equals(const char*) const	16	static
WString.cpp:460:15:unsigned char String::operator<(const String&) const	16	static
WString.cpp:465:15:unsigned char String::operator>(const String&) const	16	static
WString.cpp:470:15:unsigned char String::operator<=(const String&) const	16	static
WString.cpp:475:15:unsigned char String::operator>=(const String&) const	16	static
WString.cpp:480:15:unsigned char String::equalsIgnoreCase(const String&) const	32	static
WString.cpp:493:15:unsigned char String::startsWith(const String&) const	16	static
WString.cpp:499:15:unsigned char String::startsWith(const String&, unsigned int) const	24	static
WString.cpp:505:15:unsigned char String::endsWith(const String&) const	16	static
WString.cpp:515:6:char String::charAt(unsigned int) const	16	static
WString.cpp:520:6:void String::setCharAt(unsigned int, char)	24	static
WString.cpp:525:8:char& String::operator[](unsigned int)	16	static
WString.cpp:535:6:char String::operator[](unsigned int) const	16	static
WString.cpp:541:6:void String::getBytes(unsigned char*, unsigned int, unsigned int) const	32	static
WString.cpp:558:5:int String::indexOf(char) const	16	static
WString.cpp:563:5:int String::indexOf(char, unsigned int) const	32	static
WString.cpp:571:5:int String::indexOf(const String&) const	16	static
WString.cpp:576:5:int String::indexOf(const String&, unsigned int) const	32	static
WString.cpp:584:5:int String::lastIndexOf(char) const	16	static
WString.cpp:589:5:int String::lastIndexOf(char, unsigned int) const	32	static
WString.cpp:600:5:int String::lastIndexOf(const String&) const	16	static
WString.cpp:605:5:int String::lastIndexOf(const String&, unsigned int) const	32	static
WString.cpp:618:8:String String::substring(unsigned int, unsigned int) const	32	static
WString.cpp:639:6:void String::replace(char, char)	24	static
WString.cpp:647:6:void String::replace(const String&, const String&)	56	static
WString.cpp:690:6:void String::remove(unsigned int)	16	static
WString.cpp:697:6:void String::remove(unsigned int, unsigned int)	32	static
WString.cpp:707:6:void String::toLowerCase()	24	static
WString.cpp:715:6:void String::toUpperCase()	24	static
WString.cpp:723:6:void String::trim()	24	static
WString.cpp:739:6:long int String::toInt() const	16	static
WString.cpp:745:7:float String::toFloat() const	16	static
