main.h:45:24:void delayMicroseconds(uint32_t)	24	static
RF24.cpp:34:13:void RF24::beginTransaction()	16	static
RF24.cpp:41:13:void RF24::endTransaction()	16	static
RF24.cpp:48:6:void RF24::read_register(uint8_t, uint8_t*, uint8_t)	32	static
RF24.cpp:58:9:uint8_t RF24::read_register(uint8_t)	24	static
RF24.cpp:70:6:void RF24::write_register(uint8_t, const uint8_t*, uint8_t)	24	static
RF24.cpp:80:6:void RF24::write_register(uint8_t, uint8_t, bool)	16	static
RF24.cpp:103:6:void RF24::write_payload(const void*, uint8_t, uint8_t)	32	static
RF24.cpp:126:6:void RF24::read_payload(void*, uint8_t)	40	static
RF24.cpp:149:9:uint8_t RF24::flush_rx()	16	static
RF24.cpp:157:9:uint8_t RF24::flush_tx()	16	static
RF24.cpp:165:9:uint8_t RF24::get_status()	16	static
RF24.cpp:172:1:RF24::RF24(uint16_t, uint16_t, uint32_t)	24	static
RF24.cpp:181:1:RF24::RF24(uint32_t)	16	static
RF24.cpp:190:6:void RF24::_init_obj()	16	static
RF24.cpp:200:6:void RF24::setChannel(uint8_t)	24	static
RF24.cpp:206:9:uint8_t RF24::getChannel()	16	static
RF24.cpp:214:6:void RF24::setPayloadSize(uint8_t)	24	static
RF24.cpp:226:9:uint8_t RF24::getPayloadSize()	16	static
RF24.cpp:232:6:bool RF24::begin(uint16_t, uint16_t)	16	static
RF24.cpp:241:6:bool RF24::begin()	16	static
RF24.cpp:248:6:bool RF24::_init_pins()	16	static
RF24.cpp:266:6:bool RF24::_init_radio()	24	static
RF24.cpp:338:6:bool RF24::isChipConnected()	24	static
RF24.cpp:350:6:bool RF24::isValid()	16	static
RF24.cpp:357:6:void RF24::startListening()	16	static
RF24.cpp:377:6:void RF24::stopListening()	16	static
RF24.cpp:391:6:void RF24::powerDown()	16	static
RF24.cpp:401:6:void RF24::powerUp()	16	static
RF24.cpp:418:6:bool RF24::write(const void*, uint8_t, bool)	32	static
RF24.cpp:435:6:bool RF24::write(const void*, uint8_t)	24	static
RF24.cpp:442:6:bool RF24::writeBlocking(const void*, uint8_t, uint32_t)	40	static
RF24.cpp:468:6:void RF24::reUseTX()	16	static
RF24.cpp:478:6:bool RF24::writeFast(const void*, uint8_t, bool)	32	static
RF24.cpp:496:6:bool RF24::writeFast(const void*, uint8_t)	24	static
RF24.cpp:508:6:void RF24::startFastWrite(const void*, uint8_t, bool, bool)	24	static
RF24.cpp:521:6:bool RF24::startWrite(const void*, uint8_t, bool)	24	static
RF24.cpp:536:6:bool RF24::rxFifoFull()	16	static
RF24.cpp:543:6:bool RF24::txStandBy()	16	static
RF24.cpp:560:6:bool RF24::txStandBy(uint32_t, bool)	32	static
RF24.cpp:589:6:void RF24::maskIRQ(bool, bool, bool)	16	static
RF24.cpp:600:9:uint8_t RF24::getDynamicPayloadSize()	24	static
RF24.cpp:614:6:bool RF24::available()	16	static
RF24.cpp:621:6:bool RF24::available(uint8_t*)	24	static
RF24.cpp:637:6:void RF24::read(void*, uint8_t)	24	static
RF24.cpp:650:6:void RF24::whatHappened(bool&, bool&, bool&)	24	static
RF24.cpp:664:6:void RF24::openWritingPipe(uint64_t)	24	static
RF24.cpp:674:6:void RF24::openWritingPipe(const uint8_t*)	16	static
RF24.cpp:686:6:void RF24::openReadingPipe(uint8_t, uint64_t)	24	static
RF24.cpp:711:6:void RF24::setAddressWidth(uint8_t)	16	static
RF24.cpp:726:6:void RF24::openReadingPipe(uint8_t, const uint8_t*)	24	static
RF24.cpp:752:6:void RF24::closeReadingPipe(uint8_t)	16	static
RF24.cpp:759:6:void RF24::toggle_features()	16	static
RF24.cpp:769:6:void RF24::enableDynamicPayloads()	16	static
RF24.cpp:788:6:void RF24::disableDynamicPayloads()	16	static
RF24.cpp:809:6:void RF24::enableAckPayload()	16	static
RF24.cpp:827:6:void RF24::disableAckPayload()	16	static
RF24.cpp:841:6:void RF24::enableDynamicAck()	16	static
RF24.cpp:854:6:bool RF24::writeAckPayload(uint8_t, const void*, uint8_t)	32	static
RF24.cpp:867:6:bool RF24::isAckPayloadAvailable()	16	static
RF24.cpp:874:6:bool RF24::isPVariant()	16	static
RF24.cpp:881:6:void RF24::setAutoAck(bool)	16	static
RF24.cpp:896:6:void RF24::setAutoAck(uint8_t, bool)	24	static
RF24.cpp:914:6:bool RF24::testCarrier()	16	static
RF24.cpp:921:6:bool RF24::testRPD()	16	static
RF24.cpp:928:6:void RF24::setPALevel(uint8_t, bool)	24	static
RF24.cpp:944:9:uint8_t RF24::getPALevel()	16	static
RF24.cpp:952:9:uint8_t RF24::getARC()	16	static
RF24.cpp:960:6:bool RF24::setDataRate(rf24_datarate_e)	24	static
RF24.cpp:992:17:rf24_datarate_e RF24::getDataRate()	24	static
RF24.cpp:1014:6:void RF24::setCRCLength(rf24_crclength_e)	16	static
RF24.cpp:1032:18:rf24_crclength_e RF24::getCRCLength()	24	static
RF24.cpp:1051:6:void RF24::disableCRC()	16	static
RF24.cpp:1058:6:void RF24::setRetries(uint8_t, uint8_t)	16	static
RF24.cpp:1064:6:void RF24::startConstCarrier(rf24_pa_dbm_e, uint8_t)	56	static
RF24.cpp:1098:6:void RF24::stopConstCarrier()	16	static
