main.cpp:60:6:void digitalWrite(uint16_t, bool)	16	static
main.cpp:65:9:uint8_t spiTransfer(uint8_t)	16	static
main.cpp:71:6:bool digitalRead(uint8_t)	16	static
main.cpp:87:5:int main()	8	static
main.cpp:133:6:void SystemClock_Config()	72	static
main.cpp:169:13:void MX_I2C1_Init()	8	static
main.cpp:203:13:void MX_SPI1_Init()	8	static
main.cpp:241:13:void MX_USART1_UART_Init()	8	static
main.cpp:274:13:void MX_GPIO_Init()	32	static
main.cpp:302:6:void Error_Handler()	4	static,ignoring_inline_asm
main.cpp:311:1:void __static_initialization_and_destruction_0(int, int)	16	static
main.cpp:311:1:cpp)	8	static
