00:00:26 **** Incremental Build of configuration Debug for project STM32F103C8T6_nRF24L01 ****
make -j8 all 
arm-none-eabi-g++ "../Core/Src/main.cpp" -mcpu=cortex-m3 -std=gnu++14 -g3 -DDEBUG -DUSE_HAL_DRIVER -DSTM32F103xB -c -I../Core/Inc -I../Drivers/STM32F1xx_HAL_Driver/Inc -I../Drivers/STM32F1xx_HAL_Driver/Inc/Legacy -I../Drivers/CMSIS/Device/ST/STM32F1xx/Include -I../Drivers/CMSIS/Include -I"D:/PROJECTS_2022/MyProjects/Delivered/NXP_RESET_BOARD/SourceCode/STM32/STM32F103C8T6_nRF24L01/Libraries/mbed" -I"D:/PROJECTS_2022/MyProjects/Delivered/NXP_RESET_BOARD/SourceCode/STM32/STM32F103C8T6_nRF24L01/Libraries/nRF24L01P" -O0 -ffunction-sections -fdata-sections -fno-exceptions -fno-rtti -fno-use-cxa-atexit -Wall -fstack-usage -MMD -MP -MF"Core/Src/main.d" -MT"Core/Src/main.o" --specs=nano.specs -mfloat-abi=soft -mthumb -o "Core/Src/main.o"
arm-none-eabi-g++ -o "STM32F103C8T6_nRF24L01.elf" @"objects.list"   -mcpu=cortex-m3 -T"D:\PROJECTS_2022\MyProjects\Delivered\NXP_RESET_BOARD\SourceCode\STM32\STM32F103C8T6_nRF24L01\STM32F103C8TX_FLASH.ld" --specs=nosys.specs -Wl,-Map="STM32F103C8T6_nRF24L01.map" -Wl,--gc-sections -static --specs=nano.specs -mfloat-abi=soft -mthumb -Wl,--start-group -lc -lm -lstdc++ -lsupc++ -Wl,--end-group
Finished building target: STM32F103C8T6_nRF24L01.elf
 
arm-none-eabi-size   STM32F103C8T6_nRF24L01.elf 
arm-none-eabi-objdump -h -S  STM32F103C8T6_nRF24L01.elf  > "STM32F103C8T6_nRF24L01.list"
arm-none-eabi-objcopy  -O binary  STM32F103C8T6_nRF24L01.elf  "STM32F103C8T6_nRF24L01.bin"
   text	   data	    bss	    dec	    hex	filename
   8780	    136	   1628	  10544	   2930	STM32F103C8T6_nRF24L01.elf
Finished building: default.size.stdout
 
Finished building: STM32F103C8T6_nRF24L01.bin
Finished building: STM32F103C8T6_nRF24L01.list
 
 

00:00:27 Build Finished. 0 errors, 0 warnings. (took 974ms)

