12:49:41 **** Incremental Build of configuration Debug for project STM32F103C8T6_UIPthernet ****
make -j8 all 
arm-none-eabi-gcc "../Core/Src/stm32f1xx_it.c" -mcpu=cortex-m3 -std=gnu11 -g3 -DDEBUG -DUSE_HAL_DRIVER -DSTM32F103xB -D__MBED__ -c -I../Core/Inc -I../Drivers/STM32F1xx_HAL_Driver/Inc -I../Drivers/STM32F1xx_HAL_Driver/Inc/Legacy -I../Drivers/CMSIS/Device/ST/STM32F1xx/Include -I../Drivers/CMSIS/Include -I"D:/PROJECTS_2022/MyProjects/Delivered/NXP_RESET_BOARD/SourceCode/STM32F103C8T6_UIPthernet/Libraries" -I"D:/PROJECTS_2022/MyProjects/Delivered/NXP_RESET_BOARD/SourceCode/STM32F103C8T6_UIPthernet/Libraries/mbed" -I"D:/PROJECTS_2022/MyProjects/Delivered/NXP_RESET_BOARD/SourceCode/STM32F103C8T6_UIPthernet/Libraries/utility" -O0 -ffunction-sections -fdata-sections -Wall -fstack-usage -MMD -MP -MF"Core/Src/stm32f1xx_it.d" -MT"Core/Src/stm32f1xx_it.o" --specs=nano.specs -mfloat-abi=soft -mthumb -o "Core/Src/stm32f1xx_it.o"
arm-none-eabi-g++ -o "STM32F103C8T6_UIPthernet.elf" @"objects.list"   -mcpu=cortex-m3 -T"D:\PROJECTS_2022\MyProjects\Delivered\NXP_RESET_BOARD\SourceCode\STM32F103C8T6_UIPthernet\STM32F103C8TX_FLASH.ld" --specs=nosys.specs -Wl,-Map="STM32F103C8T6_UIPthernet.map" -Wl,--gc-sections -static --specs=nano.specs -mfloat-abi=soft -mthumb -Wl,--start-group -lc -lm -lstdc++ -lsupc++ -Wl,--end-group
Finished building target: STM32F103C8T6_UIPthernet.elf
 
arm-none-eabi-size   STM32F103C8T6_UIPthernet.elf 
arm-none-eabi-objdump -h -S  STM32F103C8T6_UIPthernet.elf  > "STM32F103C8T6_UIPthernet.list"
arm-none-eabi-objcopy  -O binary  STM32F103C8T6_UIPthernet.elf  "STM32F103C8T6_UIPthernet.bin"
   text	   data	    bss	    dec	    hex	filename
  41816	    220	   2796	  44832	   af20	STM32F103C8T6_UIPthernet.elf
Finished building: default.size.stdout
 
Finished building: STM32F103C8T6_UIPthernet.bin
 
Finished building: STM32F103C8T6_UIPthernet.list
 

12:49:42 Build Finished. 0 errors, 0 warnings. (took 1s.182ms)

