main.cpp:68:6:void delay_us(uint32_t)	16	static
main.cpp:72:6:void i2c_write(uint8_t, uint8_t)	24	static
main.cpp:79:10:uint32_t readDHT11()	40	static
main.cpp:131:5:int main()	8	static
main.cpp:190:6:void SystemClock_Config()	72	static
main.cpp:226:13:void MX_I2C1_Init()	8	static
main.cpp:260:13:void MX_GPIO_Init()	32	static
main.cpp:294:6:void Error_Handler()	4	static,ignoring_inline_asm
main.cpp:303:1:void __static_initialization_and_destruction_0(int, int)	24	static
main.cpp:303:1:cpp)	8	static
