MFRC522Extended.cpp:31:21:virtual MFRC522::StatusCode MFRC522Extended::PICC_Select(MFRC522::Uid*, uint8_t)	152	static
MFRC522Extended.cpp:345:21:MFRC522::StatusCode MFRC522Extended::PICC_RequestATS(MFRC522Extended::Ats*)	104	static
MFRC522Extended.cpp:532:21:MFRC522::StatusCode MFRC522Extended::PICC_PPS()	48	static
MFRC522Extended.cpp:570:21:MFRC522::StatusCode MFRC522Extended::PICC_PPS(MFRC522Extended::TagBitRates, MFRC522Extended::TagBitRates)	48	static
MFRC522Extended.cpp:663:21:MFRC522::StatusCode MFRC522Extended::TCL_Transceive(MFRC522Extended::PcbBlock*, MFRC522Extended::PcbBlock*)	136	dynamic
MFRC522Extended.cpp:775:21:MFRC522::StatusCode MFRC522Extended::TCL_Transceive(MFRC522Extended::TagInfo*, uint8_t*, uint8_t, uint8_t*, uint8_t*)	192	static
MFRC522Extended.cpp:862:21:MFRC522::StatusCode MFRC522Extended::TCL_TransceiveRBlock(MFRC522Extended::TagInfo*, bool, uint8_t*, uint8_t*)	120	static
MFRC522Extended.cpp:923:21:MFRC522::StatusCode MFRC522Extended::TCL_Deselect(MFRC522Extended::TagInfo*)	120	static
MFRC522Extended.cpp:958:20:static MFRC522::PICC_Type MFRC522Extended::PICC_GetType(MFRC522Extended::TagInfo*)	24	static
MFRC522Extended.cpp:988:6:void MFRC522Extended::PICC_DumpToSerial(MFRC522Extended::TagInfo*)	24	static
MFRC522Extended.cpp:1102:6:virtual bool MFRC522Extended::PICC_IsNewCardPresent()	24	static
MFRC522Extended.cpp:1151:6:virtual bool MFRC522Extended::PICC_ReadCardSerial()	24	static
