MFRC522.cpp:31:1:MFRC522::MFRC522(uint8_t, uint8_t)	16	static
MFRC522.cpp:46:6:void MFRC522::PCD_WriteRegister(MFRC522::PCD_Register, uint8_t)	16	static
MFRC522.cpp:61:6:void MFRC522::PCD_WriteRegister(MFRC522::PCD_Register, uint8_t, uint8_t*)	32	static
MFRC522.cpp:79:6:uint8_t MFRC522::PCD_ReadRegister(MFRC522::PCD_Register)	24	static
MFRC522.cpp:95:6:void MFRC522::PCD_ReadRegister(MFRC522::PCD_Register, uint8_t, uint8_t*, uint8_t)	40	static
MFRC522.cpp:131:6:void MFRC522::PCD_SetRegisterBitMask(MFRC522::PCD_Register, uint8_t)	24	static
MFRC522.cpp:142:6:void MFRC522::PCD_ClearRegisterBitMask(MFRC522::PCD_Register, uint8_t)	24	static
MFRC522.cpp:156:21:MFRC522::StatusCode MFRC522::PCD_CalculateCRC(uint8_t*, uint8_t, uint8_t*)	40	static
MFRC522.cpp:198:6:void MFRC522::PCD_Init()	24	static
MFRC522.cpp:247:6:void MFRC522::PCD_Init(uint8_t)	16	static
MFRC522.cpp:255:6:void MFRC522::PCD_Init(uint8_t, uint8_t)	16	static
MFRC522.cpp:267:6:void MFRC522::PCD_Reset()	24	static
MFRC522.cpp:283:6:void MFRC522::PCD_AntennaOn()	24	static
MFRC522.cpp:293:6:void MFRC522::PCD_AntennaOff()	16	static
MFRC522.cpp:304:6:uint8_t MFRC522::PCD_GetAntennaGain()	16	static
MFRC522.cpp:313:6:void MFRC522::PCD_SetAntennaGain(uint8_t)	16	static
MFRC522.cpp:326:6:bool MFRC522::PCD_PerformSelfTest()	128	static
MFRC522.cpp:417:6:void MFRC522::PCD_SoftPowerDown()	24	static
MFRC522.cpp:423:6:void MFRC522::PCD_SoftPowerUp()	24	static
MFRC522.cpp:449:21:MFRC522::StatusCode MFRC522::PCD_TransceiveData(uint8_t*, uint8_t, uint8_t*, uint8_t*, uint8_t*, uint8_t, bool)	56	static
MFRC522.cpp:467:21:MFRC522::StatusCode MFRC522::PCD_CommunicateWithPICC(uint8_t, uint8_t, uint8_t*, uint8_t, uint8_t*, uint8_t*, uint8_t*, uint8_t, bool)	48	static
MFRC522.cpp:577:21:MFRC522::StatusCode MFRC522::PICC_RequestA(uint8_t*, uint8_t*)	24	static
MFRC522.cpp:589:21:MFRC522::StatusCode MFRC522::PICC_WakeupA(uint8_t*, uint8_t*)	24	static
MFRC522.cpp:601:21:MFRC522::StatusCode MFRC522::PICC_REQA_or_WUPA(uint8_t, uint8_t*, uint8_t*)	48	static
MFRC522.cpp:640:21:virtual MFRC522::StatusCode MFRC522::PICC_Select(MFRC522::Uid*, uint8_t)	80	static
MFRC522.cpp:857:21:MFRC522::StatusCode MFRC522::PICC_HaltA()	40	static
MFRC522.cpp:901:21:MFRC522::StatusCode MFRC522::PCD_Authenticate(uint8_t, uint8_t, MFRC522::MIFARE_Key*, MFRC522::Uid*)	64	static
MFRC522.cpp:931:6:void MFRC522::PCD_StopCrypto1()	16	static
MFRC522.cpp:952:21:MFRC522::StatusCode MFRC522::MIFARE_Read(uint8_t, uint8_t*, uint8_t*)	48	static
MFRC522.cpp:987:21:MFRC522::StatusCode MFRC522::MIFARE_Write(uint8_t, uint8_t*, uint8_t)	32	static
MFRC522.cpp:1022:21:MFRC522::StatusCode MFRC522::MIFARE_Ultralight_Write(uint8_t, uint8_t*, uint8_t)	32	static
MFRC522.cpp:1055:21:MFRC522::StatusCode MFRC522::MIFARE_Decrement(uint8_t, int32_t)	24	static
MFRC522.cpp:1069:21:MFRC522::StatusCode MFRC522::MIFARE_Increment(uint8_t, int32_t)	24	static
MFRC522.cpp:1083:21:MFRC522::StatusCode MFRC522::MIFARE_Restore(uint8_t)	16	static
MFRC522.cpp:1095:21:MFRC522::StatusCode MFRC522::MIFARE_TwoStepHelper(uint8_t, uint8_t, int32_t)	32	static
MFRC522.cpp:1126:21:MFRC522::StatusCode MFRC522::MIFARE_Transfer(uint8_t)	24	static
MFRC522.cpp:1152:21:MFRC522::StatusCode MFRC522::MIFARE_GetValue(uint8_t, int32_t*)	48	static
MFRC522.cpp:1177:21:MFRC522::StatusCode MFRC522::MIFARE_SetValue(uint8_t, int32_t)	48	static
MFRC522.cpp:1207:21:MFRC522::StatusCode MFRC522::PCD_NTAG216_AUTH(uint8_t*, uint8_t*)	80	static
MFRC522.cpp:1254:21:MFRC522::StatusCode MFRC522::PCD_MIFARE_Transceive(uint8_t*, uint8_t, bool)	72	static
MFRC522.cpp:1300:28:static const __FlashStringHelper* MFRC522::GetStatusCodeName(MFRC522::StatusCode)	16	static
MFRC522.cpp:1321:20:static MFRC522::PICC_Type MFRC522::PICC_GetType(uint8_t)	16	static
MFRC522.cpp:1348:28:static const __FlashStringHelper* MFRC522::PICC_GetTypeName(MFRC522::PICC_Type)	16	static
MFRC522.cpp:1699:6:void MFRC522::MIFARE_SetAccessBits(uint8_t*, uint8_t, uint8_t, uint8_t, uint8_t)	32	static
MFRC522.cpp:1726:6:bool MFRC522::MIFARE_OpenUidBackdoor(bool)	72	static
MFRC522.cpp:1796:6:bool MFRC522::MIFARE_SetUid(uint8_t*, uint8_t, bool)	72	static
MFRC522.cpp:1898:6:bool MFRC522::MIFARE_UnbrickUidSector(bool)	48	static
MFRC522.cpp:1925:6:virtual bool MFRC522::PICC_IsNewCardPresent()	24	static
MFRC522.cpp:1947:6:virtual bool MFRC522::PICC_ReadCardSerial()	24	static
