Archive member included to satisfy reference by file (symbol)

c:/program files (x86)/gnu tools arm embedded/6 2017-q1-update/bin/../lib/gcc/arm-none-eabi/6.3.1/../../../../arm-none-eabi/lib/thumb/v6-m\libstdc++_nano.a(del_op.o)
                              ./Libraries/mbed/IPAddress.o (operator delete(void*))
c:/program files (x86)/gnu tools arm embedded/6 2017-q1-update/bin/../lib/gcc/arm-none-eabi/6.3.1/../../../../arm-none-eabi/lib/thumb/v6-m\libstdc++_nano.a(pure.o)
                              ./Libraries/mbed/Print.o (__cxa_pure_virtual)
c:/program files (x86)/gnu tools arm embedded/6 2017-q1-update/bin/../lib/gcc/arm-none-eabi/6.3.1/../../../../arm-none-eabi/lib/thumb/v6-m\libstdc++_nano.a(eh_terminate.o)
                              c:/program files (x86)/gnu tools arm embedded/6 2017-q1-update/bin/../lib/gcc/arm-none-eabi/6.3.1/../../../../arm-none-eabi/lib/thumb/v6-m\libstdc++_nano.a(pure.o) (std::terminate())
c:/program files (x86)/gnu tools arm embedded/6 2017-q1-update/bin/../lib/gcc/arm-none-eabi/6.3.1/../../../../arm-none-eabi/lib/thumb/v6-m\libstdc++_nano.a(eh_term_handler.o)
                              c:/program files (x86)/gnu tools arm embedded/6 2017-q1-update/bin/../lib/gcc/arm-none-eabi/6.3.1/../../../../arm-none-eabi/lib/thumb/v6-m\libstdc++_nano.a(eh_terminate.o) (__cxxabiv1::__terminate_handler)
c:/program files (x86)/gnu tools arm embedded/6 2017-q1-update/bin/../lib/gcc/arm-none-eabi/6.3.1/../../../../arm-none-eabi/lib/thumb/v6-m\libstdc++_nano.a(eh_unex_handler.o)
                              c:/program files (x86)/gnu tools arm embedded/6 2017-q1-update/bin/../lib/gcc/arm-none-eabi/6.3.1/../../../../arm-none-eabi/lib/thumb/v6-m\libstdc++_nano.a(eh_terminate.o) (__cxxabiv1::__unexpected_handler)
c:/program files (x86)/gnu tools arm embedded/6 2017-q1-update/bin/../lib/gcc/arm-none-eabi/6.3.1/thumb/v6-m\libgcc.a(_udivsi3.o)
                              ./User/main.o (__aeabi_uidiv)
c:/program files (x86)/gnu tools arm embedded/6 2017-q1-update/bin/../lib/gcc/arm-none-eabi/6.3.1/thumb/v6-m\libgcc.a(_dvmd_tls.o)
                              c:/program files (x86)/gnu tools arm embedded/6 2017-q1-update/bin/../lib/gcc/arm-none-eabi/6.3.1/thumb/v6-m\libgcc.a(_udivsi3.o) (__aeabi_idiv0)
c:/program files (x86)/gnu tools arm embedded/6 2017-q1-update/bin/../lib/gcc/arm-none-eabi/6.3.1/thumb/v6-m\libgcc.a(_arm_cmpdf2.o)
                              ./Libraries/mbed/Print.o (__aeabi_dcmplt)
c:/program files (x86)/gnu tools arm embedded/6 2017-q1-update/bin/../lib/gcc/arm-none-eabi/6.3.1/thumb/v6-m\libgcc.a(_fixunssfsi.o)
                              ./Library/timer.o (__aeabi_f2uiz)
c:/program files (x86)/gnu tools arm embedded/6 2017-q1-update/bin/../lib/gcc/arm-none-eabi/6.3.1/thumb/v6-m\libgcc.a(_fixunsdfsi.o)
                              ./Libraries/mbed/Print.o (__aeabi_d2uiz)
c:/program files (x86)/gnu tools arm embedded/6 2017-q1-update/bin/../lib/gcc/arm-none-eabi/6.3.1/thumb/v6-m\libgcc.a(divsf3.o)
                              ./Library/timer.o (__aeabi_fdiv)
c:/program files (x86)/gnu tools arm embedded/6 2017-q1-update/bin/../lib/gcc/arm-none-eabi/6.3.1/thumb/v6-m\libgcc.a(mulsf3.o)
                              ./Library/timer.o (__aeabi_fmul)
c:/program files (x86)/gnu tools arm embedded/6 2017-q1-update/bin/../lib/gcc/arm-none-eabi/6.3.1/thumb/v6-m\libgcc.a(subsf3.o)
                              c:/program files (x86)/gnu tools arm embedded/6 2017-q1-update/bin/../lib/gcc/arm-none-eabi/6.3.1/thumb/v6-m\libgcc.a(_fixunssfsi.o) (__aeabi_fsub)
c:/program files (x86)/gnu tools arm embedded/6 2017-q1-update/bin/../lib/gcc/arm-none-eabi/6.3.1/thumb/v6-m\libgcc.a(fixsfsi.o)
                              c:/program files (x86)/gnu tools arm embedded/6 2017-q1-update/bin/../lib/gcc/arm-none-eabi/6.3.1/thumb/v6-m\libgcc.a(_fixunssfsi.o) (__aeabi_f2iz)
c:/program files (x86)/gnu tools arm embedded/6 2017-q1-update/bin/../lib/gcc/arm-none-eabi/6.3.1/thumb/v6-m\libgcc.a(floatunsisf.o)
                              ./Library/timer.o (__aeabi_ui2f)
c:/program files (x86)/gnu tools arm embedded/6 2017-q1-update/bin/../lib/gcc/arm-none-eabi/6.3.1/thumb/v6-m\libgcc.a(adddf3.o)
                              ./Libraries/mbed/Print.o (__aeabi_dadd)
c:/program files (x86)/gnu tools arm embedded/6 2017-q1-update/bin/../lib/gcc/arm-none-eabi/6.3.1/thumb/v6-m\libgcc.a(divdf3.o)
                              ./Libraries/mbed/Print.o (__aeabi_ddiv)
c:/program files (x86)/gnu tools arm embedded/6 2017-q1-update/bin/../lib/gcc/arm-none-eabi/6.3.1/thumb/v6-m\libgcc.a(eqdf2.o)
                              c:/program files (x86)/gnu tools arm embedded/6 2017-q1-update/bin/../lib/gcc/arm-none-eabi/6.3.1/thumb/v6-m\libgcc.a(_arm_cmpdf2.o) (__eqdf2)
c:/program files (x86)/gnu tools arm embedded/6 2017-q1-update/bin/../lib/gcc/arm-none-eabi/6.3.1/thumb/v6-m\libgcc.a(gedf2.o)
[...]
Memory Configuration

Name             Origin             Length             Attributes
FLASH            0x00000000         0x00008000         xr
RAM              0x20000000         0x00001000         xrw
*default*        0x00000000         0xffffffff

Linker script and memory map

LOAD c:/program files (x86)/gnu tools arm embedded/6 2017-q1-update/bin/../lib/gcc/arm-none-eabi/6.3.1/thumb/v6-m/crti.o
LOAD c:/program files (x86)/gnu tools arm embedded/6 2017-q1-update/bin/../lib/gcc/arm-none-eabi/6.3.1/thumb/v6-m/crtbegin.o
LOAD c:/program files (x86)/gnu tools arm embedded/6 2017-q1-update/bin/../lib/gcc/arm-none-eabi/6.3.1/../../../../arm-none-eabi/lib/thumb/v6-m/crt0.o
LOAD ./User/main.o
LOAD ./Library/clk.o
LOAD ./Library/gpio.o
LOAD ./Library/retarget.o
LOAD ./Library/sys.o
LOAD ./Library/timer.o
LOAD ./Library/uart.o
LOAD ./Libraries/nRF24L01P/RF24.o
LOAD ./Libraries/mbed/IPAddress.o
LOAD ./Libraries/mbed/Print.o
LOAD ./Libraries/mbed/WString.o
LOAD ./Libraries/mbed/dtostrf.o
LOAD ./Libraries/mbed/itoa.o
LOAD ./CMSIS/GCC/_syscalls.o
LOAD ./CMSIS/GCC/startup_Mini58Series.o
LOAD ./CMSIS/system_Mini58Series.o
LOAD c:/program files (x86)/gnu tools arm embedded/6 2017-q1-update/bin/../lib/gcc/arm-none-eabi/6.3.1/../../../../arm-none-eabi/lib/thumb/v6-m\libstdc++_nano.a
LOAD c:/program files (x86)/gnu tools arm embedded/6 2017-q1-update/bin/../lib/gcc/arm-none-eabi/6.3.1/../../../../arm-none-eabi/lib/thumb/v6-m\libm.a
START GROUP
LOAD c:/program files (x86)/gnu tools arm embedded/6 2017-q1-update/bin/../lib/gcc/arm-none-eabi/6.3.1/thumb/v6-m\libgcc.a
LOAD c:/program files (x86)/gnu tools arm embedded/6 2017-q1-update/bin/../lib/gcc/arm-none-eabi/6.3.1/../../../../arm-none-eabi/lib/thumb/v6-m\libg_nano.a
LOAD c:/program files (x86)/gnu tools arm embedded/6 2017-q1-update/bin/../lib/gcc/arm-none-eabi/6.3.1/../../../../arm-none-eabi/lib/thumb/v6-m\libc_nano.a
END GROUP
START GROUP
LOAD c:/program files (x86)/gnu tools arm embedded/6 2017-q1-update/bin/../lib/gcc/arm-none-eabi/6.3.1/thumb/v6-m\libgcc.a
LOAD c:/program files (x86)/gnu tools arm embedded/6 2017-q1-update/bin/../lib/gcc/arm-none-eabi/6.3.1/../../../../arm-none-eabi/lib/thumb/v6-m\libc_nano.a
END GROUP
LOAD c:/program files (x86)/gnu tools arm embedded/6 2017-q1-update/bin/../lib/gcc/arm-none-eabi/6.3.1/thumb/v6-m/crtend.o
LOAD c:/program files (x86)/gnu tools arm embedded/6 2017-q1-update/bin/../lib/gcc/arm-none-eabi/6.3.1/thumb/v6-m/crtn.o
START GROUP
LOAD c:/program files (x86)/gnu tools arm embedded/6 2017-q1-update/bin/../lib/gcc/arm-none-eabi/6.3.1/thumb/v6-m\libgcc.a
LOAD c:/program files (x86)/gnu tools arm embedded/6 2017-q1-update/bin/../lib/gcc/arm-none-eabi/6.3.1/../../../../arm-none-eabi/lib/thumb/v6-m\libc.a
LOAD c:/program files (x86)/gnu tools arm embedded/6 2017-q1-update/bin/../lib/gcc/arm-none-eabi/6.3.1/../../../../arm-none-eabi/lib/thumb/v6-m\libm.a
LOAD c:/program files (x86)/gnu tools arm embedded/6 2017-q1-update/bin/../lib/gcc/arm-none-eabi/6.3.1/../../../../arm-none-eabi/lib/thumb/v6-m\libnosys.a
END GROUP

.text           0x00000000     0x2e84
 *(.vectors)
 .vectors       0x00000000       0xc0 ./CMSIS/GCC/startup_Mini58Series.o
                0x00000000                __Vectors
                0x000000c0                __Vectors_End = .
                0x000000c0                __Vectors_Size = (__Vectors_End - __Vectors)
                0x000000c0                __end__ = .
 *(.text*)
 .text          0x000000c0       0x60 c:/program files (x86)/gnu tools arm embedded/6 2017-q1-update/bin/../lib/gcc/arm-none-eabi/6.3.1/thumb/v6-m/crtbegin.o
 .text          0x00000120       0x78 c:/program files (x86)/gnu tools arm embedded/6 2017-q1-update/bin/../lib/gcc/arm-none-eabi/6.3.1/../../../../arm-none-eabi/lib/thumb/v6-m/crt0.o
                0x00000120                _start
                0x00000120                _mainCRTStartup
 .text._Z41__static_initialization_and_destruction_0ii
                0x00000198       0x28 ./User/main.o
 .text._Z8SYS_Initv
                0x000001c0       0x40 ./User/main.o
                0x000001c0                SYS_Init()
 .text._Z2ceb   0x00000200        0x2 ./User/main.o
                0x00000200                ce(bool)
 *fill*         0x00000202        0x2 
 .text._Z3csnb  0x00000204       0x18 ./User/main.o
                0x00000204                csn(bool)
 .text._Z8spiWriteh
                0x0000021c       0x50 ./User/main.o
                0x0000021c                spiWrite(unsigned char)
 .text.SysTick_Handler
                0x0000026c       0x38 ./User/main.o
                0x0000026c                SysTick_Handler
 .text._Z9GPIO_Initv
                0x000002a4       0x68 ./User/main.o
                0x000002a4                GPIO_Init()
 .text.main     0x0000030c       0xe8 ./User/main.o
                0x0000030c                main
 .text._GLOBAL__sub_I_uwTick
                0x000003f4       0x10 ./User/main.o
 .text.CLK_SetHCLK
                0x00000404       0x24 ./Library/clk.o
                0x00000404                CLK_SetHCLK
 .text.GPIO_SetMode
                0x00000428       0x2a ./Library/gpio.o
                0x00000428                GPIO_SetMode
 *fill*         0x00000452        0x2 
 .text.stackDump
                0x00000454       0x68 ./Library/retarget.o
                0x00000454                stackDump
 .text.Hard_Fault_Handler
                0x000004bc       0x18 ./Library/retarget.o
                0x000004bc                Hard_Fault_Handler
 .text.HardFault_Handler
                0x000004d4       0x20 ./Library/retarget.o
                0x000004d4                HardFault_Handler
 .text._write   0x000004f4       0x44 ./Library/retarget.o
                0x000004f4                _write
 .text._read    0x00000538       0x18 ./Library/retarget.o
                0x00000538                _read
 .text.TIMER_GetModuleClock
                0x00000550       0x68 ./Library/timer.o
                0x00000550                TIMER_GetModuleClock
 .text.TIMER_Delay
                0x000005b8       0xb4 ./Library/timer.o
                0x000005b8                TIMER_Delay
 .text._ZN4RF2413read_registerEh
                0x0000066c       0x26 ./Libraries/nRF24L01P/RF24.o
                0x0000066c                RF24::read_register(unsigned char)
 .text._ZN4RF2414write_registerEhPKhh
                0x00000692       0x3a ./Libraries/nRF24L01P/RF24.o
                0x00000692                RF24::write_register(unsigned char, unsigned char const*, unsigned char)
 .text._ZN4RF2414write_registerEhhb
                0x000006cc       0x46 ./Libraries/nRF24L01P/RF24.o
                0x000006cc                RF24::write_register(unsigned char, unsigned char, bool)
 .text._ZN4RF2412read_payloadEPvh
                0x00000712       0x72 ./Libraries/nRF24L01P/RF24.o
                0x00000712                RF24::read_payload(void*, unsigned char)
 .text._ZN4RF248flush_rxEv
                0x00000784       0x12 ./Libraries/nRF24L01P/RF24.o
                0x00000784                RF24::flush_rx()
 .text._ZN4RF248flush_txEv
                0x00000796       0x12 ./Libraries/nRF24L01P/RF24.o
                0x00000796                RF24::flush_tx()
 .text._ZN4RF2410get_statusEv
                0x000007a8       0x12 ./Libraries/nRF24L01P/RF24.o
                0x000007a8                RF24::get_status()
 *fill*         0x000007ba        0x2 
 .text._ZN4RF249_init_objEv
                0x000007bc       0x1c ./Libraries/nRF24L01P/RF24.o
                0x000007bc                RF24::_init_obj()
 .text._ZN4RF24C2Ettm
                0x000007d8       0x24 ./Libraries/nRF24L01P/RF24.o
                0x000007d8                RF24::RF24(unsigned short, unsigned short, unsigned long)
                0x000007d8                RF24::RF24(unsigned short, unsigned short, unsigned long)
 .text._ZN4RF2410setChannelEh
                0x000007fc       0x16 ./Libraries/nRF24L01P/RF24.o
                0x000007fc                RF24::setChannel(unsigned char)
 .text._ZN4RF2414setPayloadSizeEh
                0x00000812       0x36 ./Libraries/nRF24L01P/RF24.o
                0x00000812                RF24::setPayloadSize(unsigned char)
 .text._ZN4RF247isValidEv
                0x00000848       0x20 ./Libraries/nRF24L01P/RF24.o
                0x00000848                RF24::isValid()
 .text._ZN4RF2410_init_pinsEv
                0x00000868       0x1c ./Libraries/nRF24L01P/RF24.o
                0x00000868                RF24::_init_pins()
 .text._ZN4RF247powerUpEv
                0x00000884       0x2c ./Libraries/nRF24L01P/RF24.o
                0x00000884                RF24::powerUp()
 .text._ZN4RF249availableEPh
                0x000008b0       0x24 ./Libraries/nRF24L01P/RF24.o
                0x000008b0                RF24::available(unsigned char*)
 .text._ZN4RF249availableEv
                0x000008d4        0xa ./Libraries/nRF24L01P/RF24.o
                0x000008d4                RF24::available()
 .text._ZN4RF244readEPvh
                0x000008de       0x16 ./Libraries/nRF24L01P/RF24.o
                0x000008de                RF24::read(void*, unsigned char)
 .text._ZN4RF2415setAddressWidthEh
                0x000008f4       0x30 ./Libraries/nRF24L01P/RF24.o
                0x000008f4                RF24::setAddressWidth(unsigned char)
 .text._ZN4RF2415openReadingPipeEhPKh
                0x00000924       0x68 ./Libraries/nRF24L01P/RF24.o
                0x00000924                RF24::openReadingPipe(unsigned char, unsigned char const*)
 .text._ZN4RF2416closeReadingPipeEh
                0x0000098c       0x2c ./Libraries/nRF24L01P/RF24.o
                0x0000098c                RF24::closeReadingPipe(unsigned char)
 .text._ZN4RF2414startListeningEv
                0x000009b8       0x4e ./Libraries/nRF24L01P/RF24.o
                0x000009b8                RF24::startListening()
 .text._ZN4RF2415toggle_featuresEv
                0x00000a06       0x20 ./Libraries/nRF24L01P/RF24.o
                0x00000a06                RF24::toggle_features()
 .text._ZN4RF2410setPALevelEhb
                0x00000a26       0x34 ./Libraries/nRF24L01P/RF24.o
                0x00000a26                RF24::setPALevel(unsigned char, bool)
 .text._ZN4RF2411setDataRateE15rf24_datarate_e
                0x00000a5a       0x58 ./Libraries/nRF24L01P/RF24.o
                0x00000a5a                RF24::setDataRate(rf24_datarate_e)
 .text._ZN4RF2410setRetriesEhh
                0x00000ab2       0x1e ./Libraries/nRF24L01P/RF24.o
                0x00000ab2                RF24::setRetries(unsigned char, unsigned char)
 .text._ZN4RF2411_init_radioEv
                0x00000ad0       0xe8 ./Libraries/nRF24L01P/RF24.o
                0x00000ad0                RF24::_init_radio()
 .text._ZN4RF245beginEv
                0x00000bb8       0x16 ./Libraries/nRF24L01P/RF24.o
                0x00000bb8                RF24::begin()
 .text._ZN9IPAddressD2Ev
                0x00000bce        0x2 ./Libraries/mbed/IPAddress.o
                0x00000bce                IPAddress::~IPAddress()
                0x00000bce                IPAddress::~IPAddress()
 .text._ZNK9IPAddress7printToER5Print
                0x00000bd0       0x38 ./Libraries/mbed/IPAddress.o
                0x00000bd0                IPAddress::printTo(Print&) const
 .text._ZN9IPAddressD0Ev
                0x00000c08        0xc ./Libraries/mbed/IPAddress.o
                0x00000c08                IPAddress::~IPAddress()
 .text._ZN9IPAddressC2Ehhhh
                0x00000c14       0x1c ./Libraries/mbed/IPAddress.o
                0x00000c14                IPAddress::IPAddress(unsigned char, unsigned char, unsigned char, unsigned char)
                0x00000c14                IPAddress::IPAddress(unsigned char, unsigned char, unsigned char, unsigned char)
 .text._Z41__static_initialization_and_destruction_0ii
                0x00000c30       0x2c ./Libraries/mbed/IPAddress.o
 .text._GLOBAL__sub_I__ZN9IPAddressC2Ev
                0x00000c5c       0x10 ./Libraries/mbed/IPAddress.o
 .text._GLOBAL__sub_D__ZN9IPAddressC2Ev
                0x00000c6c       0x10 ./Libraries/mbed/IPAddress.o
 .text._ZN5Print5printEc
                0x00000c7c        0xc ./Libraries/mbed/Print.o
                0x00000c7c                Print::print(char)
 .text._ZN5Print11printNumberEmh
                0x00000c88       0x76 ./Libraries/mbed/Print.o
                0x00000c88                Print::printNumber(unsigned long, unsigned char)
 .text._ZN5Print5printEmi
                0x00000cfe       0x18 ./Libraries/mbed/Print.o
                0x00000cfe                Print::print(unsigned long, int)
 .text._ZN5Print5printEhi
                0x00000d16        0x8 ./Libraries/mbed/Print.o
                0x00000d16                Print::print(unsigned char, int)
 .text._ZN6StringD2Ev
                0x00000d1e        0xe ./Libraries/mbed/WString.o
                0x00000d1e                String::~String()
                0x00000d1e                String::~String()
 .text._ZN6String10invalidateEv
                0x00000d2c       0x18 ./Libraries/mbed/WString.o
                0x00000d2c                String::invalidate()
 .text._ZN6String12changeBufferEj
                0x00000d44       0x1e ./Libraries/mbed/WString.o
                0x00000d44                String::changeBuffer(unsigned int)
 .text._ZN6String7reserveEj
                0x00000d62       0x32 ./Libraries/mbed/WString.o
                0x00000d62                String::reserve(unsigned int)
 .text._ZN6String4copyEPKcj
                0x00000d94       0x28 ./Libraries/mbed/WString.o
                0x00000d94                String::copy(char const*, unsigned int)
 .text._ZN6StringC2EPKc
                0x00000dbc       0x26 ./Libraries/mbed/WString.o
                0x00000dbc                String::String(char const*)
                0x00000dbc                String::String(char const*)
 .text._ZNK6String9compareToERKS_
                0x00000de2       0x40 ./Libraries/mbed/WString.o
                0x00000de2                String::compareTo(String const&) const
 .text._ZNK6String6equalsERKS_
                0x00000e22       0x1e ./Libraries/mbed/WString.o
                0x00000e22                String::equals(String const&) const
 .text._close   0x00000e40       0x10 ./CMSIS/GCC/_syscalls.o
                0x00000e40                _close
 .text._fstat   0x00000e50       0x10 ./CMSIS/GCC/_syscalls.o
                0x00000e50                _fstat
 .text._isatty  0x00000e60        0xe ./CMSIS/GCC/_syscalls.o
                0x00000e60                _isatty
 .text._lseek   0x00000e6e       0x10 ./CMSIS/GCC/_syscalls.o
                0x00000e6e                _lseek
 *fill*         0x00000e7e        0x2 
 .text          0x00000e80       0x4c ./CMSIS/GCC/startup_Mini58Series.o
                0x00000e80                Reset_Handler
                0x00000ec8                I2C0_IRQHandler
                0x00000ec8                PendSV_Handler
                0x00000ec8                NMI_Handler
                0x00000ec8                I2C1_IRQHandler
                0x00000ec8                UART1_IRQHandler
                0x00000ec8                GPIO5_IRQHandler
                0x00000ec8                UART0_IRQHandler
                0x00000ec8                GPIO01_IRQHandler
                0x00000ec8                UsageFault_Handler
                0x00000ec8                TMR0_IRQHandler
                0x00000ec8                ACMP_IRQHandler
                0x00000ec8                DebugMon_Handler
                0x00000ec8                SPI_IRQHandler
                0x00000ec8                EINT1_IRQHandler
                0x00000ec8                Default_Handler
                0x00000ec8                ADC_IRQHandler
                0x00000ec8                BOD_IRQHandler
                0x00000ec8                PDWU_IRQHandler
                0x00000ec8                MemManage_Handler
                0x00000ec8                WDT_IRQHandler
                0x00000ec8                SVC_Handler
                0x00000ec8                HIRC_IRQHandler
                0x00000ec8                GPIO234_IRQHandler
                0x00000ec8                EINT0_IRQHandler
                0x00000ec8                FB_IRQHandler
                0x00000ec8                PWM_IRQHandler
                0x00000ec8                BusFault_Handler
                0x00000ec8                TMR1_IRQHandler
 .text.SystemCoreClockUpdate
                0x00000ecc       0xbc ./CMSIS/system_Mini58Series.o
                0x00000ecc                SystemCoreClockUpdate
 .text._ZdlPv   0x00000f88        0x8 c:/program files (x86)/gnu tools arm embedded/6 2017-q1-update/bin/../lib/gcc/arm-none-eabi/6.3.1/../../../../arm-none-eabi/lib/thumb/v6-m\libstdc++_nano.a(del_op.o)
                0x00000f88                operator delete(void*)
 .text          0x00000f90      0x114 c:/program files (x86)/gnu tools arm embedded/6 2017-q1-update/bin/../lib/gcc/arm-none-eabi/6.3.1/thumb/v6-m\libgcc.a(_udivsi3.o)
                0x00000f90                __aeabi_uidiv
                0x00000f90                __udivsi3
                0x0000109c                __aeabi_uidivmod
 .text          0x000010a4        0x4 c:/program files (x86)/gnu tools arm embedded/6 2017-q1-update/bin/../lib/gcc/arm-none-eabi/6.3.1/thumb/v6-m\libgcc.a(_dvmd_tls.o)
                0x000010a4                __aeabi_idiv0
                0x000010a4                __aeabi_ldiv0
 .text          0x000010a8       0x30 c:/program files (x86)/gnu tools arm embedded/6 2017-q1-update/bin/../lib/gcc/arm-none-eabi/6.3.1/thumb/v6-m\libgcc.a(_fixunssfsi.o)
                0x000010a8                __fixunssfsi
                0x000010a8                __aeabi_f2uiz
 .text          0x000010d8      0x290 c:/program files (x86)/gnu tools arm embedded/6 2017-q1-update/bin/../lib/gcc/arm-none-eabi/6.3.1/thumb/v6-m\libgcc.a(divsf3.o)
                0x000010d8                __aeabi_fdiv
 .text          0x00001368      0x240 c:/program files (x86)/gnu tools arm embedded/6 2017-q1-update/bin/../lib/gcc/arm-none-eabi/6.3.1/thumb/v6-m\libgcc.a(mulsf3.o)
                0x00001368                __aeabi_fmul
 .text          0x000015a8      0x338 c:/program files (x86)/gnu tools arm embedded/6 2017-q1-update/bin/../lib/gcc/arm-none-eabi/6.3.1/thumb/v6-m\libgcc.a(subsf3.o)
                0x000015a8                __aeabi_fsub
 .text          0x000018e0       0x40 c:/program files (x86)/gnu tools arm embedded/6 2017-q1-update/bin/../lib/gcc/arm-none-eabi/6.3.1/thumb/v6-m\libgcc.a(fixsfsi.o)
                0x000018e0                __aeabi_f2iz
 .text          0x00001920       0x8c c:/program files (x86)/gnu tools arm embedded/6 2017-q1-update/bin/../lib/gcc/arm-none-eabi/6.3.1/thumb/v6-m\libgcc.a(floatunsisf.o)
                0x00001920                __aeabi_ui2f
 .text          0x000019ac       0x74 c:/program files (x86)/gnu tools arm embedded/6 2017-q1-update/bin/../lib/gcc/arm-none-eabi/6.3.1/thumb/v6-m\libgcc.a(_arm_cmpsf2.o)
                0x000019ac                __aeabi_cfrcmple
                0x000019b4                __aeabi_cfcmpeq
                0x000019b4                __aeabi_cfcmple
                0x000019c4                __aeabi_fcmpeq
                0x000019d0                __aeabi_fcmplt
                0x000019e4                __aeabi_fcmple
                0x000019f8                __aeabi_fcmpgt
                0x00001a0c                __aeabi_fcmpge
 .text          0x00001a20       0x3c c:/program files (x86)/gnu tools arm embedded/6 2017-q1-update/bin/../lib/gcc/arm-none-eabi/6.3.1/thumb/v6-m\libgcc.a(_clzsi2.o)
                0x00001a20                __clzsi2
 .text          0x00001a5c       0x4c c:/program files (x86)/gnu tools arm embedded/6 2017-q1-update/bin/../lib/gcc/arm-none-eabi/6.3.1/thumb/v6-m\libgcc.a(eqsf2.o)
                0x00001a5c                __eqsf2
                0x00001a5c                __nesf2
 .text          0x00001aa8       0x80 c:/program files (x86)/gnu tools arm embedded/6 2017-q1-update/bin/../lib/gcc/arm-none-eabi/6.3.1/thumb/v6-m\libgcc.a(gesf2.o)
                0x00001aa8                __gesf2
                0x00001aa8                __gtsf2
 .text          0x00001b28       0x84 c:/program files (x86)/gnu tools arm embedded/6 2017-q1-update/bin/../lib/gcc/arm-none-eabi/6.3.1/thumb/v6-m\libgcc.a(lesf2.o)
                0x00001b28                __ltsf2
                0x00001b28                __lesf2
 .text.__errno  0x00001bac        0xc c:/program files (x86)/gnu tools arm embedded/6 2017-q1-update/bin/../lib/gcc/arm-none-eabi/6.3.1/../../../../arm-none-eabi/lib/thumb/v6-m\libg_nano.a(lib_a-errno.o)
                0x00001bac                __errno
 .text.exit     0x00001bb8       0x2c c:/program files (x86)/gnu tools arm embedded/6 2017-q1-update/bin/../lib/gcc/arm-none-eabi/6.3.1/../../../../arm-none-eabi/lib/thumb/v6-m\libg_nano.a(lib_a-exit.o)
                0x00001bb8                exit
 .text.__libc_init_array
                0x00001be4       0x48 c:/program files (x86)/gnu tools arm embedded/6 2017-q1-update/bin/../lib/gcc/arm-none-eabi/6.3.1/../../../../arm-none-eabi/lib/thumb/v6-m\libg_nano.a(lib_a-init.o)
                0x00001be4                __libc_init_array
 .text.free     0x00001c2c       0x14 c:/program files (x86)/gnu tools arm embedded/6 2017-q1-update/bin/../lib/gcc/arm-none-eabi/6.3.1/../../../../arm-none-eabi/lib/thumb/v6-m\libg_nano.a(lib_a-malloc.o)
                0x00001c2c                free
 .text.memcpy   0x00001c40       0x12 c:/program files (x86)/gnu tools arm embedded/6 2017-q1-update/bin/../lib/gcc/arm-none-eabi/6.3.1/../../../../arm-none-eabi/lib/thumb/v6-m\libg_nano.a(lib_a-memcpy-stub.o)
                0x00001c40                memcpy
 .text.memset   0x00001c52       0x10 c:/program files (x86)/gnu tools arm embedded/6 2017-q1-update/bin/../lib/gcc/arm-none-eabi/6.3.1/../../../../arm-none-eabi/lib/thumb/v6-m\libg_nano.a(lib_a-memset.o)
                0x00001c52                memset
 *fill*         0x00001c62        0x2 
 .text._free_r  0x00001c64       0x94 c:/program files (x86)/gnu tools arm embedded/6 2017-q1-update/bin/../lib/gcc/arm-none-eabi/6.3.1/../../../../arm-none-eabi/lib/thumb/v6-m\libg_nano.a(lib_a-nano-freer.o)
                0x00001c64                _free_r
 .text._malloc_r
                0x00001cf8       0xbc c:/program files (x86)/gnu tools arm embedded/6 2017-q1-update/bin/../lib/gcc/arm-none-eabi/6.3.1/../../../../arm-none-eabi/lib/thumb/v6-m\libg_nano.a(lib_a-nano-mallocr.o)
                0x00001cf8                _malloc_r
 .text.printf   0x00001db4       0x34 c:/program files (x86)/gnu tools arm embedded/6 2017-q1-update/bin/../lib/gcc/arm-none-eabi/6.3.1/../../../../arm-none-eabi/lib/thumb/v6-m\libg_nano.a(lib_a-printf.o)
                0x00001db4                iprintf
                0x00001db4                printf
 .text._puts_r  0x00001de8       0xc0 c:/program files (x86)/gnu tools arm embedded/6 2017-q1-update/bin/../lib/gcc/arm-none-eabi/6.3.1/../../../../arm-none-eabi/lib/thumb/v6-m\libg_nano.a(lib_a-puts.o)
                0x00001de8                _puts_r
 .text.puts     0x00001ea8       0x14 c:/program files (x86)/gnu tools arm embedded/6 2017-q1-update/bin/../lib/gcc/arm-none-eabi/6.3.1/../../../../arm-none-eabi/lib/thumb/v6-m\libg_nano.a(lib_a-puts.o)
                0x00001ea8                puts
 .text.realloc  0x00001ebc       0x14 c:/program files (x86)/gnu tools arm embedded/6 2017-q1-update/bin/../lib/gcc/arm-none-eabi/6.3.1/../../../../arm-none-eabi/lib/thumb/v6-m\libg_nano.a(lib_a-realloc.o)
                0x00001ebc                realloc
 .text._sbrk_r  0x00001ed0       0x24 c:/program files (x86)/gnu tools arm embedded/6 2017-q1-update/bin/../lib/gcc/arm-none-eabi/6.3.1/../../../../arm-none-eabi/lib/thumb/v6-m\libg_nano.a(lib_a-sbrkr.o)
                0x00001ed0                _sbrk_r
 .text          0x00001ef4       0x14 c:/program files (x86)/gnu tools arm embedded/6 2017-q1-update/bin/../lib/gcc/arm-none-eabi/6.3.1/../../../../arm-none-eabi/lib/thumb/v6-m\libg_nano.a(lib_a-strcmp.o)
                0x00001ef4                strcmp
 .text.strcpy   0x00001f08       0x10 c:/program files (x86)/gnu tools arm embedded/6 2017-q1-update/bin/../lib/gcc/arm-none-eabi/6.3.1/../../../../arm-none-eabi/lib/thumb/v6-m\libg_nano.a(lib_a-strcpy.o)
                0x00001f08                strcpy
 .text          0x00001f18        0xe c:/program files (x86)/gnu tools arm embedded/6 2017-q1-update/bin/../lib/gcc/arm-none-eabi/6.3.1/../../../../arm-none-eabi/lib/thumb/v6-m\libg_nano.a(lib_a-strlen.o)
                0x00001f18                strlen
 *fill*         0x00001f26        0x2 
 .text.__swbuf_r
                0x00001f28       0xac c:/program files (x86)/gnu tools arm embedded/6 2017-q1-update/bin/../lib/gcc/arm-none-eabi/6.3.1/../../../../arm-none-eabi/lib/thumb/v6-m\libg_nano.a(lib_a-wbuf.o)
                0x00001f28                __swbuf_r
 .text.__swsetup_r
                0x00001fd4       0xec c:/program files (x86)/gnu tools arm embedded/6 2017-q1-update/bin/../lib/gcc/arm-none-eabi/6.3.1/../../../../arm-none-eabi/lib/thumb/v6-m\libg_nano.a(lib_a-wsetup.o)
                0x00001fd4                __swsetup_r
 .text.__sflush_r
                0x000020c0      0x114 c:/program files (x86)/gnu tools arm embedded/6 2017-q1-update/bin/../lib/gcc/arm-none-eabi/6.3.1/../../../../arm-none-eabi/lib/thumb/v6-m\libg_nano.a(lib_a-fflush.o)
                0x000020c0                __sflush_r
 .text._fflush_r
                0x000021d4       0x58 c:/program files (x86)/gnu tools arm embedded/6 2017-q1-update/bin/../lib/gcc/arm-none-eabi/6.3.1/../../../../arm-none-eabi/lib/thumb/v6-m\libg_nano.a(lib_a-fflush.o)
                0x000021d4                _fflush_r
 .text._cleanup_r
                0x0000222c       0x10 c:/program files (x86)/gnu tools arm embedded/6 2017-q1-update/bin/../lib/gcc/arm-none-eabi/6.3.1/../../../../arm-none-eabi/lib/thumb/v6-m\libg_nano.a(lib_a-findfp.o)
                0x0000222c                _cleanup_r
 .text.std.isra.0
                0x0000223c       0x48 c:/program files (x86)/gnu tools arm embedded/6 2017-q1-update/bin/../lib/gcc/arm-none-eabi/6.3.1/../../../../arm-none-eabi/lib/thumb/v6-m\libg_nano.a(lib_a-findfp.o)
 .text.__sfmoreglue
                0x00002284       0x2c c:/program files (x86)/gnu tools arm embedded/6 2017-q1-update/bin/../lib/gcc/arm-none-eabi/6.3.1/../../../../arm-none-eabi/lib/thumb/v6-m\libg_nano.a(lib_a-findfp.o)
                0x00002284                __sfmoreglue
 .text.__sinit  0x000022b0       0x68 c:/program files (x86)/gnu tools arm embedded/6 2017-q1-update/bin/../lib/gcc/arm-none-eabi/6.3.1/../../../../arm-none-eabi/lib/thumb/v6-m\libg_nano.a(lib_a-findfp.o)
                0x000022b0                __sinit
 .text.__sfp    0x00002318       0x80 c:/program files (x86)/gnu tools arm embedded/6 2017-q1-update/bin/../lib/gcc/arm-none-eabi/6.3.1/../../../../arm-none-eabi/lib/thumb/v6-m\libg_nano.a(lib_a-findfp.o)
                0x00002318                __sfp
 .text._fwalk_reent
                0x00002398       0x42 c:/program files (x86)/gnu tools arm embedded/6 2017-q1-update/bin/../lib/gcc/arm-none-eabi/6.3.1/../../../../arm-none-eabi/lib/thumb/v6-m\libg_nano.a(lib_a-fwalk.o)
                0x00002398                _fwalk_reent
 *fill*         0x000023da        0x2 
 .text.__swhatbuf_r
                0x000023dc       0x50 c:/program files (x86)/gnu tools arm embedded/6 2017-q1-update/bin/../lib/gcc/arm-none-eabi/6.3.1/../../../../arm-none-eabi/lib/thumb/v6-m\libg_nano.a(lib_a-makebuf.o)
                0x000023dc                __swhatbuf_r
 .text.__smakebuf_r
                0x0000242c       0x88 c:/program files (x86)/gnu tools arm embedded/6 2017-q1-update/bin/../lib/gcc/arm-none-eabi/6.3.1/../../../../arm-none-eabi/lib/thumb/v6-m\libg_nano.a(lib_a-makebuf.o)
                0x0000242c                __smakebuf_r
 .text.__malloc_lock
                0x000024b4        0x2 c:/program files (x86)/gnu tools arm embedded/6 2017-q1-update/bin/../lib/gcc/arm-none-eabi/6.3.1/../../../../arm-none-eabi/lib/thumb/v6-m\libg_nano.a(lib_a-mlock.o)
                0x000024b4                __malloc_lock
 .text.__malloc_unlock
                0x000024b6        0x2 c:/program files (x86)/gnu tools arm embedded/6 2017-q1-update/bin/../lib/gcc/arm-none-eabi/6.3.1/../../../../arm-none-eabi/lib/thumb/v6-m\libg_nano.a(lib_a-mlock.o)
                0x000024b6                __malloc_unlock
 .text._realloc_r
                0x000024b8       0x4c c:/program files (x86)/gnu tools arm embedded/6 2017-q1-update/bin/../lib/gcc/arm-none-eabi/6.3.1/../../../../arm-none-eabi/lib/thumb/v6-m\libg_nano.a(lib_a-nano-reallocr.o)
                0x000024b8                _realloc_r
 .text.__sfputc_r
                0x00002504       0x2a c:/program files (x86)/gnu tools arm embedded/6 2017-q1-update/bin/../lib/gcc/arm-none-eabi/6.3.1/../../../../arm-none-eabi/lib/thumb/v6-m\libg_nano.a(lib_a-nano-vfprintf.o)
 .text.__sfputs_r
                0x0000252e       0x24 c:/program files (x86)/gnu tools arm embedded/6 2017-q1-update/bin/../lib/gcc/arm-none-eabi/6.3.1/../../../../arm-none-eabi/lib/thumb/v6-m\libg_nano.a(lib_a-nano-vfprintf.o)
                0x0000252e                __sfputs_r
 *fill*         0x00002552        0x2 
 .text._vfprintf_r
                0x00002554      0x238 c:/program files (x86)/gnu tools arm embedded/6 2017-q1-update/bin/../lib/gcc/arm-none-eabi/6.3.1/../../../../arm-none-eabi/lib/thumb/v6-m\libg_nano.a(lib_a-nano-vfprintf.o)
                0x00002554                _vfprintf_r
                0x00002554                _vfiprintf_r
 .text._printf_common
                0x0000278c       0xda c:/program files (x86)/gnu tools arm embedded/6 2017-q1-update/bin/../lib/gcc/arm-none-eabi/6.3.1/../../../../arm-none-eabi/lib/thumb/v6-m\libg_nano.a(lib_a-nano-vfprintf_i.o)
                0x0000278c                _printf_common
 *fill*         0x00002866        0x2 
 .text._printf_i
                0x00002868      0x234 c:/program files (x86)/gnu tools arm embedded/6 2017-q1-update/bin/../lib/gcc/arm-none-eabi/6.3.1/../../../../arm-none-eabi/lib/thumb/v6-m\libg_nano.a(lib_a-nano-vfprintf_i.o)
                0x00002868                _printf_i
 .text.__sread  0x00002a9c       0x28 c:/program files (x86)/gnu tools arm embedded/6 2017-q1-update/bin/../lib/gcc/arm-none-eabi/6.3.1/../../../../arm-none-eabi/lib/thumb/v6-m\libg_nano.a(lib_a-stdio.o)
                0x00002a9c                __sread
 .text.__swrite
                0x00002ac4       0x38 c:/program files (x86)/gnu tools arm embedded/6 2017-q1-update/bin/../lib/gcc/arm-none-eabi/6.3.1/../../../../arm-none-eabi/lib/thumb/v6-m\libg_nano.a(lib_a-stdio.o)
                0x00002ac4                __swrite
 .text.__sseek  0x00002afc       0x2c c:/program files (x86)/gnu tools arm embedded/6 2017-q1-update/bin/../lib/gcc/arm-none-eabi/6.3.1/../../../../arm-none-eabi/lib/thumb/v6-m\libg_nano.a(lib_a-stdio.o)
                0x00002afc                __sseek
 .text.__sclose
                0x00002b28        0xc c:/program files (x86)/gnu tools arm embedded/6 2017-q1-update/bin/../lib/gcc/arm-none-eabi/6.3.1/../../../../arm-none-eabi/lib/thumb/v6-m\libg_nano.a(lib_a-stdio.o)
                0x00002b28                __sclose
 .text._write_r
                0x00002b34       0x28 c:/program files (x86)/gnu tools arm embedded/6 2017-q1-update/bin/../lib/gcc/arm-none-eabi/6.3.1/../../../../arm-none-eabi/lib/thumb/v6-m\libg_nano.a(lib_a-writer.o)
                0x00002b34                _write_r
 .text._close_r
                0x00002b5c       0x24 c:/program files (x86)/gnu tools arm embedded/6 2017-q1-update/bin/../lib/gcc/arm-none-eabi/6.3.1/../../../../arm-none-eabi/lib/thumb/v6-m\libg_nano.a(lib_a-closer.o)
                0x00002b5c                _close_r
 .text._fstat_r
                0x00002b80       0x24 c:/program files (x86)/gnu tools arm embedded/6 2017-q1-update/bin/../lib/gcc/arm-none-eabi/6.3.1/../../../../arm-none-eabi/lib/thumb/v6-m\libg_nano.a(lib_a-fstatr.o)
                0x00002b80                _fstat_r
 .text._isatty_r
                0x00002ba4       0x24 c:/program files (x86)/gnu tools arm embedded/6 2017-q1-update/bin/../lib/gcc/arm-none-eabi/6.3.1/../../../../arm-none-eabi/lib/thumb/v6-m\libg_nano.a(lib_a-isattyr.o)
                0x00002ba4                _isatty_r
 .text._lseek_r
                0x00002bc8       0x28 c:/program files (x86)/gnu tools arm embedded/6 2017-q1-update/bin/../lib/gcc/arm-none-eabi/6.3.1/../../../../arm-none-eabi/lib/thumb/v6-m\libg_nano.a(lib_a-lseekr.o)
                0x00002bc8                _lseek_r
 .text.memchr   0x00002bf0       0x16 c:/program files (x86)/gnu tools arm embedded/6 2017-q1-update/bin/../lib/gcc/arm-none-eabi/6.3.1/../../../../arm-none-eabi/lib/thumb/v6-m\libg_nano.a(lib_a-memchr-stub.o)
                0x00002bf0                memchr
 .text._malloc_usable_size_r
                0x00002c06       0x10 c:/program files (x86)/gnu tools arm embedded/6 2017-q1-update/bin/../lib/gcc/arm-none-eabi/6.3.1/../../../../arm-none-eabi/lib/thumb/v6-m\libg_nano.a(lib_a-nano-msizer.o)
                0x00002c06                _malloc_usable_size_r
 *fill*         0x00002c16        0x2 
 .text._read_r  0x00002c18       0x28 c:/program files (x86)/gnu tools arm embedded/6 2017-q1-update/bin/../lib/gcc/arm-none-eabi/6.3.1/../../../../arm-none-eabi/lib/thumb/v6-m\libg_nano.a(lib_a-readr.o)
                0x00002c18                _read_r
 .text._sbrk    0x00002c40       0x1c c:/program files (x86)/gnu tools arm embedded/6 2017-q1-update/bin/../lib/gcc/arm-none-eabi/6.3.1/../../../../arm-none-eabi/lib/thumb/v6-m\libnosys.a(sbrk.o)
                0x00002c40                _sbrk
 .text._exit    0x00002c5c        0x4 c:/program files (x86)/gnu tools arm embedded/6 2017-q1-update/bin/../lib/gcc/arm-none-eabi/6.3.1/../../../../arm-none-eabi/lib/thumb/v6-m\libnosys.a(_exit.o)
                0x00002c5c                _exit
 *(.init)
 .init          0x00002c60        0x4 c:/program files (x86)/gnu tools arm embedded/6 2017-q1-update/bin/../lib/gcc/arm-none-eabi/6.3.1/thumb/v6-m/crti.o
                0x00002c60                _init
 .init          0x00002c64        0x8 c:/program files (x86)/gnu tools arm embedded/6 2017-q1-update/bin/../lib/gcc/arm-none-eabi/6.3.1/thumb/v6-m/crtn.o
 *(.fini)
 .fini          0x00002c6c        0x4 c:/program files (x86)/gnu tools arm embedded/6 2017-q1-update/bin/../lib/gcc/arm-none-eabi/6.3.1/thumb/v6-m/crti.o
                0x00002c6c                _fini
 .fini          0x00002c70        0x8 c:/program files (x86)/gnu tools arm embedded/6 2017-q1-update/bin/../lib/gcc/arm-none-eabi/6.3.1/thumb/v6-m/crtn.o
 *crtbegin.o(.ctors)
 *crtbegin?.o(.ctors)
 *(EXCLUDE_FILE(*crtend.o *crtend?.o) .ctors)
 *(SORT(.ctors.*))
 *(.ctors)
 *crtbegin.o(.dtors)
 *crtbegin?.o(.dtors)
 *(EXCLUDE_FILE(*crtend.o *crtend?.o) .dtors)
 *(SORT(.dtors.*))
 *(.dtors)
 *(.rodata*)
 .rodata._ZL7address
                0x00002c78        0x6 ./User/main.o
 *fill*         0x00002c7e        0x2 
 .rodata.main.str1.4
                0x00002c80        0x8 ./User/main.o
 .rodata.Hard_Fault_Handler.str1.4
                0x00002c88       0x16 ./Library/retarget.o
 *fill*         0x00002c9e        0x2 
 .rodata.stackDump.str1.4
                0x00002ca0       0x60 ./Library/retarget.o
 .rodata._ZL10child_pipe
                0x00002d00        0x6 ./Libraries/nRF24L01P/RF24.o
 *fill*         0x00002d06        0x2 
 .rodata._ZL17child_pipe_enable
                0x00002d08        0x6 ./Libraries/nRF24L01P/RF24.o
 *fill*         0x00002d0e        0x2 
 .rodata._ZTV9IPAddress
                0x00002d10       0x14 ./Libraries/mbed/IPAddress.o
                0x00002d10                vtable for IPAddress
 .rodata        0x00002d24        0x4 ./CMSIS/system_Mini58Series.o
 .rodata        0x00002d28       0x80 c:/program files (x86)/gnu tools arm embedded/6 2017-q1-update/bin/../lib/gcc/arm-none-eabi/6.3.1/thumb/v6-m\libgcc.a(divsf3.o)
 .rodata        0x00002da8       0x40 c:/program files (x86)/gnu tools arm embedded/6 2017-q1-update/bin/../lib/gcc/arm-none-eabi/6.3.1/thumb/v6-m\libgcc.a(mulsf3.o)
 .rodata._global_impure_ptr
                0x00002de8        0x4 c:/program files (x86)/gnu tools arm embedded/6 2017-q1-update/bin/../lib/gcc/arm-none-eabi/6.3.1/../../../../arm-none-eabi/lib/thumb/v6-m\libg_nano.a(lib_a-impure.o)
                0x00002de8                _global_impure_ptr
 .rodata.__sf_fake_stderr
                0x00002dec       0x20 c:/program files (x86)/gnu tools arm embedded/6 2017-q1-update/bin/../lib/gcc/arm-none-eabi/6.3.1/../../../../arm-none-eabi/lib/thumb/v6-m\libg_nano.a(lib_a-findfp.o)
                0x00002dec                __sf_fake_stderr
 .rodata.__sf_fake_stdin
                0x00002e0c       0x20 c:/program files (x86)/gnu tools arm embedded/6 2017-q1-update/bin/../lib/gcc/arm-none-eabi/6.3.1/../../../../arm-none-eabi/lib/thumb/v6-m\libg_nano.a(lib_a-findfp.o)
                0x00002e0c                __sf_fake_stdin
 .rodata.__sf_fake_stdout
                0x00002e2c       0x20 c:/program files (x86)/gnu tools arm embedded/6 2017-q1-update/bin/../lib/gcc/arm-none-eabi/6.3.1/../../../../arm-none-eabi/lib/thumb/v6-m\libg_nano.a(lib_a-findfp.o)
                0x00002e2c                __sf_fake_stdout
 .rodata._vfprintf_r.str1.1
                0x00002e4c       0x11 c:/program files (x86)/gnu tools arm embedded/6 2017-q1-update/bin/../lib/gcc/arm-none-eabi/6.3.1/../../../../arm-none-eabi/lib/thumb/v6-m\libg_nano.a(lib_a-nano-vfprintf.o)
 .rodata._printf_i.str1.1
                0x00002e5d       0x22 c:/program files (x86)/gnu tools arm embedded/6 2017-q1-update/bin/../lib/gcc/arm-none-eabi/6.3.1/../../../../arm-none-eabi/lib/thumb/v6-m\libg_nano.a(lib_a-nano-vfprintf_i.o)
 *(.eh_frame*)
 *fill*         0x00002e7f        0x1 
 .eh_frame      0x00002e80        0x0 c:/program files (x86)/gnu tools arm embedded/6 2017-q1-update/bin/../lib/gcc/arm-none-eabi/6.3.1/thumb/v6-m/crtbegin.o
 .eh_frame      0x00002e80        0x4 c:/program files (x86)/gnu tools arm embedded/6 2017-q1-update/bin/../lib/gcc/arm-none-eabi/6.3.1/thumb/v6-m/crtend.o

.glue_7         0x00002e84        0x0
 .glue_7        0x00002e84        0x0 linker stubs

.glue_7t        0x00002e84        0x0
 .glue_7t       0x00002e84        0x0 linker stubs

.vfp11_veneer   0x00002e84        0x0
 .vfp11_veneer  0x00002e84        0x0 linker stubs

.v4_bx          0x00002e84        0x0
 .v4_bx         0x00002e84        0x0 linker stubs

.iplt           0x00002e84        0x0
 .iplt          0x00002e84        0x0 c:/program files (x86)/gnu tools arm embedded/6 2017-q1-update/bin/../lib/gcc/arm-none-eabi/6.3.1/thumb/v6-m/crtbegin.o

.ARM.extab
 *(.ARM.extab* .gnu.linkonce.armextab.*)
                0x00002e84                __exidx_start = .

.ARM.exidx      0x00002e84        0x8
 *(.ARM.exidx* .gnu.linkonce.armexidx.*)
 .ARM.exidx     0x00002e84        0x8 c:/program files (x86)/gnu tools arm embedded/6 2017-q1-update/bin/../lib/gcc/arm-none-eabi/6.3.1/../../../../arm-none-eabi/lib/thumb/v6-m/crt0.o
                0x00002e8c                __exidx_end = .
                0x00002e8c                __etext = .

.rel.dyn        0x00002e8c        0x0
 .rel.iplt      0x00002e8c        0x0 c:/program files (x86)/gnu tools arm embedded/6 2017-q1-update/bin/../lib/gcc/arm-none-eabi/6.3.1/thumb/v6-m/crtbegin.o

.data           0x20000000       0x84 load address 0x00002e8c
                0x20000000                __data_start__ = .
 *(vtable)
 *(.data*)
 .data.PllClock
                0x20000000        0x4 ./CMSIS/system_Mini58Series.o
                0x20000000                PllClock
 .data.__HSI    0x20000004        0x4 ./CMSIS/system_Mini58Series.o
                0x20000004                __HSI
 .data._impure_ptr
                0x20000008        0x4 c:/program files (x86)/gnu tools arm embedded/6 2017-q1-update/bin/../lib/gcc/arm-none-eabi/6.3.1/../../../../arm-none-eabi/lib/thumb/v6-m\libg_nano.a(lib_a-impure.o)
                0x20000008                _impure_ptr
 .data.impure_data
                0x2000000c       0x60 c:/program files (x86)/gnu tools arm embedded/6 2017-q1-update/bin/../lib/gcc/arm-none-eabi/6.3.1/../../../../arm-none-eabi/lib/thumb/v6-m\libg_nano.a(lib_a-impure.o)
                0x2000006c                . = ALIGN (0x4)
                0x2000006c                PROVIDE (__preinit_array_start, .)
 *(.preinit_array)
                0x2000006c                PROVIDE (__preinit_array_end, .)
                0x2000006c                . = ALIGN (0x4)
                0x2000006c                PROVIDE (__init_array_start, .)
 *(SORT(.init_array.*))
 *(.init_array)
 .init_array    0x2000006c        0x4 c:/program files (x86)/gnu tools arm embedded/6 2017-q1-update/bin/../lib/gcc/arm-none-eabi/6.3.1/thumb/v6-m/crtbegin.o
 .init_array    0x20000070        0x4 ./User/main.o
 .init_array    0x20000074        0x4 ./Libraries/mbed/IPAddress.o
                0x20000078                PROVIDE (__init_array_end, .)
                0x20000078                . = ALIGN (0x4)
                [!provide]                PROVIDE (__fini_array_start, .)
 *(SORT(.fini_array.*))
 *(.fini_array)
 .fini_array    0x20000078        0x4 c:/program files (x86)/gnu tools arm embedded/6 2017-q1-update/bin/../lib/gcc/arm-none-eabi/6.3.1/thumb/v6-m/crtbegin.o
 .fini_array    0x2000007c        0x4 ./Libraries/mbed/IPAddress.o
                [!provide]                PROVIDE (__fini_array_end, .)
 *(.jcr*)
 .jcr           0x20000080        0x0 c:/program files (x86)/gnu tools arm embedded/6 2017-q1-update/bin/../lib/gcc/arm-none-eabi/6.3.1/thumb/v6-m/crtbegin.o
 .jcr           0x20000080        0x4 c:/program files (x86)/gnu tools arm embedded/6 2017-q1-update/bin/../lib/gcc/arm-none-eabi/6.3.1/thumb/v6-m/crtend.o
                0x20000084                . = ALIGN (0x4)
                0x20000084                __data_end__ = .

.igot.plt       0x20000084        0x0 load address 0x00002f10
 .igot.plt      0x20000084        0x0 c:/program files (x86)/gnu tools arm embedded/6 2017-q1-update/bin/../lib/gcc/arm-none-eabi/6.3.1/thumb/v6-m/crtbegin.o

.bss            0x20000084       0x64 load address 0x00002f10
                0x20000084                . = ALIGN (0x4)
                0x20000084                __bss_start__ = .
 *(.bss*)
 .bss           0x20000084       0x1c c:/program files (x86)/gnu tools arm embedded/6 2017-q1-update/bin/../lib/gcc/arm-none-eabi/6.3.1/thumb/v6-m/crtbegin.o
 .bss.ledTime   0x200000a0        0x4 ./User/main.o
                0x200000a0                ledTime
 .bss.radio     0x200000a4       0x20 ./User/main.o
                0x200000a4                radio
 .bss.uwTick    0x200000c4        0x4 ./User/main.o
                0x200000c4                uwTick
 .bss._ZL11INADDR_NONE
                0x200000c8        0x8 ./Libraries/mbed/IPAddress.o
 .bss.__malloc_free_list
                0x200000d0        0x4 c:/program files (x86)/gnu tools arm embedded/6 2017-q1-update/bin/../lib/gcc/arm-none-eabi/6.3.1/../../../../arm-none-eabi/lib/thumb/v6-m\libg_nano.a(lib_a-nano-mallocr.o)
                0x200000d0                __malloc_free_list
 .bss.__malloc_sbrk_start
                0x200000d4        0x4 c:/program files (x86)/gnu tools arm embedded/6 2017-q1-update/bin/../lib/gcc/arm-none-eabi/6.3.1/../../../../arm-none-eabi/lib/thumb/v6-m\libg_nano.a(lib_a-nano-mallocr.o)
                0x200000d4                __malloc_sbrk_start
 .bss.heap_end.4116
                0x200000d8        0x4 c:/program files (x86)/gnu tools arm embedded/6 2017-q1-update/bin/../lib/gcc/arm-none-eabi/6.3.1/../../../../arm-none-eabi/lib/thumb/v6-m\libnosys.a(sbrk.o)
 *(COMMON)
 COMMON         0x200000dc        0x4 ./CMSIS/GCC/_syscalls.o
                0x200000dc                errno
 COMMON         0x200000e0        0x8 ./CMSIS/system_Mini58Series.o
                0x200000e0                SystemCoreClock
                0x200000e4                CyclesPerUs
                0x200000e8                . = ALIGN (0x4)
                0x200000e8                __bss_end__ = .

.heap           0x200000e8      0x100
                0x200000e8                __HeapBase = .
                0x200000e8                __end__ = .
                0x200000e8                end = __end__
 *(.heap*)
 .heap          0x200000e8      0x100 ./CMSIS/GCC/startup_Mini58Series.o
                0x200001e8                __HeapLimit = .

.stack_dummy    0x200000e8      0x200
 *(.stack*)
 .stack         0x200000e8      0x200 ./CMSIS/GCC/startup_Mini58Series.o
                0x20001000                __StackTop = (ORIGIN (RAM) + LENGTH (RAM))
                0x20000e00                __StackLimit = (__StackTop - SIZEOF (.stack_dummy))
                0x20001000                PROVIDE (__stack, __StackTop)
                0x00000001                ASSERT ((__StackLimit >= __HeapLimit), region RAM overflowed with stack)
OUTPUT(Mini58FDE_nRF24L01.elf elf32-littlearm)

.ARM.attributes
                0x00000000       0x28
 .ARM.attributes
                0x00000000       0x1e c:/program files (x86)/gnu tools arm embedded/6 2017-q1-update/bin/../lib/gcc/arm-none-eabi/6.3.1/thumb/v6-m/crti.o
 .ARM.attributes
                0x0000001e       0x2c c:/program files (x86)/gnu tools arm embedded/6 2017-q1-update/bin/../lib/gcc/arm-none-eabi/6.3.1/thumb/v6-m/crtbegin.o
 .ARM.attributes
                0x0000004a       0x1b c:/program files (x86)/gnu tools arm embedded/6 2017-q1-update/bin/../lib/gcc/arm-none-eabi/6.3.1/../../../../arm-none-eabi/lib/thumb/v6-m/crt0.o
 .ARM.attributes
                0x00000065       0x31 ./User/main.o
 .ARM.attributes
                0x00000096       0x31 ./Library/clk.o
 .ARM.attributes
                0x000000c7       0x31 ./Library/gpio.o
 .ARM.attributes
                0x000000f8       0x31 ./Library/retarget.o
 .ARM.attributes
                0x00000129       0x31 ./Library/timer.o
 .ARM.attributes
                0x0000015a       0x31 ./Libraries/nRF24L01P/RF24.o
 .ARM.attributes
                0x0000018b       0x31 ./Libraries/mbed/IPAddress.o
 .ARM.attributes
                0x000001bc       0x31 ./Libraries/mbed/Print.o
 .ARM.attributes
                0x000001ed       0x31 ./Libraries/mbed/WString.o
 .ARM.attributes
                0x0000021e       0x31 ./CMSIS/GCC/_syscalls.o
 .ARM.attributes
                0x0000024f       0x1b ./CMSIS/GCC/startup_Mini58Series.o
 .ARM.attributes
                0x0000026a       0x31 ./CMSIS/system_Mini58Series.o
 .ARM.attributes
                0x0000029b       0x2c c:/program files (x86)/gnu tools arm embedded/6 2017-q1-update/bin/../lib/gcc/arm-none-eabi/6.3.1/../../../../arm-none-eabi/lib/thumb/v6-m\libstdc++_nano.a(del_op.o)
 .ARM.attributes
                0x000002c7       0x1e c:/program files (x86)/gnu tools arm embedded/6 2017-q1-update/bin/../lib/gcc/arm-none-eabi/6.3.1/thumb/v6-m\libgcc.a(_udivsi3.o)
 .ARM.attributes
                0x000002e5       0x1e c:/program files (x86)/gnu tools arm embedded/6 2017-q1-update/bin/../lib/gcc/arm-none-eabi/6.3.1/thumb/v6-m\libgcc.a(_dvmd_tls.o)
 .ARM.attributes
                0x00000303       0x2c c:/program files (x86)/gnu tools arm embedded/6 2017-q1-update/bin/../lib/gcc/arm-none-eabi/6.3.1/thumb/v6-m\libgcc.a(_fixunssfsi.o)
 .ARM.attributes
                0x0000032f       0x2c c:/program files (x86)/gnu tools arm embedded/6 2017-q1-update/bin/../lib/gcc/arm-none-eabi/6.3.1/thumb/v6-m\libgcc.a(divsf3.o)
 .ARM.attributes
                0x0000035b       0x2c c:/program files (x86)/gnu tools arm embedded/6 2017-q1-update/bin/../lib/gcc/arm-none-eabi/6.3.1/thumb/v6-m\libgcc.a(mulsf3.o)
 .ARM.attributes
                0x00000387       0x2c c:/program files (x86)/gnu tools arm embedded/6 2017-q1-update/bin/../lib/gcc/arm-none-eabi/6.3.1/thumb/v6-m\libgcc.a(subsf3.o)
 .ARM.attributes
                0x000003b3       0x2c c:/program files (x86)/gnu tools arm embedded/6 2017-q1-update/bin/../lib/gcc/arm-none-eabi/6.3.1/thumb/v6-m\libgcc.a(fixsfsi.o)
 .ARM.attributes
                0x000003df       0x2c c:/program files (x86)/gnu tools arm embedded/6 2017-q1-update/bin/../lib/gcc/arm-none-eabi/6.3.1/thumb/v6-m\libgcc.a(floatunsisf.o)
 .ARM.attributes
                0x0000040b       0x1e c:/program files (x86)/gnu tools arm embedded/6 2017-q1-update/bin/../lib/gcc/arm-none-eabi/6.3.1/thumb/v6-m\libgcc.a(_arm_cmpsf2.o)
 .ARM.attributes
                0x00000429       0x1e c:/program files (x86)/gnu tools arm embedded/6 2017-q1-update/bin/../lib/gcc/arm-none-eabi/6.3.1/thumb/v6-m\libgcc.a(_clzsi2.o)
 .ARM.attributes
                0x00000447       0x2c c:/program files (x86)/gnu tools arm embedded/6 2017-q1-update/bin/../lib/gcc/arm-none-eabi/6.3.1/thumb/v6-m\libgcc.a(eqsf2.o)
 .ARM.attributes
                0x00000473       0x2c c:/program files (x86)/gnu tools arm embedded/6 2017-q1-update/bin/../lib/gcc/arm-none-eabi/6.3.1/thumb/v6-m\libgcc.a(gesf2.o)
 .ARM.attributes
                0x0000049f       0x2c c:/program files (x86)/gnu tools arm embedded/6 2017-q1-update/bin/../lib/gcc/arm-none-eabi/6.3.1/thumb/v6-m\libgcc.a(lesf2.o)
 .ARM.attributes
                0x000004cb       0x2c c:/program files (x86)/gnu tools arm embedded/6 2017-q1-update/bin/../lib/gcc/arm-none-eabi/6.3.1/../../../../arm-none-eabi/lib/thumb/v6-m\libg_nano.a(lib_a-errno.o)
 .ARM.attributes
                0x000004f7       0x2c c:/program files (x86)/gnu tools arm embedded/6 2017-q1-update/bin/../lib/gcc/arm-none-eabi/6.3.1/../../../../arm-none-eabi/lib/thumb/v6-m\libg_nano.a(lib_a-exit.o)
 .ARM.attributes
                0x00000523       0x2c c:/program files (x86)/gnu tools arm embedded/6 2017-q1-update/bin/../lib/gcc/arm-none-eabi/6.3.1/../../../../arm-none-eabi/lib/thumb/v6-m\libg_nano.a(lib_a-impure.o)
 .ARM.attributes
                0x0000054f       0x2c c:/program files (x86)/gnu tools arm embedded/6 2017-q1-update/bin/../lib/gcc/arm-none-eabi/6.3.1/../../../../arm-none-eabi/lib/thumb/v6-m\libg_nano.a(lib_a-init.o)
 .ARM.attributes
                0x0000057b       0x2c c:/program files (x86)/gnu tools arm embedded/6 2017-q1-update/bin/../lib/gcc/arm-none-eabi/6.3.1/../../../../arm-none-eabi/lib/thumb/v6-m\libg_nano.a(lib_a-malloc.o)
 .ARM.attributes
                0x000005a7       0x2c c:/program files (x86)/gnu tools arm embedded/6 2017-q1-update/bin/../lib/gcc/arm-none-eabi/6.3.1/../../../../arm-none-eabi/lib/thumb/v6-m\libg_nano.a(lib_a-memcpy-stub.o)
 .ARM.attributes
                0x000005d3       0x2c c:/program files (x86)/gnu tools arm embedded/6 2017-q1-update/bin/../lib/gcc/arm-none-eabi/6.3.1/../../../../arm-none-eabi/lib/thumb/v6-m\libg_nano.a(lib_a-memset.o)
 .ARM.attributes
                0x000005ff       0x2c c:/program files (x86)/gnu tools arm embedded/6 2017-q1-update/bin/../lib/gcc/arm-none-eabi/6.3.1/../../../../arm-none-eabi/lib/thumb/v6-m\libg_nano.a(lib_a-nano-freer.o)
 .ARM.attributes
                0x0000062b       0x2c c:/program files (x86)/gnu tools arm embedded/6 2017-q1-update/bin/../lib/gcc/arm-none-eabi/6.3.1/../../../../arm-none-eabi/lib/thumb/v6-m\libg_nano.a(lib_a-nano-mallocr.o)
 .ARM.attributes
                0x00000657       0x2c c:/program files (x86)/gnu tools arm embedded/6 2017-q1-update/bin/../lib/gcc/arm-none-eabi/6.3.1/../../../../arm-none-eabi/lib/thumb/v6-m\libg_nano.a(lib_a-printf.o)
 .ARM.attributes
                0x00000683       0x2c c:/program files (x86)/gnu tools arm embedded/6 2017-q1-update/bin/../lib/gcc/arm-none-eabi/6.3.1/../../../../arm-none-eabi/lib/thumb/v6-m\libg_nano.a(lib_a-puts.o)
 .ARM.attributes
                0x000006af       0x2c c:/program files (x86)/gnu tools arm embedded/6 2017-q1-update/bin/../lib/gcc/arm-none-eabi/6.3.1/../../../../arm-none-eabi/lib/thumb/v6-m\libg_nano.a(lib_a-realloc.o)
 .ARM.attributes
                0x000006db       0x2c c:/program files (x86)/gnu tools arm embedded/6 2017-q1-update/bin/../lib/gcc/arm-none-eabi/6.3.1/../../../../arm-none-eabi/lib/thumb/v6-m\libg_nano.a(lib_a-sbrkr.o)
 .ARM.attributes
                0x00000707       0x1c c:/program files (x86)/gnu tools arm embedded/6 2017-q1-update/bin/../lib/gcc/arm-none-eabi/6.3.1/../../../../arm-none-eabi/lib/thumb/v6-m\libg_nano.a(lib_a-strcmp.o)
 .ARM.attributes
                0x00000723       0x2c c:/program files (x86)/gnu tools arm embedded/6 2017-q1-update/bin/../lib/gcc/arm-none-eabi/6.3.1/../../../../arm-none-eabi/lib/thumb/v6-m\libg_nano.a(lib_a-strcpy.o)
 .ARM.attributes
                0x0000074f       0x1c c:/program files (x86)/gnu tools arm embedded/6 2017-q1-update/bin/../lib/gcc/arm-none-eabi/6.3.1/../../../../arm-none-eabi/lib/thumb/v6-m\libg_nano.a(lib_a-strlen.o)
 .ARM.attributes
                0x0000076b       0x2c c:/program files (x86)/gnu tools arm embedded/6 2017-q1-update/bin/../lib/gcc/arm-none-eabi/6.3.1/../../../../arm-none-eabi/lib/thumb/v6-m\libg_nano.a(lib_a-wbuf.o)
 .ARM.attributes
                0x00000797       0x2c c:/program files (x86)/gnu tools arm embedded/6 2017-q1-update/bin/../lib/gcc/arm-none-eabi/6.3.1/../../../../arm-none-eabi/lib/thumb/v6-m\libg_nano.a(lib_a-wsetup.o)
 .ARM.attributes
                0x000007c3       0x2c c:/program files (x86)/gnu tools arm embedded/6 2017-q1-update/bin/../lib/gcc/arm-none-eabi/6.3.1/../../../../arm-none-eabi/lib/thumb/v6-m\libg_nano.a(lib_a-fflush.o)
 .ARM.attributes
                0x000007ef       0x2c c:/program files (x86)/gnu tools arm embedded/6 2017-q1-update/bin/../lib/gcc/arm-none-eabi/6.3.1/../../../../arm-none-eabi/lib/thumb/v6-m\libg_nano.a(lib_a-findfp.o)
 .ARM.attributes
                0x0000081b       0x2c c:/program files (x86)/gnu tools arm embedded/6 2017-q1-update/bin/../lib/gcc/arm-none-eabi/6.3.1/../../../../arm-none-eabi/lib/thumb/v6-m\libg_nano.a(lib_a-fwalk.o)
 .ARM.attributes
                0x00000847       0x2c c:/program files (x86)/gnu tools arm embedded/6 2017-q1-update/bin/../lib/gcc/arm-none-eabi/6.3.1/../../../../arm-none-eabi/lib/thumb/v6-m\libg_nano.a(lib_a-makebuf.o)
 .ARM.attributes
                0x00000873       0x2c c:/program files (x86)/gnu tools arm embedded/6 2017-q1-update/bin/../lib/gcc/arm-none-eabi/6.3.1/../../../../arm-none-eabi/lib/thumb/v6-m\libg_nano.a(lib_a-mlock.o)
 .ARM.attributes
                0x0000089f       0x2c c:/program files (x86)/gnu tools arm embedded/6 2017-q1-update/bin/../lib/gcc/arm-none-eabi/6.3.1/../../../../arm-none-eabi/lib/thumb/v6-m\libg_nano.a(lib_a-nano-reallocr.o)
 .ARM.attributes
                0x000008cb       0x2c c:/program files (x86)/gnu tools arm embedded/6 2017-q1-update/bin/../lib/gcc/arm-none-eabi/6.3.1/../../../../arm-none-eabi/lib/thumb/v6-m\libg_nano.a(lib_a-nano-vfprintf.o)
 .ARM.attributes
                0x000008f7       0x2c c:/program files (x86)/gnu tools arm embedded/6 2017-q1-update/bin/../lib/gcc/arm-none-eabi/6.3.1/../../../../arm-none-eabi/lib/thumb/v6-m\libg_nano.a(lib_a-nano-vfprintf_i.o)
 .ARM.attributes
                0x00000923       0x2c c:/program files (x86)/gnu tools arm embedded/6 2017-q1-update/bin/../lib/gcc/arm-none-eabi/6.3.1/../../../../arm-none-eabi/lib/thumb/v6-m\libg_nano.a(lib_a-stdio.o)
 .ARM.attributes
                0x0000094f       0x2c c:/program files (x86)/gnu tools arm embedded/6 2017-q1-update/bin/../lib/gcc/arm-none-eabi/6.3.1/../../../../arm-none-eabi/lib/thumb/v6-m\libg_nano.a(lib_a-writer.o)
 .ARM.attributes
                0x0000097b       0x2c c:/program files (x86)/gnu tools arm embedded/6 2017-q1-update/bin/../lib/gcc/arm-none-eabi/6.3.1/../../../../arm-none-eabi/lib/thumb/v6-m\libg_nano.a(lib_a-closer.o)
 .ARM.attributes
                0x000009a7       0x2c c:/program files (x86)/gnu tools arm embedded/6 2017-q1-update/bin/../lib/gcc/arm-none-eabi/6.3.1/../../../../arm-none-eabi/lib/thumb/v6-m\libg_nano.a(lib_a-fstatr.o)
 .ARM.attributes
                0x000009d3       0x2c c:/program files (x86)/gnu tools arm embedded/6 2017-q1-update/bin/../lib/gcc/arm-none-eabi/6.3.1/../../../../arm-none-eabi/lib/thumb/v6-m\libg_nano.a(lib_a-isattyr.o)
 .ARM.attributes
                0x000009ff       0x2c c:/program files (x86)/gnu tools arm embedded/6 2017-q1-update/bin/../lib/gcc/arm-none-eabi/6.3.1/../../../../arm-none-eabi/lib/thumb/v6-m\libg_nano.a(lib_a-lseekr.o)
 .ARM.attributes
                0x00000a2b       0x2c c:/program files (x86)/gnu tools arm embedded/6 2017-q1-update/bin/../lib/gcc/arm-none-eabi/6.3.1/../../../../arm-none-eabi/lib/thumb/v6-m\libg_nano.a(lib_a-memchr-stub.o)
 .ARM.attributes
                0x00000a57       0x2c c:/program files (x86)/gnu tools arm embedded/6 2017-q1-update/bin/../lib/gcc/arm-none-eabi/6.3.1/../../../../arm-none-eabi/lib/thumb/v6-m\libg_nano.a(lib_a-nano-msizer.o)
 .ARM.attributes
                0x00000a83       0x2c c:/program files (x86)/gnu tools arm embedded/6 2017-q1-update/bin/../lib/gcc/arm-none-eabi/6.3.1/../../../../arm-none-eabi/lib/thumb/v6-m\libg_nano.a(lib_a-readr.o)
 .ARM.attributes
                0x00000aaf       0x2c c:/program files (x86)/gnu tools arm embedded/6 2017-q1-update/bin/../lib/gcc/arm-none-eabi/6.3.1/thumb/v6-m/crtend.o
 .ARM.attributes
                0x00000adb       0x1e c:/program files (x86)/gnu tools arm embedded/6 2017-q1-update/bin/../lib/gcc/arm-none-eabi/6.3.1/thumb/v6-m/crtn.o
 .ARM.attributes
                0x00000af9       0x2c c:/program files (x86)/gnu tools arm embedded/6 2017-q1-update/bin/../lib/gcc/arm-none-eabi/6.3.1/../../../../arm-none-eabi/lib/thumb/v6-m\libnosys.a(sbrk.o)
 .ARM.attributes
                0x00000b25       0x2c c:/program files (x86)/gnu tools arm embedded/6 2017-q1-update/bin/../lib/gcc/arm-none-eabi/6.3.1/../../../../arm-none-eabi/lib/thumb/v6-m\libnosys.a(_exit.o)

.comment        0x00000000       0x7f
 .comment       0x00000000       0x7f ./User/main.o
                                 0x80 (size before relaxing)
 .comment       0x0000007f       0x80 ./Library/clk.o
 .comment       0x0000007f       0x80 ./Library/gpio.o
 .comment       0x0000007f       0x80 ./Library/retarget.o
 .comment       0x0000007f       0x80 ./Library/timer.o
 .comment       0x0000007f       0x80 ./Libraries/nRF24L01P/RF24.o
 .comment       0x0000007f       0x80 ./Libraries/mbed/IPAddress.o
 .comment       0x0000007f       0x80 ./Libraries/mbed/Print.o
 .comment       0x0000007f       0x80 ./Libraries/mbed/WString.o
 .comment       0x0000007f       0x80 ./CMSIS/GCC/_syscalls.o
 .comment       0x0000007f       0x80 ./CMSIS/system_Mini58Series.o

.debug_info     0x00000000    0x14686
 .debug_info    0x00000000     0x3514 ./User/main.o
 .debug_info    0x00003514      0x895 ./Library/clk.o
 .debug_info    0x00003da9      0x205 ./Library/gpio.o
 .debug_info    0x00003fae      0xd1a ./Library/retarget.o
 .debug_info    0x00004cc8      0x405 ./Library/timer.o
 .debug_info    0x000050cd     0x3ebb ./Libraries/nRF24L01P/RF24.o
 .debug_info    0x00008f88     0x2786 ./Libraries/mbed/IPAddress.o
 .debug_info    0x0000b70e     0x32ce ./Libraries/mbed/Print.o
 .debug_info    0x0000e9dc     0x47d2 ./Libraries/mbed/WString.o
 .debug_info    0x000131ae     0x11bb ./CMSIS/GCC/_syscalls.o
 .debug_info    0x00014369       0x7a ./CMSIS/GCC/startup_Mini58Series.o
 .debug_info    0x000143e3      0x2a3 ./CMSIS/system_Mini58Series.o

.debug_abbrev   0x00000000     0x286e
 .debug_abbrev  0x00000000      0x67a ./User/main.o
 .debug_abbrev  0x0000067a      0x28e ./Library/clk.o
 .debug_abbrev  0x00000908       0xf6 ./Library/gpio.o
 .debug_abbrev  0x000009fe      0x2f0 ./Library/retarget.o
 .debug_abbrev  0x00000cee      0x165 ./Library/timer.o
 .debug_abbrev  0x00000e53      0x4a1 ./Libraries/nRF24L01P/RF24.o
 .debug_abbrev  0x000012f4      0x59d ./Libraries/mbed/IPAddress.o
 .debug_abbrev  0x00001891      0x60e ./Libraries/mbed/Print.o
 .debug_abbrev  0x00001e9f      0x612 ./Libraries/mbed/WString.o
 .debug_abbrev  0x000024b1      0x289 ./CMSIS/GCC/_syscalls.o
 .debug_abbrev  0x0000273a       0x14 ./CMSIS/GCC/startup_Mini58Series.o
 .debug_abbrev  0x0000274e      0x120 ./CMSIS/system_Mini58Series.o

.debug_loc      0x00000000     0x731c
 .debug_loc     0x00000000      0x160 ./User/main.o
 .debug_loc     0x00000160      0x872 ./Library/clk.o
 .debug_loc     0x000009d2       0x40 ./Library/gpio.o
 .debug_loc     0x00000a12      0x198 ./Library/retarget.o
 .debug_loc     0x00000baa      0x3d3 ./Library/timer.o
 .debug_loc     0x00000f7d     0x204a ./Libraries/nRF24L01P/RF24.o
 .debug_loc     0x00002fc7      0x3a5 ./Libraries/mbed/IPAddress.o
 .debug_loc     0x0000336c     0x10e1 ./Libraries/mbed/Print.o
 .debug_loc     0x0000444d     0x28a0 ./Libraries/mbed/WString.o
 .debug_loc     0x00006ced      0x549 ./CMSIS/GCC/_syscalls.o
 .debug_loc     0x00007236       0xe6 ./CMSIS/system_Mini58Series.o

.debug_aranges  0x00000000      0x9c8
 .debug_aranges
                0x00000000       0x68 ./User/main.o
 .debug_aranges
                0x00000068       0xc8 ./Library/clk.o
 .debug_aranges
                0x00000130       0x30 ./Library/gpio.o
 .debug_aranges
                0x00000160       0x78 ./Library/retarget.o
 .debug_aranges
                0x000001d8       0x58 ./Library/timer.o
 .debug_aranges
                0x00000230      0x260 ./Libraries/nRF24L01P/RF24.o
 .debug_aranges
                0x00000490       0x88 ./Libraries/mbed/IPAddress.o
 .debug_aranges
                0x00000518       0xe8 ./Libraries/mbed/Print.o
 .debug_aranges
                0x00000600      0x2b0 ./Libraries/mbed/WString.o
 .debug_aranges
                0x000008b0       0xd0 ./CMSIS/GCC/_syscalls.o
 .debug_aranges
                0x00000980       0x20 ./CMSIS/GCC/startup_Mini58Series.o
 .debug_aranges
                0x000009a0       0x28 ./CMSIS/system_Mini58Series.o

.debug_ranges   0x00000000      0xa20
 .debug_ranges  0x00000000       0x70 ./User/main.o
 .debug_ranges  0x00000070       0xd0 ./Library/clk.o
 .debug_ranges  0x00000140       0x20 ./Library/gpio.o
 .debug_ranges  0x00000160       0x68 ./Library/retarget.o
 .debug_ranges  0x000001c8       0x48 ./Library/timer.o
 .debug_ranges  0x00000210      0x268 ./Libraries/nRF24L01P/RF24.o
 .debug_ranges  0x00000478       0xb0 ./Libraries/mbed/IPAddress.o
 .debug_ranges  0x00000528      0x150 ./Libraries/mbed/Print.o
 .debug_ranges  0x00000678      0x2d0 ./Libraries/mbed/WString.o
 .debug_ranges  0x00000948       0xc0 ./CMSIS/GCC/_syscalls.o
 .debug_ranges  0x00000a08       0x18 ./CMSIS/system_Mini58Series.o

.debug_line     0x00000000     0x3816
 .debug_line    0x00000000      0x58e ./User/main.o
 .debug_line    0x0000058e      0x457 ./Library/clk.o
 .debug_line    0x000009e5      0x1a8 ./Library/gpio.o
 .debug_line    0x00000b8d      0x368 ./Library/retarget.o
 .debug_line    0x00000ef5      0x26e ./Library/timer.o
 .debug_line    0x00001163      0x9f2 ./Libraries/nRF24L01P/RF24.o
 .debug_line    0x00001b55      0x4b1 ./Libraries/mbed/IPAddress.o
 .debug_line    0x00002006      0x62f ./Libraries/mbed/Print.o
 .debug_line    0x00002635      0xbab ./Libraries/mbed/WString.o
 .debug_line    0x000031e0      0x3e3 ./CMSIS/GCC/_syscalls.o
 .debug_line    0x000035c3       0x7d ./CMSIS/GCC/startup_Mini58Series.o
 .debug_line    0x00003640      0x1d6 ./CMSIS/system_Mini58Series.o

.debug_str      0x00000000     0x3902
 .debug_str     0x00000000     0x22f4 ./User/main.o
                               0x24fc (size before relaxing)
 .debug_str     0x000022f4      0x360 ./Library/clk.o
                                0x540 (size before relaxing)
 .debug_str     0x00002654       0x5e ./Library/gpio.o
                                0x255 (size before relaxing)
 .debug_str     0x000026b2       0xfe ./Library/retarget.o
                                0x6b3 (size before relaxing)
 .debug_str     0x000027b0      0x113 ./Library/timer.o
                                0x331 (size before relaxing)
 .debug_str     0x000028c3      0x148 ./Libraries/nRF24L01P/RF24.o
                               0x15e1 (size before relaxing)
 .debug_str     0x00002a0b      0x403 ./Libraries/mbed/IPAddress.o
                               0x1730 (size before relaxing)
 .debug_str     0x00002e0e      0x436 ./Libraries/mbed/Print.o
                               0x1789 (size before relaxing)
 .debug_str     0x00003244      0x3ed ./Libraries/mbed/WString.o
                               0x1694 (size before relaxing)
 .debug_str     0x00003631      0x29b ./CMSIS/GCC/_syscalls.o
                                0x89f (size before relaxing)
 .debug_str     0x000038cc       0x36 ./CMSIS/system_Mini58Series.o
                                0x2b4 (size before relaxing)

.debug_frame    0x00000000     0x25b8
 .debug_frame   0x00000000       0xdc ./User/main.o
 .debug_frame   0x000000dc      0x1c8 ./Library/clk.o
 .debug_frame   0x000002a4       0x54 ./Library/gpio.o
 .debug_frame   0x000002f8      0x104 ./Library/retarget.o
 .debug_frame   0x000003fc       0xbc ./Library/timer.o
 .debug_frame   0x000004b8      0x754 ./Libraries/nRF24L01P/RF24.o
 .debug_frame   0x00000c0c      0x150 ./Libraries/mbed/IPAddress.o
 .debug_frame   0x00000d5c      0x2e4 ./Libraries/mbed/Print.o
 .debug_frame   0x00001040      0x86c ./Libraries/mbed/WString.o
 .debug_frame   0x000018ac      0x230 ./CMSIS/GCC/_syscalls.o
 .debug_frame   0x00001adc       0x3c ./CMSIS/system_Mini58Series.o
 .debug_frame   0x00001b18       0x28 c:/program files (x86)/gnu tools arm embedded/6 2017-q1-update/bin/../lib/gcc/arm-none-eabi/6.3.1/../../../../arm-none-eabi/lib/thumb/v6-m\libstdc++_nano.a(del_op.o)
 .debug_frame   0x00001b40       0x20 c:/program files (x86)/gnu tools arm embedded/6 2017-q1-update/bin/../lib/gcc/arm-none-eabi/6.3.1/thumb/v6-m\libgcc.a(_udivsi3.o)
 .debug_frame   0x00001b60       0x28 c:/program files (x86)/gnu tools arm embedded/6 2017-q1-update/bin/../lib/gcc/arm-none-eabi/6.3.1/thumb/v6-m\libgcc.a(_fixunssfsi.o)
 .debug_frame   0x00001b88       0x3c c:/program files (x86)/gnu tools arm embedded/6 2017-q1-update/bin/../lib/gcc/arm-none-eabi/6.3.1/thumb/v6-m\libgcc.a(divsf3.o)
 .debug_frame   0x00001bc4       0x3c c:/program files (x86)/gnu tools arm embedded/6 2017-q1-update/bin/../lib/gcc/arm-none-eabi/6.3.1/thumb/v6-m\libgcc.a(mulsf3.o)
 .debug_frame   0x00001c00       0x38 c:/program files (x86)/gnu tools arm embedded/6 2017-q1-update/bin/../lib/gcc/arm-none-eabi/6.3.1/thumb/v6-m\libgcc.a(subsf3.o)
 .debug_frame   0x00001c38       0x20 c:/program files (x86)/gnu tools arm embedded/6 2017-q1-update/bin/../lib/gcc/arm-none-eabi/6.3.1/thumb/v6-m\libgcc.a(fixsfsi.o)
 .debug_frame   0x00001c58       0x28 c:/program files (x86)/gnu tools arm embedded/6 2017-q1-update/bin/../lib/gcc/arm-none-eabi/6.3.1/thumb/v6-m\libgcc.a(floatunsisf.o)
 .debug_frame   0x00001c80       0x2c c:/program files (x86)/gnu tools arm embedded/6 2017-q1-update/bin/../lib/gcc/arm-none-eabi/6.3.1/thumb/v6-m\libgcc.a(eqsf2.o)
 .debug_frame   0x00001cac       0x30 c:/program files (x86)/gnu tools arm embedded/6 2017-q1-update/bin/../lib/gcc/arm-none-eabi/6.3.1/thumb/v6-m\libgcc.a(gesf2.o)
 .debug_frame   0x00001cdc       0x30 c:/program files (x86)/gnu tools arm embedded/6 2017-q1-update/bin/../lib/gcc/arm-none-eabi/6.3.1/thumb/v6-m\libgcc.a(lesf2.o)
 .debug_frame   0x00001d0c       0x20 c:/program files (x86)/gnu tools arm embedded/6 2017-q1-update/bin/../lib/gcc/arm-none-eabi/6.3.1/../../../../arm-none-eabi/lib/thumb/v6-m\libg_nano.a(lib_a-errno.o)
 .debug_frame   0x00001d2c       0x28 c:/program files (x86)/gnu tools arm embedded/6 2017-q1-update/bin/../lib/gcc/arm-none-eabi/6.3.1/../../../../arm-none-eabi/lib/thumb/v6-m\libg_nano.a(lib_a-exit.o)
 .debug_frame   0x00001d54       0x2c c:/program files (x86)/gnu tools arm embedded/6 2017-q1-update/bin/../lib/gcc/arm-none-eabi/6.3.1/../../../../arm-none-eabi/lib/thumb/v6-m\libg_nano.a(lib_a-init.o)
 .debug_frame   0x00001d80       0x40 c:/program files (x86)/gnu tools arm embedded/6 2017-q1-update/bin/../lib/gcc/arm-none-eabi/6.3.1/../../../../arm-none-eabi/lib/thumb/v6-m\libg_nano.a(lib_a-malloc.o)
 .debug_frame   0x00001dc0       0x28 c:/program files (x86)/gnu tools arm embedded/6 2017-q1-update/bin/../lib/gcc/arm-none-eabi/6.3.1/../../../../arm-none-eabi/lib/thumb/v6-m\libg_nano.a(lib_a-memcpy-stub.o)
 .debug_frame   0x00001de8       0x20 c:/program files (x86)/gnu tools arm embedded/6 2017-q1-update/bin/../lib/gcc/arm-none-eabi/6.3.1/../../../../arm-none-eabi/lib/thumb/v6-m\libg_nano.a(lib_a-memset.o)
 .debug_frame   0x00001e08       0x2c c:/program files (x86)/gnu tools arm embedded/6 2017-q1-update/bin/../lib/gcc/arm-none-eabi/6.3.1/../../../../arm-none-eabi/lib/thumb/v6-m\libg_nano.a(lib_a-nano-freer.o)
 .debug_frame   0x00001e34       0x2c c:/program files (x86)/gnu tools arm embedded/6 2017-q1-update/bin/../lib/gcc/arm-none-eabi/6.3.1/../../../../arm-none-eabi/lib/thumb/v6-m\libg_nano.a(lib_a-nano-mallocr.o)
 .debug_frame   0x00001e60       0x50 c:/program files (x86)/gnu tools arm embedded/6 2017-q1-update/bin/../lib/gcc/arm-none-eabi/6.3.1/../../../../arm-none-eabi/lib/thumb/v6-m\libg_nano.a(lib_a-printf.o)
 .debug_frame   0x00001eb0       0x44 c:/program files (x86)/gnu tools arm embedded/6 2017-q1-update/bin/../lib/gcc/arm-none-eabi/6.3.1/../../../../arm-none-eabi/lib/thumb/v6-m\libg_nano.a(lib_a-puts.o)
 .debug_frame   0x00001ef4       0x28 c:/program files (x86)/gnu tools arm embedded/6 2017-q1-update/bin/../lib/gcc/arm-none-eabi/6.3.1/../../../../arm-none-eabi/lib/thumb/v6-m\libg_nano.a(lib_a-realloc.o)
 .debug_frame   0x00001f1c       0x2c c:/program files (x86)/gnu tools arm embedded/6 2017-q1-update/bin/../lib/gcc/arm-none-eabi/6.3.1/../../../../arm-none-eabi/lib/thumb/v6-m\libg_nano.a(lib_a-sbrkr.o)
 .debug_frame   0x00001f48       0x20 c:/program files (x86)/gnu tools arm embedded/6 2017-q1-update/bin/../lib/gcc/arm-none-eabi/6.3.1/../../../../arm-none-eabi/lib/thumb/v6-m\libg_nano.a(lib_a-strcmp.o)
 .debug_frame   0x00001f68       0x20 c:/program files (x86)/gnu tools arm embedded/6 2017-q1-update/bin/../lib/gcc/arm-none-eabi/6.3.1/../../../../arm-none-eabi/lib/thumb/v6-m\libg_nano.a(lib_a-strcpy.o)
 .debug_frame   0x00001f88       0x48 c:/program files (x86)/gnu tools arm embedded/6 2017-q1-update/bin/../lib/gcc/arm-none-eabi/6.3.1/../../../../arm-none-eabi/lib/thumb/v6-m\libg_nano.a(lib_a-wbuf.o)
 .debug_frame   0x00001fd0       0x2c c:/program files (x86)/gnu tools arm embedded/6 2017-q1-update/bin/../lib/gcc/arm-none-eabi/6.3.1/../../../../arm-none-eabi/lib/thumb/v6-m\libg_nano.a(lib_a-wsetup.o)
 .debug_frame   0x00001ffc       0x68 c:/program files (x86)/gnu tools arm embedded/6 2017-q1-update/bin/../lib/gcc/arm-none-eabi/6.3.1/../../../../arm-none-eabi/lib/thumb/v6-m\libg_nano.a(lib_a-fflush.o)
 .debug_frame   0x00002064      0x140 c:/program files (x86)/gnu tools arm embedded/6 2017-q1-update/bin/../lib/gcc/arm-none-eabi/6.3.1/../../../../arm-none-eabi/lib/thumb/v6-m\libg_nano.a(lib_a-findfp.o)
 .debug_frame   0x000021a4       0x58 c:/program files (x86)/gnu tools arm embedded/6 2017-q1-update/bin/../lib/gcc/arm-none-eabi/6.3.1/../../../../arm-none-eabi/lib/thumb/v6-m\libg_nano.a(lib_a-fwalk.o)
 .debug_frame   0x000021fc       0x54 c:/program files (x86)/gnu tools arm embedded/6 2017-q1-update/bin/../lib/gcc/arm-none-eabi/6.3.1/../../../../arm-none-eabi/lib/thumb/v6-m\libg_nano.a(lib_a-makebuf.o)
 .debug_frame   0x00002250       0x30 c:/program files (x86)/gnu tools arm embedded/6 2017-q1-update/bin/../lib/gcc/arm-none-eabi/6.3.1/../../../../arm-none-eabi/lib/thumb/v6-m\libg_nano.a(lib_a-mlock.o)
 .debug_frame   0x00002280       0x30 c:/program files (x86)/gnu tools arm embedded/6 2017-q1-update/bin/../lib/gcc/arm-none-eabi/6.3.1/../../../../arm-none-eabi/lib/thumb/v6-m\libg_nano.a(lib_a-nano-reallocr.o)
 .debug_frame   0x000022b0       0x9c c:/program files (x86)/gnu tools arm embedded/6 2017-q1-update/bin/../lib/gcc/arm-none-eabi/6.3.1/../../../../arm-none-eabi/lib/thumb/v6-m\libg_nano.a(lib_a-nano-vfprintf.o)
 .debug_frame   0x0000234c       0x54 c:/program files (x86)/gnu tools arm embedded/6 2017-q1-update/bin/../lib/gcc/arm-none-eabi/6.3.1/../../../../arm-none-eabi/lib/thumb/v6-m\libg_nano.a(lib_a-nano-vfprintf_i.o)
 .debug_frame   0x000023a0       0x90 c:/program files (x86)/gnu tools arm embedded/6 2017-q1-update/bin/../lib/gcc/arm-none-eabi/6.3.1/../../../../arm-none-eabi/lib/thumb/v6-m\libg_nano.a(lib_a-stdio.o)
 .debug_frame   0x00002430       0x2c c:/program files (x86)/gnu tools arm embedded/6 2017-q1-update/bin/../lib/gcc/arm-none-eabi/6.3.1/../../../../arm-none-eabi/lib/thumb/v6-m\libg_nano.a(lib_a-writer.o)
 .debug_frame   0x0000245c       0x2c c:/program files (x86)/gnu tools arm embedded/6 2017-q1-update/bin/../lib/gcc/arm-none-eabi/6.3.1/../../../../arm-none-eabi/lib/thumb/v6-m\libg_nano.a(lib_a-closer.o)
 .debug_frame   0x00002488       0x2c c:/program files (x86)/gnu tools arm embedded/6 2017-q1-update/bin/../lib/gcc/arm-none-eabi/6.3.1/../../../../arm-none-eabi/lib/thumb/v6-m\libg_nano.a(lib_a-fstatr.o)
 .debug_frame   0x000024b4       0x2c c:/program files (x86)/gnu tools arm embedded/6 2017-q1-update/bin/../lib/gcc/arm-none-eabi/6.3.1/../../../../arm-none-eabi/lib/thumb/v6-m\libg_nano.a(lib_a-isattyr.o)
 .debug_frame   0x000024e0       0x2c c:/program files (x86)/gnu tools arm embedded/6 2017-q1-update/bin/../lib/gcc/arm-none-eabi/6.3.1/../../../../arm-none-eabi/lib/thumb/v6-m\libg_nano.a(lib_a-lseekr.o)
 .debug_frame   0x0000250c       0x20 c:/program files (x86)/gnu tools arm embedded/6 2017-q1-update/bin/../lib/gcc/arm-none-eabi/6.3.1/../../../../arm-none-eabi/lib/thumb/v6-m\libg_nano.a(lib_a-memchr-stub.o)
 .debug_frame   0x0000252c       0x20 c:/program files (x86)/gnu tools arm embedded/6 2017-q1-update/bin/../lib/gcc/arm-none-eabi/6.3.1/../../../../arm-none-eabi/lib/thumb/v6-m\libg_nano.a(lib_a-nano-msizer.o)
 .debug_frame   0x0000254c       0x2c c:/program files (x86)/gnu tools arm embedded/6 2017-q1-update/bin/../lib/gcc/arm-none-eabi/6.3.1/../../../../arm-none-eabi/lib/thumb/v6-m\libg_nano.a(lib_a-readr.o)
 .debug_frame   0x00002578       0x20 c:/program files (x86)/gnu tools arm embedded/6 2017-q1-update/bin/../lib/gcc/arm-none-eabi/6.3.1/../../../../arm-none-eabi/lib/thumb/v6-m\libnosys.a(sbrk.o)
 .debug_frame   0x00002598       0x20 c:/program files (x86)/gnu tools arm embedded/6 2017-q1-update/bin/../lib/gcc/arm-none-eabi/6.3.1/../../../../arm-none-eabi/lib/thumb/v6-m\libnosys.a(_exit.o)
