wizchip_conf.c:65:9:wizchip_cris_enter	4	static
wizchip_conf.c:73:9:wizchip_cris_exit	4	static
wizchip_conf.c:81:7:wizchip_cs_select	4	static
wizchip_conf.c:89:7:wizchip_cs_deselect	4	static
wizchip_conf.c:99:9:wizchip_bus_readbyte	16	static
wizchip_conf.c:110:7:wizchip_bus_writebyte	16	static
wizchip_conf.c:118:9:wizchip_spi_readbyte	4	static
wizchip_conf.c:126:7:wizchip_spi_writebyte	16	static
wizchip_conf.c:134:7:wizchip_spi_readburst	16	static
wizchip_conf.c:142:7:wizchip_spi_writeburst	16	static
wizchip_conf.c:180:6:reg_wizchip_cris_cbfunc	16	static
wizchip_conf.c:194:6:reg_wizchip_cs_cbfunc	16	static
wizchip_conf.c:208:6:reg_wizchip_bus_cbfunc	16	static
wizchip_conf.c:225:6:reg_wizchip_spi_cbfunc	16	static
wizchip_conf.c:243:6:reg_wizchip_spiburst_cbfunc	16	static
wizchip_conf.c:260:8:ctlwizchip	40	static
wizchip_conf.c:343:8:ctlnetwork	16	static
wizchip_conf.c:371:6:wizchip_sw_reset	32	static
wizchip_conf.c:387:8:wizchip_init	24	static
wizchip_conf.c:424:6:wizchip_clrinterrupt	24	static
wizchip_conf.c:448:11:wizchip_getinterrupt	16	static
wizchip_conf.c:472:6:wizchip_setinterruptmask	24	static
wizchip_conf.c:493:11:wizchip_getinterruptmask	16	static
wizchip_conf.c:520:8:wizphy_getphylink	16	static
wizchip_conf.c:542:8:wizphy_getphypmode	16	static
wizchip_conf.c:565:6:wizphy_reset	16	static
wizchip_conf.c:575:6:wizphy_setphyconf	24	static
wizchip_conf.c:608:6:wizphy_getphyconf	24	static
wizchip_conf.c:650:6:wizphy_getphystat	24	static
wizchip_conf.c:657:8:wizphy_setphypmode	24	static
wizchip_conf.c:691:6:wizchip_setnetinfo	16	static
wizchip_conf.c:704:6:wizchip_getnetinfo	16	static
wizchip_conf.c:717:8:wizchip_setnetmode	24	static
wizchip_conf.c:736:14:wizchip_getnetmode	8	static
wizchip_conf.c:741:6:wizchip_settimeout	16	static
wizchip_conf.c:747:6:wizchip_gettimeout	24	static
