Archive member included to satisfy reference by file (symbol)

c:/st/stm32cubeide_1.8.0/stm32cubeide/plugins/com.st.stm32cube.ide.mcu.externaltools.gnu-tools-for-stm32.9-2020-q2-update.win32_2.0.0.202105311346/tools/bin/../lib/gcc/arm-none-eabi/9.3.1/../../../../arm-none-eabi/lib/thumb/v7-m/nofp\libstdc++_nano.a(del_ops.o)
                              ./Libraries/UIPClient.o (operator delete(void*, unsigned int))
c:/st/stm32cubeide_1.8.0/stm32cubeide/plugins/com.st.stm32cube.ide.mcu.externaltools.gnu-tools-for-stm32.9-2020-q2-update.win32_2.0.0.202105311346/tools/bin/../lib/gcc/arm-none-eabi/9.3.1/../../../../arm-none-eabi/lib/thumb/v7-m/nofp\libstdc++_nano.a(pure.o)
                              ./Libraries/mbed/Print.o (__cxa_pure_virtual)
c:/st/stm32cubeide_1.8.0/stm32cubeide/plugins/com.st.stm32cube.ide.mcu.externaltools.gnu-tools-for-stm32.9-2020-q2-update.win32_2.0.0.202105311346/tools/bin/../lib/gcc/arm-none-eabi/9.3.1/../../../../arm-none-eabi/lib/thumb/v7-m/nofp\libstdc++_nano.a(del_op.o)
                              c:/st/stm32cubeide_1.8.0/stm32cubeide/plugins/com.st.stm32cube.ide.mcu.externaltools.gnu-tools-for-stm32.9-2020-q2-update.win32_2.0.0.202105311346/tools/bin/../lib/gcc/arm-none-eabi/9.3.1/../../../../arm-none-eabi/lib/thumb/v7-m/nofp\libstdc++_nano.a(del_ops.o) (operator delete(void*))
c:/st/stm32cubeide_1.8.0/stm32cubeide/plugins/com.st.stm32cube.ide.mcu.externaltools.gnu-tools-for-stm32.9-2020-q2-update.win32_2.0.0.202105311346/tools/bin/../lib/gcc/arm-none-eabi/9.3.1/../../../../arm-none-eabi/lib/thumb/v7-m/nofp\libstdc++_nano.a(eh_terminate.o)
                              c:/st/stm32cubeide_1.8.0/stm32cubeide/plugins/com.st.stm32cube.ide.mcu.externaltools.gnu-tools-for-stm32.9-2020-q2-update.win32_2.0.0.202105311346/tools/bin/../lib/gcc/arm-none-eabi/9.3.1/../../../../arm-none-eabi/lib/thumb/v7-m/nofp\libstdc++_nano.a(pure.o) (std::terminate())
c:/st/stm32cubeide_1.8.0/stm32cubeide/plugins/com.st.stm32cube.ide.mcu.externaltools.gnu-tools-for-stm32.9-2020-q2-update.win32_2.0.0.202105311346/tools/bin/../lib/gcc/arm-none-eabi/9.3.1/../../../../arm-none-eabi/lib/thumb/v7-m/nofp\libstdc++_nano.a(eh_unex_handler.o)
                              c:/st/stm32cubeide_1.8.0/stm32cubeide/plugins/com.st.stm32cube.ide.mcu.externaltools.gnu-tools-for-stm32.9-2020-q2-update.win32_2.0.0.202105311346/tools/bin/../lib/gcc/arm-none-eabi/9.3.1/../../../../arm-none-eabi/lib/thumb/v7-m/nofp\libstdc++_nano.a(eh_terminate.o) (__cxxabiv1::__unexpected_handler)
c:/st/stm32cubeide_1.8.0/stm32cubeide/plugins/com.st.stm32cube.ide.mcu.externaltools.gnu-tools-for-stm32.9-2020-q2-update.win32_2.0.0.202105311346/tools/bin/../lib/gcc/arm-none-eabi/9.3.1/../../../../arm-none-eabi/lib/thumb/v7-m/nofp\libstdc++_nano.a(eh_term_handler.o)
                              c:/st/stm32cubeide_1.8.0/stm32cubeide/plugins/com.st.stm32cube.ide.mcu.externaltools.gnu-tools-for-stm32.9-2020-q2-update.win32_2.0.0.202105311346/tools/bin/../lib/gcc/arm-none-eabi/9.3.1/../../../../arm-none-eabi/lib/thumb/v7-m/nofp\libstdc++_nano.a(eh_terminate.o) (__cxxabiv1::__terminate_handler)
c:/st/stm32cubeide_1.8.0/stm32cubeide/plugins/com.st.stm32cube.ide.mcu.externaltools.gnu-tools-for-stm32.9-2020-q2-update.win32_2.0.0.202105311346/tools/bin/../lib/gcc/arm-none-eabi/9.3.1/../../../../arm-none-eabi/lib/thumb/v7-m/nofp\libc_nano.a(lib_a-abort.o)
                              c:/st/stm32cubeide_1.8.0/stm32cubeide/plugins/com.st.stm32cube.ide.mcu.externaltools.gnu-tools-for-stm32.9-2020-q2-update.win32_2.0.0.202105311346/tools/bin/../lib/gcc/arm-none-eabi/9.3.1/../../../../arm-none-eabi/lib/thumb/v7-m/nofp\libstdc++_nano.a(eh_terminate.o) (abort)
c:/st/stm32cubeide_1.8.0/stm32cubeide/plugins/com.st.stm32cube.ide.mcu.externaltools.gnu-tools-for-stm32.9-2020-q2-update.win32_2.0.0.202105311346/tools/bin/../lib/gcc/arm-none-eabi/9.3.1/../../../../arm-none-eabi/lib/thumb/v7-m/nofp\libc_nano.a(lib_a-atof.o)
                              ./Libraries/mbed/WString.o (atof)
c:/st/stm32cubeide_1.8.0/stm32cubeide/plugins/com.st.stm32cube.ide.mcu.externaltools.gnu-tools-for-stm32.9-2020-q2-update.win32_2.0.0.202105311346/tools/bin/../lib/gcc/arm-none-eabi/9.3.1/../../../../arm-none-eabi/lib/thumb/v7-m/nofp\libc_nano.a(lib_a-atol.o)
                              ./Libraries/mbed/WString.o (atol)
c:/st/stm32cubeide_1.8.0/stm32cubeide/plugins/com.st.stm32cube.ide.mcu.externaltools.gnu-tools-for-stm32.9-2020-q2-update.win32_2.0.0.202105311346/tools/bin/../lib/gcc/arm-none-eabi/9.3.1/../../../../arm-none-eabi/lib/thumb/v7-m/nofp\libc_nano.a(lib_a-errno.o)
                              ./Core/Src/syscalls.o (__errno)
c:/st/stm32cubeide_1.8.0/stm32cubeide/plugins/com.st.stm32cube.ide.mcu.externaltools.gnu-tools-for-stm32.9-2020-q2-update.win32_2.0.0.202105311346/tools/bin/../lib/gcc/arm-none-eabi/9.3.1/../../../../arm-none-eabi/lib/thumb/v7-m/nofp\libc_nano.a(lib_a-exit.o)
[...]
Memory Configuration

Name             Origin             Length             Attributes
RAM              0x0000000020000000 0x0000000000005000 xrw
FLASH            0x0000000008000000 0x0000000000010000 xr
*default*        0x0000000000000000 0xffffffffffffffff

Linker script and memory map

LOAD c:/st/stm32cubeide_1.8.0/stm32cubeide/plugins/com.st.stm32cube.ide.mcu.externaltools.gnu-tools-for-stm32.9-2020-q2-update.win32_2.0.0.202105311346/tools/bin/../lib/gcc/arm-none-eabi/9.3.1/thumb/v7-m/nofp/crti.o
LOAD c:/st/stm32cubeide_1.8.0/stm32cubeide/plugins/com.st.stm32cube.ide.mcu.externaltools.gnu-tools-for-stm32.9-2020-q2-update.win32_2.0.0.202105311346/tools/bin/../lib/gcc/arm-none-eabi/9.3.1/thumb/v7-m/nofp/crtbegin.o
LOAD c:/st/stm32cubeide_1.8.0/stm32cubeide/plugins/com.st.stm32cube.ide.mcu.externaltools.gnu-tools-for-stm32.9-2020-q2-update.win32_2.0.0.202105311346/tools/bin/../lib/gcc/arm-none-eabi/9.3.1/../../../../arm-none-eabi/lib/thumb/v7-m/nofp/crt0.o
LOAD ./Core/Src/main.o
LOAD ./Core/Src/stm32f1xx_hal_msp.o
LOAD ./Core/Src/stm32f1xx_it.o
LOAD ./Core/Src/syscalls.o
LOAD ./Core/Src/sysmem.o
LOAD ./Core/Src/system_stm32f1xx.o
LOAD ./Core/Startup/startup_stm32f103c8tx.o
LOAD ./Drivers/STM32F1xx_HAL_Driver/Src/stm32f1xx_hal.o
LOAD ./Drivers/STM32F1xx_HAL_Driver/Src/stm32f1xx_hal_cortex.o
LOAD ./Drivers/STM32F1xx_HAL_Driver/Src/stm32f1xx_hal_dma.o
LOAD ./Drivers/STM32F1xx_HAL_Driver/Src/stm32f1xx_hal_exti.o
LOAD ./Drivers/STM32F1xx_HAL_Driver/Src/stm32f1xx_hal_flash.o
LOAD ./Drivers/STM32F1xx_HAL_Driver/Src/stm32f1xx_hal_flash_ex.o
LOAD ./Drivers/STM32F1xx_HAL_Driver/Src/stm32f1xx_hal_gpio.o
LOAD ./Drivers/STM32F1xx_HAL_Driver/Src/stm32f1xx_hal_gpio_ex.o
LOAD ./Drivers/STM32F1xx_HAL_Driver/Src/stm32f1xx_hal_pwr.o
LOAD ./Drivers/STM32F1xx_HAL_Driver/Src/stm32f1xx_hal_rcc.o
LOAD ./Drivers/STM32F1xx_HAL_Driver/Src/stm32f1xx_hal_rcc_ex.o
LOAD ./Drivers/STM32F1xx_HAL_Driver/Src/stm32f1xx_hal_spi.o
LOAD ./Drivers/STM32F1xx_HAL_Driver/Src/stm32f1xx_hal_tim.o
LOAD ./Drivers/STM32F1xx_HAL_Driver/Src/stm32f1xx_hal_tim_ex.o
LOAD ./Libraries/Dhcp.o
LOAD ./Libraries/Dns.o
LOAD ./Libraries/UIPClient.o
LOAD ./Libraries/UIPEthernet.o
LOAD ./Libraries/UIPServer.o
LOAD ./Libraries/UIPUdp.o
LOAD ./Libraries/mbed/IPAddress.o
LOAD ./Libraries/mbed/Print.o
LOAD ./Libraries/mbed/WString.o
LOAD ./Libraries/mbed/dtostrf.o
LOAD ./Libraries/mbed/itoa.o
LOAD ./Libraries/mbed/millis.o
LOAD ./Libraries/utility/Enc28J60Network.o
LOAD ./Libraries/utility/mempool.o
LOAD ./Libraries/utility/uip.o
LOAD ./Libraries/utility/uip_arp.o
START GROUP
LOAD c:/st/stm32cubeide_1.8.0/stm32cubeide/plugins/com.st.stm32cube.ide.mcu.externaltools.gnu-tools-for-stm32.9-2020-q2-update.win32_2.0.0.202105311346/tools/bin/../lib/gcc/arm-none-eabi/9.3.1/../../../../arm-none-eabi/lib/thumb/v7-m/nofp\libstdc++_nano.a
LOAD c:/st/stm32cubeide_1.8.0/stm32cubeide/plugins/com.st.stm32cube.ide.mcu.externaltools.gnu-tools-for-stm32.9-2020-q2-update.win32_2.0.0.202105311346/tools/bin/../lib/gcc/arm-none-eabi/9.3.1/../../../../arm-none-eabi/lib/thumb/v7-m/nofp\libsupc++_nano.a
END GROUP
LOAD c:/st/stm32cubeide_1.8.0/stm32cubeide/plugins/com.st.stm32cube.ide.mcu.externaltools.gnu-tools-for-stm32.9-2020-q2-update.win32_2.0.0.202105311346/tools/bin/../lib/gcc/arm-none-eabi/9.3.1/../../../../arm-none-eabi/lib/thumb/v7-m/nofp\libstdc++_nano.a
LOAD c:/st/stm32cubeide_1.8.0/stm32cubeide/plugins/com.st.stm32cube.ide.mcu.externaltools.gnu-tools-for-stm32.9-2020-q2-update.win32_2.0.0.202105311346/tools/bin/../lib/gcc/arm-none-eabi/9.3.1/../../../../arm-none-eabi/lib/thumb/v7-m/nofp\libm.a
LOAD c:/st/stm32cubeide_1.8.0/stm32cubeide/plugins/com.st.stm32cube.ide.mcu.externaltools.gnu-tools-for-stm32.9-2020-q2-update.win32_2.0.0.202105311346/tools/bin/../lib/gcc/arm-none-eabi/9.3.1/../../../../arm-none-eabi/lib/thumb/v7-m/nofp\libc_nano.a
START GROUP
LOAD c:/st/stm32cubeide_1.8.0/stm32cubeide/plugins/com.st.stm32cube.ide.mcu.externaltools.gnu-tools-for-stm32.9-2020-q2-update.win32_2.0.0.202105311346/tools/bin/../lib/gcc/arm-none-eabi/9.3.1/thumb/v7-m/nofp\libgcc.a
LOAD c:/st/stm32cubeide_1.8.0/stm32cubeide/plugins/com.st.stm32cube.ide.mcu.externaltools.gnu-tools-for-stm32.9-2020-q2-update.win32_2.0.0.202105311346/tools/bin/../lib/gcc/arm-none-eabi/9.3.1/../../../../arm-none-eabi/lib/thumb/v7-m/nofp\libc_nano.a
END GROUP
START GROUP
LOAD c:/st/stm32cubeide_1.8.0/stm32cubeide/plugins/com.st.stm32cube.ide.mcu.externaltools.gnu-tools-for-stm32.9-2020-q2-update.win32_2.0.0.202105311346/tools/bin/../lib/gcc/arm-none-eabi/9.3.1/thumb/v7-m/nofp\libgcc.a
LOAD c:/st/stm32cubeide_1.8.0/stm32cubeide/plugins/com.st.stm32cube.ide.mcu.externaltools.gnu-tools-for-stm32.9-2020-q2-update.win32_2.0.0.202105311346/tools/bin/../lib/gcc/arm-none-eabi/9.3.1/../../../../arm-none-eabi/lib/thumb/v7-m/nofp\libc_nano.a
LOAD c:/st/stm32cubeide_1.8.0/stm32cubeide/plugins/com.st.stm32cube.ide.mcu.externaltools.gnu-tools-for-stm32.9-2020-q2-update.win32_2.0.0.202105311346/tools/bin/../lib/gcc/arm-none-eabi/9.3.1/../../../../arm-none-eabi/lib/thumb/v7-m/nofp\libnosys.a
END GROUP
START GROUP
LOAD c:/st/stm32cubeide_1.8.0/stm32cubeide/plugins/com.st.stm32cube.ide.mcu.externaltools.gnu-tools-for-stm32.9-2020-q2-update.win32_2.0.0.202105311346/tools/bin/../lib/gcc/arm-none-eabi/9.3.1/thumb/v7-m/nofp\libgcc.a
LOAD c:/st/stm32cubeide_1.8.0/stm32cubeide/plugins/com.st.stm32cube.ide.mcu.externaltools.gnu-tools-for-stm32.9-2020-q2-update.win32_2.0.0.202105311346/tools/bin/../lib/gcc/arm-none-eabi/9.3.1/../../../../arm-none-eabi/lib/thumb/v7-m/nofp\libc_nano.a
LOAD c:/st/stm32cubeide_1.8.0/stm32cubeide/plugins/com.st.stm32cube.ide.mcu.externaltools.gnu-tools-for-stm32.9-2020-q2-update.win32_2.0.0.202105311346/tools/bin/../lib/gcc/arm-none-eabi/9.3.1/../../../../arm-none-eabi/lib/thumb/v7-m/nofp\libnosys.a
END GROUP
LOAD c:/st/stm32cubeide_1.8.0/stm32cubeide/plugins/com.st.stm32cube.ide.mcu.externaltools.gnu-tools-for-stm32.9-2020-q2-update.win32_2.0.0.202105311346/tools/bin/../lib/gcc/arm-none-eabi/9.3.1/thumb/v7-m/nofp/crtend.o
LOAD c:/st/stm32cubeide_1.8.0/stm32cubeide/plugins/com.st.stm32cube.ide.mcu.externaltools.gnu-tools-for-stm32.9-2020-q2-update.win32_2.0.0.202105311346/tools/bin/../lib/gcc/arm-none-eabi/9.3.1/thumb/v7-m/nofp/crtn.o
                0x0000000020005000                _estack = (ORIGIN (RAM) + LENGTH (RAM))
                0x0000000000000200                _Min_Heap_Size = 0x200
                0x0000000000000400                _Min_Stack_Size = 0x400

.isr_vector     0x0000000008000000      0x10c
                0x0000000008000000                . = ALIGN (0x4)
 *(.isr_vector)
 .isr_vector    0x0000000008000000      0x10c ./Core/Startup/startup_stm32f103c8tx.o
                0x0000000008000000                g_pfnVectors
                0x000000000800010c                . = ALIGN (0x4)

.text           0x000000000800010c     0x7118
                0x000000000800010c                . = ALIGN (0x4)
 *(.text)
 .text          0x000000000800010c       0x40 c:/st/stm32cubeide_1.8.0/stm32cubeide/plugins/com.st.stm32cube.ide.mcu.externaltools.gnu-tools-for-stm32.9-2020-q2-update.win32_2.0.0.202105311346/tools/bin/../lib/gcc/arm-none-eabi/9.3.1/thumb/v7-m/nofp/crtbegin.o
 .text          0x000000000800014c       0x14 c:/st/stm32cubeide_1.8.0/stm32cubeide/plugins/com.st.stm32cube.ide.mcu.externaltools.gnu-tools-for-stm32.9-2020-q2-update.win32_2.0.0.202105311346/tools/bin/../lib/gcc/arm-none-eabi/9.3.1/../../../../arm-none-eabi/lib/thumb/v7-m/nofp\libc_nano.a(lib_a-strcmp.o)
                0x000000000800014c                strcmp
 .text          0x0000000008000160       0x10 c:/st/stm32cubeide_1.8.0/stm32cubeide/plugins/com.st.stm32cube.ide.mcu.externaltools.gnu-tools-for-stm32.9-2020-q2-update.win32_2.0.0.202105311346/tools/bin/../lib/gcc/arm-none-eabi/9.3.1/../../../../arm-none-eabi/lib/thumb/v7-m/nofp\libc_nano.a(lib_a-strlen.o)
                0x0000000008000160                strlen
 *(.text*)
 .text._cs      0x0000000008000170       0x14 ./Core/Src/main.o
                0x0000000008000170                _cs
 .text.spiWrite
                0x0000000008000184       0x30 ./Core/Src/main.o
                0x0000000008000184                spiWrite
 .text._Z9dataWritev
                0x00000000080001b4       0xb4 ./Core/Src/main.o
                0x00000000080001b4                dataWrite()
 .text._Z21updateRelayDataStatushh
                0x0000000008000268       0x48 ./Core/Src/main.o
                0x0000000008000268                updateRelayDataStatus(unsigned char, unsigned char)
 .text._Z16printRelayStatusR9UIPClient
                0x00000000080002b0       0x3c ./Core/Src/main.o
                0x00000000080002b0                printRelayStatus(UIPClient&)
 .text._Z9returnErrR9UIPClienti
                0x00000000080002ec       0x28 ./Core/Src/main.o
                0x00000000080002ec                returnErr(UIPClient&, int)
 .text._Z12returnHeaderR9UIPClienti
                0x0000000008000314       0x2c ./Core/Src/main.o
                0x0000000008000314                returnHeader(UIPClient&, int)
 .text._Z11getNextLineR9UIPClient
                0x0000000008000340       0x44 ./Core/Src/main.o
                0x0000000008000340                getNextLine(UIPClient&)
 .text._Z11getPostDataR9UIPClient
                0x0000000008000384       0x60 ./Core/Src/main.o
                0x0000000008000384                getPostData(UIPClient&)
 .text._Z15analyzePostDataR9UIPClient
                0x00000000080003e4       0x9c ./Core/Src/main.o
                0x00000000080003e4                analyzePostData(UIPClient&)
 .text._Z18SystemClock_Configv
                0x0000000008000480       0x50 ./Core/Src/main.o
                0x0000000008000480                SystemClock_Config()
 .text.startup._GLOBAL__sub_I_hspi1
                0x00000000080004d0       0x4c ./Core/Src/main.o
 .text.exit._GLOBAL__sub_D_hspi1
                0x000000000800051c        0xc ./Core/Src/main.o
 .text.startup.main
                0x0000000008000528      0x1e8 ./Core/Src/main.o
                0x0000000008000528                main
 .text.HAL_MspInit
                0x0000000008000710       0x64 ./Core/Src/stm32f1xx_hal_msp.o
                0x0000000008000710                HAL_MspInit
 .text.HAL_SPI_MspInit
                0x0000000008000774       0x94 ./Core/Src/stm32f1xx_hal_msp.o
                0x0000000008000774                HAL_SPI_MspInit
 .text.NMI_Handler
                0x0000000008000808        0x6 ./Core/Src/stm32f1xx_it.o
                0x0000000008000808                NMI_Handler
 .text.HardFault_Handler
                0x000000000800080e        0x6 ./Core/Src/stm32f1xx_it.o
                0x000000000800080e                HardFault_Handler
 .text.MemManage_Handler
                0x0000000008000814        0x6 ./Core/Src/stm32f1xx_it.o
                0x0000000008000814                MemManage_Handler
 .text.BusFault_Handler
                0x000000000800081a        0x6 ./Core/Src/stm32f1xx_it.o
                0x000000000800081a                BusFault_Handler
 .text.UsageFault_Handler
                0x0000000008000820        0x6 ./Core/Src/stm32f1xx_it.o
                0x0000000008000820                UsageFault_Handler
 .text.SVC_Handler
                0x0000000008000826        0xc ./Core/Src/stm32f1xx_it.o
                0x0000000008000826                SVC_Handler
 .text.DebugMon_Handler
                0x0000000008000832        0xc ./Core/Src/stm32f1xx_it.o
                0x0000000008000832                DebugMon_Handler
 .text.PendSV_Handler
                0x000000000800083e        0xc ./Core/Src/stm32f1xx_it.o
                0x000000000800083e                PendSV_Handler
 *fill*         0x000000000800084a        0x2 
 .text.SysTick_Handler
                0x000000000800084c       0x38 ./Core/Src/stm32f1xx_it.o
                0x000000000800084c                SysTick_Handler
 .text._getpid  0x0000000008000884        0xe ./Core/Src/syscalls.o
                0x0000000008000884                _getpid
 .text._kill    0x0000000008000892       0x20 ./Core/Src/syscalls.o
                0x0000000008000892                _kill
 .text._exit    0x00000000080008b2       0x14 ./Core/Src/syscalls.o
                0x00000000080008b2                _exit
 .text._read    0x00000000080008c6       0x3a ./Core/Src/syscalls.o
                0x00000000080008c6                _read
 .text._write   0x0000000008000900       0x38 ./Core/Src/syscalls.o
                0x0000000008000900                _write
 .text._close   0x0000000008000938       0x16 ./Core/Src/syscalls.o
                0x0000000008000938                _close
 .text._fstat   0x000000000800094e       0x1e ./Core/Src/syscalls.o
                0x000000000800094e                _fstat
 .text._isatty  0x000000000800096c       0x14 ./Core/Src/syscalls.o
                0x000000000800096c                _isatty
 .text._lseek   0x0000000008000980       0x18 ./Core/Src/syscalls.o
                0x0000000008000980                _lseek
 .text._sbrk    0x0000000008000998       0x6c ./Core/Src/sysmem.o
                0x0000000008000998                _sbrk
 .text.SystemInit
                0x0000000008000a04        0xc ./Core/Src/system_stm32f1xx.o
                0x0000000008000a04                SystemInit
 .text.Reset_Handler
                0x0000000008000a10       0x48 ./Core/Startup/startup_stm32f103c8tx.o
                0x0000000008000a10                Reset_Handler
 .text.Default_Handler
                0x0000000008000a58        0x2 ./Core/Startup/startup_stm32f103c8tx.o
                0x0000000008000a58                RTC_Alarm_IRQHandler
                0x0000000008000a58                EXTI2_IRQHandler
                0x0000000008000a58                TIM1_CC_IRQHandler
                0x0000000008000a58                PVD_IRQHandler
                0x0000000008000a58                EXTI3_IRQHandler
                0x0000000008000a58                EXTI0_IRQHandler
                0x0000000008000a58                I2C2_EV_IRQHandler
                0x0000000008000a58                ADC1_2_IRQHandler
                0x0000000008000a58                SPI1_IRQHandler
                0x0000000008000a58                TAMPER_IRQHandler
                0x0000000008000a58                DMA1_Channel4_IRQHandler
                0x0000000008000a58                USART3_IRQHandler
                0x0000000008000a58                RTC_IRQHandler
                0x0000000008000a58                DMA1_Channel7_IRQHandler
                0x0000000008000a58                CAN1_RX1_IRQHandler
                0x0000000008000a58                TIM4_IRQHandler
                0x0000000008000a58                I2C1_EV_IRQHandler
                0x0000000008000a58                DMA1_Channel6_IRQHandler
                0x0000000008000a58                TIM3_IRQHandler
                0x0000000008000a58                RCC_IRQHandler
                0x0000000008000a58                TIM1_TRG_COM_IRQHandler
                0x0000000008000a58                DMA1_Channel1_IRQHandler
                0x0000000008000a58                Default_Handler
                0x0000000008000a58                EXTI15_10_IRQHandler
                0x0000000008000a58                EXTI9_5_IRQHandler
                0x0000000008000a58                SPI2_IRQHandler
                0x0000000008000a58                DMA1_Channel5_IRQHandler
                0x0000000008000a58                EXTI4_IRQHandler
                0x0000000008000a58                USB_LP_CAN1_RX0_IRQHandler
                0x0000000008000a58                USB_HP_CAN1_TX_IRQHandler
                0x0000000008000a58                DMA1_Channel3_IRQHandler
                0x0000000008000a58                TIM1_UP_IRQHandler
                0x0000000008000a58                WWDG_IRQHandler
                0x0000000008000a58                TIM2_IRQHandler
                0x0000000008000a58                TIM1_BRK_IRQHandler
                0x0000000008000a58                EXTI1_IRQHandler
                0x0000000008000a58                USART2_IRQHandler
                0x0000000008000a58                I2C2_ER_IRQHandler
                0x0000000008000a58                DMA1_Channel2_IRQHandler
                0x0000000008000a58                CAN1_SCE_IRQHandler
                0x0000000008000a58                FLASH_IRQHandler
                0x0000000008000a58                USART1_IRQHandler
                0x0000000008000a58                I2C1_ER_IRQHandler
                0x0000000008000a58                USBWakeUp_IRQHandler
 *fill*         0x0000000008000a5a        0x2 
 .text.HAL_Init
                0x0000000008000a5c       0x2c ./Drivers/STM32F1xx_HAL_Driver/Src/stm32f1xx_hal.o
                0x0000000008000a5c                HAL_Init
 .text.HAL_InitTick
                0x0000000008000a88       0x60 ./Drivers/STM32F1xx_HAL_Driver/Src/stm32f1xx_hal.o
                0x0000000008000a88                HAL_InitTick
 .text.HAL_IncTick
                0x0000000008000ae8       0x24 ./Drivers/STM32F1xx_HAL_Driver/Src/stm32f1xx_hal.o
                0x0000000008000ae8                HAL_IncTick
 .text.HAL_GetTick
                0x0000000008000b0c       0x14 ./Drivers/STM32F1xx_HAL_Driver/Src/stm32f1xx_hal.o
                0x0000000008000b0c                HAL_GetTick
 .text.HAL_Delay
                0x0000000008000b20       0x48 ./Drivers/STM32F1xx_HAL_Driver/Src/stm32f1xx_hal.o
                0x0000000008000b20                HAL_Delay
 .text.__NVIC_SetPriorityGrouping
                0x0000000008000b68       0x48 ./Drivers/STM32F1xx_HAL_Driver/Src/stm32f1xx_hal_cortex.o
 .text.__NVIC_GetPriorityGrouping
                0x0000000008000bb0       0x1c ./Drivers/STM32F1xx_HAL_Driver/Src/stm32f1xx_hal_cortex.o
 .text.__NVIC_SetPriority
                0x0000000008000bcc       0x54 ./Drivers/STM32F1xx_HAL_Driver/Src/stm32f1xx_hal_cortex.o
 .text.NVIC_EncodePriority
                0x0000000008000c20       0x64 ./Drivers/STM32F1xx_HAL_Driver/Src/stm32f1xx_hal_cortex.o
 .text.SysTick_Config
                0x0000000008000c84       0x44 ./Drivers/STM32F1xx_HAL_Driver/Src/stm32f1xx_hal_cortex.o
 .text.HAL_NVIC_SetPriorityGrouping
                0x0000000008000cc8       0x16 ./Drivers/STM32F1xx_HAL_Driver/Src/stm32f1xx_hal_cortex.o
                0x0000000008000cc8                HAL_NVIC_SetPriorityGrouping
 .text.HAL_NVIC_SetPriority
                0x0000000008000cde       0x38 ./Drivers/STM32F1xx_HAL_Driver/Src/stm32f1xx_hal_cortex.o
                0x0000000008000cde                HAL_NVIC_SetPriority
 .text.HAL_SYSTICK_Config
                0x0000000008000d16       0x18 ./Drivers/STM32F1xx_HAL_Driver/Src/stm32f1xx_hal_cortex.o
                0x0000000008000d16                HAL_SYSTICK_Config
 *fill*         0x0000000008000d2e        0x2 
 .text.HAL_GPIO_Init
                0x0000000008000d30      0x308 ./Drivers/STM32F1xx_HAL_Driver/Src/stm32f1xx_hal_gpio.o
                0x0000000008000d30                HAL_GPIO_Init
 .text.HAL_GPIO_WritePin
                0x0000000008001038       0x30 ./Drivers/STM32F1xx_HAL_Driver/Src/stm32f1xx_hal_gpio.o
                0x0000000008001038                HAL_GPIO_WritePin
 .text.HAL_GPIO_TogglePin
                0x0000000008001068       0x32 ./Drivers/STM32F1xx_HAL_Driver/Src/stm32f1xx_hal_gpio.o
                0x0000000008001068                HAL_GPIO_TogglePin
 *fill*         0x000000000800109a        0x2 
 .text.HAL_RCC_OscConfig
                0x000000000800109c      0x500 ./Drivers/STM32F1xx_HAL_Driver/Src/stm32f1xx_hal_rcc.o
                0x000000000800109c                HAL_RCC_OscConfig
 .text.HAL_RCC_ClockConfig
                0x000000000800159c      0x1d4 ./Drivers/STM32F1xx_HAL_Driver/Src/stm32f1xx_hal_rcc.o
                0x000000000800159c                HAL_RCC_ClockConfig
 .text.HAL_RCC_GetSysClockFreq
                0x0000000008001770       0xc0 ./Drivers/STM32F1xx_HAL_Driver/Src/stm32f1xx_hal_rcc.o
                0x0000000008001770                HAL_RCC_GetSysClockFreq
 .text.RCC_Delay
                0x0000000008001830       0x3c ./Drivers/STM32F1xx_HAL_Driver/Src/stm32f1xx_hal_rcc.o
 .text.HAL_SPI_Init
                0x000000000800186c      0x108 ./Drivers/STM32F1xx_HAL_Driver/Src/stm32f1xx_hal_spi.o
                0x000000000800186c                HAL_SPI_Init
 .text.HAL_SPI_TransmitReceive
                0x0000000008001974      0x344 ./Drivers/STM32F1xx_HAL_Driver/Src/stm32f1xx_hal_spi.o
                0x0000000008001974                HAL_SPI_TransmitReceive
 .text.SPI_WaitFlagStateUntilTimeout
                0x0000000008001cb8      0x110 ./Drivers/STM32F1xx_HAL_Driver/Src/stm32f1xx_hal_spi.o
 .text.SPI_EndRxTxTransaction
                0x0000000008001dc8       0x3c ./Drivers/STM32F1xx_HAL_Driver/Src/stm32f1xx_hal_spi.o
 .text._ZN6UIPUDP4readEPcj
                0x0000000008001e04        0xc ./Libraries/Dhcp.o
                0x0000000008001e04                UIPUDP::read(char*, unsigned int)
                0x0000000008001e0a                non-virtual thunk to UIPUDP::read(char*, unsigned int)
 .text._ZN9DhcpClass16reset_DHCP_leaseEv
                0x0000000008001e10        0xa ./Libraries/Dhcp.o
                0x0000000008001e10                DhcpClass::reset_DHCP_lease()
 .text._ZN9DhcpClass10getLocalIpEv
                0x0000000008001e1a        0xe ./Libraries/Dhcp.o
                0x0000000008001e1a                DhcpClass::getLocalIp()
 .text._ZN9DhcpClass13getSubnetMaskEv
                0x0000000008001e28        0xe ./Libraries/Dhcp.o
                0x0000000008001e28                DhcpClass::getSubnetMask()
 .text._ZN9DhcpClass12getGatewayIpEv
                0x0000000008001e36        0xe ./Libraries/Dhcp.o
                0x0000000008001e36                DhcpClass::getGatewayIp()
 .text._ZN9DhcpClass14getDnsServerIpEv
                0x0000000008001e44        0xe ./Libraries/Dhcp.o
                0x0000000008001e44                DhcpClass::getDnsServerIp()
 .text._ZN9DhcpClass9printByteEPch
                0x0000000008001e52       0x22 ./Libraries/Dhcp.o
                0x0000000008001e52                DhcpClass::printByte(char*, unsigned char)
 .text.startup._GLOBAL__sub_I__ZN9DhcpClass13beginWithDHCPEPh
                0x0000000008001e74       0x1c ./Libraries/Dhcp.o
 .text._ZN9DhcpClass17send_DHCP_MESSAGEEht
                0x0000000008001e90      0x180 ./Libraries/Dhcp.o
                0x0000000008001e90                DhcpClass::send_DHCP_MESSAGE(unsigned char, unsigned short)
 .text._ZN9DhcpClass17parseDHCPResponseERm
                0x0000000008002010      0x280 ./Libraries/Dhcp.o
                0x0000000008002010                DhcpClass::parseDHCPResponse(unsigned long&)
 .text._ZN9DhcpClass18request_DHCP_leaseEv
                0x0000000008002290      0x13e ./Libraries/Dhcp.o
                0x0000000008002290                DhcpClass::request_DHCP_lease()
 .text._ZN9DhcpClass13beginWithDHCPEPh
                0x00000000080023ce       0x2e ./Libraries/Dhcp.o
                0x00000000080023ce                DhcpClass::beginWithDHCP(unsigned char*)
 .text._ZN9DNSClient5beginERK9IPAddress
                0x00000000080023fc        0xa ./Libraries/Dns.o
                0x00000000080023fc                DNSClient::begin(IPAddress const&)
 .text._ZN9DNSClient9inet_atonEPKcR9IPAddress
                0x0000000008002406       0x52 ./Libraries/Dns.o
                0x0000000008002406                DNSClient::inet_aton(char const*, IPAddress&)
 .text.startup._GLOBAL__sub_I__ZN9DNSClient5beginERK9IPAddress
                0x0000000008002458       0x1c ./Libraries/Dns.o
 .text._ZN9DNSClient12BuildRequestEPKc
                0x0000000008002474       0xf6 ./Libraries/Dns.o
                0x0000000008002474                DNSClient::BuildRequest(char const*)
 .text._ZN9DNSClient15ProcessResponseEtR9IPAddress
                0x000000000800256a      0x206 ./Libraries/Dns.o
                0x000000000800256a                DNSClient::ProcessResponse(unsigned short, IPAddress&)
 .text._ZN9DNSClient13getHostByNameEPKcR9IPAddress
                0x0000000008002770       0x9c ./Libraries/Dns.o
                0x0000000008002770                DNSClient::getHostByName(char const*, IPAddress&)
 .text._ZN9UIPClientneERKS_
                0x000000000800280c       0x10 ./Libraries/UIPClient.o
                0x000000000800280c                UIPClient::operator!=(UIPClient const&)
 .text._ZN9UIPClient9connectedEv
                0x000000000800281c       0x14 ./Libraries/UIPClient.o
                0x000000000800281c                UIPClient::connected()
 .text._ZThn8_N9UIPClient9connectedEv
                0x0000000008002830        0x8 ./Libraries/UIPClient.o
                0x0000000008002830                non-virtual thunk to UIPClient::connected()
 .text._ZN9UIPClienteqERKS_
                0x0000000008002838       0x14 ./Libraries/UIPClient.o
                0x0000000008002838                UIPClient::operator==(UIPClient const&)
 .text._ZN9UIPClient4readEv
                0x000000000800284c       0x20 ./Libraries/UIPClient.o
                0x000000000800284c                UIPClient::read()
 .text._ZThn8_N9UIPClient4readEv
                0x000000000800286c        0x8 ./Libraries/UIPClient.o
                0x000000000800286c                non-virtual thunk to UIPClient::read()
 .text._ZN9UIPClientD2Ev
                0x0000000008002874        0x6 ./Libraries/UIPClient.o
                0x0000000008002874                UIPClient::~UIPClient()
                0x0000000008002874                UIPClient::~UIPClient()
                0x0000000008002876                non-virtual thunk to UIPClient::~UIPClient()
 .text._ZN9UIPClientcvbEv
                0x000000000800287a       0x20 ./Libraries/UIPClient.o
                0x000000000800287a                UIPClient::operator bool()
 .text._ZThn8_N9UIPClientcvbEv
                0x000000000800289a        0x8 ./Libraries/UIPClient.o
                0x000000000800289a                non-virtual thunk to UIPClient::operator bool()
 .text._ZN9UIPClient7connectE9IPAddresst
                0x00000000080028a2       0x5e ./Libraries/UIPClient.o
                0x00000000080028a2                UIPClient::connect(IPAddress, unsigned short)
 .text._ZThn8_N9UIPClient7connectE9IPAddresst
                0x0000000008002900        0x8 ./Libraries/UIPClient.o
                0x0000000008002900                non-virtual thunk to UIPClient::connect(IPAddress, unsigned short)
 .text._ZN9UIPClient7connectEPKct
                0x0000000008002908       0x54 ./Libraries/UIPClient.o
                0x0000000008002908                UIPClient::connect(char const*, unsigned short)
 .text._ZThn8_N9UIPClient7connectEPKct
                0x000000000800295c        0x8 ./Libraries/UIPClient.o
                0x000000000800295c                non-virtual thunk to UIPClient::connect(char const*, unsigned short)
 .text._ZN9UIPClientD0Ev
                0x0000000008002964       0x14 ./Libraries/UIPClient.o
                0x0000000008002964                UIPClient::~UIPClient()
                0x0000000008002972                non-virtual thunk to UIPClient::~UIPClient()
 .text._ZN9UIPClient4peekEv
                0x0000000008002978       0x26 ./Libraries/UIPClient.o
                0x0000000008002978                UIPClient::peek()
 .text._ZThn8_N9UIPClient4peekEv
                0x000000000800299e        0x8 ./Libraries/UIPClient.o
                0x000000000800299e                non-virtual thunk to UIPClient::peek()
 *fill*         0x00000000080029a6        0x2 
 .text._ZN9UIPClientC2Ev
                0x00000000080029a8       0x1c ./Libraries/UIPClient.o
                0x00000000080029a8                UIPClient::UIPClient()
                0x00000000080029a8                UIPClient::UIPClient()
 .text._ZN9UIPClientC2EP14uip_userdata_t
                0x00000000080029c4       0x1c ./Libraries/UIPClient.o
                0x00000000080029c4                UIPClient::UIPClient(uip_userdata_t*)
                0x00000000080029c4                UIPClient::UIPClient(uip_userdata_t*)
 .text._ZN9UIPClient10_availableEP14uip_userdata_t
                0x00000000080029e0       0x1a ./Libraries/UIPClient.o
                0x00000000080029e0                UIPClient::_available(uip_userdata_t*)
 .text._ZN9UIPClient9availableEv
                0x00000000080029fa        0xa ./Libraries/UIPClient.o
                0x00000000080029fa                UIPClient::available()
 .text._ZThn8_N9UIPClient9availableEv
                0x0000000008002a04        0x8 ./Libraries/UIPClient.o
                0x0000000008002a04                non-virtual thunk to UIPClient::available()
 .text._ZN9UIPClient13_allocateDataEv
                0x0000000008002a0c       0x48 ./Libraries/UIPClient.o
                0x0000000008002a0c                UIPClient::_allocateData()
 .text._ZN9UIPClient13_currentBlockEPh
                0x0000000008002a54       0x1a ./Libraries/UIPClient.o
                0x0000000008002a54                UIPClient::_currentBlock(unsigned char*)
 .text._ZN9UIPClient6_writeEP14uip_userdata_tPKhj
                0x0000000008002a6e       0x80 ./Libraries/UIPClient.o
                0x0000000008002a6e                UIPClient::_write(uip_userdata_t*, unsigned char const*, unsigned int)
 .text._ZN9UIPClient5writeEh
                0x0000000008002aee       0x18 ./Libraries/UIPClient.o
                0x0000000008002aee                UIPClient::write(unsigned char)
 .text._ZThn8_N9UIPClient5writeEh
                0x0000000008002b06        0x8 ./Libraries/UIPClient.o
                0x0000000008002b06                non-virtual thunk to UIPClient::write(unsigned char)
 .text._ZN9UIPClient5writeEPKhj
                0x0000000008002b0e        0xa ./Libraries/UIPClient.o
                0x0000000008002b0e                UIPClient::write(unsigned char const*, unsigned int)
 .text._ZThn8_N9UIPClient5writeEPKhj
                0x0000000008002b18        0x8 ./Libraries/UIPClient.o
                0x0000000008002b18                non-virtual thunk to UIPClient::write(unsigned char const*, unsigned int)
 .text._ZN9UIPClient17availableForWriteEv
                0x0000000008002b20       0x26 ./Libraries/UIPClient.o
                0x0000000008002b20                UIPClient::availableForWrite()
 .text._ZN9UIPClient9_eatBlockEPh
                0x0000000008002b46       0x1e ./Libraries/UIPClient.o
                0x0000000008002b46                UIPClient::_eatBlock(unsigned char*)
 .text._ZN9UIPClient4readEPhj
                0x0000000008002b64       0x94 ./Libraries/UIPClient.o
                0x0000000008002b64                UIPClient::read(unsigned char*, unsigned int)
 .text._ZThn8_N9UIPClient4readEPhj
                0x0000000008002bf8        0x8 ./Libraries/UIPClient.o
                0x0000000008002bf8                non-virtual thunk to UIPClient::read(unsigned char*, unsigned int)
 .text._ZN9UIPClient12_flushBlocksEPh
                0x0000000008002c00       0x18 ./Libraries/UIPClient.o
                0x0000000008002c00                UIPClient::_flushBlocks(unsigned char*)
 .text._ZN9UIPClient4stopEv
                0x0000000008002c18       0x2e ./Libraries/UIPClient.o
                0x0000000008002c18                UIPClient::stop()
 .text._ZThn8_N9UIPClient4stopEv
                0x0000000008002c46        0x8 ./Libraries/UIPClient.o
                0x0000000008002c46                non-virtual thunk to UIPClient::stop()
 .text._ZN9UIPClient5flushEv
                0x0000000008002c4e        0xc ./Libraries/UIPClient.o
                0x0000000008002c4e                UIPClient::flush()
 .text._ZThn8_N9UIPClient5flushEv
                0x0000000008002c5a        0x8 ./Libraries/UIPClient.o
                0x0000000008002c5a                non-virtual thunk to UIPClient::flush()
 *fill*         0x0000000008002c62        0x2 
 .text.uipclient_appcall
                0x0000000008002c64      0x1b4 ./Libraries/UIPClient.o
                0x0000000008002c64                uipclient_appcall
 .text.startup._GLOBAL__sub_I__ZN9UIPClient8all_dataE
                0x0000000008002e18       0x1c ./Libraries/UIPClient.o
 .text._ZN16UIPEthernetClass7localIPEv
                0x0000000008002e34       0x2c ./Libraries/UIPEthernet.o
                0x0000000008002e34                UIPEthernetClass::localIP()
 .text._ZN16UIPEthernetClass11dnsServerIPEv
                0x0000000008002e60       0x14 ./Libraries/UIPEthernet.o
                0x0000000008002e60                UIPEthernetClass::dnsServerIP()
 .text._ZN16UIPEthernetClass12network_sendEv
                0x0000000008002e74       0x70 ./Libraries/UIPEthernet.o
                0x0000000008002e74                UIPEthernetClass::network_send()
 .text._ZN16UIPEthernetClass4tickEv
                0x0000000008002ee4      0x148 ./Libraries/UIPEthernet.o
                0x0000000008002ee4                UIPEthernetClass::tick()
 .text._ZN16UIPEthernetClass7netInitEPKh
                0x000000000800302c       0x48 ./Libraries/UIPEthernet.o
                0x000000000800302c                UIPEthernetClass::netInit(unsigned char const*)
 .text._ZN16UIPEthernetClass9configureE9IPAddressS0_S0_S0_
                0x0000000008003074       0x68 ./Libraries/UIPEthernet.o
                0x0000000008003074                UIPEthernetClass::configure(IPAddress, IPAddress, IPAddress, IPAddress)
 .text._ZN16UIPEthernetClass5beginEPKh
                0x00000000080030dc       0x5c ./Libraries/UIPEthernet.o
                0x00000000080030dc                UIPEthernetClass::begin(unsigned char const*)
 .text._ZN16UIPEthernetClass6chksumEtPKht
                0x0000000008003138       0x52 ./Libraries/UIPEthernet.o
                0x0000000008003138                UIPEthernetClass::chksum(unsigned short, unsigned char const*, unsigned short)
 *fill*         0x000000000800318a        0x2 
 .text._ZN16UIPEthernetClass8ipchksumEv
                0x000000000800318c       0x20 ./Libraries/UIPEthernet.o
                0x000000000800318c                UIPEthernetClass::ipchksum()
 .text._ZN16UIPEthernetClass18upper_layer_chksumEh
                0x00000000080031ac       0x80 ./Libraries/UIPEthernet.o
                0x00000000080031ac                UIPEthernetClass::upper_layer_chksum(unsigned char)
 .text.uip_ipchksum
                0x000000000800322c        0x4 ./Libraries/UIPEthernet.o
                0x000000000800322c                uip_ipchksum
 .text.uip_tcpchksum
                0x0000000008003230        0x6 ./Libraries/UIPEthernet.o
                0x0000000008003230                uip_tcpchksum
 .text.uip_udpchksum
                0x0000000008003236        0x6 ./Libraries/UIPEthernet.o
                0x0000000008003236                uip_udpchksum
 .text.startup._GLOBAL__sub_I__ZN16UIPEthernetClass9in_packetE
                0x000000000800323c       0x30 ./Libraries/UIPEthernet.o
 .text._ZN9UIPServer5writeEh
                0x000000000800326c       0x18 ./Libraries/UIPServer.o
                0x000000000800326c                UIPServer::write(unsigned char)
 .text._ZN9UIPServer5beginEt
                0x0000000008003284       0x18 ./Libraries/UIPServer.o
                0x0000000008003284                UIPServer::begin(unsigned short)
 .text._ZN9UIPServer5beginEv
                0x000000000800329c       0x14 ./Libraries/UIPServer.o
                0x000000000800329c                UIPServer::begin()
 .text._ZN9UIPServer5writeEPKhj
                0x00000000080032b0       0x4c ./Libraries/UIPServer.o
                0x00000000080032b0                UIPServer::write(unsigned char const*, unsigned int)
 .text._ZN9UIPServerC2Et
                0x00000000080032fc       0x20 ./Libraries/UIPServer.o
                0x00000000080032fc                UIPServer::UIPServer(unsigned short)
                0x00000000080032fc                UIPServer::UIPServer(unsigned short)
 .text._ZN9UIPServer9availableEv
                0x000000000800331c       0x58 ./Libraries/UIPServer.o
                0x000000000800331c                UIPServer::available()
 .text.startup._GLOBAL__sub_I__ZN9UIPServerC2Et
                0x0000000008003374       0x1c ./Libraries/UIPServer.o
 .text._ZN6UIPUDP5writeEh
                0x0000000008003390       0x18 ./Libraries/UIPUdp.o
                0x0000000008003390                UIPUDP::write(unsigned char)
 .text._ZThn8_N6UIPUDP5writeEh
                0x00000000080033a8        0x8 ./Libraries/UIPUdp.o
                0x00000000080033a8                non-virtual thunk to UIPUDP::write(unsigned char)
 .text._ZN6UIPUDP4readEv
                0x00000000080033b0       0x20 ./Libraries/UIPUdp.o
                0x00000000080033b0                UIPUDP::read()
 .text._ZThn8_N6UIPUDP4readEv
                0x00000000080033d0        0x8 ./Libraries/UIPUdp.o
                0x00000000080033d0                non-virtual thunk to UIPUDP::read()
 .text._ZN6UIPUDP5beginEt
                0x00000000080033d8       0x2c ./Libraries/UIPUdp.o
                0x00000000080033d8                UIPUDP::begin(unsigned short)
 .text._ZThn8_N6UIPUDP5beginEt
                0x0000000008003404        0x8 ./Libraries/UIPUdp.o
                0x0000000008003404                non-virtual thunk to UIPUDP::begin(unsigned short)
 .text._ZN6UIPUDP10remotePortEv
                0x000000000800340c        0xc ./Libraries/UIPUdp.o
                0x000000000800340c                UIPUDP::remotePort()
 .text._ZThn8_N6UIPUDP10remotePortEv
                0x0000000008003418        0x8 ./Libraries/UIPUdp.o
                0x0000000008003418                non-virtual thunk to UIPUDP::remotePort()
 .text._ZN6UIPUDP4stopEv
                0x0000000008003420       0x28 ./Libraries/UIPUdp.o
                0x0000000008003420                UIPUDP::stop()
 .text._ZThn8_N6UIPUDP4stopEv
                0x0000000008003448        0x8 ./Libraries/UIPUdp.o
                0x0000000008003448                non-virtual thunk to UIPUDP::stop()
 .text._ZN6UIPUDP5flushEv
                0x0000000008003450       0x14 ./Libraries/UIPUdp.o
                0x0000000008003450                UIPUDP::flush()
 .text._ZThn8_N6UIPUDP5flushEv
                0x0000000008003464        0x8 ./Libraries/UIPUdp.o
                0x0000000008003464                non-virtual thunk to UIPUDP::flush()
 .text._ZN6UIPUDP11beginPacketE9IPAddresst
                0x000000000800346c       0x90 ./Libraries/UIPUdp.o
                0x000000000800346c                UIPUDP::beginPacket(IPAddress, unsigned short)
 .text._ZThn8_N6UIPUDP11beginPacketE9IPAddresst
                0x00000000080034fc        0x8 ./Libraries/UIPUdp.o
                0x00000000080034fc                non-virtual thunk to UIPUDP::beginPacket(IPAddress, unsigned short)
 .text._ZN6UIPUDP5writeEPKhj
                0x0000000008003504       0x1a ./Libraries/UIPUdp.o
                0x0000000008003504                UIPUDP::write(unsigned char const*, unsigned int)
 .text._ZThn8_N6UIPUDP5writeEPKhj
                0x000000000800351e        0x8 ./Libraries/UIPUdp.o
                0x000000000800351e                non-virtual thunk to UIPUDP::write(unsigned char const*, unsigned int)
 .text._ZN6UIPUDP11parsePacketEv
                0x0000000008003526       0x1e ./Libraries/UIPUdp.o
                0x0000000008003526                UIPUDP::parsePacket()
 .text._ZThn8_N6UIPUDP11parsePacketEv
                0x0000000008003544        0x8 ./Libraries/UIPUdp.o
                0x0000000008003544                non-virtual thunk to UIPUDP::parsePacket()
 .text._ZN6UIPUDP9availableEv
                0x000000000800354c       0x10 ./Libraries/UIPUdp.o
                0x000000000800354c                UIPUDP::available()
 .text._ZThn8_N6UIPUDP9availableEv
                0x000000000800355c        0x8 ./Libraries/UIPUdp.o
                0x000000000800355c                non-virtual thunk to UIPUDP::available()
 .text._ZN6UIPUDP4peekEv
                0x0000000008003564       0x2a ./Libraries/UIPUdp.o
                0x0000000008003564                UIPUDP::peek()
 .text._ZThn8_N6UIPUDP4peekEv
                0x000000000800358e        0x8 ./Libraries/UIPUdp.o
                0x000000000800358e                non-virtual thunk to UIPUDP::peek()
 .text._ZN6UIPUDP4readEPhj
                0x0000000008003596       0x3c ./Libraries/UIPUdp.o
                0x0000000008003596                UIPUDP::read(unsigned char*, unsigned int)
 .text._ZThn8_N6UIPUDP4readEPhj
                0x00000000080035d2        0x8 ./Libraries/UIPUdp.o
                0x00000000080035d2                non-virtual thunk to UIPUDP::read(unsigned char*, unsigned int)
 .text._ZN6UIPUDP8remoteIPEv
                0x00000000080035da       0x26 ./Libraries/UIPUdp.o
                0x00000000080035da                UIPUDP::remoteIP()
 .text._ZThn8_N6UIPUDP8remoteIPEv
                0x0000000008003600        0x8 ./Libraries/UIPUdp.o
                0x0000000008003600                non-virtual thunk to UIPUDP::remoteIP()
 .text._ZN6UIPUDPC2Ev
                0x0000000008003608       0x20 ./Libraries/UIPUdp.o
                0x0000000008003608                UIPUDP::UIPUDP()
                0x0000000008003608                UIPUDP::UIPUDP()
 .text._ZN6UIPUDP11beginPacketEPKct
                0x0000000008003628       0x5c ./Libraries/UIPUdp.o
                0x0000000008003628                UIPUDP::beginPacket(char const*, unsigned short)
 .text._ZThn8_N6UIPUDP11beginPacketEPKct
                0x0000000008003684        0x8 ./Libraries/UIPUdp.o
                0x0000000008003684                non-virtual thunk to UIPUDP::beginPacket(char const*, unsigned short)
 .text.uipudp_appcall
                0x000000000800368c       0xac ./Libraries/UIPUdp.o
                0x000000000800368c                uipudp_appcall
 .text._ZN6UIPUDP5_sendEP18uip_udp_userdata_t
                0x0000000008003738       0x3c ./Libraries/UIPUdp.o
                0x0000000008003738                UIPUDP::_send(uip_udp_userdata_t*)
 .text._ZN6UIPUDP9endPacketEv
                0x0000000008003774       0x4c ./Libraries/UIPUdp.o
                0x0000000008003774                UIPUDP::endPacket()
 .text._ZThn8_N6UIPUDP9endPacketEv
                0x00000000080037c0        0x8 ./Libraries/UIPUdp.o
                0x00000000080037c0                non-virtual thunk to UIPUDP::endPacket()
 .text.startup._GLOBAL__sub_I__ZN6UIPUDPC2Ev
                0x00000000080037c8       0x1c ./Libraries/UIPUdp.o
 .text._ZN9IPAddressD2Ev
                0x00000000080037e4        0x2 ./Libraries/mbed/IPAddress.o
                0x00000000080037e4                IPAddress::~IPAddress()
                0x00000000080037e4                IPAddress::~IPAddress()
 .text._ZNK9IPAddress7printToER5Print
                0x00000000080037e6       0x40 ./Libraries/mbed/IPAddress.o
                0x00000000080037e6                IPAddress::printTo(Print&) const
 .text._ZN9IPAddressD0Ev
                0x0000000008003826        0xe ./Libraries/mbed/IPAddress.o
                0x0000000008003826                IPAddress::~IPAddress()
 .text._ZN9IPAddressC2Ev
                0x0000000008003834       0x10 ./Libraries/mbed/IPAddress.o
                0x0000000008003834                IPAddress::IPAddress()
                0x0000000008003834                IPAddress::IPAddress()
 .text._ZN9IPAddressC2Ehhhh
                0x0000000008003844       0x18 ./Libraries/mbed/IPAddress.o
                0x0000000008003844                IPAddress::IPAddress(unsigned char, unsigned char, unsigned char, unsigned char)
                0x0000000008003844                IPAddress::IPAddress(unsigned char, unsigned char, unsigned char, unsigned char)
 .text._ZN9IPAddressC2EPKh
                0x000000000800385c       0x10 ./Libraries/mbed/IPAddress.o
                0x000000000800385c                IPAddress::IPAddress(unsigned char const*)
                0x000000000800385c                IPAddress::IPAddress(unsigned char const*)
 .text._ZN5Print5writeEPKc
                0x000000000800386c       0x20 ./Libraries/mbed/Print.o
                0x000000000800386c                Print::write(char const*)
 .text._ZN5Print5printEPKc
                0x000000000800388c        0x8 ./Libraries/mbed/Print.o
                0x000000000800388c                Print::print(char const*)
 .text._ZN5Print5printEc
                0x0000000008003894        0x6 ./Libraries/mbed/Print.o
                0x0000000008003894                Print::print(char)
 *fill*         0x000000000800389a        0x2 
 .text._ZN5Print7printlnEv
                0x000000000800389c       0x10 ./Libraries/mbed/Print.o
                0x000000000800389c                Print::println()
 .text._ZN5Print7printlnEPKc
                0x00000000080038ac       0x14 ./Libraries/mbed/Print.o
                0x00000000080038ac                Print::println(char const*)
 .text._ZN5Print7printlnEc
                0x00000000080038c0       0x14 ./Libraries/mbed/Print.o
                0x00000000080038c0                Print::println(char)
 .text._ZN5Print11printNumberEmh
                0x00000000080038d4       0x3c ./Libraries/mbed/Print.o
                0x00000000080038d4                Print::printNumber(unsigned long, unsigned char)
 .text._ZN5Print5printEli
                0x0000000008003910       0x42 ./Libraries/mbed/Print.o
                0x0000000008003910                Print::print(long, int)
 .text._ZN5Print5printEii
                0x0000000008003952        0x4 ./Libraries/mbed/Print.o
                0x0000000008003952                Print::print(int, int)
 .text._ZN5Print5printEmi
                0x0000000008003956       0x16 ./Libraries/mbed/Print.o
                0x0000000008003956                Print::print(unsigned long, int)
 .text._ZN5Print5printEhi
                0x000000000800396c        0x4 ./Libraries/mbed/Print.o
                0x000000000800396c                Print::print(unsigned char, int)
 .text._ZN6StringD2Ev
                0x0000000008003970        0xe ./Libraries/mbed/WString.o
                0x0000000008003970                String::~String()
                0x0000000008003970                String::~String()
 .text._ZN6String10invalidateEv
                0x000000000800397e       0x16 ./Libraries/mbed/WString.o
                0x000000000800397e                String::invalidate()
 .text._ZN6String12changeBufferEj
                0x0000000008003994       0x18 ./Libraries/mbed/WString.o
                0x0000000008003994                String::changeBuffer(unsigned int)
 .text._ZN6String7reserveEj
                0x00000000080039ac       0x28 ./Libraries/mbed/WString.o
                0x00000000080039ac                String::reserve(unsigned int)
 .text._ZN6String4copyEPKcj
                0x00000000080039d4       0x26 ./Libraries/mbed/WString.o
                0x00000000080039d4                String::copy(char const*, unsigned int)
 .text._ZN6StringC2EPKc
                0x00000000080039fa       0x24 ./Libraries/mbed/WString.o
                0x00000000080039fa                String::String(char const*)
                0x00000000080039fa                String::String(char const*)
 .text._ZN6String4moveERS_
                0x0000000008003a1e       0x3a ./Libraries/mbed/WString.o
                0x0000000008003a1e                String::move(String&)
 .text._ZN6StringaSEOS_
                0x0000000008003a58       0x10 ./Libraries/mbed/WString.o
                0x0000000008003a58                String::operator=(String&&)
 .text._ZN6StringaSEPKc
                0x0000000008003a68       0x22 ./Libraries/mbed/WString.o
                0x0000000008003a68                String::operator=(char const*)
 .text._ZN6String6concatEPKcj
                0x0000000008003a8a       0x2e ./Libraries/mbed/WString.o
                0x0000000008003a8a                String::concat(char const*, unsigned int)
 .text._ZN6String6concatEc
                0x0000000008003ab8       0x1a ./Libraries/mbed/WString.o
                0x0000000008003ab8                String::concat(char)
 .text._ZNK6String6equalsEPKc
                0x0000000008003ad2       0x24 ./Libraries/mbed/WString.o
                0x0000000008003ad2                String::equals(char const*) const
 .text._ZNK6String10startsWithERKS_j
                0x0000000008003af6       0x2c ./Libraries/mbed/WString.o
                0x0000000008003af6                String::startsWith(String const&, unsigned int) const
 .text._ZNK6String10startsWithERKS_
                0x0000000008003b22       0x12 ./Libraries/mbed/WString.o
                0x0000000008003b22                String::startsWith(String const&) const
 .text._ZNK6StringixEj
                0x0000000008003b34       0x12 ./Libraries/mbed/WString.o
                0x0000000008003b34                String::operator[](unsigned int) const
 .text._ZNK6String6charAtEj
                0x0000000008003b46        0x4 ./Libraries/mbed/WString.o
                0x0000000008003b46                String::charAt(unsigned int) const
 .text._ZNK6String7indexOfEcj
                0x0000000008003b4a       0x1c ./Libraries/mbed/WString.o
                0x0000000008003b4a                String::indexOf(char, unsigned int) const
 .text._ZNK6String7indexOfEc
                0x0000000008003b66        0x6 ./Libraries/mbed/WString.o
                0x0000000008003b66                String::indexOf(char) const
 .text._ZNK6String9substringEjj
                0x0000000008003b6c       0x4c ./Libraries/mbed/WString.o
                0x0000000008003b6c                String::substring(unsigned int, unsigned int) const
 .text.millis_start
                0x0000000008003bb8        0x2 ./Libraries/mbed/millis.o
                0x0000000008003bb8                millis_start
 *fill*         0x0000000008003bba        0x2 
 .text.millis   0x0000000008003bbc        0xc ./Libraries/mbed/millis.o
                0x0000000008003bbc                millis
 .text._ZN15Enc28J60Network9blockSizeEh
                0x0000000008003bc8       0x30 ./Libraries/utility/Enc28J60Network.o
                0x0000000008003bc8                Enc28J60Network::blockSize(unsigned char)
 .text._ZN15Enc28J60Network6readOpEhh
                0x0000000008003bf8       0x32 ./Libraries/utility/Enc28J60Network.o
                0x0000000008003bf8                Enc28J60Network::readOp(unsigned char, unsigned char)
 .text._ZN15Enc28J60Network7writeOpEhhh
                0x0000000008003c2a       0x2a ./Libraries/utility/Enc28J60Network.o
                0x0000000008003c2a                Enc28J60Network::writeOp(unsigned char, unsigned char, unsigned char)
 .text._ZN15Enc28J60Network10readBufferEtPh
                0x0000000008003c54       0x2e ./Libraries/utility/Enc28J60Network.o
                0x0000000008003c54                Enc28J60Network::readBuffer(unsigned short, unsigned char*)
 .text._ZN15Enc28J60Network11writeBufferEtPh
                0x0000000008003c82       0x2c ./Libraries/utility/Enc28J60Network.o
                0x0000000008003c82                Enc28J60Network::writeBuffer(unsigned short, unsigned char*)
 *fill*         0x0000000008003cae        0x2 
 .text._ZN15Enc28J60Network7setBankEh
                0x0000000008003cb0       0x30 ./Libraries/utility/Enc28J60Network.o
                0x0000000008003cb0                Enc28J60Network::setBank(unsigned char)
 .text._ZN15Enc28J60Network7readRegEh
                0x0000000008003ce0       0x14 ./Libraries/utility/Enc28J60Network.o
                0x0000000008003ce0                Enc28J60Network::readReg(unsigned char)
 .text._ZN15Enc28J60Network7initSPIEv
                0x0000000008003cf4       0x28 ./Libraries/utility/Enc28J60Network.o
                0x0000000008003cf4                Enc28J60Network::initSPI()
 .text._ZN15Enc28J60Network8writeRegEhh
                0x0000000008003d1c       0x18 ./Libraries/utility/Enc28J60Network.o
                0x0000000008003d1c                Enc28J60Network::writeReg(unsigned char, unsigned char)
 .text._ZN15Enc28J60Network12writeRegPairEht
                0x0000000008003d34       0x24 ./Libraries/utility/Enc28J60Network.o
                0x0000000008003d34                Enc28J60Network::writeRegPair(unsigned char, unsigned short)
 .text._ZN15Enc28J60Network10setERXRDPTEv
                0x0000000008003d58       0x1c ./Libraries/utility/Enc28J60Network.o
                0x0000000008003d58                Enc28J60Network::setERXRDPT()
 .text._ZN15Enc28J60Network10freePacketEv
                0x0000000008003d74        0x4 ./Libraries/utility/Enc28J60Network.o
                0x0000000008003d74                Enc28J60Network::freePacket()
 .text._ZN15Enc28J60Network13receivePacketEv
                0x0000000008003d78       0xac ./Libraries/utility/Enc28J60Network.o
                0x0000000008003d78                Enc28J60Network::receivePacket()
 .text._ZN15Enc28J60Network10setReadPtrEhtt
                0x0000000008003e24       0x48 ./Libraries/utility/Enc28J60Network.o
                0x0000000008003e24                Enc28J60Network::setReadPtr(unsigned char, unsigned short, unsigned short)
 .text._ZN15Enc28J60Network10readPacketEhtPht
                0x0000000008003e6c       0x16 ./Libraries/utility/Enc28J60Network.o
                0x0000000008003e6c                Enc28J60Network::readPacket(unsigned char, unsigned short, unsigned char*, unsigned short)
 *fill*         0x0000000008003e82        0x2 
 .text._ZN15Enc28J60Network11writePacketEhtPht
                0x0000000008003e84       0x38 ./Libraries/utility/Enc28J60Network.o
                0x0000000008003e84                Enc28J60Network::writePacket(unsigned char, unsigned short, unsigned char*, unsigned short)
 .text._ZN15Enc28J60Network8readByteEt
                0x0000000008003ebc       0x28 ./Libraries/utility/Enc28J60Network.o
                0x0000000008003ebc                Enc28J60Network::readByte(unsigned short)
 .text._ZN15Enc28J60Network9writeByteEth
                0x0000000008003ee4       0x28 ./Libraries/utility/Enc28J60Network.o
                0x0000000008003ee4                Enc28J60Network::writeByte(unsigned short, unsigned char)
 .text._ZN15Enc28J60Network10sendPacketEh
                0x0000000008003f0c       0xa0 ./Libraries/utility/Enc28J60Network.o
                0x0000000008003f0c                Enc28J60Network::sendPacket(unsigned char)
 .text._Z36enc28J60_mempool_block_move_callbackttt
                0x0000000008003fac       0x78 ./Libraries/utility/Enc28J60Network.o
                0x0000000008003fac                enc28J60_mempool_block_move_callback(unsigned short, unsigned short, unsigned short)
 .text._ZN15Enc28J60Network10copyPacketEhthtt
                0x0000000008004024       0x48 ./Libraries/utility/Enc28J60Network.o
                0x0000000008004024                Enc28J60Network::copyPacket(unsigned char, unsigned short, unsigned char, unsigned short, unsigned short)
 .text._ZN15Enc28J60Network8phyWriteEht
                0x000000000800406c       0x2c ./Libraries/utility/Enc28J60Network.o
                0x000000000800406c                Enc28J60Network::phyWrite(unsigned char, unsigned short)
 .text._ZN15Enc28J60Network4initEPh
                0x0000000008004098      0x110 ./Libraries/utility/Enc28J60Network.o
                0x0000000008004098                Enc28J60Network::init(unsigned char*)
 .text._ZN15Enc28J60Network6chksumEthtt
                0x00000000080041a8       0x70 ./Libraries/utility/Enc28J60Network.o
                0x00000000080041a8                Enc28J60Network::chksum(unsigned short, unsigned char, unsigned short, unsigned short)
 .text._ZN15Enc28J60Network9geterevidEv
                0x0000000008004218        0xc ./Libraries/utility/Enc28J60Network.o
                0x0000000008004218                Enc28J60Network::geterevid()
 .text._ZN10MemoryPool4initEv
                0x0000000008004224       0x24 ./Libraries/utility/mempool.o
                0x0000000008004224                MemoryPool::init()
 .text._ZN10MemoryPool10allocBlockEt
                0x0000000008004248       0xdc ./Libraries/utility/mempool.o
                0x0000000008004248                MemoryPool::allocBlock(unsigned short)
 .text._ZN10MemoryPool9freeBlockEh
                0x0000000008004324       0x30 ./Libraries/utility/mempool.o
                0x0000000008004324                MemoryPool::freeBlock(unsigned char)
 .text._ZN10MemoryPool11resizeBlockEht
                0x0000000008004354       0x1c ./Libraries/utility/mempool.o
                0x0000000008004354                MemoryPool::resizeBlock(unsigned char, unsigned short)
 .text._ZN10MemoryPool11resizeBlockEhtt
                0x0000000008004370       0x18 ./Libraries/utility/mempool.o
                0x0000000008004370                MemoryPool::resizeBlock(unsigned char, unsigned short, unsigned short)
 .text.uip_add32
                0x0000000008004388       0xc4 ./Libraries/utility/uip.o
                0x0000000008004388                uip_add32
 .text.uip_init
                0x000000000800444c       0xac ./Libraries/utility/uip.o
                0x000000000800444c                uip_init
 .text.uip_connect
                0x00000000080044f8      0x130 ./Libraries/utility/uip.o
                0x00000000080044f8                uip_connect
 .text.uip_udp_new
                0x0000000008004628      0x104 ./Libraries/utility/uip.o
                0x0000000008004628                uip_udp_new
 .text.uip_listen
                0x000000000800472c       0x58 ./Libraries/utility/uip.o
                0x000000000800472c                uip_listen
 .text.uip_add_rcv_nxt
                0x0000000008004784       0x54 ./Libraries/utility/uip.o
 .text.uip_process
                0x00000000080047d8     0x1230 ./Libraries/utility/uip.o
                0x00000000080047d8                uip_process
 .text.htons    0x0000000008005a08       0x28 ./Libraries/utility/uip.o
                0x0000000008005a08                htons
 .text.uip_send
                0x0000000008005a30       0x44 ./Libraries/utility/uip.o
                0x0000000008005a30                uip_send
 .text.uip_arp_init
                0x0000000008005a74       0x4c ./Libraries/utility/uip_arp.o
                0x0000000008005a74                uip_arp_init
 .text.uip_arp_update
                0x0000000008005ac0      0x164 ./Libraries/utility/uip_arp.o
 .text.uip_arp_ipin
                0x0000000008005c24       0xfc ./Libraries/utility/uip_arp.o
                0x0000000008005c24                uip_arp_ipin
 .text.uip_arp_arpin
                0x0000000008005d20      0x110 ./Libraries/utility/uip_arp.o
                0x0000000008005d20                uip_arp_arpin
 .text.uip_arp_out
                0x0000000008005e30      0x254 ./Libraries/utility/uip_arp.o
                0x0000000008005e30                uip_arp_out
 .text._ZdlPvj  0x0000000008006084        0x4 c:/st/stm32cubeide_1.8.0/stm32cubeide/plugins/com.st.stm32cube.ide.mcu.externaltools.gnu-tools-for-stm32.9-2020-q2-update.win32_2.0.0.202105311346/tools/bin/../lib/gcc/arm-none-eabi/9.3.1/../../../../arm-none-eabi/lib/thumb/v7-m/nofp\libstdc++_nano.a(del_ops.o)
                0x0000000008006084                operator delete(void*, unsigned int)
 .text._ZdlPv   0x0000000008006088        0x4 c:/st/stm32cubeide_1.8.0/stm32cubeide/plugins/com.st.stm32cube.ide.mcu.externaltools.gnu-tools-for-stm32.9-2020-q2-update.win32_2.0.0.202105311346/tools/bin/../lib/gcc/arm-none-eabi/9.3.1/../../../../arm-none-eabi/lib/thumb/v7-m/nofp\libstdc++_nano.a(del_op.o)
                0x0000000008006088                operator delete(void*)
 .text.abort    0x000000000800608c        0xe c:/st/stm32cubeide_1.8.0/stm32cubeide/plugins/com.st.stm32cube.ide.mcu.externaltools.gnu-tools-for-stm32.9-2020-q2-update.win32_2.0.0.202105311346/tools/bin/../lib/gcc/arm-none-eabi/9.3.1/../../../../arm-none-eabi/lib/thumb/v7-m/nofp\libc_nano.a(lib_a-abort.o)
                0x000000000800608c                abort
 *fill*         0x000000000800609a        0x2 
 .text.__errno  0x000000000800609c        0xc c:/st/stm32cubeide_1.8.0/stm32cubeide/plugins/com.st.stm32cube.ide.mcu.externaltools.gnu-tools-for-stm32.9-2020-q2-update.win32_2.0.0.202105311346/tools/bin/../lib/gcc/arm-none-eabi/9.3.1/../../../../arm-none-eabi/lib/thumb/v7-m/nofp\libc_nano.a(lib_a-errno.o)
                0x000000000800609c                __errno
 .text.__libc_init_array
                0x00000000080060a8       0x48 c:/st/stm32cubeide_1.8.0/stm32cubeide/plugins/com.st.stm32cube.ide.mcu.externaltools.gnu-tools-for-stm32.9-2020-q2-update.win32_2.0.0.202105311346/tools/bin/../lib/gcc/arm-none-eabi/9.3.1/../../../../arm-none-eabi/lib/thumb/v7-m/nofp\libc_nano.a(lib_a-init.o)
                0x00000000080060a8                __libc_init_array
 .text.malloc   0x00000000080060f0       0x10 c:/st/stm32cubeide_1.8.0/stm32cubeide/plugins/com.st.stm32cube.ide.mcu.externaltools.gnu-tools-for-stm32.9-2020-q2-update.win32_2.0.0.202105311346/tools/bin/../lib/gcc/arm-none-eabi/9.3.1/../../../../arm-none-eabi/lib/thumb/v7-m/nofp\libc_nano.a(lib_a-malloc.o)
                0x00000000080060f0                malloc
 .text.free     0x0000000008006100       0x10 c:/st/stm32cubeide_1.8.0/stm32cubeide/plugins/com.st.stm32cube.ide.mcu.externaltools.gnu-tools-for-stm32.9-2020-q2-update.win32_2.0.0.202105311346/tools/bin/../lib/gcc/arm-none-eabi/9.3.1/../../../../arm-none-eabi/lib/thumb/v7-m/nofp\libc_nano.a(lib_a-malloc.o)
                0x0000000008006100                free
 .text.memcmp   0x0000000008006110       0x1c c:/st/stm32cubeide_1.8.0/stm32cubeide/plugins/com.st.stm32cube.ide.mcu.externaltools.gnu-tools-for-stm32.9-2020-q2-update.win32_2.0.0.202105311346/tools/bin/../lib/gcc/arm-none-eabi/9.3.1/../../../../arm-none-eabi/lib/thumb/v7-m/nofp\libc_nano.a(lib_a-memcmp.o)
                0x0000000008006110                memcmp
 .text.memcpy   0x000000000800612c       0x1c c:/st/stm32cubeide_1.8.0/stm32cubeide/plugins/com.st.stm32cube.ide.mcu.externaltools.gnu-tools-for-stm32.9-2020-q2-update.win32_2.0.0.202105311346/tools/bin/../lib/gcc/arm-none-eabi/9.3.1/../../../../arm-none-eabi/lib/thumb/v7-m/nofp\libc_nano.a(lib_a-memcpy-stub.o)
                0x000000000800612c                memcpy
 .text.memset   0x0000000008006148       0x10 c:/st/stm32cubeide_1.8.0/stm32cubeide/plugins/com.st.stm32cube.ide.mcu.externaltools.gnu-tools-for-stm32.9-2020-q2-update.win32_2.0.0.202105311346/tools/bin/../lib/gcc/arm-none-eabi/9.3.1/../../../../arm-none-eabi/lib/thumb/v7-m/nofp\libc_nano.a(lib_a-memset.o)
                0x0000000008006148                memset
 .text._free_r  0x0000000008006158       0x98 c:/st/stm32cubeide_1.8.0/stm32cubeide/plugins/com.st.stm32cube.ide.mcu.externaltools.gnu-tools-for-stm32.9-2020-q2-update.win32_2.0.0.202105311346/tools/bin/../lib/gcc/arm-none-eabi/9.3.1/../../../../arm-none-eabi/lib/thumb/v7-m/nofp\libc_nano.a(lib_a-nano-freer.o)
                0x0000000008006158                _free_r
 .text._malloc_r
                0x00000000080061f0       0xb4 c:/st/stm32cubeide_1.8.0/stm32cubeide/plugins/com.st.stm32cube.ide.mcu.externaltools.gnu-tools-for-stm32.9-2020-q2-update.win32_2.0.0.202105311346/tools/bin/../lib/gcc/arm-none-eabi/9.3.1/../../../../arm-none-eabi/lib/thumb/v7-m/nofp\libc_nano.a(lib_a-nano-mallocr.o)
                0x00000000080061f0                _malloc_r
 .text.rand     0x00000000080062a4       0x80 c:/st/stm32cubeide_1.8.0/stm32cubeide/plugins/com.st.stm32cube.ide.mcu.externaltools.gnu-tools-for-stm32.9-2020-q2-update.win32_2.0.0.202105311346/tools/bin/../lib/gcc/arm-none-eabi/9.3.1/../../../../arm-none-eabi/lib/thumb/v7-m/nofp\libc_nano.a(lib_a-rand.o)
                0x00000000080062a4                rand
 .text.realloc  0x0000000008006324       0x10 c:/st/stm32cubeide_1.8.0/stm32cubeide/plugins/com.st.stm32cube.ide.mcu.externaltools.gnu-tools-for-stm32.9-2020-q2-update.win32_2.0.0.202105311346/tools/bin/../lib/gcc/arm-none-eabi/9.3.1/../../../../arm-none-eabi/lib/thumb/v7-m/nofp\libc_nano.a(lib_a-realloc.o)
                0x0000000008006324                realloc
 .text._sbrk_r  0x0000000008006334       0x20 c:/st/stm32cubeide_1.8.0/stm32cubeide/plugins/com.st.stm32cube.ide.mcu.externaltools.gnu-tools-for-stm32.9-2020-q2-update.win32_2.0.0.202105311346/tools/bin/../lib/gcc/arm-none-eabi/9.3.1/../../../../arm-none-eabi/lib/thumb/v7-m/nofp\libc_nano.a(lib_a-sbrkr.o)
                0x0000000008006334                _sbrk_r
 .text._raise_r
                0x0000000008006354       0x50 c:/st/stm32cubeide_1.8.0/stm32cubeide/plugins/com.st.stm32cube.ide.mcu.externaltools.gnu-tools-for-stm32.9-2020-q2-update.win32_2.0.0.202105311346/tools/bin/../lib/gcc/arm-none-eabi/9.3.1/../../../../arm-none-eabi/lib/thumb/v7-m/nofp\libc_nano.a(lib_a-signal.o)
                0x0000000008006354                _raise_r
 .text.raise    0x00000000080063a4       0x10 c:/st/stm32cubeide_1.8.0/stm32cubeide/plugins/com.st.stm32cube.ide.mcu.externaltools.gnu-tools-for-stm32.9-2020-q2-update.win32_2.0.0.202105311346/tools/bin/../lib/gcc/arm-none-eabi/9.3.1/../../../../arm-none-eabi/lib/thumb/v7-m/nofp\libc_nano.a(lib_a-signal.o)
                0x00000000080063a4                raise
 .text._kill_r  0x00000000080063b4       0x24 c:/st/stm32cubeide_1.8.0/stm32cubeide/plugins/com.st.stm32cube.ide.mcu.externaltools.gnu-tools-for-stm32.9-2020-q2-update.win32_2.0.0.202105311346/tools/bin/../lib/gcc/arm-none-eabi/9.3.1/../../../../arm-none-eabi/lib/thumb/v7-m/nofp\libc_nano.a(lib_a-signalr.o)
                0x00000000080063b4                _kill_r
 .text._getpid_r
                0x00000000080063d8        0x4 c:/st/stm32cubeide_1.8.0/stm32cubeide/plugins/com.st.stm32cube.ide.mcu.externaltools.gnu-tools-for-stm32.9-2020-q2-update.win32_2.0.0.202105311346/tools/bin/../lib/gcc/arm-none-eabi/9.3.1/../../../../arm-none-eabi/lib/thumb/v7-m/nofp\libc_nano.a(lib_a-signalr.o)
                0x00000000080063d8                _getpid_r
 .text.strchr   0x00000000080063dc       0x1a c:/st/stm32cubeide_1.8.0/stm32cubeide/plugins/com.st.stm32cube.ide.mcu.externaltools.gnu-tools-for-stm32.9-2020-q2-update.win32_2.0.0.202105311346/tools/bin/../lib/gcc/arm-none-eabi/9.3.1/../../../../arm-none-eabi/lib/thumb/v7-m/nofp\libc_nano.a(lib_a-strchr.o)
                0x00000000080063dc                strchr
 .text.strcpy   0x00000000080063f6       0x10 c:/st/stm32cubeide_1.8.0/stm32cubeide/plugins/com.st.stm32cube.ide.mcu.externaltools.gnu-tools-for-stm32.9-2020-q2-update.win32_2.0.0.202105311346/tools/bin/../lib/gcc/arm-none-eabi/9.3.1/../../../../arm-none-eabi/lib/thumb/v7-m/nofp\libc_nano.a(lib_a-strcpy.o)
                0x00000000080063f6                strcpy
 .text.strncmp  0x0000000008006406       0x24 c:/st/stm32cubeide_1.8.0/stm32cubeide/plugins/com.st.stm32cube.ide.mcu.externaltools.gnu-tools-for-stm32.9-2020-q2-update.win32_2.0.0.202105311346/tools/bin/../lib/gcc/arm-none-eabi/9.3.1/../../../../arm-none-eabi/lib/thumb/v7-m/nofp\libc_nano.a(lib_a-strncmp.o)
                0x0000000008006406                strncmp
 *fill*         0x000000000800642a        0x2 
 .text.__assert_func
                0x000000000800642c       0x3c c:/st/stm32cubeide_1.8.0/stm32cubeide/plugins/com.st.stm32cube.ide.mcu.externaltools.gnu-tools-for-stm32.9-2020-q2-update.win32_2.0.0.202105311346/tools/bin/../lib/gcc/arm-none-eabi/9.3.1/../../../../arm-none-eabi/lib/thumb/v7-m/nofp\libc_nano.a(lib_a-assert.o)
                0x000000000800642c                __assert_func
 .text.fprintf  0x0000000008006468       0x24 c:/st/stm32cubeide_1.8.0/stm32cubeide/plugins/com.st.stm32cube.ide.mcu.externaltools.gnu-tools-for-stm32.9-2020-q2-update.win32_2.0.0.202105311346/tools/bin/../lib/gcc/arm-none-eabi/9.3.1/../../../../arm-none-eabi/lib/thumb/v7-m/nofp\libc_nano.a(lib_a-fprintf.o)
                0x0000000008006468                fiprintf
                0x0000000008006468                fprintf
 .text.__malloc_lock
                0x000000000800648c        0xc c:/st/stm32cubeide_1.8.0/stm32cubeide/plugins/com.st.stm32cube.ide.mcu.externaltools.gnu-tools-for-stm32.9-2020-q2-update.win32_2.0.0.202105311346/tools/bin/../lib/gcc/arm-none-eabi/9.3.1/../../../../arm-none-eabi/lib/thumb/v7-m/nofp\libc_nano.a(lib_a-mlock.o)
                0x000000000800648c                __malloc_lock
 .text.__malloc_unlock
                0x0000000008006498        0xc c:/st/stm32cubeide_1.8.0/stm32cubeide/plugins/com.st.stm32cube.ide.mcu.externaltools.gnu-tools-for-stm32.9-2020-q2-update.win32_2.0.0.202105311346/tools/bin/../lib/gcc/arm-none-eabi/9.3.1/../../../../arm-none-eabi/lib/thumb/v7-m/nofp\libc_nano.a(lib_a-mlock.o)
                0x0000000008006498                __malloc_unlock
 .text._realloc_r
                0x00000000080064a4       0x4c c:/st/stm32cubeide_1.8.0/stm32cubeide/plugins/com.st.stm32cube.ide.mcu.externaltools.gnu-tools-for-stm32.9-2020-q2-update.win32_2.0.0.202105311346/tools/bin/../lib/gcc/arm-none-eabi/9.3.1/../../../../arm-none-eabi/lib/thumb/v7-m/nofp\libc_nano.a(lib_a-nano-reallocr.o)
                0x00000000080064a4                _realloc_r
 .text.__sfputc_r
                0x00000000080064f0       0x2a c:/st/stm32cubeide_1.8.0/stm32cubeide/plugins/com.st.stm32cube.ide.mcu.externaltools.gnu-tools-for-stm32.9-2020-q2-update.win32_2.0.0.202105311346/tools/bin/../lib/gcc/arm-none-eabi/9.3.1/../../../../arm-none-eabi/lib/thumb/v7-m/nofp\libc_nano.a(lib_a-nano-vfprintf.o)
 .text.__sfputs_r
                0x000000000800651a       0x24 c:/st/stm32cubeide_1.8.0/stm32cubeide/plugins/com.st.stm32cube.ide.mcu.externaltools.gnu-tools-for-stm32.9-2020-q2-update.win32_2.0.0.202105311346/tools/bin/../lib/gcc/arm-none-eabi/9.3.1/../../../../arm-none-eabi/lib/thumb/v7-m/nofp\libc_nano.a(lib_a-nano-vfprintf.o)
                0x000000000800651a                __sfputs_r
 *fill*         0x000000000800653e        0x2 
 .text._vfprintf_r
                0x0000000008006540      0x260 c:/st/stm32cubeide_1.8.0/stm32cubeide/plugins/com.st.stm32cube.ide.mcu.externaltools.gnu-tools-for-stm32.9-2020-q2-update.win32_2.0.0.202105311346/tools/bin/../lib/gcc/arm-none-eabi/9.3.1/../../../../arm-none-eabi/lib/thumb/v7-m/nofp\libc_nano.a(lib_a-nano-vfprintf.o)
                0x0000000008006540                _vfprintf_r
                0x0000000008006540                _vfiprintf_r
 .text._printf_common
                0x00000000080067a0       0xde c:/st/stm32cubeide_1.8.0/stm32cubeide/plugins/com.st.stm32cube.ide.mcu.externaltools.gnu-tools-for-stm32.9-2020-q2-update.win32_2.0.0.202105311346/tools/bin/../lib/gcc/arm-none-eabi/9.3.1/../../../../arm-none-eabi/lib/thumb/v7-m/nofp\libc_nano.a(lib_a-nano-vfprintf_i.o)
                0x00000000080067a0                _printf_common
 *fill*         0x000000000800687e        0x2 
 .text._printf_i
                0x0000000008006880      0x24c c:/st/stm32cubeide_1.8.0/stm32cubeide/plugins/com.st.stm32cube.ide.mcu.externaltools.gnu-tools-for-stm32.9-2020-q2-update.win32_2.0.0.202105311346/tools/bin/../lib/gcc/arm-none-eabi/9.3.1/../../../../arm-none-eabi/lib/thumb/v7-m/nofp\libc_nano.a(lib_a-nano-vfprintf_i.o)
                0x0000000008006880                _printf_i
 .text.__swbuf_r
                0x0000000008006acc       0xa4 c:/st/stm32cubeide_1.8.0/stm32cubeide/plugins/com.st.stm32cube.ide.mcu.externaltools.gnu-tools-for-stm32.9-2020-q2-update.win32_2.0.0.202105311346/tools/bin/../lib/gcc/arm-none-eabi/9.3.1/../../../../arm-none-eabi/lib/thumb/v7-m/nofp\libc_nano.a(lib_a-wbuf.o)
                0x0000000008006acc                __swbuf_r
 .text.__swsetup_r
                0x0000000008006b70       0xdc c:/st/stm32cubeide_1.8.0/stm32cubeide/plugins/com.st.stm32cube.ide.mcu.externaltools.gnu-tools-for-stm32.9-2020-q2-update.win32_2.0.0.202105311346/tools/bin/../lib/gcc/arm-none-eabi/9.3.1/../../../../arm-none-eabi/lib/thumb/v7-m/nofp\libc_nano.a(lib_a-wsetup.o)
                0x0000000008006b70                __swsetup_r
 .text.__sflush_r
                0x0000000008006c4c      0x10c c:/st/stm32cubeide_1.8.0/stm32cubeide/plugins/com.st.stm32cube.ide.mcu.externaltools.gnu-tools-for-stm32.9-2020-q2-update.win32_2.0.0.202105311346/tools/bin/../lib/gcc/arm-none-eabi/9.3.1/../../../../arm-none-eabi/lib/thumb/v7-m/nofp\libc_nano.a(lib_a-fflush.o)
                0x0000000008006c4c                __sflush_r
 .text._fflush_r
                0x0000000008006d58       0x78 c:/st/stm32cubeide_1.8.0/stm32cubeide/plugins/com.st.stm32cube.ide.mcu.externaltools.gnu-tools-for-stm32.9-2020-q2-update.win32_2.0.0.202105311346/tools/bin/../lib/gcc/arm-none-eabi/9.3.1/../../../../arm-none-eabi/lib/thumb/v7-m/nofp\libc_nano.a(lib_a-fflush.o)
                0x0000000008006d58                _fflush_r
 .text.std      0x0000000008006dd0       0x48 c:/st/stm32cubeide_1.8.0/stm32cubeide/plugins/com.st.stm32cube.ide.mcu.externaltools.gnu-tools-for-stm32.9-2020-q2-update.win32_2.0.0.202105311346/tools/bin/../lib/gcc/arm-none-eabi/9.3.1/../../../../arm-none-eabi/lib/thumb/v7-m/nofp\libc_nano.a(lib_a-findfp.o)
 .text._cleanup_r
                0x0000000008006e18        0xc c:/st/stm32cubeide_1.8.0/stm32cubeide/plugins/com.st.stm32cube.ide.mcu.externaltools.gnu-tools-for-stm32.9-2020-q2-update.win32_2.0.0.202105311346/tools/bin/../lib/gcc/arm-none-eabi/9.3.1/../../../../arm-none-eabi/lib/thumb/v7-m/nofp\libc_nano.a(lib_a-findfp.o)
                0x0000000008006e18                _cleanup_r
 .text.__sfmoreglue
                0x0000000008006e24       0x2c c:/st/stm32cubeide_1.8.0/stm32cubeide/plugins/com.st.stm32cube.ide.mcu.externaltools.gnu-tools-for-stm32.9-2020-q2-update.win32_2.0.0.202105311346/tools/bin/../lib/gcc/arm-none-eabi/9.3.1/../../../../arm-none-eabi/lib/thumb/v7-m/nofp\libc_nano.a(lib_a-findfp.o)
                0x0000000008006e24                __sfmoreglue
 .text.__sfp_lock_acquire
                0x0000000008006e50        0xc c:/st/stm32cubeide_1.8.0/stm32cubeide/plugins/com.st.stm32cube.ide.mcu.externaltools.gnu-tools-for-stm32.9-2020-q2-update.win32_2.0.0.202105311346/tools/bin/../lib/gcc/arm-none-eabi/9.3.1/../../../../arm-none-eabi/lib/thumb/v7-m/nofp\libc_nano.a(lib_a-findfp.o)
                0x0000000008006e50                __sfp_lock_acquire
 .text.__sfp_lock_release
                0x0000000008006e5c        0xc c:/st/stm32cubeide_1.8.0/stm32cubeide/plugins/com.st.stm32cube.ide.mcu.externaltools.gnu-tools-for-stm32.9-2020-q2-update.win32_2.0.0.202105311346/tools/bin/../lib/gcc/arm-none-eabi/9.3.1/../../../../arm-none-eabi/lib/thumb/v7-m/nofp\libc_nano.a(lib_a-findfp.o)
                0x0000000008006e5c                __sfp_lock_release
 .text.__sinit_lock_acquire
                0x0000000008006e68        0xc c:/st/stm32cubeide_1.8.0/stm32cubeide/plugins/com.st.stm32cube.ide.mcu.externaltools.gnu-tools-for-stm32.9-2020-q2-update.win32_2.0.0.202105311346/tools/bin/../lib/gcc/arm-none-eabi/9.3.1/../../../../arm-none-eabi/lib/thumb/v7-m/nofp\libc_nano.a(lib_a-findfp.o)
                0x0000000008006e68                __sinit_lock_acquire
 .text.__sinit_lock_release
                0x0000000008006e74        0xc c:/st/stm32cubeide_1.8.0/stm32cubeide/plugins/com.st.stm32cube.ide.mcu.externaltools.gnu-tools-for-stm32.9-2020-q2-update.win32_2.0.0.202105311346/tools/bin/../lib/gcc/arm-none-eabi/9.3.1/../../../../arm-none-eabi/lib/thumb/v7-m/nofp\libc_nano.a(lib_a-findfp.o)
                0x0000000008006e74                __sinit_lock_release
 .text.__sinit  0x0000000008006e80       0x70 c:/st/stm32cubeide_1.8.0/stm32cubeide/plugins/com.st.stm32cube.ide.mcu.externaltools.gnu-tools-for-stm32.9-2020-q2-update.win32_2.0.0.202105311346/tools/bin/../lib/gcc/arm-none-eabi/9.3.1/../../../../arm-none-eabi/lib/thumb/v7-m/nofp\libc_nano.a(lib_a-findfp.o)
                0x0000000008006e80                __sinit
 .text.__sfp    0x0000000008006ef0       0x8c c:/st/stm32cubeide_1.8.0/stm32cubeide/plugins/com.st.stm32cube.ide.mcu.externaltools.gnu-tools-for-stm32.9-2020-q2-update.win32_2.0.0.202105311346/tools/bin/../lib/gcc/arm-none-eabi/9.3.1/../../../../arm-none-eabi/lib/thumb/v7-m/nofp\libc_nano.a(lib_a-findfp.o)
                0x0000000008006ef0                __sfp
 .text._fwalk_reent
                0x0000000008006f7c       0x3e c:/st/stm32cubeide_1.8.0/stm32cubeide/plugins/com.st.stm32cube.ide.mcu.externaltools.gnu-tools-for-stm32.9-2020-q2-update.win32_2.0.0.202105311346/tools/bin/../lib/gcc/arm-none-eabi/9.3.1/../../../../arm-none-eabi/lib/thumb/v7-m/nofp\libc_nano.a(lib_a-fwalk.o)
                0x0000000008006f7c                _fwalk_reent
 .text.__retarget_lock_init_recursive
                0x0000000008006fba        0x2 c:/st/stm32cubeide_1.8.0/stm32cubeide/plugins/com.st.stm32cube.ide.mcu.externaltools.gnu-tools-for-stm32.9-2020-q2-update.win32_2.0.0.202105311346/tools/bin/../lib/gcc/arm-none-eabi/9.3.1/../../../../arm-none-eabi/lib/thumb/v7-m/nofp\libc_nano.a(lib_a-lock.o)
                0x0000000008006fba                __retarget_lock_init_recursive
 .text.__retarget_lock_acquire_recursive
                0x0000000008006fbc        0x2 c:/st/stm32cubeide_1.8.0/stm32cubeide/plugins/com.st.stm32cube.ide.mcu.externaltools.gnu-tools-for-stm32.9-2020-q2-update.win32_2.0.0.202105311346/tools/bin/../lib/gcc/arm-none-eabi/9.3.1/../../../../arm-none-eabi/lib/thumb/v7-m/nofp\libc_nano.a(lib_a-lock.o)
                0x0000000008006fbc                __retarget_lock_acquire_recursive
 .text.__retarget_lock_release_recursive
                0x0000000008006fbe        0x2 c:/st/stm32cubeide_1.8.0/stm32cubeide/plugins/com.st.stm32cube.ide.mcu.externaltools.gnu-tools-for-stm32.9-2020-q2-update.win32_2.0.0.202105311346/tools/bin/../lib/gcc/arm-none-eabi/9.3.1/../../../../arm-none-eabi/lib/thumb/v7-m/nofp\libc_nano.a(lib_a-lock.o)
                0x0000000008006fbe                __retarget_lock_release_recursive
 .text.__swhatbuf_r
                0x0000000008006fc0       0x48 c:/st/stm32cubeide_1.8.0/stm32cubeide/plugins/com.st.stm32cube.ide.mcu.externaltools.gnu-tools-for-stm32.9-2020-q2-update.win32_2.0.0.202105311346/tools/bin/../lib/gcc/arm-none-eabi/9.3.1/../../../../arm-none-eabi/lib/thumb/v7-m/nofp\libc_nano.a(lib_a-makebuf.o)
                0x0000000008006fc0                __swhatbuf_r
 .text.__smakebuf_r
                0x0000000008007008       0x80 c:/st/stm32cubeide_1.8.0/stm32cubeide/plugins/com.st.stm32cube.ide.mcu.externaltools.gnu-tools-for-stm32.9-2020-q2-update.win32_2.0.0.202105311346/tools/bin/../lib/gcc/arm-none-eabi/9.3.1/../../../../arm-none-eabi/lib/thumb/v7-m/nofp\libc_nano.a(lib_a-makebuf.o)
                0x0000000008007008                __smakebuf_r
 .text.memchr   0x0000000008007088       0x1c c:/st/stm32cubeide_1.8.0/stm32cubeide/plugins/com.st.stm32cube.ide.mcu.externaltools.gnu-tools-for-stm32.9-2020-q2-update.win32_2.0.0.202105311346/tools/bin/../lib/gcc/arm-none-eabi/9.3.1/../../../../arm-none-eabi/lib/thumb/v7-m/nofp\libc_nano.a(lib_a-memchr-stub.o)
                0x0000000008007088                memchr
 .text._malloc_usable_size_r
                0x00000000080070a4       0x10 c:/st/stm32cubeide_1.8.0/stm32cubeide/plugins/com.st.stm32cube.ide.mcu.externaltools.gnu-tools-for-stm32.9-2020-q2-update.win32_2.0.0.202105311346/tools/bin/../lib/gcc/arm-none-eabi/9.3.1/../../../../arm-none-eabi/lib/thumb/v7-m/nofp\libc_nano.a(lib_a-nano-msizer.o)
                0x00000000080070a4                _malloc_usable_size_r
 .text.__sread  0x00000000080070b4       0x22 c:/st/stm32cubeide_1.8.0/stm32cubeide/plugins/com.st.stm32cube.ide.mcu.externaltools.gnu-tools-for-stm32.9-2020-q2-update.win32_2.0.0.202105311346/tools/bin/../lib/gcc/arm-none-eabi/9.3.1/../../../../arm-none-eabi/lib/thumb/v7-m/nofp\libc_nano.a(lib_a-stdio.o)
                0x00000000080070b4                __sread
 .text.__swrite
                0x00000000080070d6       0x38 c:/st/stm32cubeide_1.8.0/stm32cubeide/plugins/com.st.stm32cube.ide.mcu.externaltools.gnu-tools-for-stm32.9-2020-q2-update.win32_2.0.0.202105311346/tools/bin/../lib/gcc/arm-none-eabi/9.3.1/../../../../arm-none-eabi/lib/thumb/v7-m/nofp\libc_nano.a(lib_a-stdio.o)
                0x00000000080070d6                __swrite
 .text.__sseek  0x000000000800710e       0x24 c:/st/stm32cubeide_1.8.0/stm32cubeide/plugins/com.st.stm32cube.ide.mcu.externaltools.gnu-tools-for-stm32.9-2020-q2-update.win32_2.0.0.202105311346/tools/bin/../lib/gcc/arm-none-eabi/9.3.1/../../../../arm-none-eabi/lib/thumb/v7-m/nofp\libc_nano.a(lib_a-stdio.o)
                0x000000000800710e                __sseek
 .text.__sclose
                0x0000000008007132        0x8 c:/st/stm32cubeide_1.8.0/stm32cubeide/plugins/com.st.stm32cube.ide.mcu.externaltools.gnu-tools-for-stm32.9-2020-q2-update.win32_2.0.0.202105311346/tools/bin/../lib/gcc/arm-none-eabi/9.3.1/../../../../arm-none-eabi/lib/thumb/v7-m/nofp\libc_nano.a(lib_a-stdio.o)
                0x0000000008007132                __sclose
 *fill*         0x000000000800713a        0x2 
 .text._write_r
                0x000000000800713c       0x24 c:/st/stm32cubeide_1.8.0/stm32cubeide/plugins/com.st.stm32cube.ide.mcu.externaltools.gnu-tools-for-stm32.9-2020-q2-update.win32_2.0.0.202105311346/tools/bin/../lib/gcc/arm-none-eabi/9.3.1/../../../../arm-none-eabi/lib/thumb/v7-m/nofp\libc_nano.a(lib_a-writer.o)
                0x000000000800713c                _write_r
 .text._close_r
                0x0000000008007160       0x20 c:/st/stm32cubeide_1.8.0/stm32cubeide/plugins/com.st.stm32cube.ide.mcu.externaltools.gnu-tools-for-stm32.9-2020-q2-update.win32_2.0.0.202105311346/tools/bin/../lib/gcc/arm-none-eabi/9.3.1/../../../../arm-none-eabi/lib/thumb/v7-m/nofp\libc_nano.a(lib_a-closer.o)
                0x0000000008007160                _close_r
 .text._fstat_r
                0x0000000008007180       0x24 c:/st/stm32cubeide_1.8.0/stm32cubeide/plugins/com.st.stm32cube.ide.mcu.externaltools.gnu-tools-for-stm32.9-2020-q2-update.win32_2.0.0.202105311346/tools/bin/../lib/gcc/arm-none-eabi/9.3.1/../../../../arm-none-eabi/lib/thumb/v7-m/nofp\libc_nano.a(lib_a-fstatr.o)
                0x0000000008007180                _fstat_r
 .text._isatty_r
                0x00000000080071a4       0x20 c:/st/stm32cubeide_1.8.0/stm32cubeide/plugins/com.st.stm32cube.ide.mcu.externaltools.gnu-tools-for-stm32.9-2020-q2-update.win32_2.0.0.202105311346/tools/bin/../lib/gcc/arm-none-eabi/9.3.1/../../../../arm-none-eabi/lib/thumb/v7-m/nofp\libc_nano.a(lib_a-isattyr.o)
                0x00000000080071a4                _isatty_r
 .text._lseek_r
                0x00000000080071c4       0x24 c:/st/stm32cubeide_1.8.0/stm32cubeide/plugins/com.st.stm32cube.ide.mcu.externaltools.gnu-tools-for-stm32.9-2020-q2-update.win32_2.0.0.202105311346/tools/bin/../lib/gcc/arm-none-eabi/9.3.1/../../../../arm-none-eabi/lib/thumb/v7-m/nofp\libc_nano.a(lib_a-lseekr.o)
                0x00000000080071c4                _lseek_r
 .text._read_r  0x00000000080071e8       0x24 c:/st/stm32cubeide_1.8.0/stm32cubeide/plugins/com.st.stm32cube.ide.mcu.externaltools.gnu-tools-for-stm32.9-2020-q2-update.win32_2.0.0.202105311346/tools/bin/../lib/gcc/arm-none-eabi/9.3.1/../../../../arm-none-eabi/lib/thumb/v7-m/nofp\libc_nano.a(lib_a-readr.o)
                0x00000000080071e8                _read_r
 *(.glue_7)
 .glue_7        0x000000000800720c        0x0 linker stubs
 *(.glue_7t)
 .glue_7t       0x000000000800720c        0x0 linker stubs
 *(.eh_frame)
 .eh_frame      0x000000000800720c        0x0 c:/st/stm32cubeide_1.8.0/stm32cubeide/plugins/com.st.stm32cube.ide.mcu.externaltools.gnu-tools-for-stm32.9-2020-q2-update.win32_2.0.0.202105311346/tools/bin/../lib/gcc/arm-none-eabi/9.3.1/thumb/v7-m/nofp/crtbegin.o
 *(.init)
 .init          0x000000000800720c        0x4 c:/st/stm32cubeide_1.8.0/stm32cubeide/plugins/com.st.stm32cube.ide.mcu.externaltools.gnu-tools-for-stm32.9-2020-q2-update.win32_2.0.0.202105311346/tools/bin/../lib/gcc/arm-none-eabi/9.3.1/thumb/v7-m/nofp/crti.o
                0x000000000800720c                _init
 .init          0x0000000008007210        0x8 c:/st/stm32cubeide_1.8.0/stm32cubeide/plugins/com.st.stm32cube.ide.mcu.externaltools.gnu-tools-for-stm32.9-2020-q2-update.win32_2.0.0.202105311346/tools/bin/../lib/gcc/arm-none-eabi/9.3.1/thumb/v7-m/nofp/crtn.o
 *(.fini)
 .fini          0x0000000008007218        0x4 c:/st/stm32cubeide_1.8.0/stm32cubeide/plugins/com.st.stm32cube.ide.mcu.externaltools.gnu-tools-for-stm32.9-2020-q2-update.win32_2.0.0.202105311346/tools/bin/../lib/gcc/arm-none-eabi/9.3.1/thumb/v7-m/nofp/crti.o
                0x0000000008007218                _fini
 .fini          0x000000000800721c        0x8 c:/st/stm32cubeide_1.8.0/stm32cubeide/plugins/com.st.stm32cube.ide.mcu.externaltools.gnu-tools-for-stm32.9-2020-q2-update.win32_2.0.0.202105311346/tools/bin/../lib/gcc/arm-none-eabi/9.3.1/thumb/v7-m/nofp/crtn.o
                0x0000000008007224                . = ALIGN (0x4)
                0x0000000008007224                _etext = .

.vfp11_veneer   0x0000000008007224        0x0
 .vfp11_veneer  0x0000000008007224        0x0 linker stubs

.v4_bx          0x0000000008007224        0x0
 .v4_bx         0x0000000008007224        0x0 linker stubs

.iplt           0x0000000008007224        0x0
 .iplt          0x0000000008007224        0x0 c:/st/stm32cubeide_1.8.0/stm32cubeide/plugins/com.st.stm32cube.ide.mcu.externaltools.gnu-tools-for-stm32.9-2020-q2-update.win32_2.0.0.202105311346/tools/bin/../lib/gcc/arm-none-eabi/9.3.1/thumb/v7-m/nofp/crtbegin.o

.rodata         0x0000000008007224      0x350
                0x0000000008007224                . = ALIGN (0x4)
 *(.rodata)
 .rodata        0x0000000008007224       0x10 ./Drivers/STM32F1xx_HAL_Driver/Src/stm32f1xx_hal_rcc.o
 *(.rodata*)
 .rodata._Z11getNextLineR9UIPClient.str1.1
                0x0000000008007234        0x0 ./Core/Src/main.o
                                          0x1 (size before relaxing)
 .rodata._ZL12RS_ERR_START
                0x0000000008007234        0x6 ./Core/Src/main.o
 .rodata._ZL3GET
                0x000000000800723a        0x4 ./Core/Src/main.o
 .rodata._ZL3mac
                0x000000000800723e        0x6 ./Core/Src/main.o
 .rodata._ZL4POST
                0x0000000008007244        0x5 ./Core/Src/main.o
 .rodata._ZL6HD_END
                0x0000000008007249       0x2e ./Core/Src/main.o
 .rodata._ZL6RS_END
                0x0000000008007277        0x3 ./Core/Src/main.o
 .rodata._ZL7VERSION
                0x000000000800727a       0x12 ./Core/Src/main.o
 .rodata._ZL8HD_START
                0x000000000800728c        0xa ./Core/Src/main.o
 .rodata._ZL8RS_START
                0x0000000008007296       0x10 ./Core/Src/main.o
 .rodata._ZL9REQ_ABOUT
                0x00000000080072a6        0x7 ./Core/Src/main.o
 *fill*         0x00000000080072ad        0x3 
 .rodata.AHBPrescTable
                0x00000000080072b0       0x10 ./Core/Src/system_stm32f1xx.o
                0x00000000080072b0                AHBPrescTable
 .rodata._ZN9DhcpClass17send_DHCP_MESSAGEEht.str1.1
                0x00000000080072c0        0x7 ./Libraries/Dhcp.o
 *fill*         0x00000000080072c7        0x1 
 .rodata._ZTV9UIPClient
                0x00000000080072c8       0x8c ./Libraries/UIPClient.o
                0x00000000080072c8                vtable for UIPClient
 .rodata._ZTV9UIPServer
                0x0000000008007354       0x18 ./Libraries/UIPServer.o
                0x0000000008007354                vtable for UIPServer
 .rodata._ZTV6UIPUDP
                0x000000000800736c       0x90 ./Libraries/UIPUdp.o
                0x000000000800736c                vtable for UIPUDP
 .rodata._ZTV9IPAddress
                0x00000000080073fc       0x14 ./Libraries/mbed/IPAddress.o
                0x00000000080073fc                vtable for IPAddress
 .rodata._ZN5Print7printlnEv.str1.1
                0x0000000008007410        0x3 ./Libraries/mbed/Print.o
 .rodata._ZNK6String9substringEjj.str1.1
                0x0000000008007413        0x1 ./Libraries/mbed/WString.o
 *fill*         0x0000000008007413        0x1 
 .rodata.all_ones_addr
                0x0000000008007414        0x4 ./Libraries/utility/uip.o
 .rodata.all_zeroes_addr
                0x0000000008007418        0x4 ./Libraries/utility/uip.o
 .rodata.broadcast_ethaddr
                0x000000000800741c        0x6 ./Libraries/utility/uip_arp.o
 *fill*         0x0000000008007422        0x2 
 .rodata.broadcast_ipaddr
                0x0000000008007424        0x4 ./Libraries/utility/uip_arp.o
 .rodata._global_impure_ptr
                0x0000000008007428        0x4 c:/st/stm32cubeide_1.8.0/stm32cubeide/plugins/com.st.stm32cube.ide.mcu.externaltools.gnu-tools-for-stm32.9-2020-q2-update.win32_2.0.0.202105311346/tools/bin/../lib/gcc/arm-none-eabi/9.3.1/../../../../arm-none-eabi/lib/thumb/v7-m/nofp\libc_nano.a(lib_a-impure.o)
                0x0000000008007428                _global_impure_ptr
 .rodata.srand.str1.1
                0x000000000800742c       0x76 c:/st/stm32cubeide_1.8.0/stm32cubeide/plugins/com.st.stm32cube.ide.mcu.externaltools.gnu-tools-for-stm32.9-2020-q2-update.win32_2.0.0.202105311346/tools/bin/../lib/gcc/arm-none-eabi/9.3.1/../../../../arm-none-eabi/lib/thumb/v7-m/nofp\libc_nano.a(lib_a-rand.o)
 .rodata.__assert_func.str1.1
                0x00000000080074a2       0x3c c:/st/stm32cubeide_1.8.0/stm32cubeide/plugins/com.st.stm32cube.ide.mcu.externaltools.gnu-tools-for-stm32.9-2020-q2-update.win32_2.0.0.202105311346/tools/bin/../lib/gcc/arm-none-eabi/9.3.1/../../../../arm-none-eabi/lib/thumb/v7-m/nofp\libc_nano.a(lib_a-assert.o)
                                         0x3d (size before relaxing)
 .rodata._vfprintf_r.str1.1
                0x00000000080074de       0x11 c:/st/stm32cubeide_1.8.0/stm32cubeide/plugins/com.st.stm32cube.ide.mcu.externaltools.gnu-tools-for-stm32.9-2020-q2-update.win32_2.0.0.202105311346/tools/bin/../lib/gcc/arm-none-eabi/9.3.1/../../../../arm-none-eabi/lib/thumb/v7-m/nofp\libc_nano.a(lib_a-nano-vfprintf.o)
 .rodata._printf_i.str1.1
                0x00000000080074ef       0x22 c:/st/stm32cubeide_1.8.0/stm32cubeide/plugins/com.st.stm32cube.ide.mcu.externaltools.gnu-tools-for-stm32.9-2020-q2-update.win32_2.0.0.202105311346/tools/bin/../lib/gcc/arm-none-eabi/9.3.1/../../../../arm-none-eabi/lib/thumb/v7-m/nofp\libc_nano.a(lib_a-nano-vfprintf_i.o)
 *fill*         0x0000000008007511        0x3 
 .rodata.__sf_fake_stderr
                0x0000000008007514       0x20 c:/st/stm32cubeide_1.8.0/stm32cubeide/plugins/com.st.stm32cube.ide.mcu.externaltools.gnu-tools-for-stm32.9-2020-q2-update.win32_2.0.0.202105311346/tools/bin/../lib/gcc/arm-none-eabi/9.3.1/../../../../arm-none-eabi/lib/thumb/v7-m/nofp\libc_nano.a(lib_a-findfp.o)
                0x0000000008007514                __sf_fake_stderr
 .rodata.__sf_fake_stdin
                0x0000000008007534       0x20 c:/st/stm32cubeide_1.8.0/stm32cubeide/plugins/com.st.stm32cube.ide.mcu.externaltools.gnu-tools-for-stm32.9-2020-q2-update.win32_2.0.0.202105311346/tools/bin/../lib/gcc/arm-none-eabi/9.3.1/../../../../arm-none-eabi/lib/thumb/v7-m/nofp\libc_nano.a(lib_a-findfp.o)
                0x0000000008007534                __sf_fake_stdin
 .rodata.__sf_fake_stdout
                0x0000000008007554       0x20 c:/st/stm32cubeide_1.8.0/stm32cubeide/plugins/com.st.stm32cube.ide.mcu.externaltools.gnu-tools-for-stm32.9-2020-q2-update.win32_2.0.0.202105311346/tools/bin/../lib/gcc/arm-none-eabi/9.3.1/../../../../arm-none-eabi/lib/thumb/v7-m/nofp\libc_nano.a(lib_a-findfp.o)
                0x0000000008007554                __sf_fake_stdout
                0x0000000008007574                . = ALIGN (0x4)

.rel.dyn        0x0000000008007574        0x0
 .rel.iplt      0x0000000008007574        0x0 c:/st/stm32cubeide_1.8.0/stm32cubeide/plugins/com.st.stm32cube.ide.mcu.externaltools.gnu-tools-for-stm32.9-2020-q2-update.win32_2.0.0.202105311346/tools/bin/../lib/gcc/arm-none-eabi/9.3.1/thumb/v7-m/nofp/crtbegin.o

.ARM.extab      0x0000000008007574        0x0
                0x0000000008007574                . = ALIGN (0x4)
 *(.ARM.extab* .gnu.linkonce.armextab.*)
                0x0000000008007574                . = ALIGN (0x4)

.ARM            0x0000000008007574        0x0
                0x0000000008007574                . = ALIGN (0x4)
                0x0000000008007574                __exidx_start = .
 *(.ARM.exidx*)
                0x0000000008007574                __exidx_end = .
                0x0000000008007574                . = ALIGN (0x4)

.preinit_array  0x0000000008007574        0x0
                0x0000000008007574                . = ALIGN (0x4)
                0x0000000008007574                PROVIDE (__preinit_array_start = .)
 *(.preinit_array*)
                0x0000000008007574                PROVIDE (__preinit_array_end = .)
                0x0000000008007574                . = ALIGN (0x4)

.init_array     0x0000000008007574       0x20
                0x0000000008007574                . = ALIGN (0x4)
                0x0000000008007574                PROVIDE (__init_array_start = .)
 *(SORT_BY_NAME(.init_array.*))
 *(.init_array*)
 .init_array    0x0000000008007574        0x4 c:/st/stm32cubeide_1.8.0/stm32cubeide/plugins/com.st.stm32cube.ide.mcu.externaltools.gnu-tools-for-stm32.9-2020-q2-update.win32_2.0.0.202105311346/tools/bin/../lib/gcc/arm-none-eabi/9.3.1/thumb/v7-m/nofp/crtbegin.o
 .init_array    0x0000000008007578        0x4 ./Core/Src/main.o
 .init_array    0x000000000800757c        0x4 ./Libraries/Dhcp.o
 .init_array    0x0000000008007580        0x4 ./Libraries/Dns.o
 .init_array    0x0000000008007584        0x4 ./Libraries/UIPClient.o
 .init_array    0x0000000008007588        0x4 ./Libraries/UIPEthernet.o
 .init_array    0x000000000800758c        0x4 ./Libraries/UIPServer.o
 .init_array    0x0000000008007590        0x4 ./Libraries/UIPUdp.o
                0x0000000008007594                PROVIDE (__init_array_end = .)
                0x0000000008007594                . = ALIGN (0x4)

.fini_array     0x0000000008007594        0x8
                0x0000000008007594                . = ALIGN (0x4)
                [!provide]                        PROVIDE (__fini_array_start = .)
 *(SORT_BY_NAME(.fini_array.*))
 *(.fini_array*)
 .fini_array    0x0000000008007594        0x4 c:/st/stm32cubeide_1.8.0/stm32cubeide/plugins/com.st.stm32cube.ide.mcu.externaltools.gnu-tools-for-stm32.9-2020-q2-update.win32_2.0.0.202105311346/tools/bin/../lib/gcc/arm-none-eabi/9.3.1/thumb/v7-m/nofp/crtbegin.o
 .fini_array    0x0000000008007598        0x4 ./Core/Src/main.o
                [!provide]                        PROVIDE (__fini_array_end = .)
                0x000000000800759c                . = ALIGN (0x4)