main.cpp:37:6:void UpdateRemoteCode()	40	static
main.cpp:70:9:uint8_t GetPosition(uint32_t)	24	static
main.cpp:82:5:int main()	16	static
main.cpp:128:6:void HAL_GPIO_EXTI_Callback(uint16_t)	16	static
main.cpp:140:6:void SystemClock_Config()	72	static
main.cpp:178:13:void MX_TIM1_Init()	32	static
main.cpp:224:13:void MX_GPIO_Init()	32	static
main.cpp:268:6:void Error_Handler()	4	static,ignoring_inline_asm
RCSwitch.h:43:7:RCSwitch::~RCSwitch()	16	static
RCSwitch.h:43:7:virtual RCSwitch::~RCSwitch()	16	static
main.cpp:277:1:void __static_initialization_and_destruction_0(int, int)	16	static
main.cpp:277:1:cpp)	8	static
main.cpp:277:1:cpp)	8	static
